layer at (0,0) size 800x600
  RenderView at (0,0) size 800x600
layer at (0,0) size 800x600
  RenderBlock {HTML} at (0,0) size 800x600
    RenderBody {BODY} at (8,8) size 784x576
      RenderBlock {DIV} at (0,0) size 100x100
      RenderBlock (anonymous) at (0,100) size 784x20
        RenderText {#text} at (0,0) size 51x19
          text run at (0,0) width 51: "Test for "
        RenderInline {I} at (0,0) size 703x19
          RenderInline {A} at (0,0) size 350x19 [color=#0000EE]
            RenderText {#text} at (51,0) size 350x19
              text run at (51,0) width 350: "http://bugzilla.opendarwin.org/show_bug.cgi?id=7589"
          RenderText {#text} at (401,0) size 353x19
            text run at (401,0) width 353: " Mouse moved events do not work in DumpRenderTree"
        RenderText {#text} at (754,0) size 4x19
          text run at (754,0) width 4: "."
      RenderBlock {HR} at (0,128) size 784x2 [border: (1px inset #000000)]
      RenderBlock {P} at (0,146) size 784x20
        RenderText {#text} at (0,0) size 69x19
          text run at (0,0) width 69: "Test result: "
        RenderInline {SPAN} at (0,0) size 38x19
          RenderText {#text} at (69,0) size 38x19
            text run at (69,0) width 38: "PASS"
