layer at (0,0) size 800x600
  RenderView at (0,0) size 800x600
layer at (0,0) size 800x600
  RenderBlock {HTML} at (0,0) size 800x600
    RenderFrameSet {FRAMESET} at (0,0) size 800x600
      RenderFrame {FRAME} at (0,0) size 800x600
        layer at (0,0) size 800x600
          RenderView at (0,0) size 800x600
        layer at (0,0) size 800x600
          RenderBlock {HTML} at (0,0) size 800x600
            RenderBody {BODY} at (8,8) size 784x584
              RenderText {#text} at (0,0) size 754x39
                text run at (0,0) width 625: "To reproduce the original crash outside of DumpRenderTree, press option-tab twice. After focusing the "
                text run at (625,0) width 129: "link below on the first"
                text run at (0,20) width 463: "option-tab, the focus loop will try to focus the unloaded frame on the second "
                text run at (463,20) width 66: "and crash. "
              RenderInline {A} at (0,0) size 36x19 [color=#0000EE]
                RenderText {#text} at (529,20) size 36x19
                  text run at (529,20) width 36: "Crash"
              RenderText {#text} at (0,0) size 0x0
              RenderText {#text} at (0,0) size 0x0
              RenderText {#text} at (0,0) size 0x0
      RenderFrame {FRAME} at (0,0) size 0x0
        layer at (0,0) size 0x0
          RenderView at (0,0) size 0x0
        layer at (0,0) size 0x0
          RenderBlock {HTML} at (0,0) size 0x0
