layer at (0,0) size 800x600
  RenderView at (0,0) size 800x600
layer at (0,0) size 800x600
  RenderBlock {HTML} at (0,0) size 800x600
    RenderBody {BODY} at (8,8) size 784x584
      RenderBlock (anonymous) at (0,0) size 784x26
        RenderInline {LABEL} at (0,0) size 200x19
          RenderText {#text} at (0,3) size 41x19
            text run at (0,3) width 41: "Label: "
          RenderTextControl {INPUT} at (43,2) size 155x22 [bgcolor=#FFFFFF] [border: (2px inset #000000)]
        RenderText {#text} at (0,0) size 0x0
      RenderBlock {DIV} at (0,26) size 784x20
        RenderText {#text} at (0,0) size 171x19
          text run at (0,0) width 171: "THIS TEST HAS PASSED"
layer at (53,13) size 151x16
  RenderBlock {DIV} at (2,3) size 151x16
caret: position 0 of child 0 {DIV} of child 1 {INPUT} of child 1 {LABEL} of child 1 {BODY} of child 0 {HTML} of document
