layer at (0,0) size 800x600
  RenderView at (0,0) size 800x600
layer at (0,0) size 800x600
  RenderBlock {HTML} at (0,0) size 800x600
    RenderBody {BODY} at (8,8) size 784x584
      RenderBlock (anonymous) at (0,0) size 784x20
        RenderText {#text} at (0,0) size 600x19
          text run at (0,0) width 600: "Test that if node dies under mouse it receives mouseout event but that the event does not propagate."
      RenderBlock {DIV} at (0,20) size 784x24 [border: (2px solid #FF0000)]
        RenderBlock (anonymous) at (2,2) size 780x20
          RenderText {#text} at (0,0) size 172x19
            text run at (0,0) width 172: "you should see PASS below"
      RenderBlock {DIV} at (0,44) size 784x24 [border: (2px solid #0000FF)]
        RenderBlock (anonymous) at (2,2) size 780x20
          RenderText {#text} at (0,0) size 172x19
            text run at (0,0) width 172: "you should see PASS below"
      RenderBlock {DIV} at (0,68) size 784x20
        RenderText {#text} at (0,0) size 100x19
          text run at (0,0) width 100: "mouseout PASS"
      RenderBlock {DIV} at (0,88) size 784x20
        RenderText {#text} at (0,0) size 100x19
          text run at (0,0) width 100: "mouseout PASS"
