EDITING DELEGATE: shouldBeginEditingInDOMRange:range from 0 of DIV > BODY > HTML > #document to 4 of DIV > BODY > HTML > #document
EDITING DELEGATE: webViewDidBeginEditing:WebViewDidBeginEditingNotification
EDITING DELEGATE: webViewDidChangeSelection:WebViewDidChangeSelectionNotification
EDITING DELEGATE: webViewDidChangeSelection:WebViewDidChangeSelectionNotification
EDITING DELEGATE: webViewDidChangeSelection:WebViewDidChangeSelectionNotification
layer at (0,0) size 800x600
  RenderView at (0,0) size 800x600
layer at (0,0) size 800x600
  RenderBlock {HTML} at (0,0) size 800x600
    RenderBody {BODY} at (8,8) size 784x584
      RenderBlock {P} at (0,0) size 784x20
        RenderText {#text} at (0,0) size 545x19
          text run at (0,0) width 255: "This tests caret movement across buttons. "
          text run at (255,0) width 290: "The caret should be just after the second button."
      RenderBlock {DIV} at (0,36) size 784x26
        RenderButton {INPUT} at (2,2) size 44x22 [bgcolor=#C0C0C0] [border: (2px outset #C0C0C0)]
          RenderBlock (anonymous) at (8,2) size 28x18
            RenderText at (3,1) size 22x16
              text run at (3,1) width 22: "Foo"
        RenderButton {INPUT} at (50,2) size 42x22 [bgcolor=#C0C0C0] [border: (2px outset #C0C0C0)]
          RenderBlock (anonymous) at (8,2) size 26x18
            RenderText at (3,1) size 20x16
              text run at (3,1) width 20: "Bar"
        RenderText {#text} at (0,0) size 0x0
caret: position 1 of child 2 {INPUT} of child 2 {DIV} of child 1 {BODY} of child 0 {HTML} of document
