layer at (0,0) size 800x600
  RenderView at (0,0) size 800x600
layer at (0,0) size 800x600
  RenderBlock {HTML} at (0,0) size 800x600
    RenderBody {BODY} at (8,8) size 784x584
      RenderBlock {P} at (0,0) size 784x20
        RenderText {#text} at (0,0) size 751x19
          text run at (0,0) width 751: "This tests dragging a selected table by mousing down on the contents of one of its cells. It should be in the red bordered area."
      RenderBlock {DIV} at (0,36) size 784x22 [border: (1px solid #0000FF)]
        RenderBlock (anonymous) at (1,1) size 782x20
          RenderInline {SPAN} at (0,0) size 0x19
            RenderBR {BR} at (0,0) size 0x19
      RenderBlock {DIV} at (0,58) size 784x32 [border: (1px solid #FF0000)]
        RenderTable {TABLE} at (1,1) size 30x30 [border: (1px outset #808080)]
          RenderTableSection {TBODY} at (1,1) size 28x28
            RenderTableRow {TR} at (0,2) size 28x24
              RenderTableCell {TD} at (2,2) size 24x24 [border: (1px inset #808080)] [r=0 c=0 rs=1 cs=1]
                RenderText {#text} at (2,2) size 20x19
                  text run at (2,2) width 20: "foo"
        RenderBlock (anonymous) at (1,31) size 782x0
selection start: position 0 of child 0 {TABLE} of child 4 {DIV} of child 1 {BODY} of child 0 {HTML} of document
selection end:   position 3 of child 0 {#text} of child 0 {TD} of child 0 {TR} of child 0 {TBODY} of child 0 {TABLE} of child 4 {DIV} of child 1 {BODY} of child 0 {HTML} of document
