layer at (0,0) size 800x600
  RenderView at (0,0) size 800x600
layer at (0,0) size 800x600
  RenderBlock {HTML} at (0,0) size 800x600
    RenderBody {BODY} at (8,8) size 784x576
      RenderBlock {P} at (0,0) size 784x40
        RenderText {#text} at (0,0) size 778x39
          text run at (0,0) width 778: "This tests to see if an editable selection containing a focusable node is draggable by content inside that focusable node. To achieve"
          text run at (0,20) width 629: "this we delay focus of such nodes until mouse up. Below, the table should be inside the red bordered div."
      RenderBlock {DIV} at (0,56) size 784x22 [border: (1px solid #0000FF)]
        RenderBlock (anonymous) at (1,1) size 782x20
          RenderInline {SPAN} at (0,0) size 0x19
            RenderBR {BR} at (0,0) size 0x19
      RenderBlock {DIV} at (0,78) size 784x32 [border: (1px solid #FF0000)]
        RenderTable {TABLE} at (1,1) size 57x30 [border: (1px outset #808080)]
          RenderTableSection {TBODY} at (1,1) size 55x28
            RenderTableRow {TR} at (0,2) size 55x24
              RenderTableCell {TD} at (2,2) size 51x24 [border: (1px inset #808080)] [r=0 c=0 rs=1 cs=1]
                RenderText {#text} at (2,2) size 47x19
                  text run at (2,2) width 47: "editable"
        RenderBlock (anonymous) at (1,31) size 782x0
      RenderBlock {UL} at (0,126) size 784x0
selection start: position 0 of child 0 {TABLE} of child 4 {DIV} of child 1 {BODY} of child 0 {HTML} of document
selection end:   position 8 of child 0 {#text} of child 0 {TD} of child 0 {TR} of child 0 {TBODY} of child 0 {TABLE} of child 4 {DIV} of child 1 {BODY} of child 0 {HTML} of document
