layer at (0,0) size 800x600
  RenderView at (0,0) size 800x600
layer at (0,0) size 800x600
  RenderBlock {HTML} at (0,0) size 800x600
    RenderBody {BODY} at (8,8) size 784x584
      RenderBlock (anonymous) at (0,0) size 784x40
        RenderText {#text} at (0,0) size 784x39
          text run at (0,0) width 782: "This tests for a bug where selecting a word would select the line break and word before it.  Only the word in the  paragraph below"
          text run at (782,0) width 2: " "
          text run at (0,20) width 114: "should be selected:"
        RenderText {#text} at (0,0) size 0x0
      RenderBlock {DIV} at (0,40) size 784x20
        RenderText {#text} at (0,0) size 20x19
          text run at (0,0) width 20: "foo"
selection start: position 0 of child 0 {#text} of child 3 {DIV} of child 1 {BODY} of child 0 {HTML} of document
selection end:   position 3 of child 0 {#text} of child 3 {DIV} of child 1 {BODY} of child 0 {HTML} of document
