layer at (0,0) size 800x600
  RenderView at (0,0) size 800x600
layer at (0,0) size 800x600
  RenderBlock {HTML} at (0,0) size 800x600
    RenderBody {BODY} at (8,8) size 784x584
      RenderBlock {P} at (0,0) size 784x20
        RenderText {#text} at (0,0) size 632x19
          text run at (0,0) width 632: "This tests to make sure that a selection in one from isn't cleared when focusing a node in a different frame."
      RenderBlock (anonymous) at (0,36) size 784x176
        RenderPartObject {IFRAME} at (0,0) size 304x154 [border: (2px inset #000000)]
          layer at (0,0) size 300x150
            RenderView at (0,0) size 300x150
          layer at (0,0) size 300x150
            RenderBlock {HTML} at (0,0) size 300x150
              RenderBody {BODY} at (8,8) size 284x134 [bgcolor=#FFFFE0]
                RenderText {#text} at (0,0) size 258x39
                  text run at (0,0) width 254: "This test should be selected, but this frame"
                  text run at (254,0) width 4: " "
                  text run at (0,20) width 127: "shouldn't be focused."
                RenderText {#text} at (0,0) size 0x0
        RenderBR {BR} at (304,154) size 0x0
        RenderTextControl {INPUT} at (0,154) size 215x22 [bgcolor=#FFFFFF] [border: (2px inset #000000)]
        RenderText {#text} at (0,0) size 0x0
        RenderText {#text} at (0,0) size 0x0
layer at (10,201) size 211x16
  RenderBlock {DIV} at (2,3) size 211x16
    RenderText {#text} at (1,0) size 190x16
      text run at (1,0) width 190: "This text field should be focused."
selection start: position 0 of child 0 {#text} of child 0 {DIV} of child 5 {INPUT} of child 1 {BODY} of child 0 {HTML} of document
selection end:   position 34 of child 0 {#text} of child 0 {DIV} of child 5 {INPUT} of child 1 {BODY} of child 0 {HTML} of document
