layer at (0,0) size 800x600
  RenderView at (0,0) size 800x600
layer at (0,0) size 800x600
  RenderBlock {HTML} at (0,0) size 800x600
    RenderBody {BODY} at (8,8) size 784x576
      RenderBlock {P} at (0,0) size 784x20
        RenderText {#text} at (0,0) size 667x19
          text run at (0,0) width 667: "This tests for a bug where extending a selection created with the mouse would blow it away before extending it."
      RenderBlock {DIV} at (0,36) size 784x20
        RenderText {#text} at (0,0) size 339x19
          text run at (0,0) width 339: "There should be five characters selected in this sentence."
      RenderBlock {UL} at (0,72) size 784x20
        RenderListItem {LI} at (40,0) size 744x20
          RenderListMarker at (-18,0) size 7x19: bullet
          RenderText {#text} at (0,0) size 49x19
            text run at (0,0) width 49: "Success"
selection start: position 3 of child 0 {#text} of child 2 {DIV} of child 1 {BODY} of child 0 {HTML} of document
selection end:   position 9 of child 0 {#text} of child 2 {DIV} of child 1 {BODY} of child 0 {HTML} of document
