layer at (0,0) size 800x600
  RenderView at (0,0) size 800x600
layer at (0,0) size 800x600
  RenderBlock {HTML} at (0,0) size 800x600
    RenderBody {BODY} at (8,8) size 784x576
      RenderBlock {P} at (0,0) size 784x20
        RenderText {#text} at (0,0) size 717x19
          text run at (0,0) width 717: "This tests to see that a selection inside an input field is removed when clicking (and focusing) a button in the same frame."
      RenderBlock (anonymous) at (0,36) size 784x52
        RenderTextControl {INPUT} at (2,2) size 395x22 [bgcolor=#FFFFFF] [border: (2px inset #000000)]
        RenderBR {BR} at (399,18) size 0x0
        RenderButton {INPUT} at (2,28) size 73x22 [bgcolor=#C0C0C0] [border: (2px outset #C0C0C0)]
          RenderBlock (anonymous) at (8,2) size 57x18
            RenderText at (3,1) size 51x16
              text run at (3,1) width 51: "Click Me"
        RenderBR {BR} at (77,44) size 0x0
      RenderBlock {UL} at (0,104) size 784x0
layer at (12,49) size 391x16 scrollWidth 399
  RenderBlock {DIV} at (2,3) size 391x16
    RenderText {#text} at (1,0) size 397x16
      text run at (1,0) width 397: "After you click the button below, this content should not be selected."
