layer at (0,0) size 800x600
  RenderView at (0,0) size 800x600
layer at (0,0) size 800x600
  RenderBlock {HTML} at (0,0) size 800x600
    RenderBody {BODY} at (8,8) size 784x584
      RenderBlock {P} at (0,0) size 784x40
        RenderText {#text} at (0,0) size 767x39
          text run at (0,0) width 553: "This tests to make sure that right clicking on a paragraph break in editable content selects it. "
          text run at (553,0) width 214: "To run it manually, right click on the"
          text run at (0,20) width 289: "paragraph break after the first paragraph below."
      RenderBlock {DIV} at (0,56) size 784x40
        RenderBlock {DIV} at (0,0) size 784x20
          RenderInline {SPAN} at (0,0) size 246x19
            RenderText {#text} at (0,0) size 246x19
              text run at (0,0) width 246: "The paragraph break should be selected."
        RenderBlock (anonymous) at (0,20) size 784x20
          RenderBR {BR} at (0,0) size 0x19
caret: position 39 of child 0 {#text} of child 0 {SPAN} of child 1 {DIV} of child 2 {DIV} of child 1 {BODY} of child 0 {HTML} of document
