EDITING DELEGATE: shouldBeginEditingInDOMRange:range from 0 of DIV > BODY > HTML > #document to 3 of DIV > BODY > HTML > #document
EDITING DELEGATE: webViewDidBeginEditing:WebViewDidBeginEditingNotification
EDITING DELEGATE: webViewDidChangeSelection:WebViewDidChangeSelectionNotification
EDITING DELEGATE: webViewDidChangeSelection:WebViewDidChangeSelectionNotification
EDITING DELEGATE: webViewDidChangeSelection:WebViewDidChangeSelectionNotification
EDITING DELEGATE: webViewDidChangeSelection:WebViewDidChangeSelectionNotification
EDITING DELEGATE: webViewDidChangeSelection:WebViewDidChangeSelectionNotification
EDITING DELEGATE: webViewDidChangeSelection:WebViewDidChangeSelectionNotification
EDITING DELEGATE: webViewDidChangeSelection:WebViewDidChangeSelectionNotification
layer at (0,0) size 800x600
  RenderView at (0,0) size 800x600
layer at (0,0) size 800x600
  RenderBlock {HTML} at (0,0) size 800x600
    RenderBody {BODY} at (8,8) size 784x584
      RenderBlock {DIV} at (0,0) size 148x172 [border: (2px solid #FF0000)]
        RenderBlock {UL} at (14,14) size 120x144
          RenderListItem {LI} at (0,0) size 120x22
            RenderListMarker at (-14,7) size 5x12: bullet
            RenderInline (generated) at (0,0) size 14x25
              RenderText {#text} at (5,-4) size 14x25
                text run at (5,-4) width 14: "\x{B7} "
            RenderText {#text} at (0,0) size 0x0
            RenderInline {A} at (0,0) size 58x12 [color=#0000EE]
              RenderText {#text} at (19,7) size 58x12
                text run at (19,7) width 58: "Appetizers"
          RenderListItem {LI} at (0,22) size 120x22
            RenderListMarker at (-14,7) size 5x12: bullet
            RenderInline (generated) at (0,0) size 14x25
              RenderText {#text} at (5,-4) size 14x25
                text run at (5,-4) width 14: "\x{B7} "
            RenderText {#text} at (0,0) size 0x0
            RenderInline {A} at (0,0) size 86x12 [color=#0000EE]
              RenderText {#text} at (19,7) size 86x12
                text run at (19,7) width 86: "Soups & Salads"
          RenderListItem {LI} at (0,44) size 120x34
            RenderListMarker at (-14,7) size 5x12: bullet
            RenderInline (generated) at (0,0) size 14x25
              RenderText {#text} at (5,-4) size 14x25
                text run at (5,-4) width 14: "\x{B7} "
            RenderText {#text} at (0,0) size 0x0
            RenderInline {A} at (0,0) size 81x24 [color=#0000EE]
              RenderText {#text} at (19,7) size 81x24
                text run at (19,7) width 74: "Sandwiches &"
                text run at (93,7) width 4: " "
                text run at (16,19) width 42: "Burgers"
          RenderListItem {LI} at (0,78) size 120x22
            RenderListMarker at (-14,7) size 5x12: bullet
            RenderInline (generated) at (0,0) size 14x25
              RenderText {#text} at (5,-4) size 14x25
                text run at (5,-4) width 14: "\x{B7} "
            RenderText {#text} at (0,0) size 0x0
            RenderInline {A} at (0,0) size 71x12 [color=#0000EE]
              RenderText {#text} at (19,7) size 71x12
                text run at (19,7) width 71: "Steak & Ribs"
          RenderListItem {LI} at (0,100) size 120x22
            RenderListMarker at (-14,7) size 5x12: bullet
            RenderInline (generated) at (0,0) size 14x25
              RenderText {#text} at (5,-4) size 14x25
                text run at (5,-4) width 14: "\x{B7} "
            RenderText {#text} at (0,0) size 0x0
            RenderInline {A} at (0,0) size 46x12 [color=#0000EE]
              RenderText {#text} at (19,7) size 46x12
                text run at (19,7) width 46: "Seafood"
          RenderListItem {LI} at (0,122) size 120x22
            RenderListMarker at (-14,7) size 5x12: bullet
            RenderInline (generated) at (0,0) size 14x25
              RenderText {#text} at (5,-4) size 14x25
                text run at (5,-4) width 14: "\x{B7} "
            RenderText {#text} at (0,0) size 0x0
            RenderInline {A} at (0,0) size 46x12 [color=#0000EE]
              RenderText {#text} at (19,7) size 46x12
                text run at (19,7) width 46: "Combos"
selection start: position 0 of child 0 {#text} of child 1 {A} of child 1 {LI} of child 1 {UL} of child 1 {DIV} of child 1 {BODY} of child 0 {HTML} of document
selection end:   position 5 of child 0 {#text} of child 1 {A} of child 7 {LI} of child 1 {UL} of child 1 {DIV} of child 1 {BODY} of child 0 {HTML} of document
