layer at (0,0) size 800x600
  RenderView at (0,0) size 800x600
layer at (0,0) size 800x36
  RenderBlock {HTML} at (0,0) size 800x36
    RenderBody {BODY} at (8,8) size 784x20
      RenderBlock {DIV} at (0,0) size 784x20
        RenderInline {A} at (0,0) size 269x19 [color=#0000EE] [bgcolor=#FF0000]
          RenderText {#text} at (0,0) size 269x19
            text run at (0,0) width 269: "This anchor should have a green background"
        RenderText {#text} at (269,0) size 447x19
          text run at (269,0) width 447: " (Note: You must have visited http://www.w3.org/ for this test to be valid.)"
