layer at (0,0) size 785x668
  RenderView at (0,0) size 785x600
layer at (0,0) size 785x668
  RenderBlock {HTML} at (0,0) size 785x668
    RenderBody {BODY} at (8,8) size 769x652
      RenderBlock {H3} at (0,0) size 769x23
        RenderText {#text} at (0,0) size 189x22
          text run at (0,0) width 189: "<input type=\"submit\">"
      RenderBlock {P} at (0,41) size 769x20
        RenderText {#text} at (0,0) size 321x19
          text run at (0,0) width 321: "This button should have the default submit button title:"
      RenderBlock (anonymous) at (0,77) size 769x21
        RenderButton {INPUT} at (0,0) size 80x21 [bgcolor=#008000] [border: (2px outset #DDDDDD)]
          RenderBlock (anonymous) at (8,2) size 64x18
            RenderText at (11,1) size 41x16
              text run at (11,1) width 41: "Submit"
        RenderText {#text} at (0,0) size 0x0
      RenderBlock {P} at (0,114) size 769x20
        RenderText {#text} at (0,0) size 274x19
          text run at (0,0) width 274: "This button should should have the title \"Foo\":"
      RenderBlock (anonymous) at (0,150) size 769x21
        RenderButton {INPUT} at (0,0) size 80x21 [bgcolor=#008000] [border: (2px outset #DDDDDD)]
          RenderBlock (anonymous) at (8,2) size 64x18
            RenderText at (21,1) size 22x16
              text run at (21,1) width 22: "Foo"
        RenderText {#text} at (0,0) size 0x0
      RenderBlock {P} at (0,187) size 769x20
        RenderText {#text} at (0,0) size 288x19
          text run at (0,0) width 288: "This button should have a single space in its title:"
      RenderBlock (anonymous) at (0,223) size 769x21
        RenderButton {INPUT} at (0,0) size 80x21 [bgcolor=#008000] [border: (2px outset #DDDDDD)]
          RenderBlock (anonymous) at (8,2) size 64x18
            RenderText at (30,1) size 4x16
              text run at (30,1) width 4: " "
        RenderText {#text} at (0,0) size 0x0
      RenderBlock {P} at (0,260) size 769x20
        RenderText {#text} at (0,0) size 189x19
          text run at (0,0) width 189: "This button should have no title:"
      RenderBlock (anonymous) at (0,296) size 769x21
        RenderButton {INPUT} at (0,0) size 80x21 [bgcolor=#008000] [border: (2px outset #DDDDDD)]
        RenderText {#text} at (0,0) size 0x0
      RenderBlock {H3} at (0,335) size 769x23
        RenderText {#text} at (0,0) size 175x22
          text run at (0,0) width 175: "<input type=\"reset\">"
      RenderBlock {P} at (0,376) size 769x20
        RenderText {#text} at (0,0) size 311x19
          text run at (0,0) width 311: "This button should have the default reset button title:"
      RenderBlock (anonymous) at (0,412) size 769x21
        RenderButton {INPUT} at (0,0) size 80x21 [bgcolor=#008000] [border: (2px outset #DDDDDD)]
          RenderBlock (anonymous) at (8,2) size 64x18
            RenderText at (15,1) size 34x16
              text run at (15,1) width 34: "Reset"
        RenderText {#text} at (0,0) size 0x0
      RenderBlock {P} at (0,449) size 769x20
        RenderText {#text} at (0,0) size 274x19
          text run at (0,0) width 274: "This button should should have the title \"Foo\":"
      RenderBlock (anonymous) at (0,485) size 769x21
        RenderButton {INPUT} at (0,0) size 80x21 [bgcolor=#008000] [border: (2px outset #DDDDDD)]
          RenderBlock (anonymous) at (8,2) size 64x18
            RenderText at (21,1) size 22x16
              text run at (21,1) width 22: "Foo"
        RenderText {#text} at (0,0) size 0x0
      RenderBlock {P} at (0,522) size 769x20
        RenderText {#text} at (0,0) size 288x19
          text run at (0,0) width 288: "This button should have a single space in its title:"
      RenderBlock (anonymous) at (0,558) size 769x21
        RenderButton {INPUT} at (0,0) size 80x21 [bgcolor=#008000] [border: (2px outset #DDDDDD)]
          RenderBlock (anonymous) at (8,2) size 64x18
            RenderText at (30,1) size 4x16
              text run at (30,1) width 4: " "
        RenderText {#text} at (0,0) size 0x0
      RenderBlock {P} at (0,595) size 769x20
        RenderText {#text} at (0,0) size 189x19
          text run at (0,0) width 189: "This button should have no title:"
      RenderBlock (anonymous) at (0,631) size 769x21
        RenderButton {INPUT} at (0,0) size 80x21 [bgcolor=#008000] [border: (2px outset #DDDDDD)]
        RenderText {#text} at (0,0) size 0x0
        RenderText {#text} at (0,0) size 0x0
        RenderText {#text} at (0,0) size 0x0
