layer at (0,0) size 800x600
  RenderView at (0,0) size 800x600
layer at (0,0) size 800x600
  RenderBlock {HTML} at (0,0) size 800x600
    RenderBody {BODY} at (8,8) size 784x584
      RenderText {#text} at (0,3) size 490x19
        text run at (0,3) width 490: "This tests that the whole file input control is hidden when visibility is set to hidden. "
      RenderFileUploadControl {INPUT} at (492,2) size 238x22
        RenderButton {INPUT} at (0,0) size 91x22 [bgcolor=#DDDDDD] [border: (2px outset #DDDDDD)]
          RenderBlock (anonymous) at (8,2) size 75x18
            RenderText at (3,1) size 69x16
              text run at (3,1) width 69: "Choose File"
      RenderText {#text} at (0,0) size 0x0
