layer at (0,0) size 800x600
  RenderView at (0,0) size 800x600
layer at (0,0) size 800x600
  RenderBlock {HTML} at (0,0) size 800x600
    RenderBody {BODY} at (8,8) size 784x576
      RenderBlock (anonymous) at (0,0) size 784x20
        RenderText {#text} at (0,0) size 717x19
          text run at (0,0) width 717: "This tests the height attribute of form elements. The only element that should honour this value is the Image type of input."
      RenderBlock {FORM} at (0,20) size 784x290
        RenderText {#text} at (0,3) size 33x19
          text run at (0,3) width 33: "input "
        RenderTextControl {INPUT} at (35,2) size 155x22 [bgcolor=#FFFFFF] [border: (2px inset #000000)]
        RenderText {#text} at (192,3) size 4x19
          text run at (192,3) width 4: " "
        RenderBR {BR} at (196,18) size 0x0
        RenderText {#text} at (0,29) size 26x19
          text run at (0,29) width 26: "text "
        RenderTextControl {INPUT} at (28,28) size 155x22 [bgcolor=#FFFFFF] [border: (2px inset #000000)]
        RenderText {#text} at (185,29) size 4x19
          text run at (185,29) width 4: " "
        RenderBR {BR} at (189,44) size 0x0
        RenderText {#text} at (0,53) size 63x19
          text run at (0,53) width 63: "checkbox "
        RenderBlock {INPUT} at (67,55) size 13x13
        RenderText {#text} at (83,53) size 4x19
          text run at (83,53) width 4: " "
        RenderBR {BR} at (87,68) size 0x0
        RenderText {#text} at (0,76) size 21x19
          text run at (0,76) width 21: "file "
        RenderFileUploadControl {INPUT} at (23,75) size 238x22
          RenderButton {INPUT} at (0,0) size 91x22 [bgcolor=#DDDDDD] [border: (2px outset #DDDDDD)]
            RenderBlock (anonymous) at (8,2) size 75x18
              RenderText at (3,1) size 69x16
                text run at (3,1) width 69: "Choose File"
        RenderText {#text} at (263,76) size 4x19
          text run at (263,76) width 4: " "
        RenderBR {BR} at (267,91) size 0x0
        RenderText {#text} at (0,99) size 39x19
          text run at (0,99) width 39: "image "
        RenderImage {INPUT} at (39,113) size 10x1
        RenderText {#text} at (49,99) size 4x19
          text run at (49,99) width 4: " "
        RenderBR {BR} at (53,114) size 0x0
        RenderText {#text} at (0,120) size 35x19
          text run at (0,120) width 35: "radio "
        RenderBlock {INPUT} at (40,122) size 13x13
        RenderText {#text} at (56,120) size 4x19
          text run at (56,120) width 4: " "
        RenderBR {BR} at (60,135) size 0x0
        RenderText {#text} at (0,140) size 37x19
          text run at (0,140) width 37: "range "
        RenderSlider {INPUT} at (39,155) size 129x0 [bgcolor=#FFFFFF]
          RenderBlock {DIV} at (64,0) size 0x0
        RenderText {#text} at (170,140) size 4x19
          text run at (170,140) width 4: " "
        RenderBR {BR} at (174,155) size 0x0
        RenderText {#text} at (0,163) size 33x19
          text run at (0,163) width 33: "reset "
        RenderButton {INPUT} at (35,162) size 56x22 [bgcolor=#DDDDDD] [border: (2px outset #DDDDDD)]
          RenderBlock (anonymous) at (8,2) size 40x18
            RenderText at (3,1) size 34x16
              text run at (3,1) width 34: "Reset"
        RenderText {#text} at (93,163) size 4x19
          text run at (93,163) width 4: " "
        RenderBR {BR} at (97,178) size 0x0
        RenderText {#text} at (0,189) size 43x19
          text run at (0,189) width 43: "submit "
        RenderButton {INPUT} at (45,188) size 63x22 [bgcolor=#DDDDDD] [border: (2px outset #DDDDDD)]
          RenderBlock (anonymous) at (8,2) size 47x18
            RenderText at (3,1) size 41x16
              text run at (3,1) width 41: "Submit"
        RenderText {#text} at (110,189) size 4x19
          text run at (110,189) width 4: " "
        RenderBR {BR} at (114,204) size 0x0
        RenderText {#text} at (0,215) size 45x19
          text run at (0,215) width 45: "isindex "
        RenderTextControl {INPUT} at (47,214) size 157x22 [bgcolor=#FFFFFF] [border: (2px inset #000000)]
        RenderText {#text} at (206,215) size 4x19
          text run at (206,215) width 4: " "
        RenderBR {BR} at (210,230) size 0x0
        RenderText {#text} at (0,241) size 63x19
          text run at (0,241) width 63: "password "
        RenderTextControl {INPUT} at (65,240) size 155x22 [bgcolor=#FFFFFF] [border: (2px inset #000000)]
        RenderText {#text} at (222,241) size 4x19
          text run at (222,241) width 4: " "
        RenderBR {BR} at (226,256) size 0x0
        RenderText {#text} at (0,267) size 43x19
          text run at (0,267) width 43: "search "
        RenderTextControl {INPUT} at (45,266) size 157x22 [bgcolor=#FFFFFF] [border: (2px inset #000000)]
          RenderBlock {DIV} at (3,3) size 151x16
            RenderBlock {DIV} at (0,2) size 1x11
            RenderBlock {DIV} at (139,4) size 9x9
        RenderText {#text} at (0,0) size 0x0
layer at (45,33) size 151x16
  RenderBlock {DIV} at (2,3) size 151x16
layer at (38,59) size 151x16
  RenderBlock {DIV} at (2,3) size 151x16
layer at (58,245) size 151x16
  RenderBlock {DIV} at (3,3) size 151x16
layer at (75,271) size 151x16
  RenderBlock {DIV} at (2,3) size 151x16
layer at (57,297) size 138x16
  RenderBlock {DIV} at (1,0) size 138x16
