layer at (0,0) size 800x600
  RenderView at (0,0) size 800x600
layer at (0,0) size 800x600
  RenderBlock {HTML} at (0,0) size 800x600
    RenderBody {BODY} at (8,8) size 784x576
      RenderBlock {P} at (0,0) size 784x40
        RenderText {#text} at (0,0) size 784x39
          text run at (0,0) width 398: "Test that search field text is vertically centered if the search field is "
          text run at (398,0) width 386: "taller than the text. In each of the following pairs of a search field"
          text run at (0,20) width 26: "and "
          text run at (26,20) width 338: "a text field, the vertical position of the text should be the "
          text run at (364,20) width 115: "same in both fields."
      RenderBlock {P} at (0,56) size 784x45
        RenderTextControl {INPUT} at (2,0) size 157x45 [bgcolor=#FFFFFF] [border: (2px inset #000000)]
          RenderBlock {DIV} at (3,14) size 151x16
            RenderBlock {DIV} at (2,0) size 13x13
            RenderBlock {DIV} at (139,4) size 9x9
        RenderText {#text} at (161,12) size 4x19
          text run at (161,12) width 4: " "
        RenderTextControl {INPUT} at (167,0) size 155x45 [bgcolor=#FFFFFF] [border: (2px inset #000000)]
        RenderText {#text} at (0,0) size 0x0
      RenderBlock {P} at (0,117) size 784x21
        RenderTextControl {INPUT} at (2,0) size 157x16 [bgcolor=#FFFFFF] [border: (2px inset #000000)]
          RenderBlock {DIV} at (3,3) size 151x16
            RenderBlock {DIV} at (2,0) size 13x13
            RenderBlock {DIV} at (139,4) size 9x9
        RenderText {#text} at (161,1) size 4x19
          text run at (161,1) width 4: " "
        RenderTextControl {INPUT} at (167,0) size 155x16 [bgcolor=#FFFFFF] [border: (2px inset #000000)]
        RenderText {#text} at (0,0) size 0x0
      RenderBlock {P} at (0,154) size 784x20
        RenderTextControl {INPUT} at (2,3) size 157x12 [bgcolor=#FFFFFF] [border: (2px inset #000000)]
          RenderBlock {DIV} at (3,3) size 151x6
            RenderBlock {DIV} at (2,0) size 13x13
            RenderBlock {DIV} at (139,4) size 9x9
        RenderText {#text} at (161,0) size 4x19
          text run at (161,0) width 4: " "
        RenderTextControl {INPUT} at (167,3) size 155x12 [bgcolor=#FFFFFF] [border: (2px inset #000000)]
        RenderText {#text} at (0,0) size 0x0
layer at (31,78) size 121x16
  RenderBlock {DIV} at (18,0) size 121x16
    RenderText {#text} at (1,0) size 25x16
      text run at (1,0) width 25: "Text"
layer at (177,78) size 151x16
  RenderBlock {DIV} at (2,14) size 151x16
    RenderText {#text} at (1,0) size 25x16
      text run at (1,0) width 25: "Text"
layer at (31,128) size 121x16
  RenderBlock {DIV} at (18,0) size 121x16
    RenderText {#text} at (1,0) size 25x16
      text run at (1,0) width 25: "Text"
layer at (177,128) size 151x16
  RenderBlock {DIV} at (2,3) size 151x16
    RenderText {#text} at (1,0) size 25x16
      text run at (1,0) width 25: "Text"
layer at (31,168) size 121x16
  RenderBlock {DIV} at (18,0) size 121x16
    RenderText {#text} at (1,0) size 25x16
      text run at (1,0) width 25: "Text"
layer at (177,168) size 151x6 scrollHeight 16
  RenderBlock {DIV} at (2,3) size 151x6
    RenderText {#text} at (1,0) size 25x16
      text run at (1,0) width 25: "Text"
