layer at (0,0) size 800x600
  RenderView at (0,0) size 800x600
layer at (0,0) size 800x600
  RenderBlock {HTML} at (0,0) size 800x600
    RenderBody {BODY} at (8,8) size 784x576
      RenderBlock {DIV} at (0,0) size 396x208 [border: (2px solid #FF0000)]
        RenderBlock {P} at (2,18) size 392x40
          RenderText {#text} at (0,0) size 378x39
            text run at (0,0) width 355: "I\x{2019}m told this is the longest word in the English language: anti"
            text run at (355,0) width 23: "dis\x{AD}"
            text run at (0,20) width 17: "est"
            text run at (17,20) width 15: "ab"
            text run at (32,20) width 19: "lish"
            text run at (51,20) width 29: "ment"
            text run at (80,20) width 29: "arian"
            text run at (109,20) width 24: "ism."
        RenderBlock {P} at (2,74) size 392x40
          RenderText {#text} at (0,0) size 378x39
            text run at (0,0) width 355: "I\x{2019}m told this is the longest word in the English language: anti"
            text run at (355,0) width 23: "dis\x{AD}"
            text run at (0,20) width 17: "est"
            text run at (17,20) width 15: "ab"
            text run at (32,20) width 19: "lish"
            text run at (51,20) width 29: "ment"
            text run at (80,20) width 29: "arian"
            text run at (109,20) width 24: "ism."
        RenderBlock {P} at (2,130) size 392x60
          RenderText {#text} at (0,0) size 378x39
            text run at (0,0) width 355: "I\x{2019}m told this is the longest word in the English language: anti"
            text run at (355,0) width 23: "dis\x{AD}"
            text run at (0,20) width 17: "est"
            text run at (17,20) width 15: "ab"
          RenderBR {BR} at (32,35) size 0x0
          RenderText {#text} at (0,40) size 101x19
            text run at (0,40) width 19: "lish"
            text run at (19,40) width 29: "ment"
            text run at (48,40) width 29: "arian"
            text run at (77,40) width 24: "ism."
      RenderBlock {P} at (0,224) size 784x0
      RenderBlock (floating) {DIV} at (0,224) size 509x148 [border: (2px solid #FF0000)]
        RenderBlock {P} at (2,18) size 505x20
          RenderText {#text} at (0,0) size 505x19
            text run at (0,0) width 355: "I\x{2019}m told this is the longest word in the English language: anti"
            text run at (355,0) width 17: "dis"
            text run at (372,0) width 17: "est"
            text run at (389,0) width 15: "ab"
            text run at (404,0) width 19: "lish"
            text run at (423,0) width 29: "ment"
            text run at (452,0) width 29: "arian"
            text run at (481,0) width 24: "ism."
        RenderBlock {P} at (2,54) size 505x20
          RenderText {#text} at (0,0) size 505x19
            text run at (0,0) width 355: "I\x{2019}m told this is the longest word in the English language: anti"
            text run at (355,0) width 17: "dis"
            text run at (372,0) width 17: "est"
            text run at (389,0) width 15: "ab"
            text run at (404,0) width 19: "lish"
            text run at (423,0) width 29: "ment"
            text run at (452,0) width 29: "arian"
            text run at (481,0) width 24: "ism."
        RenderBlock {P} at (2,90) size 505x40
          RenderText {#text} at (0,0) size 404x19
            text run at (0,0) width 355: "I\x{2019}m told this is the longest word in the English language: anti"
            text run at (355,0) width 17: "dis"
            text run at (372,0) width 17: "est"
            text run at (389,0) width 15: "ab"
          RenderBR {BR} at (404,15) size 0x0
          RenderText {#text} at (0,20) size 101x19
            text run at (0,20) width 19: "lish"
            text run at (19,20) width 29: "ment"
            text run at (48,20) width 29: "arian"
            text run at (77,20) width 24: "ism."
