CONSOLE MESSAGE: line 1: Unsafe JavaScript attempt to access frame with URL data:text/html, <!DOCTYPE HTML PUBLIC '-//W3C//DTD HTML 4.0//EN' 'http://www.w3.org/TR/html4/strict.dtd'><html></html> from frame with URL clientWidthAfterDocumentIsRemoved.html. Domains, protocols and ports must match.

layer at (0,0) size 800x600
  RenderView at (0,0) size 800x600
layer at (0,0) size 800x600
  RenderBlock {HTML} at (0,0) size 800x600
    RenderBody {BODY} at (8,8) size 784x584
      RenderBlock {P} at (0,0) size 784x18
        RenderText {#text} at (0,0) size 212x18
          text run at (0,0) width 212: "This test passes if it doesn't crash!"
      RenderBlock (anonymous) at (0,34) size 784x154
        RenderPartObject {IFRAME} at (0,0) size 304x154 [border: (2px inset #000000)]
          layer at (0,0) size 300x150
            RenderView at (0,0) size 300x150
          layer at (0,0) size 300x8
            RenderBlock {HTML} at (0,0) size 300x8
              RenderBody {BODY} at (8,8) size 284x0
        RenderText {#text} at (0,0) size 0x0
        RenderText {#text} at (0,0) size 0x0
