layer at (0,0) size 800x600
  RenderView at (0,0) size 800x600
layer at (0,0) size 800x600
  RenderBlock {HTML} at (0,0) size 800x600
    RenderBody {BODY} at (8,8) size 784x584
      RenderBlock {FORM} at (0,0) size 784x43
        RenderBlock {DIV} at (0,0) size 784x43
          RenderBlock {HR} at (0,0) size 784x2 [border: (1px inset #000000)]
          RenderBlock (anonymous) at (0,10) size 784x23
            RenderText {#text} at (0,2) size 8x18
              text run at (0,2) width 8: "1"
            RenderTextControl {ISINDEX} at (10,2) size 131x19 [bgcolor=#FFFFFF] [border: (2px inset #000000)]
          RenderBlock {HR} at (0,41) size 784x2 [border: (1px inset #000000)]
      RenderBlock {DIV} at (0,59) size 784x43
        RenderBlock {HR} at (0,0) size 784x2 [border: (1px inset #000000)]
        RenderBlock (anonymous) at (0,10) size 784x23
          RenderText {#text} at (0,2) size 8x18
            text run at (0,2) width 8: "1"
          RenderTextControl {ISINDEX} at (10,2) size 131x19 [bgcolor=#FFFFFF] [border: (2px inset #000000)]
        RenderBlock {HR} at (0,41) size 784x2 [border: (1px inset #000000)]
layer at (21,23) size 125x13
  RenderBlock {DIV} at (3,3) size 125x13
layer at (21,82) size 125x13
  RenderBlock {DIV} at (3,3) size 125x13
