layer at (0,0) size 800x600
  RenderView at (0,0) size 800x600
layer at (0,0) size 800x600
  RenderBlock {HTML} at (0,0) size 800x600
    RenderBody {BODY} at (8,8) size 784x576
      RenderBlock {P} at (0,0) size 784x20
        RenderText {#text} at (0,0) size 51x19
          text run at (0,0) width 51: "Test for "
        RenderInline {I} at (0,0) size 664x19
          RenderInline {A} at (0,0) size 350x19 [color=#0000EE]
            RenderText {#text} at (51,0) size 350x19
              text run at (51,0) width 350: "http://bugzilla.opendarwin.org/show_bug.cgi?id=9009"
          RenderText {#text} at (401,0) size 314x19
            text run at (401,0) width 4: " "
            text run at (405,0) width 310: "REGRESSION: ToT crash in WebCore at Zap2it"
        RenderText {#text} at (715,0) size 4x19
          text run at (715,0) width 4: "."
      RenderBlock {P} at (0,36) size 784x20
        RenderText {#text} at (0,0) size 144x19
          text run at (0,0) width 144: "No crash means PASS."
layer at (8,-6) size 100x7 backgroundClip at (0,0) size 800x600 clip at (0,0) size 800x600 outlineClip at (0,0) size 800x600
  RenderTable {TABLE} at (8,-6) size 100x7 [border: (5px solid #000000) none]
    RenderTableSection {TBODY} at (0,5) size 100x0
    RenderTableSection {TBODY} at (0,5) size 100x2
      RenderTableRow {TR} at (0,0) size 100x2
        RenderTableCell {TD} at (0,0) size 100x2 [r=0 c=0 rs=1 cs=1]
