layer at (0,0) size 800x600
  RenderView at (0,0) size 800x600
layer at (0,0) size 800x600
  RenderBlock {HTML} at (0,0) size 800x600
    RenderBody {BODY} at (8,8) size 784x584
      RenderTable {TABLE} at (0,0) size 784x100 [border: (2px outset #808080)]
        RenderTableSection {TBODY} at (2,2) size 780x96
          RenderTableRow {TR} at (0,0) size 780x22
            RenderTableCell {TD} at (0,17) size 37x62 [bgcolor=#AAAAAA] [border: (1px inset #808080)] [r=0 c=0 rs=3 cs=1]
              RenderText {#text} at (1,1) size 35x59
                text run at (1,1) width 24: "Left"
                text run at (1,21) width 13: "(3"
                text run at (1,41) width 35: "rows)"
            RenderTableCell {TD} at (37,18) size 305x22 [bgcolor=#000000] [border: (1px inset #808080)] [r=0 c=1 rs=2 cs=1]
              RenderText {#text} at (1,1) size 4x19
                text run at (1,1) width 4: " "
            RenderTableCell {TD} at (342,0) size 95x22 [border: (1px inset #808080)] [r=0 c=2 rs=1 cs=10]
              RenderText {#text} at (1,1) size 93x19
                text run at (1,1) width 93: "Middle (1 row)"
            RenderTableCell {TD} at (437,18) size 306x22 [bgcolor=#000000] [border: (1px inset #808080)] [r=0 c=12 rs=2 cs=1]
              RenderText {#text} at (1,1) size 4x19
                text run at (1,1) width 4: " "
            RenderTableCell {TD} at (743,17) size 37x62 [bgcolor=#AAAAAA] [border: (1px inset #808080)] [r=0 c=13 rs=3 cs=1]
              RenderText {#text} at (5,1) size 35x59
                text run at (5,1) width 31: "Right"
                text run at (23,21) width 13: "(3"
                text run at (1,41) width 35: "rows)"
          RenderTableRow {TR} at (0,22) size 780x37
            RenderTableCell {TD} at (342,29) size 10x22 [bgcolor=#EEEEEE] [border: (1px inset #808080)] [r=1 c=2 rs=1 cs=1]
              RenderText {#text} at (1,1) size 4x19
                text run at (1,1) width 4: " "
            RenderTableCell {TD} at (352,29) size 10x22 [bgcolor=#EEEEEE] [border: (1px inset #808080)] [r=1 c=3 rs=1 cs=1]
              RenderText {#text} at (1,1) size 4x19
                text run at (1,1) width 4: " "
            RenderTableCell {TD} at (362,29) size 10x22 [bgcolor=#EEEEEE] [border: (1px inset #808080)] [r=1 c=4 rs=1 cs=1]
              RenderText {#text} at (1,1) size 4x19
                text run at (1,1) width 4: " "
            RenderTableCell {TD} at (372,29) size 10x22 [bgcolor=#EEEEEE] [border: (1px inset #808080)] [r=1 c=5 rs=1 cs=1]
              RenderText {#text} at (1,1) size 4x19
                text run at (1,1) width 4: " "
            RenderTableCell {TD} at (382,29) size 11x22 [bgcolor=#EEEEEE] [border: (1px inset #808080)] [r=1 c=6 rs=1 cs=1]
              RenderText {#text} at (1,1) size 4x19
                text run at (1,1) width 4: " "
            RenderTableCell {TD} at (393,29) size 11x22 [bgcolor=#EEEEEE] [border: (1px inset #808080)] [r=1 c=7 rs=1 cs=1]
              RenderText {#text} at (1,1) size 4x19
                text run at (1,1) width 4: " "
            RenderTableCell {TD} at (404,29) size 11x22 [bgcolor=#EEEEEE] [border: (1px inset #808080)] [r=1 c=8 rs=1 cs=1]
              RenderText {#text} at (1,1) size 4x19
                text run at (1,1) width 4: " "
            RenderTableCell {TD} at (415,29) size 11x22 [bgcolor=#EEEEEE] [border: (1px inset #808080)] [r=1 c=9 rs=1 cs=1]
              RenderText {#text} at (1,1) size 4x19
                text run at (1,1) width 4: " "
            RenderTableCell {TD} at (426,29) size 11x22 [bgcolor=#EEEEEE] [border: (1px inset #808080)] [r=1 c=10 rs=1 cs=1]
              RenderText {#text} at (1,1) size 4x19
                text run at (1,1) width 4: " "
          RenderTableRow {TR} at (0,59) size 780x37
            RenderTableCell {TD} at (37,66) size 743x22 [bgcolor=#008000] [border: (1px inset #808080)] [r=2 c=1 rs=1 cs=13]
              RenderText {#text} at (486,1) size 256x19
                text run at (486,1) width 256: "Bottom Row Overlaps with the Right Cell!"
