layer at (0,0) size 800x600
  RenderView at (0,0) size 800x600
layer at (0,0) size 800x274
  RenderBlock {HTML} at (0,0) size 800x274
    RenderBody {BODY} at (8,8) size 784x258
      RenderBlock (anonymous) at (0,0) size 784x159
        RenderPartObject {OBJECT} at (0,0) size 249x154
        RenderText {#text} at (249,139) size 4x19
          text run at (249,139) width 4: " "
        RenderBR {BR} at (0,0) size 0x0
      RenderBlock {H1} at (0,180) size 784x37 [bgcolor=#FF0000]
        RenderText {#text} at (0,0) size 172x36
          text run at (0,0) width 172: "Measure Me"
      RenderBlock {DIV} at (0,238) size 784x20
        RenderText {#text} at (0,0) size 154x19
          text run at (0,0) width 154: "The resulting width is 784"
