layer at (0,0) size 785x788
  RenderView at (0,0) size 785x600
layer at (0,0) size 785x788
  RenderBlock {HTML} at (0,0) size 785x788
    RenderBody {BODY} at (8,8) size 769x772
      RenderBlock {P} at (0,0) size 769x20
        RenderText {#text} at (0,0) size 51x19
          text run at (0,0) width 51: "Test for "
        RenderInline {I} at (0,0) size 638x19
          RenderInline {A} at (0,0) size 305x19 [color=#0000EE]
            RenderText {#text} at (51,0) size 305x19
              text run at (51,0) width 305: "http://bugs.webkit.org/show_bug.cgi?id=15362"
          RenderText {#text} at (356,0) size 333x19
            text run at (356,0) width 4: " "
            text run at (360,0) width 329: "Safari Crashes when opening a JS TreeGrid widget"
        RenderText {#text} at (689,0) size 4x19
          text run at (689,0) width 4: "."
      RenderBlock {P} at (0,36) size 769x80
        RenderText {#text} at (0,0) size 744x79
          text run at (0,0) width 739: "The test sets up an inline parent with a child that is some kind of table part. The child gets broken off into a continuation and"
          text run at (0,20) width 744: "anonymous table parts get created below and/or above the table parts. Then the test tries to insert a new child into the inline,"
          text run at (0,40) width 741: "specifying the table part as the \"before child\". The resulting render tree should look just like it would look if the parent was a"
          text run at (0,60) width 38: "block."
      RenderBlock {DIV} at (0,132) size 769x40
        RenderBlock (anonymous) at (0,0) size 769x20
          RenderInline {SPAN} at (0,0) size 39x19
            RenderText {#text} at (0,0) size 39x19
              text run at (0,0) width 39: "Text..."
        RenderBlock (anonymous) at (0,20) size 769x20
          RenderTable at (0,0) size 182x20
            RenderTableSection (anonymous) at (0,0) size 182x20
              RenderTableRow (anonymous) at (0,0) size 182x20
                RenderTableCell (anonymous) at (0,0) size 84x20 [r=0 c=0 rs=1 cs=1]
                  RenderText {#text} at (0,0) size 84x19
                    text run at (0,0) width 84: "goes here and"
                RenderTableCell {DIV} at (84,0) size 98x20 [r=0 c=1 rs=1 cs=1]
                  RenderText {#text} at (0,0) size 98x19
                    text run at (0,0) width 98: "...continues here"
        RenderBlock (anonymous) at (0,40) size 769x0
          RenderInline {SPAN} at (0,0) size 0x0
      RenderBlock {DIV} at (0,172) size 769x40
        RenderBlock (anonymous) at (0,0) size 769x20
          RenderInline {SPAN} at (0,0) size 39x19
            RenderText {#text} at (0,0) size 39x19
              text run at (0,0) width 39: "Text..."
        RenderBlock (anonymous) at (0,20) size 769x20
          RenderTable at (0,0) size 99x20
            RenderTableSection (anonymous) at (0,0) size 99x20
              RenderTableRow (anonymous) at (0,0) size 99x20
                RenderTableCell {TD} at (0,0) size 0x0 [r=0 c=0 rs=1 cs=1]
                RenderTableCell {DIV} at (0,0) size 99x20 [r=0 c=1 rs=1 cs=1]
                  RenderText {#text} at (0,0) size 98x19
                    text run at (0,0) width 98: "...continues here"
        RenderBlock (anonymous) at (0,40) size 769x0
          RenderInline {SPAN} at (0,0) size 0x0
      RenderBlock {DIV} at (0,212) size 769x40
        RenderBlock (anonymous) at (0,0) size 769x20
          RenderInline {SPAN} at (0,0) size 39x19
            RenderText {#text} at (0,0) size 39x19
              text run at (0,0) width 39: "Text..."
        RenderBlock (anonymous) at (0,20) size 769x20
          RenderTable at (0,0) size 98x20
            RenderTableSection (anonymous) at (0,0) size 98x20
              RenderTableRow {TR} at (0,0) size 98x0
              RenderTableRow (anonymous) at (0,0) size 98x20
                RenderTableCell {DIV} at (0,0) size 98x20 [r=1 c=0 rs=1 cs=1]
                  RenderText {#text} at (0,0) size 98x19
                    text run at (0,0) width 98: "...continues here"
        RenderBlock (anonymous) at (0,40) size 769x0
          RenderInline {SPAN} at (0,0) size 0x0
      RenderBlock {DIV} at (0,252) size 769x40
        RenderBlock (anonymous) at (0,0) size 769x20
          RenderInline {SPAN} at (0,0) size 39x19
            RenderText {#text} at (0,0) size 39x19
              text run at (0,0) width 39: "Text..."
        RenderBlock (anonymous) at (0,20) size 769x20
          RenderTable at (0,0) size 99x20
            RenderTableSection (anonymous) at (0,0) size 99x20
              RenderTableRow (anonymous) at (0,0) size 99x20
                RenderTableCell (anonymous) at (0,0) size 1x0 [r=0 c=0 rs=1 cs=1]
                  RenderInline {SPAN} at (0,0) size 0x0
                RenderTableCell {DIV} at (1,0) size 98x20 [r=0 c=1 rs=1 cs=1]
                  RenderText {#text} at (0,0) size 98x19
                    text run at (0,0) width 98: "...continues here"
        RenderBlock (anonymous) at (0,40) size 769x0
          RenderInline {SPAN} at (0,0) size 0x0
      RenderBlock {DIV} at (0,292) size 769x40
        RenderBlock (anonymous) at (0,0) size 769x20
          RenderInline {SPAN} at (0,0) size 39x19
            RenderText {#text} at (0,0) size 39x19
              text run at (0,0) width 39: "Text..."
        RenderBlock (anonymous) at (0,20) size 769x20
          RenderTable at (0,0) size 99x20
            RenderTableSection (anonymous) at (0,0) size 99x20
              RenderTableRow (anonymous) at (0,0) size 99x20
                RenderTableCell (anonymous) at (0,0) size 1x0 [r=0 c=0 rs=1 cs=1]
                  RenderBlock {DIV} at (0,0) size 1x0
                RenderTableCell {DIV} at (1,0) size 98x20 [r=0 c=1 rs=1 cs=1]
                  RenderText {#text} at (0,0) size 98x19
                    text run at (0,0) width 98: "...continues here"
        RenderBlock (anonymous) at (0,40) size 769x0
          RenderInline {SPAN} at (0,0) size 0x0
      RenderBlock {DIV} at (0,332) size 769x60
        RenderBlock (anonymous) at (0,0) size 769x20
          RenderInline {SPAN} at (0,0) size 39x19
            RenderText {#text} at (0,0) size 39x19
              text run at (0,0) width 39: "Text..."
        RenderBlock (anonymous) at (0,20) size 769x40
          RenderTable at (0,0) size 98x40
            RenderTableSection (anonymous) at (0,0) size 98x40
              RenderTableRow (anonymous) at (0,0) size 98x20
                RenderTableCell (anonymous) at (0,0) size 98x20 [r=0 c=0 rs=1 cs=1]
                  RenderText {#text} at (0,0) size 84x19
                    text run at (0,0) width 84: "goes here and"
              RenderTableRow {DIV} at (0,20) size 98x20
                RenderTableCell (anonymous) at (0,20) size 98x20 [r=1 c=0 rs=1 cs=1]
                  RenderText {#text} at (0,0) size 98x19
                    text run at (0,0) width 98: "...continues here"
        RenderBlock (anonymous) at (0,60) size 769x0
          RenderInline {SPAN} at (0,0) size 0x0
      RenderBlock {DIV} at (0,392) size 769x40
        RenderBlock (anonymous) at (0,0) size 769x20
          RenderInline {SPAN} at (0,0) size 39x19
            RenderText {#text} at (0,0) size 39x19
              text run at (0,0) width 39: "Text..."
        RenderBlock (anonymous) at (0,20) size 769x20
          RenderTable at (0,0) size 98x20
            RenderTableSection (anonymous) at (0,0) size 98x20
              RenderTableRow (anonymous) at (0,0) size 98x0
                RenderTableCell {TD} at (0,0) size 98x0 [r=0 c=0 rs=1 cs=1]
              RenderTableRow {DIV} at (0,0) size 98x20
                RenderTableCell (anonymous) at (0,0) size 98x20 [r=1 c=0 rs=1 cs=1]
                  RenderText {#text} at (0,0) size 98x19
                    text run at (0,0) width 98: "...continues here"
        RenderBlock (anonymous) at (0,40) size 769x0
          RenderInline {SPAN} at (0,0) size 0x0
      RenderBlock {DIV} at (0,432) size 769x40
        RenderBlock (anonymous) at (0,0) size 769x20
          RenderInline {SPAN} at (0,0) size 39x19
            RenderText {#text} at (0,0) size 39x19
              text run at (0,0) width 39: "Text..."
        RenderBlock (anonymous) at (0,20) size 769x20
          RenderTable at (0,0) size 98x20
            RenderTableSection (anonymous) at (0,0) size 98x20
              RenderTableRow {TR} at (0,0) size 98x0
              RenderTableRow {DIV} at (0,0) size 98x20
                RenderTableCell (anonymous) at (0,0) size 98x20 [r=1 c=0 rs=1 cs=1]
                  RenderText {#text} at (0,0) size 98x19
                    text run at (0,0) width 98: "...continues here"
        RenderBlock (anonymous) at (0,40) size 769x0
          RenderInline {SPAN} at (0,0) size 0x0
      RenderBlock {DIV} at (0,472) size 769x40
        RenderBlock (anonymous) at (0,0) size 769x20
          RenderInline {SPAN} at (0,0) size 39x19
            RenderText {#text} at (0,0) size 39x19
              text run at (0,0) width 39: "Text..."
        RenderBlock (anonymous) at (0,20) size 769x20
          RenderTable at (0,0) size 98x20
            RenderTableSection (anonymous) at (0,0) size 98x20
              RenderTableRow (anonymous) at (0,0) size 98x0
                RenderTableCell (anonymous) at (0,0) size 98x0 [r=0 c=0 rs=1 cs=1]
                  RenderInline {SPAN} at (0,0) size 0x0
              RenderTableRow {DIV} at (0,0) size 98x20
                RenderTableCell (anonymous) at (0,0) size 98x20 [r=1 c=0 rs=1 cs=1]
                  RenderText {#text} at (0,0) size 98x19
                    text run at (0,0) width 98: "...continues here"
        RenderBlock (anonymous) at (0,40) size 769x0
          RenderInline {SPAN} at (0,0) size 0x0
      RenderBlock {DIV} at (0,512) size 769x40
        RenderBlock (anonymous) at (0,0) size 769x20
          RenderInline {SPAN} at (0,0) size 39x19
            RenderText {#text} at (0,0) size 39x19
              text run at (0,0) width 39: "Text..."
        RenderBlock (anonymous) at (0,20) size 769x20
          RenderTable at (0,0) size 98x20
            RenderTableSection (anonymous) at (0,0) size 98x20
              RenderTableRow (anonymous) at (0,0) size 98x0
                RenderTableCell (anonymous) at (0,0) size 98x0 [r=0 c=0 rs=1 cs=1]
                  RenderBlock {DIV} at (0,0) size 98x0
              RenderTableRow {DIV} at (0,0) size 98x20
                RenderTableCell (anonymous) at (0,0) size 98x20 [r=1 c=0 rs=1 cs=1]
                  RenderText {#text} at (0,0) size 98x19
                    text run at (0,0) width 98: "...continues here"
        RenderBlock (anonymous) at (0,40) size 769x0
          RenderInline {SPAN} at (0,0) size 0x0
      RenderBlock {DIV} at (0,552) size 769x60
        RenderBlock (anonymous) at (0,0) size 769x20
          RenderInline {SPAN} at (0,0) size 39x19
            RenderText {#text} at (0,0) size 39x19
              text run at (0,0) width 39: "Text..."
        RenderBlock (anonymous) at (0,20) size 769x40
          RenderTable at (0,0) size 98x40
            RenderTableSection (anonymous) at (0,0) size 98x20
              RenderTableRow (anonymous) at (0,0) size 98x20
                RenderTableCell (anonymous) at (0,0) size 98x20 [r=0 c=0 rs=1 cs=1]
                  RenderText {#text} at (0,0) size 84x19
                    text run at (0,0) width 84: "goes here and"
            RenderTableSection {DIV} at (0,20) size 98x20
              RenderTableRow (anonymous) at (0,0) size 98x20
                RenderTableCell (anonymous) at (0,0) size 98x20 [r=0 c=0 rs=1 cs=1]
                  RenderText {#text} at (0,0) size 98x19
                    text run at (0,0) width 98: "...continues here"
        RenderBlock (anonymous) at (0,60) size 769x0
          RenderInline {SPAN} at (0,0) size 0x0
      RenderBlock {DIV} at (0,612) size 769x40
        RenderBlock (anonymous) at (0,0) size 769x20
          RenderInline {SPAN} at (0,0) size 39x19
            RenderText {#text} at (0,0) size 39x19
              text run at (0,0) width 39: "Text..."
        RenderBlock (anonymous) at (0,20) size 769x20
          RenderTable at (0,0) size 98x20
            RenderTableSection (anonymous) at (0,0) size 98x0
              RenderTableRow (anonymous) at (0,0) size 98x0
                RenderTableCell {TD} at (0,0) size 98x0 [r=0 c=0 rs=1 cs=1]
            RenderTableSection {DIV} at (0,0) size 98x20
              RenderTableRow (anonymous) at (0,0) size 98x20
                RenderTableCell (anonymous) at (0,0) size 98x20 [r=0 c=0 rs=1 cs=1]
                  RenderText {#text} at (0,0) size 98x19
                    text run at (0,0) width 98: "...continues here"
        RenderBlock (anonymous) at (0,40) size 769x0
          RenderInline {SPAN} at (0,0) size 0x0
      RenderBlock {DIV} at (0,652) size 769x40
        RenderBlock (anonymous) at (0,0) size 769x20
          RenderInline {SPAN} at (0,0) size 39x19
            RenderText {#text} at (0,0) size 39x19
              text run at (0,0) width 39: "Text..."
        RenderBlock (anonymous) at (0,20) size 769x20
          RenderTable at (0,0) size 98x20
            RenderTableSection (anonymous) at (0,0) size 98x0
              RenderTableRow {TR} at (0,0) size 98x0
            RenderTableSection {DIV} at (0,0) size 98x20
              RenderTableRow (anonymous) at (0,0) size 98x20
                RenderTableCell (anonymous) at (0,0) size 98x20 [r=0 c=0 rs=1 cs=1]
                  RenderText {#text} at (0,0) size 98x19
                    text run at (0,0) width 98: "...continues here"
        RenderBlock (anonymous) at (0,40) size 769x0
          RenderInline {SPAN} at (0,0) size 0x0
      RenderBlock {DIV} at (0,692) size 769x40
        RenderBlock (anonymous) at (0,0) size 769x20
          RenderInline {SPAN} at (0,0) size 39x19
            RenderText {#text} at (0,0) size 39x19
              text run at (0,0) width 39: "Text..."
        RenderBlock (anonymous) at (0,20) size 769x20
          RenderTable at (0,0) size 98x20
            RenderTableSection (anonymous) at (0,0) size 98x0
              RenderTableRow (anonymous) at (0,0) size 98x0
                RenderTableCell (anonymous) at (0,0) size 98x0 [r=0 c=0 rs=1 cs=1]
                  RenderInline {SPAN} at (0,0) size 0x0
            RenderTableSection {DIV} at (0,0) size 98x20
              RenderTableRow (anonymous) at (0,0) size 98x20
                RenderTableCell (anonymous) at (0,0) size 98x20 [r=0 c=0 rs=1 cs=1]
                  RenderText {#text} at (0,0) size 98x19
                    text run at (0,0) width 98: "...continues here"
        RenderBlock (anonymous) at (0,40) size 769x0
          RenderInline {SPAN} at (0,0) size 0x0
      RenderBlock {DIV} at (0,732) size 769x40
        RenderBlock (anonymous) at (0,0) size 769x20
          RenderInline {SPAN} at (0,0) size 39x19
            RenderText {#text} at (0,0) size 39x19
              text run at (0,0) width 39: "Text..."
        RenderBlock (anonymous) at (0,20) size 769x20
          RenderTable at (0,0) size 98x20
            RenderTableSection (anonymous) at (0,0) size 98x0
              RenderTableRow (anonymous) at (0,0) size 98x0
                RenderTableCell (anonymous) at (0,0) size 98x0 [r=0 c=0 rs=1 cs=1]
                  RenderBlock {DIV} at (0,0) size 98x0
            RenderTableSection {DIV} at (0,0) size 98x20
              RenderTableRow (anonymous) at (0,0) size 98x20
                RenderTableCell (anonymous) at (0,0) size 98x20 [r=0 c=0 rs=1 cs=1]
                  RenderText {#text} at (0,0) size 98x19
                    text run at (0,0) width 98: "...continues here"
        RenderBlock (anonymous) at (0,40) size 769x0
          RenderInline {SPAN} at (0,0) size 0x0
