layer at (0,0) size 800x600
  RenderView at (0,0) size 800x600
layer at (0,0) size 800x600
  RenderBlock {HTML} at (0,0) size 800x600
    RenderBody {BODY} at (8,8) size 784x584
      RenderBlock {DIV} at (0,0) size 100x100 [bgcolor=#FF0000]
        RenderText {#text} at (0,0) size 92x59
          text run at (0,0) width 92: "You should not"
          text run at (0,20) width 91: "see this. Resize"
          text run at (0,40) width 74: "the window."
layer at (8,8) size 100x126
  RenderBlock (positioned) {DIV} at (0,0) size 100x126
    RenderBlock {DIV} at (0,0) size 100x100 [bgcolor=#008000]
    RenderBlock (anonymous) at (0,100) size 100x26
      RenderButton {BUTTON} at (2,2) size 60x22 [bgcolor=#C0C0C0] [border: (2px outset #C0C0C0)]
        RenderBlock (anonymous) at (8,2) size 44x18
          RenderText {#text} at (3,1) size 38x16
            text run at (3,1) width 38: "Button"
      RenderText {#text} at (0,0) size 0x0
