layer at (0,0) size 800x600
  RenderView at (0,0) size 800x600
layer at (0,0) size 800x600
  RenderBlock {HTML} at (0,0) size 800x600
    RenderBody {BODY} at (8,8) size 784x584
      RenderBlock {P} at (0,0) size 784x20
        RenderText {#text} at (0,0) size 163x19
          text run at (0,0) width 163: "Each font name in that font:"
      RenderBlock {DIV} at (4,36) size 776x27 [border: (1px solid #ADD8E6)]
        RenderInline {B} at (0,0) size 108x19
          RenderText {#text} at (1,3) size 108x19
            text run at (1,3) width 108: "Helvetica bold"
        RenderText {#text} at (109,3) size 72x18
          text run at (109,3) width 72: " Helvetica "
        RenderInline {I} at (0,0) size 410x19
          RenderText {#text} at (181,4) size 200x19
            text run at (181,4) width 200: "Courier syn. italic "
          RenderInline {B} at (0,0) size 210x25
            RenderText {#text} at (381,1) size 210x25
              text run at (381,1) width 210: "Papyrus syn. bold syn. italic"
        RenderText {#text} at (0,0) size 0x0
      RenderBlock {DIV} at (4,67) size 776x52 [border: (1px solid #ADD8E6)]
        RenderInline {SPAN} at (0,0) size 70x18
          RenderText {#text} at (1,4) size 70x18
            text run at (1,4) width 70: "Courier"
        RenderText {#text} at (71,4) size 10x18
          text run at (71,4) width 10: " "
        RenderInline {SPAN} at (0,0) size 70x18
          RenderText {#text} at (81,4) size 70x18
            text run at (81,4) width 70: "Courier"
        RenderText {#text} at (151,4) size 10x18
          text run at (151,4) width 10: " "
        RenderInline {SPAN} at (0,0) size 70x18
          RenderText {#text} at (161,4) size 70x18
            text run at (161,4) width 70: "Courier"
        RenderText {#text} at (231,4) size 10x18
          text run at (231,4) width 10: " "
        RenderInline {SPAN} at (0,0) size 70x18
          RenderText {#text} at (241,4) size 70x18
            text run at (241,4) width 70: "Courier"
        RenderText {#text} at (311,4) size 10x18
          text run at (311,4) width 10: " "
        RenderInline {SPAN} at (0,0) size 70x18
          RenderText {#text} at (321,4) size 70x18
            text run at (321,4) width 70: "Courier"
        RenderText {#text} at (391,4) size 10x18
          text run at (391,4) width 10: " "
        RenderInline {SPAN} at (0,0) size 114x18
          RenderText {#text} at (401,3) size 114x18
            text run at (401,3) width 114: "Helvetica Bold"
        RenderText {#text} at (515,4) size 10x18
          text run at (515,4) width 10: " "
        RenderInline {SPAN} at (0,0) size 110x19
          RenderText {#text} at (525,3) size 110x19
            text run at (525,3) width 110: "Helvetica Bold"
        RenderText {#text} at (635,4) size 10x18
          text run at (635,4) width 10: " "
        RenderInline {SPAN} at (0,0) size 740x50
          RenderText {#text} at (645,1) size 740x50
            text run at (645,1) width 96: "Papyrus syn."
            text run at (1,26) width 36: "bold"
        RenderText {#text} at (37,29) size 10x18
          text run at (37,29) width 10: " "
        RenderInline {SPAN} at (0,0) size 136x25
          RenderText {#text} at (47,26) size 136x25
            text run at (47,26) width 136: "Papyrus syn. bold"
        RenderText {#text} at (0,0) size 0x0
      RenderBlock {DIV} at (4,123) size 776x42 [border: (1px solid #ADD8E6)]
        RenderInline {SPAN} at (0,0) size 70x18
          RenderText {#text} at (1,2) size 70x18
            text run at (1,2) width 70: "Courier"
        RenderText {#text} at (71,2) size 10x18
          text run at (71,2) width 10: " "
        RenderInline {SPAN} at (0,0) size 70x18
          RenderText {#text} at (81,2) size 70x18
            text run at (81,2) width 70: "Courier"
        RenderText {#text} at (151,2) size 10x18
          text run at (151,2) width 10: " "
        RenderInline {SPAN} at (0,0) size 70x18
          RenderText {#text} at (161,2) size 70x18
            text run at (161,2) width 70: "Courier"
        RenderText {#text} at (231,2) size 10x18
          text run at (231,2) width 10: " "
        RenderInline {SPAN} at (0,0) size 70x18
          RenderText {#text} at (241,2) size 70x18
            text run at (241,2) width 70: "Courier"
        RenderText {#text} at (311,2) size 10x18
          text run at (311,2) width 10: " "
        RenderInline {SPAN} at (0,0) size 70x18
          RenderText {#text} at (321,2) size 70x18
            text run at (321,2) width 70: "Courier"
        RenderText {#text} at (391,2) size 10x18
          text run at (391,2) width 10: " "
        RenderInline {SPAN} at (0,0) size 114x18
          RenderText {#text} at (401,1) size 114x18
            text run at (401,1) width 114: "Helvetica Bold"
        RenderText {#text} at (515,2) size 10x18
          text run at (515,2) width 10: " "
        RenderInline {SPAN} at (0,0) size 110x19
          RenderText {#text} at (525,1) size 110x19
            text run at (525,1) width 110: "Helvetica Bold"
        RenderText {#text} at (635,2) size 10x18
          text run at (635,2) width 10: " "
        RenderInline {SPAN} at (0,0) size 110x19
          RenderText {#text} at (645,1) size 110x19
            text run at (645,1) width 110: "Helvetica Bold"
        RenderText {#text} at (0,0) size 0x0
        RenderInline {SPAN} at (0,0) size 110x19
          RenderText {#text} at (1,21) size 110x19
            text run at (1,21) width 110: "Helvetica Bold"
        RenderText {#text} at (0,0) size 0x0
      RenderBlock {DIV} at (4,169) size 776x42 [border: (1px solid #ADD8E6)]
        RenderInline {SPAN} at (0,0) size 70x18
          RenderText {#text} at (1,2) size 70x18
            text run at (1,2) width 70: "Courier"
        RenderText {#text} at (71,2) size 10x18
          text run at (71,2) width 10: " "
        RenderInline {SPAN} at (0,0) size 70x18
          RenderText {#text} at (81,2) size 70x18
            text run at (81,2) width 70: "Courier"
        RenderText {#text} at (151,2) size 10x18
          text run at (151,2) width 10: " "
        RenderInline {SPAN} at (0,0) size 70x18
          RenderText {#text} at (161,2) size 70x18
            text run at (161,2) width 70: "Courier"
        RenderText {#text} at (231,2) size 10x18
          text run at (231,2) width 10: " "
        RenderInline {SPAN} at (0,0) size 70x18
          RenderText {#text} at (241,2) size 70x18
            text run at (241,2) width 70: "Courier"
        RenderText {#text} at (311,2) size 10x18
          text run at (311,2) width 10: " "
        RenderInline {SPAN} at (0,0) size 70x18
          RenderText {#text} at (321,2) size 70x18
            text run at (321,2) width 70: "Courier"
        RenderText {#text} at (391,2) size 10x18
          text run at (391,2) width 10: " "
        RenderInline {SPAN} at (0,0) size 114x18
          RenderText {#text} at (401,1) size 114x18
            text run at (401,1) width 114: "Helvetica Bold"
        RenderText {#text} at (515,2) size 10x18
          text run at (515,2) width 10: " "
        RenderInline {SPAN} at (0,0) size 110x19
          RenderText {#text} at (525,1) size 110x19
            text run at (525,1) width 110: "Helvetica Bold"
        RenderText {#text} at (635,2) size 10x18
          text run at (635,2) width 10: " "
        RenderInline {SPAN} at (0,0) size 110x19
          RenderText {#text} at (645,1) size 110x19
            text run at (645,1) width 110: "Helvetica Bold"
        RenderText {#text} at (0,0) size 0x0
        RenderInline {SPAN} at (0,0) size 110x19
          RenderText {#text} at (1,21) size 110x19
            text run at (1,21) width 110: "Helvetica Bold"
        RenderText {#text} at (0,0) size 0x0
      RenderBlock {P} at (0,227) size 784x20
        RenderText {#text} at (0,0) size 209x19
          text run at (0,0) width 209: "Times followed by Ahem (normal):"
      RenderBlock {DIV} at (4,263) size 776x22 [border: (1px solid #ADD8E6)]
        RenderText {#text} at (1,1) size 40x19
          text run at (1,1) width 40: "Times "
        RenderInline {I} at (0,0) size 44x19
          RenderText {#text} at (41,1) size 44x19
            text run at (41,1) width 44: "AHEM"
        RenderText {#text} at (0,0) size 0x0
      RenderBlock {P} at (0,301) size 784x20
        RenderText {#text} at (0,0) size 94x19
          text run at (0,0) width 94: "Ahem (normal):"
      RenderBlock {DIV} at (4,337) size 776x22 [border: (1px solid #ADD8E6)]
        RenderText {#text} at (1,1) size 49x19
          text run at (1,1) width 49: "AHEM "
        RenderInline {I} at (0,0) size 44x19
          RenderText {#text} at (50,1) size 44x19
            text run at (50,1) width 44: "AHEM"
        RenderText {#text} at (0,0) size 0x0
      RenderBlock {P} at (0,375) size 784x20
        RenderText {#text} at (0,0) size 306x19
          text run at (0,0) width 306: "Ahem (normal) followed by Ahem (synthetic bold):"
      RenderBlock {DIV} at (4,411) size 776x22 [border: (1px solid #ADD8E6)]
        RenderText {#text} at (1,1) size 49x19
          text run at (1,1) width 49: "AHEM "
        RenderInline {B} at (0,0) size 49x19
          RenderText {#text} at (50,1) size 49x19
            text run at (50,1) width 49: "AHEM"
        RenderText {#text} at (0,0) size 0x0
      RenderBlock {P} at (0,449) size 784x20
        RenderText {#text} at (0,0) size 312x19
          text run at (0,0) width 312: "Ahem (normal) followed by Ahem (synthetic italics):"
      RenderBlock {DIV} at (4,485) size 776x22 [border: (1px solid #ADD8E6)]
        RenderText {#text} at (1,1) size 49x19
          text run at (1,1) width 49: "AHEM "
        RenderInline {I} at (0,0) size 44x19
          RenderText {#text} at (50,1) size 44x19
            text run at (50,1) width 44: "AHEM"
        RenderText {#text} at (0,0) size 0x0
