layer at (0,0) size 800x600
  RenderView at (0,0) size 800x600
layer at (0,0) size 800x600
  RenderBlock {HTML} at (0,0) size 800x600
    RenderBody {BODY} at (8,8) size 784x584
      RenderBlock {DIV} at (0,0) size 784x0
      RenderBlock (anonymous) at (0,0) size 784x20
        RenderText {#text} at (0,0) size 45x19
          text run at (0,0) width 45: "10pt = "
        RenderText {#text} at (45,0) size 378x19
          text run at (45,0) width 378: "3.4395833015441895mm (should be 3.4395833015441895)"
        RenderText {#text} at (0,0) size 0x0
