layer at (0,0) size 785x2980
  RenderView at (0,0) size 785x600
layer at (0,0) size 785x2980
  RenderBlock {HTML} at (0,0) size 785x2980
    RenderBody {BODY} at (8,16) size 769x2916 [bgcolor=#FFFFFF]
      RenderBlock {P} at (0,0) size 769x19
        RenderText {#text} at (0,0) size 162x18
          text run at (0,0) width 162: "This page is part of the "
        RenderInline {A} at (0,0) size 72x18 [color=#0000EE]
          RenderText {#text} at (162,0) size 72x18
            text run at (162,0) width 72: "CSS3.info"
        RenderText {#text} at (234,0) size 4x18
          text run at (234,0) width 4: " "
        RenderInline {A} at (0,0) size 130x18 [color=#0000EE]
          RenderText {#text} at (238,0) size 130x18
            text run at (238,0) width 130: "CSS selectors test"
        RenderText {#text} at (368,0) size 131x18
          text run at (368,0) width 131: ". See more info on "
        RenderInline {A} at (0,0) size 110x18 [color=#0000EE]
          RenderText {#text} at (499,0) size 110x18
            text run at (499,0) width 110: "CSS3 selectors"
        RenderText {#text} at (609,0) size 4x18
          text run at (609,0) width 4: "."
      RenderBlock {DIV} at (0,35) size 769x0 [bgcolor=#009900]
      RenderBlock {OL} at (0,35) size 769x2881
        RenderListItem {LI} at (40,0) size 615x218 [bgcolor=#AAAAAA]
          RenderBlock {DIV} at (16,16) size 583x24 [bgcolor=#990000]
            RenderBlock {DIV} at (0,0) size 583x24 [bgcolor=#009900]
          RenderBlock {PRE} at (16,53) size 583x79 [bgcolor=#FFFFFF]
            RenderListMarker at (-38,6) size 17x18: "1"
            RenderText {#text} at (6,9) size 280x64
              text run at (6,9) width 144: "div:last-of-type {"
              text run at (150,9) width 0: " "
              text run at (6,25) width 8: "}"
              text run at (14,25) width 0: " "
              text run at (6,41) width 0: " "
              text run at (6,57) width 280: "<div>Does this element match?</div>"
          RenderBlock {P} at (16,148) size 583x38
            RenderText {#text} at (0,0) size 535x37
              text run at (0,0) width 535: "The CSS selector should match the marked div element, because it is the only"
              text run at (0,19) width 133: "element of this type"
        RenderListItem {LI} at (40,266) size 615x234 [bgcolor=#AAAAAA]
          RenderBlock {DIV} at (16,16) size 583x24 [bgcolor=#990000]
            RenderBlock {DIV} at (0,0) size 583x0
            RenderBlock {DIV} at (0,0) size 583x24 [bgcolor=#009900]
          RenderBlock {PRE} at (16,53) size 583x95 [bgcolor=#FFFFFF]
            RenderListMarker at (-38,6) size 17x18: "2"
            RenderText {#text} at (6,9) size 280x80
              text run at (6,9) width 144: "div:last-of-type {"
              text run at (150,9) width 0: " "
              text run at (6,25) width 8: "}"
              text run at (14,25) width 0: " "
              text run at (6,41) width 0: " "
              text run at (6,57) width 88: "<div></div>"
              text run at (94,57) width 0: " "
              text run at (6,73) width 280: "<div>Does this element match?</div>"
          RenderBlock {P} at (16,164) size 583x38
            RenderText {#text} at (0,0) size 532x37
              text run at (0,0) width 532: "The CSS selector should match the marked div element, because it is the last"
              text run at (0,19) width 133: "element of this type"
        RenderListItem {LI} at (40,548) size 615x234 [bgcolor=#AAAAAA]
          RenderBlock {DIV} at (16,16) size 583x24 [bgcolor=#990000]
            RenderBlock {DIV} at (0,0) size 583x24 [bgcolor=#009900]
            RenderBlock {BLOCKQUOTE} at (0,24) size 583x0 [bgcolor=#009900]
          RenderBlock {PRE} at (16,53) size 583x95 [bgcolor=#FFFFFF]
            RenderListMarker at (-38,6) size 17x18: "3"
            RenderText {#text} at (6,9) size 280x80
              text run at (6,9) width 144: "div:last-of-type {"
              text run at (150,9) width 0: " "
              text run at (6,25) width 8: "}"
              text run at (14,25) width 0: " "
              text run at (6,41) width 0: " "
              text run at (6,57) width 280: "<div>Does this element match?</div>"
              text run at (286,57) width 0: " "
              text run at (6,73) width 200: "<blockquote></blockquote>"
          RenderBlock {P} at (16,164) size 583x38
            RenderText {#text} at (0,0) size 532x37
              text run at (0,0) width 532: "The CSS selector should match the marked div element, because it is the last"
              text run at (0,19) width 133: "element of this type"
        RenderListItem {LI} at (40,830) size 615x266 [bgcolor=#AAAAAA]
          RenderBlock {DIV} at (16,16) size 583x24 [bgcolor=#990000]
            RenderBlock {BLOCKQUOTE} at (0,0) size 583x24 [bgcolor=#009900]
              RenderBlock {DIV} at (0,0) size 583x24
            RenderBlock {DIV} at (0,24) size 583x0 [bgcolor=#009900]
          RenderBlock {PRE} at (16,53) size 583x127 [bgcolor=#FFFFFF]
            RenderListMarker at (-38,6) size 17x18: "4"
            RenderText {#text} at (6,9) size 304x112
              text run at (6,9) width 144: "div:last-of-type {"
              text run at (150,9) width 0: " "
              text run at (6,25) width 8: "}"
              text run at (14,25) width 0: " "
              text run at (6,41) width 0: " "
              text run at (6,57) width 96: "<blockquote>"
              text run at (102,57) width 0: " "
              text run at (6,73) width 304: "   <div>Does this element match?</div>"
              text run at (310,73) width 0: " "
              text run at (6,89) width 104: "</blockquote>"
              text run at (110,89) width 0: " "
              text run at (6,105) width 88: "<div></div>"
          RenderBlock {P} at (16,196) size 583x38
            RenderText {#text} at (0,0) size 532x37
              text run at (0,0) width 532: "The CSS selector should match the marked div element, because it is the last"
              text run at (0,19) width 224: "element of this type in this scope"
        RenderListItem {LI} at (40,1144) size 615x250 [bgcolor=#AAAAAA]
          RenderBlock {DIV} at (16,16) size 583x24 [bgcolor=#990000]
            RenderBlock {DIV} at (0,0) size 583x24 [bgcolor=#009900]
              RenderBlock {DIV} at (0,0) size 583x24
          RenderBlock {PRE} at (16,53) size 583x111 [bgcolor=#FFFFFF]
            RenderListMarker at (-38,6) size 17x18: "5"
            RenderText {#text} at (6,9) size 304x96
              text run at (6,9) width 144: "div:last-of-type {"
              text run at (150,9) width 0: " "
              text run at (6,25) width 8: "}"
              text run at (14,25) width 0: " "
              text run at (6,41) width 0: " "
              text run at (6,57) width 40: "<div>"
              text run at (46,57) width 0: " "
              text run at (6,73) width 304: "   <div>Does this element match?</div>"
              text run at (310,73) width 0: " "
              text run at (6,89) width 48: "</div>"
          RenderBlock {P} at (16,180) size 583x38
            RenderText {#text} at (0,0) size 532x37
              text run at (0,0) width 532: "The CSS selector should match the marked div element, because it is the last"
              text run at (0,19) width 272: "element of this type in the current scope"
        RenderListItem {LI} at (40,1442) size 615x266 [bgcolor=#AAAAAA]
          RenderBlock {DIV} at (16,16) size 583x24 [bgcolor=#990000]
            RenderBlock {DIV} at (0,0) size 583x24 [bgcolor=#009900]
            RenderBlock {BLOCKQUOTE} at (0,24) size 583x0 [bgcolor=#009900]
              RenderBlock {DIV} at (0,0) size 583x0
          RenderBlock {PRE} at (16,53) size 583x127 [bgcolor=#FFFFFF]
            RenderListMarker at (-38,6) size 17x18: "6"
            RenderText {#text} at (6,9) size 280x112
              text run at (6,9) width 144: "div:last-of-type {"
              text run at (150,9) width 0: " "
              text run at (6,25) width 8: "}"
              text run at (14,25) width 0: " "
              text run at (6,41) width 0: " "
              text run at (6,57) width 280: "<div>Does this element match?</div>"
              text run at (286,57) width 0: " "
              text run at (6,73) width 96: "<blockquote>"
              text run at (102,73) width 0: " "
              text run at (6,89) width 112: "   <div></div>"
              text run at (118,89) width 0: " "
              text run at (6,105) width 104: "</blockquote>"
          RenderBlock {P} at (16,196) size 583x38
            RenderText {#text} at (0,0) size 532x37
              text run at (0,0) width 532: "The CSS selector should match the marked div element, because it is the last"
              text run at (0,19) width 272: "element of this type in the current scope"
        RenderListItem {LI} at (40,1756) size 615x234 [bgcolor=#AAAAAA]
          RenderBlock {DIV} at (16,16) size 583x24 [bgcolor=#009900]
            RenderBlock {DIV} at (0,0) size 583x24
            RenderBlock {DIV} at (0,24) size 583x0 [bgcolor=#990000]
          RenderBlock {PRE} at (16,53) size 583x95 [bgcolor=#FFFFFF]
            RenderListMarker at (-38,6) size 17x18: "7"
            RenderText {#text} at (6,9) size 280x80
              text run at (6,9) width 144: "div:last-of-type {"
              text run at (150,9) width 0: " "
              text run at (6,25) width 8: "}"
              text run at (14,25) width 0: " "
              text run at (6,41) width 0: " "
              text run at (6,57) width 280: "<div>Does this element match?</div>"
              text run at (286,57) width 0: " "
              text run at (6,73) width 88: "<div></div>"
          RenderBlock {P} at (16,164) size 583x38
            RenderText {#text} at (0,0) size 558x37
              text run at (0,0) width 558: "The CSS selector should not match the marked div element, because it is the first"
              text run at (0,19) width 133: "element of this type"
        RenderListItem {LI} at (40,2038) size 615x234 [bgcolor=#AAAAAA]
          RenderBlock {DIV} at (16,16) size 583x24 [bgcolor=#009900]
            RenderBlock {DIV} at (0,0) size 583x24
            RenderBlock {DIV} at (0,24) size 583x0 [bgcolor=#990000]
          RenderBlock {PRE} at (16,53) size 583x95 [bgcolor=#FFFFFF]
            RenderListMarker at (-38,6) size 17x18: "8"
            RenderText {#text} at (6,9) size 280x80
              text run at (6,9) width 144: "div:last-of-type {"
              text run at (150,9) width 0: " "
              text run at (6,25) width 8: "}"
              text run at (14,25) width 0: " "
              text run at (6,41) width 0: " "
              text run at (6,57) width 280: "<div>Does this element match?</div>"
              text run at (286,57) width 0: " "
              text run at (6,73) width 88: "<DIV></DIV>"
          RenderBlock {P} at (16,164) size 583x38
            RenderText {#text} at (0,0) size 558x37
              text run at (0,0) width 558: "The CSS selector should not match the marked div element, because it is the first"
              text run at (0,19) width 133: "element of this type"
        RenderListItem {LI} at (40,2320) size 615x266 [bgcolor=#AAAAAA]
          RenderBlock {DIV} at (16,16) size 583x24 [bgcolor=#990000]
            RenderBlock {DIV} at (0,0) size 583x0
            RenderBlock {DIV} at (0,0) size 583x24 [bgcolor=#009900]
          RenderBlock {PRE} at (16,53) size 583x127 [bgcolor=#FFFFFF]
            RenderListMarker at (-38,6) size 17x18: "9"
            RenderText {#text} at (6,9) size 480x112
              text run at (6,9) width 144: "div:last-of-type {"
              text run at (150,9) width 0: " "
              text run at (6,25) width 8: "}"
              text run at (14,25) width 0: " "
              text run at (6,41) width 0: " "
              text run at (6,57) width 224: "<div id='insertAfter'></div>"
              text run at (230,57) width 0: " "
              text run at (6,73) width 0: " "
              text run at (6,89) width 384: "var ib = document.getElementById('insertAfter');"
              text run at (390,89) width 0: " "
              text run at (6,105) width 480: "ib.parentElement.appendChild(document.createElement(\"div\"));"
          RenderBlock {P} at (16,196) size 583x38
            RenderText {#text} at (0,0) size 551x37
              text run at (0,0) width 551: "The CSS selector should match the div element that is inserted by the Javascript"
              text run at (0,19) width 39: "code."
        RenderListItem {LI} at (40,2634) size 615x247 [bgcolor=#AAAAAA]
          RenderBlock {DIV} at (16,16) size 583x24 [bgcolor=#009900]
            RenderBlock {DIV} at (0,0) size 583x24
            RenderBlock {DIV} at (0,24) size 583x0 [bgcolor=#990000]
          RenderBlock {PRE} at (16,53) size 583x127 [bgcolor=#FFFFFF]
            RenderListMarker at (-47,6) size 26x18: "10"
            RenderText {#text} at (6,9) size 480x112
              text run at (6,9) width 144: "div:last-of-type {"
              text run at (150,9) width 0: " "
              text run at (6,25) width 8: "}"
              text run at (14,25) width 0: " "
              text run at (6,41) width 0: " "
              text run at (6,57) width 224: "<div id='insertAfter'></div>"
              text run at (230,57) width 0: " "
              text run at (6,73) width 0: " "
              text run at (6,89) width 384: "var ib = document.getElementById('insertAfter');"
              text run at (390,89) width 0: " "
              text run at (6,105) width 480: "ib.parentElement.appendChild(document.createElement(\"div\"));"
          RenderBlock {P} at (16,196) size 583x19
            RenderText {#text} at (0,0) size 513x18
              text run at (0,0) width 513: "The original div element should not be a match for the :last-of-type selector."
