layer at (0,0) size 800x600
  RenderView at (0,0) size 800x600
layer at (0,0) size 800x196
  RenderBlock {HTML} at (0,0) size 800x196
    RenderBody {BODY} at (8,15) size 784x166
      RenderBlock {P} at (0,0) size 784x75
        RenderText {#text} at (0,28) size 94x18
          text run at (0,28) width 94: "This tests bug "
        RenderInline {A} at (0,0) size 651x18 [color=#0000EE]
          RenderText {#text} at (94,28) size 651x18
            text run at (94,28) width 651: "Bug 13174: line-height in font shorthand does not override a previously stated line-height property"
        RenderText {#text} at (745,28) size 4x18
          text run at (745,28) width 4: "."
      RenderBlock {P} at (0,90) size 784x76
        RenderText {#text} at (0,28) size 128x18
          text run at (0,28) width 128: "This text should be "
        RenderInline {CODE} at (0,0) size 189x17
          RenderText {#text} at (128,30) size 189x17
            text run at (128,30) width 189: "font:15px/5em Georgia"
        RenderText {#text} at (317,28) size 4x18
          text run at (317,28) width 4: "."
