layer at (0,0) size 800x600
  RenderView at (0,0) size 800x600
layer at (0,0) size 800x600
  RenderBlock {HTML} at (0,0) size 800x600
    RenderBody {BODY} at (8,8) size 784x584
      RenderBlock {P} at (0,0) size 784x20
        RenderText {#text} at (0,0) size 237x19
          text run at (0,0) width 237: "What it should look like (positive case):"
      RenderBlock {DIV} at (0,36) size 784x76 [border: (1px solid #008000)]
        RenderBlock {DIV} at (1,11) size 782x22 [border: (1px solid #0000FF)]
          RenderText {#text} at (1,1) size 79x19
            text run at (1,1) width 79: "Lorem ipsum"
        RenderBlock {DIV} at (1,43) size 782x22 [border: (1px dotted #0000FF)]
          RenderText {#text} at (1,1) size 79x19
            text run at (1,1) width 79: "Lorem ipsum"
      RenderBlock {P} at (0,128) size 784x20
        RenderText {#text} at (0,0) size 240x19
          text run at (0,0) width 240: "What it should look like (negative case):"
      RenderBlock {DIV} at (0,164) size 784x36 [border: (1px solid #008000)]
        RenderBlock {DIV} at (1,11) size 782x22 [border: (1px solid #0000FF)]
          RenderText {#text} at (1,1) size 79x19
            text run at (1,1) width 79: "Lorem ipsum"
        RenderBlock {DIV} at (1,23) size 782x22 [border: (1px dotted #0000FF)]
          RenderText {#text} at (1,1) size 79x19
            text run at (1,1) width 79: "Lorem ipsum"
      RenderBlock {P} at (0,216) size 784x20
        RenderText {#text} at (0,0) size 349x19
          text run at (0,0) width 349: "Dynamic case (automatically testing positive --> negative):"
      RenderBlock {DIV} at (0,252) size 784x36 [border: (1px solid #008000)]
        RenderBlock {DIV} at (1,11) size 782x22 [border: (1px solid #0000FF)]
          RenderText {#text} at (1,1) size 79x19
            text run at (1,1) width 79: "Lorem ipsum"
        RenderBlock {DIV} at (1,23) size 782x22 [border: (1px dotted #0000FF)]
          RenderText {#text} at (1,1) size 79x19
            text run at (1,1) width 79: "Lorem ipsum"
      RenderBlock (anonymous) at (0,288) size 784x46
        RenderBR {BR} at (0,0) size 0x19
        RenderButton {INPUT} at (2,22) size 114x22 [bgcolor=#C0C0C0] [border: (2px outset #C0C0C0)]
          RenderBlock (anonymous) at (8,2) size 98x18
            RenderText at (3,1) size 92x16
              text run at (3,1) width 92: "Negative margin"
        RenderText {#text} at (118,23) size 4x19
          text run at (118,23) width 4: " "
        RenderButton {INPUT} at (124,22) size 110x22 [bgcolor=#C0C0C0] [border: (2px outset #C0C0C0)]
          RenderBlock (anonymous) at (8,2) size 94x18
            RenderText at (3,1) size 88x16
              text run at (3,1) width 88: "Positive margin"
        RenderText {#text} at (0,0) size 0x0
      RenderBlock {P} at (0,350) size 784x20
        RenderText {#text} at (0,0) size 424x19
          text run at (0,0) width 424: "Dynamic case (automatically testing positive --> negative --> positive):"
      RenderBlock {DIV} at (0,386) size 784x76 [border: (1px solid #008000)]
        RenderBlock {DIV} at (1,11) size 782x22 [border: (1px solid #0000FF)]
          RenderText {#text} at (1,1) size 79x19
            text run at (1,1) width 79: "Lorem ipsum"
        RenderBlock {DIV} at (1,43) size 782x22 [border: (1px dotted #0000FF)]
          RenderText {#text} at (1,1) size 79x19
            text run at (1,1) width 79: "Lorem ipsum"
      RenderBlock (anonymous) at (0,462) size 784x46
        RenderBR {BR} at (0,0) size 0x19
        RenderButton {INPUT} at (2,22) size 114x22 [bgcolor=#C0C0C0] [border: (2px outset #C0C0C0)]
          RenderBlock (anonymous) at (8,2) size 98x18
            RenderText at (3,1) size 92x16
              text run at (3,1) width 92: "Negative margin"
        RenderText {#text} at (118,23) size 4x19
          text run at (118,23) width 4: " "
        RenderButton {INPUT} at (124,22) size 110x22 [bgcolor=#C0C0C0] [border: (2px outset #C0C0C0)]
          RenderBlock (anonymous) at (8,2) size 94x18
            RenderText at (3,1) size 88x16
              text run at (3,1) width 88: "Positive margin"
        RenderText {#text} at (0,0) size 0x0
        RenderText {#text} at (0,0) size 0x0
        RenderText {#text} at (0,0) size 0x0
