layer at (0,0) size 785x1656
  RenderView at (0,0) size 785x600
layer at (0,0) size 785x1656
  RenderBlock {HTML} at (0,0) size 785x1656
    RenderBody {BODY} at (8,16) size 769x1592 [bgcolor=#FFFFFF]
      RenderBlock {P} at (0,0) size 769x19
        RenderText {#text} at (0,0) size 162x18
          text run at (0,0) width 162: "This page is part of the "
        RenderInline {A} at (0,0) size 72x18 [color=#0000EE]
          RenderText {#text} at (162,0) size 72x18
            text run at (162,0) width 72: "CSS3.info"
        RenderText {#text} at (234,0) size 4x18
          text run at (234,0) width 4: " "
        RenderInline {A} at (0,0) size 130x18 [color=#0000EE]
          RenderText {#text} at (238,0) size 130x18
            text run at (238,0) width 130: "CSS selectors test"
        RenderText {#text} at (368,0) size 131x18
          text run at (368,0) width 131: ". See more info on "
        RenderInline {A} at (0,0) size 110x18 [color=#0000EE]
          RenderText {#text} at (499,0) size 110x18
            text run at (499,0) width 110: "CSS3 selectors"
        RenderText {#text} at (609,0) size 4x18
          text run at (609,0) width 4: "."
      RenderBlock {DIV} at (0,35) size 769x0 [bgcolor=#009900]
      RenderBlock {OL} at (0,35) size 769x1557
        RenderListItem {LI} at (40,0) size 615x250 [bgcolor=#AAAAAA]
          RenderBlock {DIV} at (16,16) size 583x24 [bgcolor=#990000]
            RenderBlock {DIV} at (0,0) size 583x24 [bgcolor=#009900]
          RenderBlock {PRE} at (16,53) size 583x111 [bgcolor=#FFFFFF]
            RenderListMarker at (-38,6) size 17x18: "1"
            RenderText {#text} at (6,9) size 136x96
              text run at (6,9) width 136: "div :only-child {"
              text run at (142,9) width 0: " "
              text run at (6,25) width 8: "}"
              text run at (14,25) width 0: " "
              text run at (6,41) width 0: " "
              text run at (6,57) width 40: "<div>"
              text run at (46,57) width 0: " "
              text run at (6,73) width 112: "   <div></div>"
              text run at (118,73) width 0: " "
              text run at (6,89) width 48: "</div>"
          RenderBlock {P} at (16,180) size 583x38
            RenderText {#text} at (0,0) size 569x37
              text run at (0,0) width 569: "The CSS selector should match the inner div element, because it is the only child of"
              text run at (0,19) width 143: "the outer div element"
        RenderListItem {LI} at (40,298) size 615x266 [bgcolor=#AAAAAA]
          RenderBlock {DIV} at (16,16) size 583x24 [bgcolor=#990000]
            RenderBlock {DIV} at (0,0) size 583x24 [bgcolor=#009900]
          RenderBlock {PRE} at (16,53) size 583x127 [bgcolor=#FFFFFF]
            RenderListMarker at (-38,6) size 17x18: "2"
            RenderText {#text} at (6,9) size 208x112
              text run at (6,9) width 136: "div :only-child {"
              text run at (142,9) width 0: " "
              text run at (6,25) width 8: "}"
              text run at (14,25) width 0: " "
              text run at (6,41) width 0: " "
              text run at (6,57) width 40: "<div>"
              text run at (46,57) width 0: " "
              text run at (6,73) width 112: "   <div></div>"
              text run at (118,73) width 0: " "
              text run at (6,89) width 208: "   <!-- Just a comment -->"
              text run at (214,89) width 0: " "
              text run at (6,105) width 48: "</div>"
          RenderBlock {P} at (16,196) size 583x38
            RenderText {#text} at (0,0) size 569x37
              text run at (0,0) width 569: "The CSS selector should match the inner div element, because it is the only child of"
              text run at (0,19) width 143: "the outer div element"
        RenderListItem {LI} at (40,612) size 615x282 [bgcolor=#AAAAAA]
          RenderBlock {DIV} at (16,16) size 583x43 [bgcolor=#990000]
            RenderBlock {DIV} at (0,0) size 583x24 [bgcolor=#009900]
            RenderBlock (anonymous) at (0,24) size 583x19
              RenderListMarker at (-38,0) size 17x18: "3"
              RenderText {#text} at (0,0) size 4x18
                text run at (0,0) width 4: "."
          RenderBlock {PRE} at (16,72) size 583x124 [bgcolor=#FFFFFF]
            RenderText {#text} at (6,6) size 224x112
              text run at (6,6) width 136: "div :only-child {"
              text run at (142,6) width 0: " "
              text run at (6,22) width 8: "}"
              text run at (14,22) width 0: " "
              text run at (6,38) width 0: " "
              text run at (6,54) width 40: "<div>"
              text run at (46,54) width 0: " "
              text run at (6,70) width 112: "   <div></div>"
              text run at (118,70) width 0: " "
              text run at (6,86) width 224: "   How about regular text..."
              text run at (230,86) width 0: " "
              text run at (6,102) width 48: "</div>"
          RenderBlock {P} at (16,212) size 583x38
            RenderText {#text} at (0,0) size 569x37
              text run at (0,0) width 569: "The CSS selector should match the inner div element, because it is the only child of"
              text run at (0,19) width 143: "the outer div element"
        RenderListItem {LI} at (40,942) size 615x269 [bgcolor=#AAAAAA]
          RenderBlock {DIV} at (16,16) size 583x24 [bgcolor=#009900]
            RenderBlock {DIV} at (0,0) size 583x24
            RenderBlock {BLOCKQUOTE} at (40,40) size 503x0
          RenderBlock {PRE} at (16,56) size 583x127 [bgcolor=#FFFFFF]
            RenderListMarker at (-38,6) size 17x18: "4"
            RenderText {#text} at (6,9) size 224x112
              text run at (6,9) width 136: "div :only-child {"
              text run at (142,9) width 0: " "
              text run at (6,25) width 8: "}"
              text run at (14,25) width 0: " "
              text run at (6,41) width 0: " "
              text run at (6,57) width 48: "<div> "
              text run at (54,57) width 0: " "
              text run at (6,73) width 112: "   <div></div>"
              text run at (118,73) width 0: " "
              text run at (6,89) width 224: "   <blockquote></blockquote>"
              text run at (230,89) width 0: " "
              text run at (6,105) width 48: "</div>"
          RenderBlock {P} at (16,199) size 583x38
            RenderText {#text} at (0,0) size 550x37
              text run at (0,0) width 550: "The CSS selector should not match the inner div element, because it not the only"
              text run at (0,19) width 32: "child"
        RenderListItem {LI} at (40,1259) size 615x298 [bgcolor=#AAAAAA]
          RenderBlock {DIV} at (16,16) size 583x24 [bgcolor=#009900]
            RenderBlock {DIV} at (0,0) size 583x24
            RenderBlock {DIV} at (0,24) size 583x0
          RenderBlock {PRE} at (16,53) size 583x159 [bgcolor=#FFFFFF]
            RenderListMarker at (-38,6) size 17x18: "5"
            RenderText {#text} at (6,9) size 480x144
              text run at (6,9) width 136: "div :only-child {"
              text run at (142,9) width 0: " "
              text run at (6,25) width 8: "}"
              text run at (14,25) width 0: " "
              text run at (6,41) width 0: " "
              text run at (6,57) width 40: "<div>"
              text run at (46,57) width 0: " "
              text run at (6,73) width 248: "   <div id='appendChild'></div>"
              text run at (254,73) width 0: " "
              text run at (6,89) width 48: "</div>"
              text run at (54,89) width 0: " "
              text run at (6,105) width 0: " "
              text run at (6,121) width 384: "var ib = document.getElementById('appendChild');"
              text run at (390,121) width 0: " "
              text run at (6,137) width 480: "ib.parentElement.appendChild(document.createElement(\"div\"));"
          RenderBlock {P} at (16,228) size 583x38
            RenderText {#text} at (0,0) size 583x37
              text run at (0,0) width 506: "The CSS selector should not match the original div element, because it is "
              text run at (506,0) width 77: "not the only"
              text run at (0,19) width 459: "child anymore after another child is append by the Javascript code."
