layer at (0,0) size 800x600
  RenderView at (0,0) size 800x600
layer at (0,0) size 800x600
  RenderBlock {HTML} at (0,0) size 800x600
    RenderBody {BODY} at (8,8) size 784x584
      RenderBlock {HR} at (0,0) size 784x2 [border: (1px inset #000000)]
      RenderBlock {P} at (0,18) size 784x20
        RenderText {#text} at (0,0) size 51x19
          text run at (0,0) width 51: "Test for "
        RenderInline {I} at (0,0) size 675x19
          RenderInline {A} at (0,0) size 350x19 [color=#0000EE]
            RenderText {#text} at (51,0) size 350x19
              text run at (51,0) width 350: "http://bugzilla.opendarwin.org/show_bug.cgi?id=9547"
          RenderText {#text} at (401,0) size 325x19
            text run at (401,0) width 4: " "
            text run at (405,0) width 321: "Resize corner does not track the mouse accurately"
        RenderText {#text} at (726,0) size 4x19
          text run at (726,0) width 4: "."
      RenderBlock {HR} at (0,54) size 784x2 [border: (1px inset #000000)]
      RenderBlock (anonymous) at (0,189) size 784x187
        RenderText {#text} at (169,106) size 4x19
          text run at (169,106) width 4: " "
        RenderBR {BR} at (0,0) size 0x0
        RenderText {#text} at (0,0) size 0x0
        RenderText {#text} at (0,0) size 0x0
layer at (8,72) size 173x125 clip at (10,74) size 169x121
  RenderBlock {DIV} at (0,64) size 173x125 [border: (2px solid #0000FF)]
layer at (8,197) size 169x121 clip at (10,199) size 165x117
  RenderTextControl {TEXTAREA} at (0,0) size 169x121 [bgcolor=#FFFFFF] [border: (2px solid #0000FF)]
    RenderBlock {DIV} at (4,4) size 163x16
layer at (10,325) size 198x57 clip at (11,326) size 196x55
  RenderTextControl {TEXTAREA} at (2,128) size 198x57 [bgcolor=#FFFFFF] [border: (1px solid #000000)]
    RenderBlock {DIV} at (3,3) size 194x16
