layer at (0,0) size 800x600
  RenderView at (0,0) size 800x600
layer at (0,0) size 800x160
  RenderBlock {HTML} at (0,0) size 800x160
    RenderBody {BODY} at (8,16) size 784x128
      RenderBlock {P} at (0,0) size 784x20
        RenderText {#text} at (0,0) size 61x19
          text run at (0,0) width 61: "LTR Start"
      RenderBlock {P} at (0,36) size 784x20
        RenderText {#text} at (728,0) size 56x19
          text run at (728,0) width 56: "LTR End"
      RenderBlock {P} at (0,72) size 784x20
        RenderText {#text} at (723,0) size 61x19
          text run at (723,0) width 61: "RTL Start"
      RenderBlock {P} at (0,108) size 784x20
        RenderText {#text} at (0,0) size 56x19
          text run at (0,0) width 56: "RTL End"
        RenderText {#text} at (0,0) size 0x0
