layer at (0,0) size 800x600
  RenderView at (0,0) size 800x600
layer at (0,0) size 800x600
  RenderBlock {HTML} at (0,0) size 800x600
    RenderBody {BODY} at (8,8) size 784x584
      RenderText {#text} at (0,185) size 417x19
        text run at (0,185) width 417: "If this renders correctly you should see one big friendly green square. "
      RenderHTMLCanvas {CANVAS} at (417,0) size 200x200
      RenderText {#text} at (0,0) size 0x0
