layer at (0,0) size 800x600
  RenderView at (0,0) size 800x600
layer at (0,0) size 800x600
  RenderBlock {HTML} at (0,0) size 800x600
    RenderBody {BODY} at (8,8) size 784x584
      RenderBlock {P} at (0,0) size 784x20
        RenderText {#text} at (0,0) size 548x19
          text run at (0,0) width 548: "If the canvas below is black, then we managed to draw before loading stylesheets. Hooray!"
      RenderBlock (anonymous) at (0,36) size 784x200
        RenderHTMLCanvas {CANVAS} at (0,0) size 400x200
        RenderText {#text} at (0,0) size 0x0
        RenderText {#text} at (0,0) size 0x0
        RenderText {#text} at (0,0) size 0x0
        RenderText {#text} at (0,0) size 0x0
