layer at (0,0) size 800x600
  RenderView at (0,0) size 800x600
layer at (0,0) size 800x600
  RenderBlock {HTML} at (0,0) size 800x600
    RenderBody {BODY} at (8,8) size 784x584
      RenderBlock (anonymous) at (0,0) size 784x100
        RenderHTMLCanvas {CANVAS} at (0,0) size 100x100 [bgcolor=#008000]
        RenderText {#text} at (0,0) size 0x0
      RenderBlock {DIV} at (0,100) size 784x40
        RenderText {#text} at (0,0) size 651x19
          text run at (0,0) width 651: "This tests that transforms applied to a canvas, are correctly applied to the stroke path defined in the context. "
        RenderBR {BR} at (651,15) size 0x0
        RenderText {#text} at (0,20) size 501x19
          text run at (0,20) width 501: "The above image should be a green square divided into quarters by two black lines."
