layer at (0,0) size 800x600
  RenderView at (0,0) size 800x600
layer at (0,0) size 800x273
  RenderBlock {HTML} at (0,0) size 800x273
    RenderBody {BODY} at (8,16) size 784x241
      RenderBlock {P} at (0,0) size 784x20
        RenderText {#text} at (0,0) size 257x19
          text run at (0,0) width 257: "There should be nothing below. Bug 8994."
      RenderBlock {P} at (0,36) size 784x205
        RenderHTMLCanvas {CANVAS} at (0,0) size 200x200
