layer at (0,0) size 800x600
  RenderView at (0,0) size 800x600
layer at (0,0) size 800x600
  RenderBlock {HTML} at (0,0) size 800x600
    RenderBody {BODY} at (8,8) size 784x584
      RenderBlock {P} at (0,0) size 784x20
        RenderText {#text} at (0,0) size 348x19
          text run at (0,0) width 348: "All three of these small canvases should be green, not red."
      RenderBlock (anonymous) at (0,36) size 784x25
        RenderHTMLCanvas {CANVAS} at (0,0) size 20x20
        RenderText {#text} at (20,5) size 4x19
          text run at (20,5) width 4: " "
        RenderHTMLCanvas {CANVAS} at (24,0) size 20x20
        RenderText {#text} at (44,5) size 4x19
          text run at (44,5) width 4: " "
        RenderHTMLCanvas {CANVAS} at (48,0) size 20x20
        RenderText {#text} at (0,0) size 0x0
      RenderBlock {P} at (0,77) size 784x40
        RenderText {#text} at (0,0) size 753x39
          text run at (0,0) width 753: "All three of these small canvases should be green, not red, too, but these test the Dashboard compatibility mode so they work"
          text run at (0,20) width 235: "properly only under DumpRenderTree."
      RenderBlock (anonymous) at (0,133) size 784x25
        RenderHTMLCanvas {CANVAS} at (0,0) size 20x20
        RenderText {#text} at (20,5) size 4x19
          text run at (20,5) width 4: " "
        RenderHTMLCanvas {CANVAS} at (24,0) size 20x20
        RenderText {#text} at (44,5) size 4x19
          text run at (44,5) width 4: " "
        RenderHTMLCanvas {CANVAS} at (48,0) size 20x20
        RenderText {#text} at (0,0) size 0x0
        RenderText {#text} at (0,0) size 0x0
        RenderText {#text} at (0,0) size 0x0
