layer at (0,0) size 800x600
  RenderView at (0,0) size 800x600
layer at (0,0) size 800x600
  RenderBlock {HTML} at (0,0) size 800x600
    RenderBody {BODY} at (8,8) size 784x584
      RenderBlock {P} at (0,0) size 784x40
        RenderText {#text} at (0,0) size 772x39
          text run at (0,0) width 772: "The canvas below should show a gradient with zero stops, which according to the specification is filled with transparant black, ie."
          text run at (0,20) width 128: "not visible. This tests "
        RenderInline {A} at (0,0) size 591x19 [color=#0000EE]
          RenderText {#text} at (128,20) size 591x19
            text run at (128,20) width 591: "Bug 13784, REGRESSION (r13744-13750): Crash with empty gradient when drawing to canvas"
      RenderBlock (anonymous) at (0,56) size 784x150
        RenderHTMLCanvas {CANVAS} at (0,0) size 300x150
        RenderText {#text} at (0,0) size 0x0
        RenderText {#text} at (0,0) size 0x0
        RenderText {#text} at (0,0) size 0x0
