layer at (0,0) size 800x600
  RenderView at (0,0) size 800x600
layer at (0,0) size 800x600
  RenderBlock {HTML} at (0,0) size 800x600
    RenderBody {BODY} at (8,8) size 784x584
      RenderText {#text} at (0,0) size 778x39
        text run at (0,0) width 778: "Each square canvas should contain a colored gradient bordered by a narrow white margin and a black line. The column on the left"
        text run at (0,20) width 386: "contains linear gradients, the column on the right radial gradients."
      RenderBR {BR} at (386,35) size 0x0
      RenderHTMLCanvas {CANVAS} at (0,40) size 52x52 [border: (1px solid #000000)]
      RenderHTMLCanvas {CANVAS} at (52,40) size 52x52 [border: (1px solid #000000)]
      RenderText {#text} at (104,77) size 93x19
        text run at (104,77) width 93: " Green to white"
      RenderBR {BR} at (197,92) size 0x0
      RenderHTMLCanvas {CANVAS} at (0,97) size 52x52 [border: (1px solid #000000)]
      RenderHTMLCanvas {CANVAS} at (52,97) size 52x52 [border: (1px solid #000000)]
      RenderText {#text} at (104,134) size 133x19
        text run at (104,134) width 133: " Green to white to red"
      RenderBR {BR} at (237,149) size 0x0
      RenderHTMLCanvas {CANVAS} at (0,154) size 52x52 [border: (1px solid #000000)]
      RenderHTMLCanvas {CANVAS} at (52,154) size 52x52 [border: (1px solid #000000)]
      RenderText {#text} at (104,191) size 211x19
        text run at (104,191) width 211: " Larger green to white to larger red"
      RenderBR {BR} at (315,206) size 0x0
      RenderHTMLCanvas {CANVAS} at (0,211) size 52x52 [border: (1px solid #000000)]
      RenderHTMLCanvas {CANVAS} at (52,211) size 52x52 [border: (1px solid #000000)]
      RenderText {#text} at (104,248) size 59x19
        text run at (104,248) width 59: " Solid red"
      RenderBR {BR} at (163,263) size 0x0
      RenderHTMLCanvas {CANVAS} at (0,268) size 52x52 [border: (1px solid #000000)]
      RenderHTMLCanvas {CANVAS} at (52,268) size 52x52 [border: (1px solid #000000)]
      RenderText {#text} at (104,305) size 59x19
        text run at (104,305) width 59: " Solid red"
      RenderBR {BR} at (163,320) size 0x0
      RenderHTMLCanvas {CANVAS} at (0,325) size 52x52 [border: (1px solid #000000)]
      RenderHTMLCanvas {CANVAS} at (52,325) size 52x52 [border: (1px solid #000000)]
      RenderText {#text} at (104,362) size 59x19
        text run at (104,362) width 59: " Solid red"
      RenderBR {BR} at (163,377) size 0x0
      RenderHTMLCanvas {CANVAS} at (0,382) size 52x52 [border: (1px solid #000000)]
      RenderHTMLCanvas {CANVAS} at (52,382) size 52x52 [border: (1px solid #000000)]
      RenderText {#text} at (104,419) size 451x19
        text run at (104,419) width 451: " Blue to white in the top (inner) half, red to yellow in the bottom (outer) half"
      RenderBR {BR} at (555,434) size 0x0
      RenderHTMLCanvas {CANVAS} at (0,439) size 52x52 [border: (1px solid #000000)]
      RenderHTMLCanvas {CANVAS} at (52,439) size 52x52 [border: (1px solid #000000)]
      RenderText {#text} at (104,476) size 287x19
        text run at (104,476) width 287: " Blue to white, red to yellow (same as previous)"
      RenderBR {BR} at (391,491) size 0x0
      RenderHTMLCanvas {CANVAS} at (0,496) size 52x52 [border: (1px solid #000000)]
      RenderHTMLCanvas {CANVAS} at (52,496) size 52x52 [border: (1px solid #000000)]
      RenderText {#text} at (104,533) size 287x19
        text run at (104,533) width 287: " Blue to white, red to yellow (same as previous)"
      RenderBR {BR} at (391,548) size 0x0
