layer at (0,0) size 800x600
  RenderView at (0,0) size 800x600
layer at (0,0) size 800x600
  RenderBlock {HTML} at (0,0) size 800x600
    RenderBody {BODY} at (8,8) size 784x584
      RenderHTMLCanvas {CANVAS} at (0,0) size 100x100
      RenderText {#text} at (100,85) size 4x19
        text run at (100,85) width 4: " "
      RenderBR {BR} at (104,100) size 0x0
      RenderText {#text} at (0,105) size 301x19
        text run at (0,105) width 301: "PASS -- 0 sized rects did not trigger an exception"
