layer at (0,0) size 785x15840
  RenderView at (0,0) size 785x600
layer at (0,0) size 785x15840
  RenderBlock {HTML} at (0,0) size 785x15840
    RenderBody {BODY} at (8,8) size 769x15824
      RenderTable {TABLE} at (0,0) size 39x584 [bgcolor=#0000FF] [border: (1px outset #808080)]
        RenderTableSection {TBODY} at (1,1) size 37x582
          RenderTableRow {TR} at (0,2) size 37x114
            RenderTableCell {TD} at (2,47) size 33x24 [border: (1px inset #808080)] [r=0 c=0 rs=1 cs=1]
              RenderText {#text} at (2,2) size 29x19
                text run at (2,2) width 29: "20%"
          RenderTableRow {TR} at (0,118) size 37x462
            RenderTableCell {TD} at (2,337) size 33x24 [border: (1px inset #808080)] [r=1 c=0 rs=1 cs=1]
              RenderText {#text} at (2,2) size 29x19
                text run at (2,2) width 29: "80%"
      RenderBlock (anonymous) at (0,584) size 769x20
        RenderBR {BR} at (0,0) size 0x19
      RenderTable {TABLE} at (0,604) size 54x108 [bgcolor=#0000FF] [border: (1px outset #808080)]
        RenderTableSection {TBODY} at (1,1) size 52x106
          RenderTableRow {TR} at (0,2) size 52x50
            RenderTableCell {TD} at (2,15) size 48x24 [border: (1px inset #808080)] [r=0 c=0 rs=1 cs=1]
              RenderText {#text} at (2,2) size 44x19
                text run at (2,2) width 44: "row 50"
          RenderTableRow {TR} at (0,54) size 52x50
            RenderTableCell {TD} at (2,67) size 48x24 [border: (1px inset #808080)] [r=1 c=0 rs=1 cs=1]
              RenderText {#text} at (2,2) size 16x19
                text run at (2,2) width 16: "50"
      RenderBlock (anonymous) at (0,712) size 769x20
        RenderBR {BR} at (0,0) size 0x19
      RenderTable {TABLE} at (0,732) size 26x122 [bgcolor=#0000FF] [border: (1px outset #808080)]
        RenderTableSection {TBODY} at (1,1) size 24x120
          RenderTableRow {TR} at (0,2) size 24x64
            RenderTableCell {TD} at (2,2) size 20x64 [border: (1px inset #808080)] [r=0 c=0 rs=1 cs=1]
              RenderText {#text} at (2,2) size 8x59
                text run at (2,2) width 8: "5"
                text run at (2,22) width 8: "5"
                text run at (2,42) width 8: "5"
          RenderTableRow {TR} at (0,68) size 24x50
            RenderTableCell {TD} at (2,81) size 20x24 [border: (1px inset #808080)] [r=1 c=0 rs=1 cs=1]
              RenderText {#text} at (2,2) size 16x19
                text run at (2,2) width 16: "50"
      RenderTable {TABLE} at (0,854) size 34x258 [bgcolor=#0000FF] [border: (1px outset #808080)]
        RenderTableSection {TBODY} at (1,1) size 32x256
          RenderTableRow {TR} at (0,2) size 32x200
            RenderTableCell {TD} at (2,90) size 28x24 [border: (1px inset #808080)] [r=0 c=0 rs=1 cs=1]
              RenderText {#text} at (2,2) size 24x19
                text run at (2,2) width 24: "200"
          RenderTableRow {TR} at (0,204) size 32x50
            RenderTableCell {TD} at (2,217) size 28x24 [border: (1px inset #808080)] [r=1 c=0 rs=1 cs=1]
              RenderText {#text} at (2,2) size 16x19
                text run at (2,2) width 16: "50"
      RenderBlock (anonymous) at (0,1112) size 769x20
        RenderBR {BR} at (0,0) size 0x19
      RenderTable {TABLE} at (0,1132) size 34x258 [bgcolor=#0000FF] [border: (1px outset #808080)]
        RenderTableSection {TBODY} at (1,1) size 32x256
          RenderTableRow {TR} at (0,2) size 32x200
            RenderTableCell {TD} at (2,90) size 28x24 [border: (1px inset #808080)] [r=0 c=0 rs=1 cs=1]
              RenderText {#text} at (2,2) size 24x19
                text run at (2,2) width 24: "200"
          RenderTableRow {TR} at (0,204) size 32x50
            RenderTableCell {TD} at (2,217) size 28x24 [border: (1px inset #808080)] [r=1 c=0 rs=1 cs=1]
              RenderText {#text} at (2,2) size 16x19
                text run at (2,2) width 16: "50"
      RenderBlock (anonymous) at (0,1390) size 769x20
        RenderBR {BR} at (0,0) size 0x19
      RenderTable {TABLE} at (0,1410) size 64x208 [bgcolor=#FFA500] [border: (1px outset #808080)]
        RenderTableSection {TBODY} at (1,1) size 62x206
          RenderTableRow {TR} at (0,2) size 62x100
            RenderTableCell {TD} at (2,91) size 28x24 [border: (1px inset #808080)] [r=0 c=0 rs=2 cs=1]
              RenderText {#text} at (2,2) size 24x19
                text run at (2,2) width 24: "100"
            RenderTableCell {TD} at (32,40) size 28x24 [border: (1px inset #808080)] [r=0 c=1 rs=1 cs=1]
              RenderText {#text} at (2,2) size 24x19
                text run at (2,2) width 24: "100"
          RenderTableRow {TR} at (0,104) size 62x100
            RenderTableCell {TD} at (32,122) size 28x64 [border: (1px inset #808080)] [r=1 c=1 rs=1 cs=1]
              RenderText {#text} at (2,2) size 24x59
                text run at (2,2) width 24: "100"
                text run at (2,22) width 24: "100"
                text run at (2,42) width 24: "100"
      RenderBlock (anonymous) at (0,1618) size 769x20
        RenderBR {BR} at (0,0) size 0x19
      RenderTable {TABLE} at (0,1638) size 47x30 [bgcolor=#FFFF00] [border: (1px outset #808080)]
        RenderTableSection {TBODY} at (1,1) size 45x28
          RenderTableRow {TR} at (0,2) size 45x24
            RenderTableCell {TD} at (2,2) size 41x24 [border: (1px inset #808080)] [r=0 c=0 rs=1 cs=1]
              RenderText {#text} at (2,2) size 37x19
                text run at (2,2) width 37: "100%"
      RenderBlock (anonymous) at (0,1668) size 769x20
        RenderBR {BR} at (0,0) size 0x19
      RenderTable {TABLE} at (0,1688) size 39x1688 [bgcolor=#FFA500] [border: (1px outset #808080)]
        RenderTableSection {TBODY} at (1,1) size 37x1686
          RenderTableRow {TR} at (0,2) size 37x335
            RenderTableCell {TD} at (2,157) size 33x24 [border: (1px inset #808080)] [r=0 c=0 rs=1 cs=1]
              RenderText {#text} at (2,2) size 29x19
                text run at (2,2) width 29: "20%"
          RenderTableRow {TR} at (0,339) size 37x1345
            RenderTableCell {TD} at (2,999) size 33x24 [border: (1px inset #808080)] [r=1 c=0 rs=1 cs=1]
              RenderText {#text} at (2,2) size 29x19
                text run at (2,2) width 29: "80%"
      RenderBlock (anonymous) at (0,3376) size 769x20
        RenderBR {BR} at (0,0) size 0x19
      RenderTable {TABLE} at (0,3396) size 61x206 [bgcolor=#808080] [border: (1px outset #808080)]
        RenderTableSection {TBODY} at (1,1) size 59x204
          RenderTableRow {TR} at (0,2) size 59x200
            RenderTableCell {TD} at (2,90) size 25x24 [border: (1px inset #808080)] [r=0 c=0 rs=1 cs=1]
              RenderText {#text} at (2,2) size 21x19
                text run at (2,2) width 21: "5%"
            RenderTableCell {TD} at (29,90) size 28x24 [border: (1px inset #808080)] [r=0 c=1 rs=1 cs=1]
              RenderText {#text} at (2,2) size 24x19
                text run at (2,2) width 24: "200"
      RenderBlock (anonymous) at (0,3602) size 769x20
        RenderBR {BR} at (0,0) size 0x19
      RenderTable {TABLE} at (0,3622) size 61x198 [bgcolor=#FFA500] [border: (1px outset #808080)]
        RenderTableSection {TBODY} at (1,1) size 59x196
          RenderTableRow {TR} at (0,2) size 59x192
            RenderTableCell {TD} at (2,86) size 33x24 [border: (1px inset #808080)] [r=0 c=0 rs=1 cs=1]
              RenderText {#text} at (2,2) size 29x19
                text run at (2,2) width 29: "50%"
            RenderTableCell {TD} at (37,86) size 20x24 [border: (1px inset #808080)] [r=0 c=1 rs=1 cs=1]
              RenderText {#text} at (2,2) size 16x19
                text run at (2,2) width 16: "20"
      RenderBlock (anonymous) at (0,3820) size 769x20
        RenderBR {BR} at (0,0) size 0x19
      RenderTable {TABLE} at (0,3840) size 39x3839 [border: (1px outset #808080)]
        RenderTableSection {TBODY} at (1,1) size 37x3837
          RenderTableRow {TR} at (0,2) size 37x537
            RenderTableCell {TD} at (2,258) size 33x24 [border: (1px inset #808080)] [r=0 c=0 rs=1 cs=1]
              RenderText {#text} at (2,2) size 24x19
                text run at (2,2) width 24: "500"
          RenderTableRow {TR} at (0,541) size 37x3294
            RenderTableCell {TD} at (2,2176) size 33x24 [border: (1px inset #808080)] [r=1 c=0 rs=1 cs=1]
              RenderText {#text} at (2,2) size 29x19
                text run at (2,2) width 29: "80%"
      RenderBlock (anonymous) at (0,7679) size 769x20
        RenderBR {BR} at (0,0) size 0x19
      RenderTable {TABLE} at (0,7699) size 100x7699 [bgcolor=#FF0000] [border: (1px outset #808080)]
        RenderTableSection {TBODY} at (1,1) size 98x7697
          RenderTableRow {TR} at (0,2) size 98x2413
            RenderTableCell {TD} at (2,2629) size 30x24 [border: (1px inset #808080)] [r=0 c=0 rs=2 cs=1]
              RenderText {#text} at (2,2) size 24x19
                text run at (2,2) width 24: "500"
            RenderTableCell {TD} at (34,1196) size 30x24 [border: (1px inset #808080)] [r=0 c=1 rs=1 cs=1]
              RenderText {#text} at (2,2) size 26x19
                text run at (2,2) width 26: "auto"
          RenderTableRow {TR} at (0,2417) size 98x2863
            RenderTableCell {TD} at (34,3836) size 30x24 [border: (1px inset #808080)] [r=1 c=1 rs=1 cs=1]
              RenderText {#text} at (2,2) size 26x19
                text run at (2,2) width 26: "auto"
            RenderTableCell {TD} at (66,3836) size 30x24 [border: (1px inset #808080)] [r=1 c=2 rs=1 cs=1]
              RenderText {#text} at (2,2) size 26x19
                text run at (2,2) width 26: "auto"
          RenderTableRow {TR} at (0,5282) size 98x2413
            RenderTableCell {TD} at (2,6476) size 30x24 [border: (1px inset #808080)] [r=2 c=0 rs=1 cs=1]
              RenderText {#text} at (2,2) size 26x19
                text run at (2,2) width 26: "auto"
            RenderTableCell {TD} at (34,6476) size 30x24 [border: (1px inset #808080)] [r=2 c=1 rs=1 cs=1]
              RenderText {#text} at (2,2) size 26x19
                text run at (2,2) width 26: "auto"
      RenderBlock (anonymous) at (0,15398) size 769x20
        RenderBR {BR} at (0,0) size 0x19
      RenderTable {TABLE} at (0,15418) size 53x406 [bgcolor=#FFA500] [border: (1px outset #808080)]
        RenderTableSection {TBODY} at (1,1) size 51x404
          RenderTableRow {TR} at (0,2) size 51x400
            RenderTableCell {TD} at (2,2) size 47x400 [border: (1px inset #808080)] [r=0 c=0 rs=1 cs=1]
              RenderTable {TABLE} at (2,2) size 43x396 [bgcolor=#0000FF]
                RenderTableSection {TBODY} at (0,0) size 43x396
                  RenderTableRow {TR} at (0,2) size 43x392
                    RenderTableCell {TD} at (2,187) size 39x22 [r=0 c=0 rs=1 cs=1]
                      RenderText {#text} at (1,1) size 37x19
                        text run at (1,1) width 37: "100%"
