layer at (0,0) size 800x600
  RenderView at (0,0) size 800x600
layer at (0,0) size 800x600
  RenderBlock {HTML} at (0,0) size 800x600
    RenderBody {BODY} at (8,8) size 784x584
      RenderBlock (anonymous) at (0,0) size 784x20
        RenderText {#text} at (0,0) size 345x19
          text run at (0,0) width 345: "Note that background and font are both buggy right now!"
      RenderBlock {DIV} at (24,44) size 736x28 [color=#FFFFFF] [bgcolor=#800080]
        RenderText {#text} at (0,0) size 41x27
          text run at (0,0) width 41: "Test"
      RenderBlock (anonymous) at (0,96) size 784x280
        RenderText {#text} at (0,0) size 367x19
          text run at (0,0) width 367: "background-image: initial (original property was background)"
        RenderBR {BR} at (367,15) size 0x0
        RenderText {#text} at (0,20) size 370x19
          text run at (0,20) width 370: "background-repeat: initial (original property was background)"
        RenderBR {BR} at (370,35) size 0x0
        RenderText {#text} at (0,40) size 397x19
          text run at (0,40) width 397: "background-attachment: initial (original property was background)"
        RenderBR {BR} at (397,55) size 0x0
        RenderText {#text} at (0,60) size 392x19
          text run at (0,60) width 392: "background-position-x: initial (original property was background)"
        RenderBR {BR} at (392,75) size 0x0
        RenderText {#text} at (0,80) size 392x19
          text run at (0,80) width 392: "background-position-y: initial (original property was background)"
        RenderBR {BR} at (392,95) size 0x0
        RenderText {#text} at (0,100) size 406x19
          text run at (0,100) width 406: "-webkit-background-clip: initial (original property was background)"
        RenderBR {BR} at (406,115) size 0x0
        RenderText {#text} at (0,120) size 418x19
          text run at (0,120) width 418: "-webkit-background-origin: initial (original property was background)"
        RenderBR {BR} at (418,135) size 0x0
        RenderText {#text} at (0,140) size 371x19
          text run at (0,140) width 371: "background-color: purple (original property was background)"
        RenderBR {BR} at (371,155) size 0x0
        RenderText {#text} at (0,160) size 284x19
          text run at (0,160) width 284: "margin-top: 1em (original property was margin)"
        RenderBR {BR} at (284,175) size 0x0
        RenderText {#text} at (0,180) size 481x19
          text run at (0,180) width 481: "margin-right: 1em (original property was margin and property was implicitly set.)"
        RenderBR {BR} at (481,195) size 0x0
        RenderText {#text} at (0,200) size 498x19
          text run at (0,200) width 498: "margin-bottom: 1em (original property was margin and property was implicitly set.)"
        RenderBR {BR} at (498,215) size 0x0
        RenderText {#text} at (0,220) size 473x19
          text run at (0,220) width 473: "margin-left: 1em (original property was margin and property was implicitly set.)"
        RenderBR {BR} at (473,235) size 0x0
        RenderText {#text} at (0,240) size 70x19
          text run at (0,240) width 70: "color: white"
        RenderBR {BR} at (70,255) size 0x0
        RenderText {#text} at (0,260) size 341x19
          text run at (0,260) width 341: "font: normal normal normal 24px/normal 'Lucida Grande'"
        RenderBR {BR} at (341,275) size 0x0
