layer at (0,0) size 800x600
  RenderView at (0,0) size 800x600
layer at (0,0) size 800x600
  RenderBlock {HTML} at (0,0) size 800x600
    RenderBody {BODY} at (8,8) size 784x584
      RenderTable {TABLE} at (0,0) size 784x290 [border: (5px outset #808080)]
        RenderTableSection {TBODY} at (5,5) size 774x280
          RenderTableRow {TR} at (0,2) size 774x276
            RenderTableCell {TD} at (2,138) size 716x4 [border: (1px inset #808080)] [r=0 c=0 rs=1 cs=1]
            RenderTableCell {TD} at (720,2) size 52x276 [border: (1px inset #808080)] [r=0 c=1 rs=1 cs=1]
              RenderInline {A} at (0,0) size 16x32 [color=#0000EE]
                RenderText {#text} at (2,2) size 16x32
                  text run at (2,2) width 16: "\x{5CA1}"
                  text run at (2,18) width 16: "\x{5C71}"
              RenderText {#text} at (18,18) size 16x16
                text run at (18,18) width 16: "\x{FF5C}"
              RenderInline {A} at (0,0) size 48x32 [color=#0000EE]
                RenderText {#text} at (34,18) size 48x32
                  text run at (34,18) width 16: "\x{5E83}"
                  text run at (2,34) width 16: "\x{5CF6}"
              RenderText {#text} at (18,34) size 16x16
                text run at (18,34) width 16: "\x{FF5C}"
              RenderInline {A} at (0,0) size 48x32 [color=#0000EE]
                RenderText {#text} at (34,34) size 48x32
                  text run at (34,34) width 16: "\x{5C71}"
                  text run at (2,50) width 16: "\x{53E3}"
              RenderText {#text} at (18,50) size 16x16
                text run at (18,50) width 16: "\x{FF5C}"
              RenderInline {A} at (0,0) size 48x32 [color=#0000EE]
                RenderText {#text} at (34,50) size 48x32
                  text run at (34,50) width 16: "\x{5FB3}"
                  text run at (2,66) width 16: "\x{5CF6}"
              RenderText {#text} at (18,66) size 16x16
                text run at (18,66) width 16: "\x{FF5C}"
              RenderInline {A} at (0,0) size 48x32 [color=#0000EE]
                RenderText {#text} at (34,66) size 48x32
                  text run at (34,66) width 16: "\x{9999}"
                  text run at (2,82) width 16: "\x{5DDD}"
              RenderText {#text} at (18,82) size 16x16
                text run at (18,82) width 16: "\x{FF5C}"
              RenderInline {A} at (0,0) size 48x32 [color=#0000EE]
                RenderText {#text} at (34,82) size 48x32
                  text run at (34,82) width 16: "\x{611B}"
                  text run at (2,98) width 16: "\x{5A9B}"
              RenderText {#text} at (18,98) size 16x16
                text run at (18,98) width 16: "\x{FF5C}"
              RenderInline {A} at (0,0) size 48x32 [color=#0000EE]
                RenderText {#text} at (34,98) size 48x32
                  text run at (34,98) width 16: "\x{9AD8}"
                  text run at (2,114) width 16: "\x{77E5}"
              RenderText {#text} at (18,114) size 16x16
                text run at (18,114) width 16: "\x{FF5C}"
              RenderInline {A} at (0,0) size 48x64 [color=#0000EE]
                RenderText {#text} at (34,114) size 48x64
                  text run at (34,114) width 16: "\x{798F}"
                  text run at (2,130) width 40: "\x{5CA1}\x{30FB}\x{5317}"
                  text run at (2,146) width 16: "\x{4E5D}"
                  text run at (2,162) width 16: "\x{5DDE}"
              RenderText {#text} at (18,162) size 16x16
                text run at (18,162) width 16: "\x{FF5C}"
              RenderInline {A} at (0,0) size 48x32 [color=#0000EE]
                RenderText {#text} at (34,162) size 48x32
                  text run at (34,162) width 16: "\x{4F50}"
                  text run at (2,178) width 16: "\x{8CC0}"
              RenderText {#text} at (18,178) size 16x16
                text run at (18,178) width 16: "\x{FF5C}"
              RenderInline {A} at (0,0) size 48x32 [color=#0000EE]
                RenderText {#text} at (34,178) size 48x32
                  text run at (34,178) width 16: "\x{9577}"
                  text run at (2,194) width 16: "\x{5D0E}"
              RenderText {#text} at (18,194) size 16x16
                text run at (18,194) width 16: "\x{FF5C}"
              RenderInline {A} at (0,0) size 48x32 [color=#0000EE]
                RenderText {#text} at (34,194) size 48x32
                  text run at (34,194) width 16: "\x{718A}"
                  text run at (2,210) width 16: "\x{672C}"
              RenderText {#text} at (18,210) size 16x16
                text run at (18,210) width 16: "\x{FF5C}"
              RenderInline {A} at (0,0) size 48x32 [color=#0000EE]
                RenderText {#text} at (34,210) size 48x32
                  text run at (34,210) width 16: "\x{5927}"
                  text run at (2,226) width 16: "\x{5206}"
              RenderText {#text} at (18,226) size 16x16
                text run at (18,226) width 16: "\x{FF5C}"
              RenderInline {A} at (0,0) size 48x32 [color=#0000EE]
                RenderText {#text} at (34,226) size 48x32
                  text run at (34,226) width 16: "\x{5BAE}"
                  text run at (2,242) width 16: "\x{5D0E}"
              RenderText {#text} at (18,242) size 16x16
                text run at (18,242) width 16: "\x{FF5C}"
              RenderInline {A} at (0,0) size 48x32 [color=#0000EE]
                RenderText {#text} at (34,242) size 48x32
                  text run at (34,242) width 16: "\x{9E7F}"
                  text run at (2,258) width 32: "\x{5150}\x{5CF6}"
              RenderText {#text} at (34,258) size 16x16
                text run at (34,258) width 16: "\x{FF5C}"
