layer at (0,0) size 785x654
  RenderView at (0,0) size 785x600
layer at (0,0) size 785x654
  RenderBlock {HTML} at (0,0) size 785x654
    RenderBody {BODY} at (8,8) size 769x630
      RenderBlock {P} at (0,0) size 769x40
        RenderText {#text} at (0,0) size 741x39
          text run at (0,0) width 741: "This tests that complex text that requires font fallback wraps correctly. The text is Tamil, which is not covered by the default"
          text run at (0,20) width 402: "font, so fallback occurs. Note that the exclamation point in the end "
        RenderInline {I} at (0,0) size 10x19
          RenderText {#text} at (402,20) size 10x19
            text run at (402,20) width 10: "is"
        RenderText {#text} at (412,20) size 311x19
          text run at (412,20) width 311: " covered by the default font and is rendered using it."
      RenderBlock {P} at (0,56) size 306x206 [border: (3px solid #000000)]
        RenderText {#text} at (3,3) size 265x199
          text run at (3,3) width 206: "\x{B87}\x{BA4}\x{BC1} \x{B89}\x{B99}\x{BCD}\x{B95}\x{BB3}\x{BC8}\x{BAA}\x{BCD} \x{BAA}\x{BCB}\x{BA9}\x{BCD}\x{BB1}"
          text run at (3,23) width 209: "\x{B86}\x{BB0}\x{BCD}\x{BB5}\x{BAE}\x{BC1}\x{B9F}\x{BC8}\x{BAF}\x{BB5}\x{BB0}\x{BCD}\x{B95}\x{BB3}\x{BBE}\x{BB2}\x{BCD}"
          text run at (3,43) width 265: "\x{BA4}\x{BCA}\x{B95}\x{BC1}\x{B95}\x{BCD}\x{B95}\x{BAA}\x{BCD}\x{BAA}\x{B9F}\x{BCD}\x{B9F}\x{BC1} \x{B95}\x{B9F}\x{BCD}\x{B9F}\x{BC1}\x{BAA}\x{BCD}\x{BAA}\x{BBE}\x{B9F}\x{BC1}\x{B95}\x{BB3}\x{BCD}"
          text run at (3,63) width 222: "\x{B8F}\x{BA4}\x{BC1}\x{BAE}\x{BCD} \x{B87}\x{BA9}\x{BCD}\x{BB1}\x{BBF} \x{B87}\x{BB2}\x{BB5}\x{B9A}\x{BAE}\x{BBE}\x{B95}\x{BAA}\x{BCD}"
          text run at (3,83) width 208: "\x{BAA}\x{BAF}\x{BA9}\x{BCD}\x{BAA}\x{B9F}\x{BC1}\x{BA4}\x{BCD}\x{BA4}\x{B95}\x{BCD}\x{B95}\x{BC2}\x{B9F}\x{BBF}\x{BAF} \x{B92}\x{BB0}\x{BC1}"
          text run at (3,103) width 263: "\x{BAA}\x{BA9}\x{BCD}\x{BAE}\x{BCA}\x{BB4}\x{BBF}\x{B95}\x{BCD} \x{B95}\x{BB2}\x{BC8}\x{B95}\x{BCD} \x{B95}\x{BB3}\x{B9E}\x{BCD}\x{B9A}\x{BBF}\x{BAF}\x{BA4}\x{BCD}"
          text run at (3,123) width 246: "\x{BA4}\x{BBF}\x{B9F}\x{BCD}\x{B9F}\x{BAE}\x{BBE}\x{B95}\x{BC1}\x{BAE}\x{BCD}. \x{B87}\x{B99}\x{BCD}\x{B95}\x{BC1} \x{BA8}\x{BC0}\x{B99}\x{BCD}\x{B95}\x{BB3}\x{BC1}\x{BAE}\x{BCD}"
          text run at (3,143) width 213: "\x{B89}\x{B99}\x{BCD}\x{B95}\x{BB3}\x{BC1}\x{B95}\x{BCD}\x{B95}\x{BC1} \x{BB5}\x{BBF}\x{BB0}\x{BC1}\x{BAA}\x{BCD}\x{BAA}\x{BAE}\x{BBE}\x{BA9}"
          text run at (3,163) width 207: "\x{BA4}\x{BB2}\x{BC8}\x{BAA}\x{BCD}\x{BAA}\x{BC1}\x{B95}\x{BB3}\x{BBF}\x{BB2}\x{BCD} \x{BAA}\x{BC1}\x{BA4}\x{BBF}\x{BA4}\x{BBE}\x{B95}\x{B95}\x{BCD}"
          text run at (3,183) width 109: "\x{B95}\x{B9F}\x{BCD}\x{B9F}\x{BC1}\x{BB0}\x{BC8}\x{B95}\x{BB3}\x{BCD}!"
      RenderBlock {P} at (0,278) size 769x40
        RenderText {#text} at (0,0) size 754x39
          text run at (0,0) width 754: "This is the same text but specifying a font that covers Tamil. Note that the exclamation point is rendered using the same font as"
          text run at (0,20) width 48: "the text."
      RenderBlock {P} at (0,334) size 306x296 [border: (3px solid #000000)]
        RenderText {#text} at (3,5) size 273x285
          text run at (3,5) width 216: "\x{B87}\x{BA4}\x{BC1} \x{B89}\x{B99}\x{BCD}\x{B95}\x{BB3}\x{BC8}\x{BAA}\x{BCD} \x{BAA}\x{BCB}\x{BA9}\x{BCD}\x{BB1}"
          text run at (3,34) width 209: "\x{B86}\x{BB0}\x{BCD}\x{BB5}\x{BAE}\x{BC1}\x{B9F}\x{BC8}\x{BAF}\x{BB5}\x{BB0}\x{BCD}\x{B95}\x{BB3}\x{BBE}\x{BB2}\x{BCD}"
          text run at (3,63) width 270: "\x{BA4}\x{BCA}\x{B95}\x{BC1}\x{B95}\x{BCD}\x{B95}\x{BAA}\x{BCD}\x{BAA}\x{B9F}\x{BCD}\x{B9F}\x{BC1} \x{B95}\x{B9F}\x{BCD}\x{B9F}\x{BC1}\x{BAA}\x{BCD}\x{BAA}\x{BBE}\x{B9F}\x{BC1}\x{B95}\x{BB3}\x{BCD}"
          text run at (3,92) width 232: "\x{B8F}\x{BA4}\x{BC1}\x{BAE}\x{BCD} \x{B87}\x{BA9}\x{BCD}\x{BB1}\x{BBF} \x{B87}\x{BB2}\x{BB5}\x{B9A}\x{BAE}\x{BBE}\x{B95}\x{BAA}\x{BCD}"
          text run at (3,121) width 213: "\x{BAA}\x{BAF}\x{BA9}\x{BCD}\x{BAA}\x{B9F}\x{BC1}\x{BA4}\x{BCD}\x{BA4}\x{B95}\x{BCD}\x{B95}\x{BC2}\x{B9F}\x{BBF}\x{BAF} \x{B92}\x{BB0}\x{BC1}"
          text run at (3,150) width 273: "\x{BAA}\x{BA9}\x{BCD}\x{BAE}\x{BCA}\x{BB4}\x{BBF}\x{B95}\x{BCD} \x{B95}\x{BB2}\x{BC8}\x{B95}\x{BCD} \x{B95}\x{BB3}\x{B9E}\x{BCD}\x{B9A}\x{BBF}\x{BAF}\x{BA4}\x{BCD}"
          text run at (3,179) width 256: "\x{BA4}\x{BBF}\x{B9F}\x{BCD}\x{B9F}\x{BAE}\x{BBE}\x{B95}\x{BC1}\x{BAE}\x{BCD}. \x{B87}\x{B99}\x{BCD}\x{B95}\x{BC1} \x{BA8}\x{BC0}\x{B99}\x{BCD}\x{B95}\x{BB3}\x{BC1}\x{BAE}\x{BCD}"
          text run at (3,208) width 218: "\x{B89}\x{B99}\x{BCD}\x{B95}\x{BB3}\x{BC1}\x{B95}\x{BCD}\x{B95}\x{BC1} \x{BB5}\x{BBF}\x{BB0}\x{BC1}\x{BAA}\x{BCD}\x{BAA}\x{BAE}\x{BBE}\x{BA9}"
          text run at (3,237) width 212: "\x{BA4}\x{BB2}\x{BC8}\x{BAA}\x{BCD}\x{BAA}\x{BC1}\x{B95}\x{BB3}\x{BBF}\x{BB2}\x{BCD} \x{BAA}\x{BC1}\x{BA4}\x{BBF}\x{BA4}\x{BBE}\x{B95}\x{B95}\x{BCD}"
          text run at (3,266) width 109: "\x{B95}\x{B9F}\x{BCD}\x{B9F}\x{BC1}\x{BB0}\x{BC8}\x{B95}\x{BB3}\x{BCD}!"
