layer at (0,0) size 800x600
  RenderView at (0,0) size 800x600
layer at (0,0) size 800x600
  RenderBlock {HTML} at (0,0) size 800x600
    RenderBody {BODY} at (8,8) size 784x576
      RenderBlock {FORM} at (0,0) size 784x48
        RenderText {#text} at (183,25) size 4x19
          text run at (183,25) width 4: " "
        RenderText {#text} at (370,25) size 4x19
          text run at (370,25) width 4: " "
        RenderButton {INPUT} at (376,24) size 56x22 [bgcolor=#C0C0C0] [border: (2px outset #C0C0C0)]
          RenderBlock (anonymous) at (8,2) size 40x18
            RenderText at (3,1) size 34x16
              text run at (3,1) width 34: "Reset"
        RenderText {#text} at (0,0) size 0x0
      RenderBlock {P} at (0,64) size 784x80
        RenderText {#text} at (0,0) size 345x19
          text run at (0,0) width 345: "This test verifies that textarea controls are properly reset. "
        RenderBR {BR} at (345,15) size 0x0
        RenderText {#text} at (0,20) size 451x19
          text run at (0,20) width 451: "You should see two element IDs below, and the word \"SUCCESS\" twice: "
        RenderBR {BR} at (451,35) size 0x0
        RenderText {#text} at (0,40) size 165x19
          text run at (0,40) width 165: "noDefaultText: SUCCESS "
        RenderBR {BR} at (165,55) size 0x0
        RenderText {#text} at (0,60) size 166x19
          text run at (0,60) width 166: "hasDefaultText: SUCCESS"
        RenderText {#text} at (0,0) size 0x0
        RenderText {#text} at (0,0) size 0x0
layer at (10,10) size 179x36 clip at (11,11) size 177x34
  RenderTextControl {TEXTAREA} at (2,2) size 179x36 [bgcolor=#FFFFFF] [border: (1px solid #000000)]
    RenderBlock {DIV} at (3,3) size 175x16
layer at (197,10) size 179x36 clip at (198,11) size 177x34
  RenderTextControl {TEXTAREA} at (189,2) size 179x36 [bgcolor=#FFFFFF] [border: (1px solid #000000)]
    RenderBlock {DIV} at (3,3) size 175x16
      RenderText {#text} at (0,0) size 96x16
        text run at (0,0) width 96: "Default Text"
