layer at (0,0) size 800x600
  RenderView at (0,0) size 800x600
layer at (0,0) size 800x86
  RenderBlock {HTML} at (0,0) size 800x86
    RenderBody {BODY} at (8,16) size 784x62
      RenderBlock {P} at (0,0) size 784x20
        RenderText {#text} at (0,0) size 185x19
          text run at (0,0) width 185: "There should be no red below."
      RenderBlock {DIV} at (0,36) size 784x20
        RenderText {#text} at (0,0) size 29x19
          text run at (0,0) width 29: "Test:"
      RenderBlock {DIV} at (160,56) size 624x6 [color=#FF0000] [bgcolor=#00FF00]
        RenderInline {SPAN} at (0,0) size 284x19 [color=#000000]
          RenderText {#text} at (0,-9) size 284x19
            text run at (0,-9) width 284: "This sentence should have a green background."
        RenderText {#text} at (0,0) size 0x0
