layer at (0,0) size 800x600
  RenderView at (0,0) size 800x600
layer at (0,0) size 800x600
  RenderBlock {HTML} at (0,0) size 800x600
    RenderBody {BODY} at (8,8) size 784x584
      RenderBlock {P} at (0,0) size 784x20
        RenderText {#text} at (0,0) size 51x19
          text run at (0,0) width 51: "Test for "
        RenderInline {I} at (0,0) size 572x19
          RenderInline {A} at (0,0) size 154x19 [color=#0000EE]
            RenderText {#text} at (51,0) size 154x19
              text run at (51,0) width 154: "rdar://problem/6131096"
          RenderText {#text} at (205,0) size 418x19
            text run at (205,0) width 4: " "
            text run at (209,0) width 414: "Reproducible crash in CounterNode::isReset under guard malloc"
        RenderText {#text} at (623,0) size 4x19
          text run at (623,0) width 4: "."
      RenderBlock {DIV} at (0,36) size 784x23
        RenderInline (generated) at (0,0) size 20x22
          RenderCounter at (0,0) size 10x22
            text run at (0,0) width 10: "1"
          RenderText at (10,0) size 10x22
            text run at (10,0) width 10: ". "
        RenderText {#text} at (20,0) size 290x22
          text run at (20,0) width 290: "This sentence should be numbered 1."
