layer at (0,0) size 785x2479
  RenderView at (0,0) size 785x600
layer at (0,0) size 785x2479
  RenderBlock {HTML} at (0,0) size 785x2479
    RenderBody {BODY} at (8,21) size 769x2450
      RenderBlock {H1} at (0,0) size 769x37
        RenderText {#text} at (0,0) size 540x36
          text run at (0,0) width 540: "Problems with COLSPAN and WIDTH"
      RenderBlock {P} at (0,58) size 769x20
        RenderText {#text} at (0,0) size 242x19
          text run at (0,0) width 242: "Each block of tables should be identical."
      RenderBlock {H2} at (0,97) size 769x27
        RenderText {#text} at (0,0) size 126x26
          text run at (0,0) width 126: "Sized Tables"
      RenderBlock {P} at (0,143) size 769x20
        RenderText {#text} at (0,0) size 732x19
          text run at (0,0) width 732: "The following tables have width=400, which should make them the same width as the red lines which are caused by DIVs:"
      RenderBlock {H3} at (0,181) size 769x23
        RenderText {#text} at (0,0) size 65x22
          text run at (0,0) width 65: "260/140"
      RenderBlock {DIV} at (0,222) size 406x6 [border: (3px solid #FF0000)]
      RenderTable {TABLE} at (0,228) size 400x50
        RenderTableSection {TBODY} at (0,0) size 400x50
          RenderTableRow {TR} at (0,2) size 400x22
            RenderTableCell {TD} at (2,2) size 252x22 [bgcolor=#00FF00] [r=0 c=0 rs=1 cs=1]
              RenderText {#text} at (1,1) size 28x19
                text run at (1,1) width 28: "plain"
            RenderTableCell {TD} at (256,2) size 142x22 [bgcolor=#FFFF00] [r=0 c=1 rs=1 cs=1]
              RenderText {#text} at (1,1) size 66x19
                text run at (1,1) width 66: "width=140"
          RenderTableRow {TR} at (0,26) size 400x22
            RenderTableCell {TD} at (2,26) size 396x22 [bgcolor=#FF00FF] [r=1 c=0 rs=1 cs=2]
              RenderText {#text} at (1,1) size 133x19
                text run at (1,1) width 133: "colspan=2 width=400"
      RenderBlock {DIV} at (0,278) size 406x6 [border: (3px solid #FF0000)]
      RenderTable {TABLE} at (0,284) size 400x50
        RenderTableSection {TBODY} at (0,0) size 400x50
          RenderTableRow {TR} at (0,2) size 400x22
            RenderTableCell {TD} at (2,2) size 262x22 [bgcolor=#00FF00] [r=0 c=0 rs=1 cs=1]
              RenderText {#text} at (1,1) size 66x19
                text run at (1,1) width 66: "width=260"
            RenderTableCell {TD} at (266,2) size 132x22 [bgcolor=#FFFF00] [r=0 c=1 rs=1 cs=1]
              RenderText {#text} at (1,1) size 28x19
                text run at (1,1) width 28: "plain"
          RenderTableRow {TR} at (0,26) size 400x22
            RenderTableCell {TD} at (2,26) size 396x22 [bgcolor=#FF00FF] [r=1 c=0 rs=1 cs=2]
              RenderText {#text} at (1,1) size 133x19
                text run at (1,1) width 133: "colspan=2 width=400"
      RenderBlock {DIV} at (0,334) size 406x6 [border: (3px solid #FF0000)]
      RenderTable {TABLE} at (0,340) size 400x50
        RenderTableSection {TBODY} at (0,0) size 400x50
          RenderTableRow {TR} at (0,2) size 400x22
            RenderTableCell {TD} at (2,2) size 254x22 [bgcolor=#00FF00] [r=0 c=0 rs=1 cs=1]
              RenderText {#text} at (1,1) size 66x19
                text run at (1,1) width 66: "width=260"
            RenderTableCell {TD} at (258,2) size 140x22 [bgcolor=#FFFF00] [r=0 c=1 rs=1 cs=1]
              RenderText {#text} at (1,1) size 66x19
                text run at (1,1) width 66: "width=140"
          RenderTableRow {TR} at (0,26) size 400x22
            RenderTableCell {TD} at (2,26) size 396x22 [bgcolor=#FF00FF] [r=1 c=0 rs=1 cs=2]
              RenderText {#text} at (1,1) size 133x19
                text run at (1,1) width 133: "colspan=2 width=400"
      RenderBlock {DIV} at (0,390) size 406x6 [border: (3px solid #FF0000)]
      RenderTable {TABLE} at (0,396) size 400x50
        RenderTableSection {TBODY} at (0,0) size 400x50
          RenderTableRow {TR} at (0,2) size 400x22
            RenderTableCell {TD} at (2,2) size 254x22 [bgcolor=#00FF00] [r=0 c=0 rs=1 cs=1]
              RenderText {#text} at (1,1) size 66x19
                text run at (1,1) width 66: "width=260"
            RenderTableCell {TD} at (258,2) size 140x22 [bgcolor=#FFFF00] [r=0 c=1 rs=1 cs=1]
              RenderText {#text} at (1,1) size 66x19
                text run at (1,1) width 66: "width=140"
          RenderTableRow {TR} at (0,26) size 400x22
            RenderTableCell {TD} at (2,26) size 396x22 [bgcolor=#FF00FF] [r=1 c=0 rs=1 cs=2]
              RenderText {#text} at (1,1) size 63x19
                text run at (1,1) width 63: "colspan=2"
      RenderBlock {DIV} at (0,446) size 406x6 [border: (3px solid #FF0000)]
      RenderTable {TABLE} at (0,452) size 400x50
        RenderTableSection {TBODY} at (0,0) size 400x50
          RenderTableRow {TR} at (0,2) size 400x22
            RenderTableCell {TD} at (2,2) size 256x22 [bgcolor=#00FF00] [r=0 c=0 rs=1 cs=1]
              RenderText {#text} at (1,1) size 71x19
                text run at (1,1) width 71: "width=65%"
            RenderTableCell {TD} at (260,2) size 138x22 [bgcolor=#FFFF00] [r=0 c=1 rs=1 cs=1]
              RenderText {#text} at (1,1) size 28x19
                text run at (1,1) width 28: "plain"
          RenderTableRow {TR} at (0,26) size 400x22
            RenderTableCell {TD} at (2,26) size 396x22 [bgcolor=#FF00FF] [r=1 c=0 rs=1 cs=2]
              RenderText {#text} at (1,1) size 63x19
                text run at (1,1) width 63: "colspan=2"
      RenderBlock {DIV} at (0,502) size 406x6 [border: (3px solid #FF0000)]
      RenderTable {TABLE} at (0,508) size 400x50
        RenderTableSection {TBODY} at (0,0) size 400x50
          RenderTableRow {TR} at (0,2) size 400x22
            RenderTableCell {TD} at (2,2) size 257x22 [bgcolor=#00FF00] [r=0 c=0 rs=1 cs=1]
              RenderText {#text} at (1,1) size 28x19
                text run at (1,1) width 28: "plain"
            RenderTableCell {TD} at (261,2) size 137x22 [bgcolor=#FFFF00] [r=0 c=1 rs=1 cs=1]
              RenderText {#text} at (1,1) size 71x19
                text run at (1,1) width 71: "width=35%"
          RenderTableRow {TR} at (0,26) size 400x22
            RenderTableCell {TD} at (2,26) size 396x22 [bgcolor=#FF00FF] [r=1 c=0 rs=1 cs=2]
              RenderText {#text} at (1,1) size 63x19
                text run at (1,1) width 63: "colspan=2"
      RenderBlock {DIV} at (0,558) size 406x6 [border: (3px solid #FF0000)]
      RenderTable {TABLE} at (0,564) size 400x50
        RenderTableSection {TBODY} at (0,0) size 400x50
          RenderTableRow {TR} at (0,2) size 400x22
            RenderTableCell {TD} at (2,2) size 257x22 [bgcolor=#00FF00] [r=0 c=0 rs=1 cs=1]
              RenderText {#text} at (1,1) size 71x19
                text run at (1,1) width 71: "width=65%"
            RenderTableCell {TD} at (261,2) size 137x22 [bgcolor=#FFFF00] [r=0 c=1 rs=1 cs=1]
              RenderText {#text} at (1,1) size 71x19
                text run at (1,1) width 71: "width=35%"
          RenderTableRow {TR} at (0,26) size 400x22
            RenderTableCell {TD} at (2,26) size 396x22 [bgcolor=#FF00FF] [r=1 c=0 rs=1 cs=2]
              RenderText {#text} at (1,1) size 63x19
                text run at (1,1) width 63: "colspan=2"
      RenderBlock {DIV} at (0,614) size 406x6 [border: (3px solid #FF0000)]
      RenderBlock {H3} at (0,638) size 769x23
        RenderText {#text} at (0,0) size 65x22
          text run at (0,0) width 65: "140/260"
      RenderBlock {DIV} at (0,679) size 406x6 [border: (3px solid #FF0000)]
      RenderTable {TABLE} at (0,685) size 400x50
        RenderTableSection {TBODY} at (0,0) size 400x50
          RenderTableRow {TR} at (0,2) size 400x22
            RenderTableCell {TD} at (2,2) size 142x22 [bgcolor=#00FF00] [r=0 c=0 rs=1 cs=1]
              RenderText {#text} at (1,1) size 66x19
                text run at (1,1) width 66: "width=140"
            RenderTableCell {TD} at (146,2) size 252x22 [bgcolor=#FFFF00] [r=0 c=1 rs=1 cs=1]
              RenderText {#text} at (1,1) size 28x19
                text run at (1,1) width 28: "plain"
          RenderTableRow {TR} at (0,26) size 400x22
            RenderTableCell {TD} at (2,26) size 396x22 [bgcolor=#FF00FF] [r=1 c=0 rs=1 cs=2]
              RenderText {#text} at (1,1) size 133x19
                text run at (1,1) width 133: "colspan=2 width=400"
      RenderBlock {DIV} at (0,735) size 406x6 [border: (3px solid #FF0000)]
      RenderTable {TABLE} at (0,741) size 400x50
        RenderTableSection {TBODY} at (0,0) size 400x50
          RenderTableRow {TR} at (0,2) size 400x22
            RenderTableCell {TD} at (2,2) size 132x22 [bgcolor=#00FF00] [r=0 c=0 rs=1 cs=1]
              RenderText {#text} at (1,1) size 28x19
                text run at (1,1) width 28: "plain"
            RenderTableCell {TD} at (136,2) size 262x22 [bgcolor=#FFFF00] [r=0 c=1 rs=1 cs=1]
              RenderText {#text} at (1,1) size 66x19
                text run at (1,1) width 66: "width=260"
          RenderTableRow {TR} at (0,26) size 400x22
            RenderTableCell {TD} at (2,26) size 396x22 [bgcolor=#FF00FF] [r=1 c=0 rs=1 cs=2]
              RenderText {#text} at (1,1) size 133x19
                text run at (1,1) width 133: "colspan=2 width=400"
      RenderBlock {DIV} at (0,791) size 406x6 [border: (3px solid #FF0000)]
      RenderTable {TABLE} at (0,797) size 400x50
        RenderTableSection {TBODY} at (0,0) size 400x50
          RenderTableRow {TR} at (0,2) size 400x22
            RenderTableCell {TD} at (2,2) size 139x22 [bgcolor=#00FF00] [r=0 c=0 rs=1 cs=1]
              RenderText {#text} at (1,1) size 66x19
                text run at (1,1) width 66: "width=140"
            RenderTableCell {TD} at (143,2) size 255x22 [bgcolor=#FFFF00] [r=0 c=1 rs=1 cs=1]
              RenderText {#text} at (1,1) size 66x19
                text run at (1,1) width 66: "width=260"
          RenderTableRow {TR} at (0,26) size 400x22
            RenderTableCell {TD} at (2,26) size 396x22 [bgcolor=#FF00FF] [r=1 c=0 rs=1 cs=2]
              RenderText {#text} at (1,1) size 133x19
                text run at (1,1) width 133: "colspan=2 width=400"
      RenderBlock {DIV} at (0,847) size 406x6 [border: (3px solid #FF0000)]
      RenderTable {TABLE} at (0,853) size 400x50
        RenderTableSection {TBODY} at (0,0) size 400x50
          RenderTableRow {TR} at (0,2) size 400x22
            RenderTableCell {TD} at (2,2) size 139x22 [bgcolor=#00FF00] [r=0 c=0 rs=1 cs=1]
              RenderText {#text} at (1,1) size 66x19
                text run at (1,1) width 66: "width=140"
            RenderTableCell {TD} at (143,2) size 255x22 [bgcolor=#FFFF00] [r=0 c=1 rs=1 cs=1]
              RenderText {#text} at (1,1) size 66x19
                text run at (1,1) width 66: "width=260"
          RenderTableRow {TR} at (0,26) size 400x22
            RenderTableCell {TD} at (2,26) size 396x22 [bgcolor=#FF00FF] [r=1 c=0 rs=1 cs=2]
              RenderText {#text} at (1,1) size 63x19
                text run at (1,1) width 63: "colspan=2"
      RenderBlock {DIV} at (0,903) size 406x6 [border: (3px solid #FF0000)]
      RenderTable {TABLE} at (0,909) size 400x50
        RenderTableSection {TBODY} at (0,0) size 400x50
          RenderTableRow {TR} at (0,2) size 400x22
            RenderTableCell {TD} at (2,2) size 137x22 [bgcolor=#00FF00] [r=0 c=0 rs=1 cs=1]
              RenderText {#text} at (1,1) size 71x19
                text run at (1,1) width 71: "width=35%"
            RenderTableCell {TD} at (141,2) size 257x22 [bgcolor=#FFFF00] [r=0 c=1 rs=1 cs=1]
              RenderText {#text} at (1,1) size 28x19
                text run at (1,1) width 28: "plain"
          RenderTableRow {TR} at (0,26) size 400x22
            RenderTableCell {TD} at (2,26) size 396x22 [bgcolor=#FF00FF] [r=1 c=0 rs=1 cs=2]
              RenderText {#text} at (1,1) size 63x19
                text run at (1,1) width 63: "colspan=2"
      RenderBlock {DIV} at (0,959) size 406x6 [border: (3px solid #FF0000)]
      RenderTable {TABLE} at (0,965) size 400x50
        RenderTableSection {TBODY} at (0,0) size 400x50
          RenderTableRow {TR} at (0,2) size 400x22
            RenderTableCell {TD} at (2,2) size 138x22 [bgcolor=#00FF00] [r=0 c=0 rs=1 cs=1]
              RenderText {#text} at (1,1) size 28x19
                text run at (1,1) width 28: "plain"
            RenderTableCell {TD} at (142,2) size 256x22 [bgcolor=#FFFF00] [r=0 c=1 rs=1 cs=1]
              RenderText {#text} at (1,1) size 71x19
                text run at (1,1) width 71: "width=65%"
          RenderTableRow {TR} at (0,26) size 400x22
            RenderTableCell {TD} at (2,26) size 396x22 [bgcolor=#FF00FF] [r=1 c=0 rs=1 cs=2]
              RenderText {#text} at (1,1) size 63x19
                text run at (1,1) width 63: "colspan=2"
      RenderBlock {DIV} at (0,1015) size 406x6 [border: (3px solid #FF0000)]
      RenderTable {TABLE} at (0,1021) size 400x50
        RenderTableSection {TBODY} at (0,0) size 400x50
          RenderTableRow {TR} at (0,2) size 400x22
            RenderTableCell {TD} at (2,2) size 138x22 [bgcolor=#00FF00] [r=0 c=0 rs=1 cs=1]
              RenderText {#text} at (1,1) size 71x19
                text run at (1,1) width 71: "width=35%"
            RenderTableCell {TD} at (142,2) size 256x22 [bgcolor=#FFFF00] [r=0 c=1 rs=1 cs=1]
              RenderText {#text} at (1,1) size 71x19
                text run at (1,1) width 71: "width=65%"
          RenderTableRow {TR} at (0,26) size 400x22
            RenderTableCell {TD} at (2,26) size 396x22 [bgcolor=#FF00FF] [r=1 c=0 rs=1 cs=2]
              RenderText {#text} at (1,1) size 63x19
                text run at (1,1) width 63: "colspan=2"
      RenderBlock {DIV} at (0,1071) size 406x6 [border: (3px solid #FF0000)]
      RenderBlock {H3} at (0,1095) size 769x23
        RenderText {#text} at (0,0) size 38x22
          text run at (0,0) width 38: "50%"
      RenderBlock {DIV} at (0,1136) size 406x6 [border: (3px solid #FF0000)]
      RenderTable {TABLE} at (0,1142) size 400x50
        RenderTableSection {TBODY} at (0,0) size 400x50
          RenderTableRow {TR} at (0,2) size 400x22
            RenderTableCell {TD} at (2,2) size 197x22 [bgcolor=#00FF00] [r=0 c=0 rs=1 cs=1]
              RenderText {#text} at (1,1) size 71x19
                text run at (1,1) width 71: "width=50%"
            RenderTableCell {TD} at (201,2) size 197x22 [bgcolor=#FFFF00] [r=0 c=1 rs=1 cs=1]
              RenderText {#text} at (1,1) size 28x19
                text run at (1,1) width 28: "plain"
          RenderTableRow {TR} at (0,26) size 400x22
            RenderTableCell {TD} at (2,26) size 396x22 [bgcolor=#FF00FF] [r=1 c=0 rs=1 cs=2]
              RenderText {#text} at (1,1) size 133x19
                text run at (1,1) width 133: "colspan=2 width=400"
      RenderBlock {DIV} at (0,1192) size 406x6 [border: (3px solid #FF0000)]
      RenderTable {TABLE} at (0,1198) size 400x50
        RenderTableSection {TBODY} at (0,0) size 400x50
          RenderTableRow {TR} at (0,2) size 400x22
            RenderTableCell {TD} at (2,2) size 197x22 [bgcolor=#00FF00] [r=0 c=0 rs=1 cs=1]
              RenderText {#text} at (1,1) size 28x19
                text run at (1,1) width 28: "plain"
            RenderTableCell {TD} at (201,2) size 197x22 [bgcolor=#FFFF00] [r=0 c=1 rs=1 cs=1]
              RenderText {#text} at (1,1) size 71x19
                text run at (1,1) width 71: "width=50%"
          RenderTableRow {TR} at (0,26) size 400x22
            RenderTableCell {TD} at (2,26) size 396x22 [bgcolor=#FF00FF] [r=1 c=0 rs=1 cs=2]
              RenderText {#text} at (1,1) size 133x19
                text run at (1,1) width 133: "colspan=2 width=400"
      RenderBlock {DIV} at (0,1248) size 406x6 [border: (3px solid #FF0000)]
      RenderTable {TABLE} at (0,1254) size 400x50
        RenderTableSection {TBODY} at (0,0) size 400x50
          RenderTableRow {TR} at (0,2) size 400x22
            RenderTableCell {TD} at (2,2) size 197x22 [bgcolor=#00FF00] [r=0 c=0 rs=1 cs=1]
              RenderText {#text} at (1,1) size 71x19
                text run at (1,1) width 71: "width=50%"
            RenderTableCell {TD} at (201,2) size 197x22 [bgcolor=#FFFF00] [r=0 c=1 rs=1 cs=1]
              RenderText {#text} at (1,1) size 71x19
                text run at (1,1) width 71: "width=50%"
          RenderTableRow {TR} at (0,26) size 400x22
            RenderTableCell {TD} at (2,26) size 396x22 [bgcolor=#FF00FF] [r=1 c=0 rs=1 cs=2]
              RenderText {#text} at (1,1) size 133x19
                text run at (1,1) width 133: "colspan=2 width=400"
      RenderBlock {DIV} at (0,1304) size 406x6 [border: (3px solid #FF0000)]
      RenderTable {TABLE} at (0,1310) size 400x50
        RenderTableSection {TBODY} at (0,0) size 400x50
          RenderTableRow {TR} at (0,2) size 400x22
            RenderTableCell {TD} at (2,2) size 197x22 [bgcolor=#00FF00] [r=0 c=0 rs=1 cs=1]
              RenderText {#text} at (1,1) size 28x19
                text run at (1,1) width 28: "plain"
            RenderTableCell {TD} at (201,2) size 197x22 [bgcolor=#FFFF00] [r=0 c=1 rs=1 cs=1]
              RenderText {#text} at (1,1) size 28x19
                text run at (1,1) width 28: "plain"
          RenderTableRow {TR} at (0,26) size 400x22
            RenderTableCell {TD} at (2,26) size 396x22 [bgcolor=#FF00FF] [r=1 c=0 rs=1 cs=2]
              RenderText {#text} at (1,1) size 133x19
                text run at (1,1) width 133: "colspan=2 width=400"
      RenderBlock {DIV} at (0,1360) size 406x6 [border: (3px solid #FF0000)]
      RenderTable {TABLE} at (0,1366) size 400x50
        RenderTableSection {TBODY} at (0,0) size 400x50
          RenderTableRow {TR} at (0,2) size 400x22
            RenderTableCell {TD} at (2,2) size 197x22 [bgcolor=#00FF00] [r=0 c=0 rs=1 cs=1]
              RenderText {#text} at (1,1) size 66x19
                text run at (1,1) width 66: "width=200"
            RenderTableCell {TD} at (201,2) size 197x22 [bgcolor=#FFFF00] [r=0 c=1 rs=1 cs=1]
              RenderText {#text} at (1,1) size 66x19
                text run at (1,1) width 66: "width=200"
          RenderTableRow {TR} at (0,26) size 400x22
            RenderTableCell {TD} at (2,26) size 396x22 [bgcolor=#FF00FF] [r=1 c=0 rs=1 cs=2]
              RenderText {#text} at (1,1) size 63x19
                text run at (1,1) width 63: "colspan=2"
      RenderBlock {DIV} at (0,1416) size 406x6 [border: (3px solid #FF0000)]
      RenderBlock {H2} at (0,1441) size 769x27
        RenderText {#text} at (0,0) size 227x26
          text run at (0,0) width 227: "Tables Without Width"
      RenderBlock {P} at (0,1487) size 769x40
        RenderText {#text} at (0,0) size 705x39
          text run at (0,0) width 705: "The following tables have no width. They should still be the same size, by virtue of them having a 400 pixel cell and no"
          text run at (0,20) width 147: "padding/margin/borders."
      RenderBlock {H3} at (0,1545) size 769x23
        RenderText {#text} at (0,0) size 65x22
          text run at (0,0) width 65: "260/140"
      RenderBlock {DIV} at (0,1586) size 406x6 [border: (3px solid #FF0000)]
      RenderTable {TABLE} at (0,1592) size 406x50
        RenderTableSection {TBODY} at (0,0) size 406x50
          RenderTableRow {TR} at (0,2) size 406x22
            RenderTableCell {TD} at (2,2) size 258x22 [bgcolor=#00FF00] [r=0 c=0 rs=1 cs=1]
              RenderText {#text} at (1,1) size 28x19
                text run at (1,1) width 28: "plain"
            RenderTableCell {TD} at (262,2) size 142x22 [bgcolor=#FFFF00] [r=0 c=1 rs=1 cs=1]
              RenderText {#text} at (1,1) size 66x19
                text run at (1,1) width 66: "width=140"
          RenderTableRow {TR} at (0,26) size 406x22
            RenderTableCell {TD} at (2,26) size 402x22 [bgcolor=#FF00FF] [r=1 c=0 rs=1 cs=2]
              RenderText {#text} at (1,1) size 133x19
                text run at (1,1) width 133: "colspan=2 width=400"
      RenderBlock {DIV} at (0,1642) size 406x6 [border: (3px solid #FF0000)]
      RenderTable {TABLE} at (0,1648) size 406x50
        RenderTableSection {TBODY} at (0,0) size 406x50
          RenderTableRow {TR} at (0,2) size 406x22
            RenderTableCell {TD} at (2,2) size 262x22 [bgcolor=#00FF00] [r=0 c=0 rs=1 cs=1]
              RenderText {#text} at (1,1) size 66x19
                text run at (1,1) width 66: "width=260"
            RenderTableCell {TD} at (266,2) size 138x22 [bgcolor=#FFFF00] [r=0 c=1 rs=1 cs=1]
              RenderText {#text} at (1,1) size 28x19
                text run at (1,1) width 28: "plain"
          RenderTableRow {TR} at (0,26) size 406x22
            RenderTableCell {TD} at (2,26) size 402x22 [bgcolor=#FF00FF] [r=1 c=0 rs=1 cs=2]
              RenderText {#text} at (1,1) size 133x19
                text run at (1,1) width 133: "colspan=2 width=400"
      RenderBlock {DIV} at (0,1698) size 406x6 [border: (3px solid #FF0000)]
      RenderTable {TABLE} at (0,1704) size 410x50
        RenderTableSection {TBODY} at (0,0) size 410x50
          RenderTableRow {TR} at (0,2) size 410x22
            RenderTableCell {TD} at (2,2) size 262x22 [bgcolor=#00FF00] [r=0 c=0 rs=1 cs=1]
              RenderText {#text} at (1,1) size 66x19
                text run at (1,1) width 66: "width=260"
            RenderTableCell {TD} at (266,2) size 142x22 [bgcolor=#FFFF00] [r=0 c=1 rs=1 cs=1]
              RenderText {#text} at (1,1) size 66x19
                text run at (1,1) width 66: "width=140"
          RenderTableRow {TR} at (0,26) size 410x22
            RenderTableCell {TD} at (2,26) size 406x22 [bgcolor=#FF00FF] [r=1 c=0 rs=1 cs=2]
              RenderText {#text} at (1,1) size 133x19
                text run at (1,1) width 133: "colspan=2 width=400"
      RenderBlock {DIV} at (0,1754) size 406x6 [border: (3px solid #FF0000)]
      RenderTable {TABLE} at (0,1760) size 410x50
        RenderTableSection {TBODY} at (0,0) size 410x50
          RenderTableRow {TR} at (0,2) size 410x22
            RenderTableCell {TD} at (2,2) size 262x22 [bgcolor=#00FF00] [r=0 c=0 rs=1 cs=1]
              RenderText {#text} at (1,1) size 66x19
                text run at (1,1) width 66: "width=260"
            RenderTableCell {TD} at (266,2) size 142x22 [bgcolor=#FFFF00] [r=0 c=1 rs=1 cs=1]
              RenderText {#text} at (1,1) size 66x19
                text run at (1,1) width 66: "width=140"
          RenderTableRow {TR} at (0,26) size 410x22
            RenderTableCell {TD} at (2,26) size 406x22 [bgcolor=#FF00FF] [r=1 c=0 rs=1 cs=2]
              RenderText {#text} at (1,1) size 63x19
                text run at (1,1) width 63: "colspan=2"
      RenderBlock {DIV} at (0,1810) size 406x6 [border: (3px solid #FF0000)]
      RenderBlock {H3} at (0,1834) size 769x23
        RenderText {#text} at (0,0) size 65x22
          text run at (0,0) width 65: "140/260"
      RenderBlock {DIV} at (0,1875) size 406x6 [border: (3px solid #FF0000)]
      RenderTable {TABLE} at (0,1881) size 406x50
        RenderTableSection {TBODY} at (0,0) size 406x50
          RenderTableRow {TR} at (0,2) size 406x22
            RenderTableCell {TD} at (2,2) size 142x22 [bgcolor=#00FF00] [r=0 c=0 rs=1 cs=1]
              RenderText {#text} at (1,1) size 66x19
                text run at (1,1) width 66: "width=140"
            RenderTableCell {TD} at (146,2) size 258x22 [bgcolor=#FFFF00] [r=0 c=1 rs=1 cs=1]
              RenderText {#text} at (1,1) size 28x19
                text run at (1,1) width 28: "plain"
          RenderTableRow {TR} at (0,26) size 406x22
            RenderTableCell {TD} at (2,26) size 402x22 [bgcolor=#FF00FF] [r=1 c=0 rs=1 cs=2]
              RenderText {#text} at (1,1) size 133x19
                text run at (1,1) width 133: "colspan=2 width=400"
      RenderBlock {DIV} at (0,1931) size 406x6 [border: (3px solid #FF0000)]
      RenderTable {TABLE} at (0,1937) size 406x50
        RenderTableSection {TBODY} at (0,0) size 406x50
          RenderTableRow {TR} at (0,2) size 406x22
            RenderTableCell {TD} at (2,2) size 138x22 [bgcolor=#00FF00] [r=0 c=0 rs=1 cs=1]
              RenderText {#text} at (1,1) size 28x19
                text run at (1,1) width 28: "plain"
            RenderTableCell {TD} at (142,2) size 262x22 [bgcolor=#FFFF00] [r=0 c=1 rs=1 cs=1]
              RenderText {#text} at (1,1) size 66x19
                text run at (1,1) width 66: "width=260"
          RenderTableRow {TR} at (0,26) size 406x22
            RenderTableCell {TD} at (2,26) size 402x22 [bgcolor=#FF00FF] [r=1 c=0 rs=1 cs=2]
              RenderText {#text} at (1,1) size 133x19
                text run at (1,1) width 133: "colspan=2 width=400"
      RenderBlock {DIV} at (0,1987) size 406x6 [border: (3px solid #FF0000)]
      RenderTable {TABLE} at (0,1993) size 410x50
        RenderTableSection {TBODY} at (0,0) size 410x50
          RenderTableRow {TR} at (0,2) size 410x22
            RenderTableCell {TD} at (2,2) size 142x22 [bgcolor=#00FF00] [r=0 c=0 rs=1 cs=1]
              RenderText {#text} at (1,1) size 66x19
                text run at (1,1) width 66: "width=140"
            RenderTableCell {TD} at (146,2) size 262x22 [bgcolor=#FFFF00] [r=0 c=1 rs=1 cs=1]
              RenderText {#text} at (1,1) size 66x19
                text run at (1,1) width 66: "width=260"
          RenderTableRow {TR} at (0,26) size 410x22
            RenderTableCell {TD} at (2,26) size 406x22 [bgcolor=#FF00FF] [r=1 c=0 rs=1 cs=2]
              RenderText {#text} at (1,1) size 133x19
                text run at (1,1) width 133: "colspan=2 width=400"
      RenderBlock {DIV} at (0,2043) size 406x6 [border: (3px solid #FF0000)]
      RenderTable {TABLE} at (0,2049) size 410x50
        RenderTableSection {TBODY} at (0,0) size 410x50
          RenderTableRow {TR} at (0,2) size 410x22
            RenderTableCell {TD} at (2,2) size 142x22 [bgcolor=#00FF00] [r=0 c=0 rs=1 cs=1]
              RenderText {#text} at (1,1) size 66x19
                text run at (1,1) width 66: "width=140"
            RenderTableCell {TD} at (146,2) size 262x22 [bgcolor=#FFFF00] [r=0 c=1 rs=1 cs=1]
              RenderText {#text} at (1,1) size 66x19
                text run at (1,1) width 66: "width=260"
          RenderTableRow {TR} at (0,26) size 410x22
            RenderTableCell {TD} at (2,26) size 406x22 [bgcolor=#FF00FF] [r=1 c=0 rs=1 cs=2]
              RenderText {#text} at (1,1) size 63x19
                text run at (1,1) width 63: "colspan=2"
      RenderBlock {DIV} at (0,2099) size 406x6 [border: (3px solid #FF0000)]
      RenderBlock {H3} at (0,2123) size 769x23
        RenderText {#text} at (0,0) size 38x22
          text run at (0,0) width 38: "50%"
      RenderBlock {DIV} at (0,2164) size 406x6 [border: (3px solid #FF0000)]
      RenderTable {TABLE} at (0,2170) size 572x50
        RenderTableSection {TBODY} at (0,0) size 572x50
          RenderTableRow {TR} at (0,2) size 572x22
            RenderTableCell {TD} at (2,2) size 283x22 [bgcolor=#00FF00] [r=0 c=0 rs=1 cs=1]
              RenderText {#text} at (1,1) size 71x19
                text run at (1,1) width 71: "width=50%"
            RenderTableCell {TD} at (287,2) size 283x22 [bgcolor=#FFFF00] [r=0 c=1 rs=1 cs=1]
              RenderText {#text} at (1,1) size 28x19
                text run at (1,1) width 28: "plain"
          RenderTableRow {TR} at (0,26) size 572x22
            RenderTableCell {TD} at (2,26) size 568x22 [bgcolor=#FF00FF] [r=1 c=0 rs=1 cs=2]
              RenderText {#text} at (1,1) size 133x19
                text run at (1,1) width 133: "colspan=2 width=400"
      RenderBlock {DIV} at (0,2220) size 406x6 [border: (3px solid #FF0000)]
      RenderTable {TABLE} at (0,2226) size 574x50
        RenderTableSection {TBODY} at (0,0) size 574x50
          RenderTableRow {TR} at (0,2) size 574x22
            RenderTableCell {TD} at (2,2) size 284x22 [bgcolor=#00FF00] [r=0 c=0 rs=1 cs=1]
              RenderText {#text} at (1,1) size 28x19
                text run at (1,1) width 28: "plain"
            RenderTableCell {TD} at (288,2) size 284x22 [bgcolor=#FFFF00] [r=0 c=1 rs=1 cs=1]
              RenderText {#text} at (1,1) size 71x19
                text run at (1,1) width 71: "width=50%"
          RenderTableRow {TR} at (0,26) size 574x22
            RenderTableCell {TD} at (2,26) size 570x22 [bgcolor=#FF00FF] [r=1 c=0 rs=1 cs=2]
              RenderText {#text} at (1,1) size 133x19
                text run at (1,1) width 133: "colspan=2 width=400"
      RenderBlock {DIV} at (0,2276) size 406x6 [border: (3px solid #FF0000)]
      RenderTable {TABLE} at (0,2282) size 406x50
        RenderTableSection {TBODY} at (0,0) size 406x50
          RenderTableRow {TR} at (0,2) size 406x22
            RenderTableCell {TD} at (2,2) size 200x22 [bgcolor=#00FF00] [r=0 c=0 rs=1 cs=1]
              RenderText {#text} at (1,1) size 71x19
                text run at (1,1) width 71: "width=50%"
            RenderTableCell {TD} at (204,2) size 200x22 [bgcolor=#FFFF00] [r=0 c=1 rs=1 cs=1]
              RenderText {#text} at (1,1) size 71x19
                text run at (1,1) width 71: "width=50%"
          RenderTableRow {TR} at (0,26) size 406x22
            RenderTableCell {TD} at (2,26) size 402x22 [bgcolor=#FF00FF] [r=1 c=0 rs=1 cs=2]
              RenderText {#text} at (1,1) size 133x19
                text run at (1,1) width 133: "colspan=2 width=400"
      RenderBlock {DIV} at (0,2332) size 406x6 [border: (3px solid #FF0000)]
      RenderTable {TABLE} at (0,2338) size 406x50
        RenderTableSection {TBODY} at (0,0) size 406x50
          RenderTableRow {TR} at (0,2) size 406x22
            RenderTableCell {TD} at (2,2) size 200x22 [bgcolor=#00FF00] [r=0 c=0 rs=1 cs=1]
              RenderText {#text} at (1,1) size 28x19
                text run at (1,1) width 28: "plain"
            RenderTableCell {TD} at (204,2) size 200x22 [bgcolor=#FFFF00] [r=0 c=1 rs=1 cs=1]
              RenderText {#text} at (1,1) size 28x19
                text run at (1,1) width 28: "plain"
          RenderTableRow {TR} at (0,26) size 406x22
            RenderTableCell {TD} at (2,26) size 402x22 [bgcolor=#FF00FF] [r=1 c=0 rs=1 cs=2]
              RenderText {#text} at (1,1) size 133x19
                text run at (1,1) width 133: "colspan=2 width=400"
      RenderBlock {DIV} at (0,2388) size 406x6 [border: (3px solid #FF0000)]
      RenderTable {TABLE} at (0,2394) size 410x50
        RenderTableSection {TBODY} at (0,0) size 410x50
          RenderTableRow {TR} at (0,2) size 410x22
            RenderTableCell {TD} at (2,2) size 202x22 [bgcolor=#00FF00] [r=0 c=0 rs=1 cs=1]
              RenderText {#text} at (1,1) size 66x19
                text run at (1,1) width 66: "width=200"
            RenderTableCell {TD} at (206,2) size 202x22 [bgcolor=#FFFF00] [r=0 c=1 rs=1 cs=1]
              RenderText {#text} at (1,1) size 66x19
                text run at (1,1) width 66: "width=200"
          RenderTableRow {TR} at (0,26) size 410x22
            RenderTableCell {TD} at (2,26) size 406x22 [bgcolor=#FF00FF] [r=1 c=0 rs=1 cs=2]
              RenderText {#text} at (1,1) size 63x19
                text run at (1,1) width 63: "colspan=2"
      RenderBlock {DIV} at (0,2444) size 406x6 [border: (3px solid #FF0000)]
