layer at (0,0) size 800x600
  RenderView at (0,0) size 800x600
layer at (0,0) size 800x52
  RenderBlock {HTML} at (0,0) size 800x52
    RenderBody {BODY} at (8,16) size 784x20
      RenderBlock {DL} at (0,0) size 784x20
        RenderBlock {DD} at (40,0) size 744x20
          RenderInline (run-in) {DT} at (0,0) size 35x19
            RenderText {#text} at (0,0) size 32x19
              text run at (0,0) width 32: "Term"
            RenderInline (generated) at (0,0) size 3x19
              RenderText at (32,0) size 3x19
                text run at (32,0) width 3: ":"
          RenderText {#text} at (35,0) size 57x19
            text run at (35,0) width 57: "Definition"
