layer at (0,0) size 785x5275
  RenderView at (0,0) size 785x600
layer at (0,0) size 785x5275 layerType: background only
layer at (84,1483) size 200x200
  RenderBlock (positioned) zI: -3000000 {P} at (60,60) size 200x200 [color=#FFFFFF] [bgcolor=#990066]
    RenderText zI: -3000000 {#text} at (71,42) size 57x97
      text run at (71,42) width 57: "8"
layer at (34,1633) size 200x200
  RenderBlock (positioned) zI: -2000000 {P} at (10,210) size 200x200 [color=#FFFFFF] [bgcolor=#660099]
    RenderText zI: -2000000 {#text} at (71,42) size 57x97
      text run at (71,42) width 57: "7"
layer at (84,1783) size 200x200
  RenderBlock (positioned) zI: -1000000 {P} at (60,360) size 200x200 [color=#FFFFFF] [bgcolor=#0000FF]
    RenderText zI: -1000000 {#text} at (71,42) size 57x97
      text run at (71,42) width 57: "6"
layer at (84,2119) size 200x200
  RenderBlock (positioned) zI: -40 {P} at (60,60) size 200x200 [color=#FFFFFF] [bgcolor=#990066]
    RenderText zI: -40 {#text} at (71,42) size 57x97
      text run at (71,42) width 57: "8"
layer at (34,2269) size 200x200
  RenderBlock (positioned) zI: -30 {P} at (10,210) size 200x200 [color=#FFFFFF] [bgcolor=#660099]
    RenderText zI: -30 {#text} at (71,42) size 57x97
      text run at (71,42) width 57: "7"
layer at (84,847) size 519x200
  RenderBlock (positioned) zI: -3 {P} at (60,60) size 200x200 [color=#FFFFFF] [bgcolor=#990066]
    RenderText zI: -3 {#text} at (50,42) size 469x97
      text run at (50,42) width 469: " 8 hide me"
layer at (84,2755) size 200x200
  RenderBlock (positioned) zI: -3 {P} at (60,60) size 200x200 [color=#FFFFFF] [bgcolor=#990066]
    RenderText zI: -3 {#text} at (71,42) size 57x97
      text run at (71,42) width 57: "8"
layer at (34,2905) size 200x200
  RenderBlock (positioned) zI: -3 {P} at (10,210) size 200x200 [color=#FFFFFF] [bgcolor=#660099]
    RenderText zI: -3 {#text} at (71,42) size 57x97
      text run at (71,42) width 57: "7"
layer at (84,3391) size 200x200
  RenderBlock (positioned) zI: -3 {P} at (60,60) size 200x200 [color=#FFFFFF] [bgcolor=#990066]
    RenderText zI: -3 {#text} at (71,42) size 57x97
      text run at (71,42) width 57: "8"
layer at (84,4027) size 200x200
  RenderBlock (positioned) zI: -3 {P} at (60,60) size 200x200 [color=#FFFFFF] [bgcolor=#990066]
    RenderText zI: -3 {#text} at (71,42) size 57x97
      text run at (71,42) width 57: "8"
layer at (84,4699) size 200x200
  RenderBlock (positioned) zI: -3 {P} at (60,60) size 200x200 [color=#FFFFFF] [bgcolor=#990066]
    RenderText zI: -3 {#text} at (71,42) size 57x97
      text run at (71,42) width 57: "8"
layer at (34,997) size 200x200
  RenderBlock (positioned) zI: -2 {P} at (10,210) size 200x200 [color=#FFFFFF] [bgcolor=#660099]
    RenderText zI: -2 {#text} at (71,42) size 57x97
      text run at (71,42) width 57: "7"
layer at (84,2419) size 200x200
  RenderBlock (positioned) zI: -2 {P} at (60,360) size 200x200 [color=#FFFFFF] [bgcolor=#0000FF]
    RenderText zI: -2 {#text} at (71,42) size 57x97
      text run at (71,42) width 57: "6"
layer at (234,2469) size 200x200
  RenderBlock (positioned) zI: -2 {P} at (210,410) size 200x200 [color=#FFFFFF] [bgcolor=#009999]
    RenderText zI: -2 {#text} at (71,42) size 57x97
      text run at (71,42) width 57: "5"
layer at (34,3541) size 200x200
  RenderBlock (positioned) zI: -2 {P} at (10,210) size 200x200 [color=#FFFFFF] [bgcolor=#660099]
    RenderText zI: -2 {#text} at (71,42) size 57x97
      text run at (71,42) width 57: "7"
layer at (34,4177) size 200x200
  RenderBlock (positioned) zI: -2 {P} at (0,200) size 200x200 [color=#FFFFFF] [bgcolor=#660099]
    RenderText zI: -2 {#text} at (71,42) size 57x97
      text run at (71,42) width 57: "7"
layer at (34,4849) size 200x200
  RenderBlock (positioned) zI: -2 {P} at (0,200) size 200x200 [color=#FFFFFF] [bgcolor=#660099]
    RenderText zI: -2 {#text} at (71,42) size 57x97
      text run at (71,42) width 57: "7"
layer at (84,1147) size 200x200
  RenderBlock (positioned) zI: -1 {P} at (60,360) size 200x200 [color=#FFFFFF] [bgcolor=#0000FF]
    RenderText zI: -1 {#text} at (71,42) size 57x97
      text run at (71,42) width 57: "6"
layer at (84,4327) size 200x200
  RenderBlock (positioned) zI: -1 {P} at (60,360) size 200x200 [color=#FFFFFF] [bgcolor=#0000FF]
    RenderText zI: -1 {#text} at (71,42) size 57x97
      text run at (71,42) width 57: "6"
layer at (84,4999) size 200x200
  RenderBlock (positioned) zI: -1 {P} at (60,360) size 200x200 [color=#FFFFFF] [bgcolor=#0000FF]
    RenderText zI: -1 {#text} at (71,42) size 57x97
      text run at (71,42) width 57: "6"
layer at (0,0) size 785x5275 layerType: foreground only
  RenderBlock {HTML} at (0,0) size 785x5275
    RenderBody {BODY} at (8,21) size 769x5238
      RenderBlock {H1} at (0,0) size 769x37
        RenderText {#text} at (0,0) size 293x36
          text run at (0,0) width 293: "Layered Presentation"
      RenderBlock {P} at (0,58) size 769x20
        RenderText {#text} at (0,0) size 704x19
          text run at (0,0) width 382: "Robert O'Callahan pointed out to me some mistakes in this test "
          text run at (382,0) width 322: "that I have not yet had the time to examine or correct."
      RenderBlock {P} at (0,94) size 769x20
        RenderText {#text} at (0,0) size 440x19
          text run at (0,0) width 440: "In each of the following, 1 should be the top layer and 8 the bottom layer:"
      RenderBlock {P} at (0,4582) size 769x20
        RenderText {#text} at (0,0) size 329x19
          text run at (0,0) width 329: "Using assumed default value of z-index (may not pass):"
layer at (24,151) size 620x620
  RenderBlock (relative positioned) {DIV} at (16,130) size 620x620 [border: (10px solid #000000)]
layer at (84,211) size 519x200
  RenderBlock (positioned) {P} at (60,60) size 200x200 [color=#FFFFFF] [bgcolor=#990066]
    RenderText {#text} at (50,42) size 469x97
      text run at (50,42) width 469: " 8 hide me"
layer at (34,361) size 200x200
  RenderBlock (positioned) {P} at (10,210) size 200x200 [color=#FFFFFF] [bgcolor=#660099]
    RenderText {#text} at (71,42) size 57x97
      text run at (71,42) width 57: "7"
layer at (84,511) size 200x200
  RenderBlock (positioned) {P} at (60,360) size 200x200 [color=#FFFFFF] [bgcolor=#0000FF]
    RenderText {#text} at (71,42) size 57x97
      text run at (71,42) width 57: "6"
layer at (234,561) size 200x200
  RenderBlock (positioned) {P} at (210,410) size 200x200 [color=#FFFFFF] [bgcolor=#009999]
    RenderText {#text} at (71,42) size 57x97
      text run at (71,42) width 57: "5"
layer at (384,511) size 200x200
  RenderBlock (positioned) {P} at (360,360) size 200x200 [color=#FFFFFF] [bgcolor=#00CC00]
    RenderText {#text} at (71,42) size 57x97
      text run at (71,42) width 57: "4"
layer at (434,361) size 200x200
  RenderBlock (positioned) {P} at (410,210) size 200x200 [color=#FFFFFF] [bgcolor=#CCCC00]
    RenderText {#text} at (71,42) size 57x97
      text run at (71,42) width 57: "3"
layer at (384,211) size 200x200
  RenderBlock (positioned) {P} at (360,60) size 200x200 [color=#FFFFFF] [bgcolor=#FF9900]
    RenderText {#text} at (71,42) size 57x97
      text run at (71,42) width 57: "2"
layer at (234,161) size 200x200
  RenderBlock (positioned) {P} at (210,10) size 200x200 [color=#FFFFFF] [bgcolor=#FF0000]
    RenderText {#text} at (71,42) size 57x97
      text run at (71,42) width 57: "1"
layer at (24,787) size 620x620
  RenderBlock (relative positioned) {DIV} at (16,766) size 620x620 [border: (10px solid #000000)]
layer at (234,1197) size 200x200
  RenderBlock (positioned) {P} at (210,410) size 200x200 [color=#FFFFFF] [bgcolor=#009999]
    RenderText {#text} at (71,42) size 57x97
      text run at (71,42) width 57: "5"
layer at (24,1423) size 620x620
  RenderBlock (relative positioned) {DIV} at (16,1402) size 620x620 [border: (10px solid #000000)]
layer at (234,1833) size 200x200
  RenderBlock (positioned) {P} at (210,410) size 200x200 [color=#FFFFFF] [bgcolor=#009999]
    RenderText {#text} at (71,42) size 57x97
      text run at (71,42) width 57: "5"
layer at (24,2059) size 620x620
  RenderBlock (relative positioned) {DIV} at (16,2038) size 620x620 [border: (10px solid #000000)]
layer at (384,2419) size 200x200
  RenderBlock (positioned) {P} at (360,360) size 200x200 [color=#FFFFFF] [bgcolor=#00CC00]
    RenderText {#text} at (71,42) size 57x97
      text run at (71,42) width 57: "4"
layer at (434,2269) size 200x200
  RenderBlock (positioned) {P} at (410,210) size 200x200 [color=#FFFFFF] [bgcolor=#CCCC00]
    RenderText {#text} at (71,42) size 57x97
      text run at (71,42) width 57: "3"
layer at (24,2695) size 620x620
  RenderBlock (relative positioned) {DIV} at (16,2674) size 620x620 [border: (10px solid #000000)]
layer at (84,3055) size 200x200
  RenderBlock (positioned) {P} at (60,360) size 200x200 [color=#FFFFFF] [bgcolor=#0000FF]
    RenderText {#text} at (71,42) size 57x97
      text run at (71,42) width 57: "6"
layer at (234,3105) size 200x200
  RenderBlock (positioned) {P} at (210,410) size 200x200 [color=#FFFFFF] [bgcolor=#009999]
    RenderText {#text} at (71,42) size 57x97
      text run at (71,42) width 57: "5"
layer at (384,3055) size 200x200
  RenderBlock (positioned) {P} at (360,360) size 200x200 [color=#FFFFFF] [bgcolor=#00CC00]
    RenderText {#text} at (71,42) size 57x97
      text run at (71,42) width 57: "4"
layer at (24,3331) size 620x620
  RenderBlock (relative positioned) {DIV} at (16,3310) size 620x620 [border: (10px solid #000000)]
layer at (34,3341) size 600x600 layerType: background only
layer at (84,3691) size 200x200
  RenderBlock (positioned) zI: -9 {P} at (50,350) size 200x200 [color=#FFFFFF] [bgcolor=#0000FF]
    RenderText zI: -9 {#text} at (71,42) size 57x97
      text run at (71,42) width 57: "6"
layer at (34,3341) size 600x600 layerType: foreground only
  RenderBlock (positioned) {DIV} at (10,10) size 600x600
layer at (234,3741) size 200x200
  RenderBlock (positioned) {P} at (200,400) size 200x200 [color=#FFFFFF] [bgcolor=#009999]
    RenderText {#text} at (71,42) size 57x97
      text run at (71,42) width 57: "5"
layer at (384,3691) size 200x200
  RenderBlock (positioned) zI: 9 {P} at (350,350) size 200x200 [color=#FFFFFF] [bgcolor=#00CC00]
    RenderText zI: 9 {#text} at (71,42) size 57x97
      text run at (71,42) width 57: "4"
layer at (24,3967) size 620x620
  RenderBlock (relative positioned) {DIV} at (16,3946) size 620x620 [border: (10px solid #000000)]
layer at (34,3977) size 600x600
  RenderBlock (positioned) {DIV} at (10,10) size 600x600
layer at (234,4377) size 200x200
  RenderBlock (positioned) {P} at (210,410) size 200x200 [color=#FFFFFF] [bgcolor=#009999]
    RenderText {#text} at (71,42) size 57x97
      text run at (71,42) width 57: "5"
layer at (24,4639) size 620x620
  RenderBlock (relative positioned) {DIV} at (16,4618) size 620x620 [border: (10px solid #000000)]
layer at (34,4649) size 600x600
  RenderBlock (positioned) {DIV} at (10,10) size 600x600
layer at (234,5049) size 200x200
  RenderBlock (positioned) {P} at (210,410) size 200x200 [color=#FFFFFF] [bgcolor=#009999]
    RenderText {#text} at (71,42) size 57x97
      text run at (71,42) width 57: "5"
layer at (384,1147) size 200x200
  RenderBlock (positioned) zI: 1 {P} at (360,360) size 200x200 [color=#FFFFFF] [bgcolor=#00CC00]
    RenderText zI: 1 {#text} at (71,42) size 57x97
      text run at (71,42) width 57: "4"
layer at (384,4327) size 200x200
  RenderBlock (positioned) zI: 1 {P} at (350,350) size 200x200 [color=#FFFFFF] [bgcolor=#00CC00]
    RenderText zI: 1 {#text} at (71,42) size 57x97
      text run at (71,42) width 57: "4"
layer at (384,4999) size 200x200
  RenderBlock (positioned) zI: 1 {P} at (350,350) size 200x200 [color=#FFFFFF] [bgcolor=#00CC00]
    RenderText zI: 1 {#text} at (71,42) size 57x97
      text run at (71,42) width 57: "4"
layer at (434,997) size 200x200
  RenderBlock (positioned) zI: 2 {P} at (410,210) size 200x200 [color=#FFFFFF] [bgcolor=#CCCC00]
    RenderText zI: 2 {#text} at (71,42) size 57x97
      text run at (71,42) width 57: "3"
layer at (384,2119) size 200x200
  RenderBlock (positioned) zI: 2 {P} at (360,60) size 200x200 [color=#FFFFFF] [bgcolor=#FF9900]
    RenderText zI: 2 {#text} at (71,42) size 57x97
      text run at (71,42) width 57: "2"
layer at (434,3541) size 200x200
  RenderBlock (positioned) zI: 2 {P} at (410,210) size 200x200 [color=#FFFFFF] [bgcolor=#CCCC00]
    RenderText zI: 2 {#text} at (71,42) size 57x97
      text run at (71,42) width 57: "3"
layer at (434,4177) size 200x200
  RenderBlock (positioned) zI: 2 {P} at (410,210) size 200x200 [color=#FFFFFF] [bgcolor=#CCCC00]
    RenderText zI: 2 {#text} at (71,42) size 57x97
      text run at (71,42) width 57: "3"
layer at (434,4849) size 200x200
  RenderBlock (positioned) zI: 2 {P} at (410,210) size 200x200 [color=#FFFFFF] [bgcolor=#CCCC00]
    RenderText zI: 2 {#text} at (71,42) size 57x97
      text run at (71,42) width 57: "3"
layer at (384,847) size 200x200
  RenderBlock (positioned) zI: 3 {P} at (360,60) size 200x200 [color=#FFFFFF] [bgcolor=#FF9900]
    RenderText zI: 3 {#text} at (71,42) size 57x97
      text run at (71,42) width 57: "2"
layer at (234,2069) size 200x200
  RenderBlock (positioned) zI: 3 {P} at (210,10) size 200x200 [color=#FFFFFF] [bgcolor=#FF0000]
    RenderText zI: 3 {#text} at (71,42) size 57x97
      text run at (71,42) width 57: "1"
layer at (384,3391) size 200x200
  RenderBlock (positioned) zI: 3 {P} at (360,60) size 200x200 [color=#FFFFFF] [bgcolor=#FF9900]
    RenderText zI: 3 {#text} at (71,42) size 57x97
      text run at (71,42) width 57: "2"
layer at (384,4027) size 200x200
  RenderBlock (positioned) zI: 3 {P} at (350,50) size 200x200 [color=#FFFFFF] [bgcolor=#FF9900]
    RenderText zI: 3 {#text} at (71,42) size 57x97
      text run at (71,42) width 57: "2"
layer at (384,4699) size 200x200
  RenderBlock (positioned) zI: 3 {P} at (350,50) size 200x200 [color=#FFFFFF] [bgcolor=#FF9900]
    RenderText zI: 3 {#text} at (71,42) size 57x97
      text run at (71,42) width 57: "2"
layer at (234,797) size 200x200
  RenderBlock (positioned) zI: 4 {P} at (210,10) size 200x200 [color=#FFFFFF] [bgcolor=#FF0000]
    RenderText zI: 4 {#text} at (71,42) size 57x97
      text run at (71,42) width 57: "1"
layer at (434,2905) size 200x200
  RenderBlock (positioned) zI: 4 {P} at (410,210) size 200x200 [color=#FFFFFF] [bgcolor=#CCCC00]
    RenderText zI: 4 {#text} at (71,42) size 57x97
      text run at (71,42) width 57: "3"
layer at (384,2755) size 200x200
  RenderBlock (positioned) zI: 4 {P} at (360,60) size 200x200 [color=#FFFFFF] [bgcolor=#FF9900]
    RenderText zI: 4 {#text} at (71,42) size 57x97
      text run at (71,42) width 57: "2"
layer at (234,2705) size 200x200
  RenderBlock (positioned) zI: 4 {P} at (210,10) size 200x200 [color=#FFFFFF] [bgcolor=#FF0000]
    RenderText zI: 4 {#text} at (71,42) size 57x97
      text run at (71,42) width 57: "1"
layer at (234,3341) size 200x200
  RenderBlock (positioned) zI: 4 {P} at (210,10) size 200x200 [color=#FFFFFF] [bgcolor=#FF0000]
    RenderText zI: 4 {#text} at (71,42) size 57x97
      text run at (71,42) width 57: "1"
layer at (234,3977) size 200x200
  RenderBlock (positioned) zI: 4 {P} at (210,10) size 200x200 [color=#FFFFFF] [bgcolor=#FF0000]
    RenderText zI: 4 {#text} at (71,42) size 57x97
      text run at (71,42) width 57: "1"
layer at (234,4649) size 200x200
  RenderBlock (positioned) zI: 4 {P} at (210,10) size 200x200 [color=#FFFFFF] [bgcolor=#FF0000]
    RenderText zI: 4 {#text} at (71,42) size 57x97
      text run at (71,42) width 57: "1"
layer at (384,1783) size 200x200
  RenderBlock (positioned) zI: 1000000 {P} at (360,360) size 200x200 [color=#FFFFFF] [bgcolor=#00CC00]
    RenderText zI: 1000000 {#text} at (71,42) size 57x97
      text run at (71,42) width 57: "4"
layer at (434,1633) size 200x200
  RenderBlock (positioned) zI: 2000000 {P} at (410,210) size 200x200 [color=#FFFFFF] [bgcolor=#CCCC00]
    RenderText zI: 2000000 {#text} at (71,42) size 57x97
      text run at (71,42) width 57: "3"
layer at (384,1483) size 200x200
  RenderBlock (positioned) zI: 3000000 {P} at (360,60) size 200x200 [color=#FFFFFF] [bgcolor=#FF9900]
    RenderText zI: 3000000 {#text} at (71,42) size 57x97
      text run at (71,42) width 57: "2"
layer at (234,1433) size 200x200
  RenderBlock (positioned) zI: 4000000 {P} at (210,10) size 200x200 [color=#FFFFFF] [bgcolor=#FF0000]
    RenderText zI: 4000000 {#text} at (71,42) size 57x97
      text run at (71,42) width 57: "1"
