layer at (0,0) size 785x661
  RenderView at (0,0) size 785x600
layer at (0,0) size 785x661
  RenderBlock {HTML} at (0,0) size 785x661
    RenderBody {BODY} at (0,40) size 785x601
      RenderBlock {DIV} at (50,256) size 735x345
        RenderBlock {H3} at (0,0) size 735x23
          RenderText {#text} at (0,0) size 82x22
            text run at (0,0) width 82: "Test case:"
        RenderBlock {UL} at (0,28) size 735x161
          RenderListItem {LI} at (0,0) size 735x20
            RenderListMarker at (-1,0) size 7x19: bullet
            RenderText {#text} at (15,0) size 389x19
              text run at (15,0) width 4: " "
              text run at (19,0) width 385: "Blue div has 400px width, dynamic height, and position: relative."
          RenderListItem {LI} at (0,27) size 735x40
            RenderListMarker at (-1,0) size 7x19: bullet
            RenderText {#text} at (15,0) size 518x19
              text run at (15,0) width 4: " "
              text run at (19,0) width 514: "Inside blue div there are 3 other div with height: 40px (and has some bottom margin..)"
            RenderBR {BR} at (533,0) size 0x19
            RenderText {#text} at (0,20) size 362x19
              text run at (0,20) width 362: "the height of the blue div expands with the green divs inside.."
          RenderListItem {LI} at (0,74) size 735x60
            RenderListMarker at (-1,0) size 7x19: bullet
            RenderText {#text} at (15,0) size 514x19
              text run at (15,0) width 4: " "
              text run at (19,0) width 510: "Yellow div has position absolute (and positioned in the top left corner of the blue div)"
            RenderBR {BR} at (529,0) size 0x19
            RenderText {#text} at (0,20) size 133x19
              text run at (0,20) width 133: "it's height set to 100%"
            RenderBR {BR} at (133,20) size 0x19
            RenderText {#text} at (0,40) size 411x19
              text run at (0,40) width 411: "the height of the yellow div now equals with the height of the blue div"
          RenderListItem {LI} at (0,141) size 735x20
            RenderListMarker at (-1,0) size 7x19: bullet
            RenderText {#text} at (15,0) size 395x19
              text run at (15,0) width 4: " "
              text run at (19,0) width 391: "Red div is inserted into the yellow div, and it's height set to 100%"
        RenderBlock {H3} at (0,209) size 735x23
          RenderText {#text} at (0,0) size 74x22
            text run at (0,0) width 74: "Problem:"
        RenderBlock {P} at (0,237) size 735x40
          RenderText {#text} at (0,0) size 150x19
            text run at (0,0) width 150: "The height of the red div "
          RenderInline {STRONG} at (0,0) size 90x19
            RenderText {#text} at (150,0) size 90x19
              text run at (150,0) width 90: "should equals"
          RenderText {#text} at (240,0) size 249x19
            text run at (240,0) width 249: " to the height of the blue (and yellow) div."
          RenderBR {BR} at (489,0) size 0x19
          RenderText {#text} at (0,20) size 479x19
            text run at (0,20) width 479: "It works right with Opera 9.2, Firefox 2, Camino 1.0.4 and Internet Explorer 7."
        RenderBlock {H3} at (0,297) size 735x23
          RenderText {#text} at (0,0) size 111x22
            text run at (0,0) width 111: "Workaround:"
        RenderBlock {P} at (0,325) size 735x20
          RenderText {#text} at (0,0) size 528x19
            text run at (0,0) width 528: "If you set position absolute to the red div, it's height will expands along with the blue div."
layer at (40,40) size 406x156
  RenderBlock (relative positioned) {DIV} at (40,0) size 406x156 [border: (3px solid #0000FF)]
    RenderBlock {DIV} at (3,3) size 400x40 [bgcolor=#008000]
    RenderBlock {DIV} at (3,53) size 400x40 [bgcolor=#008000]
    RenderBlock {DIV} at (3,103) size 400x40 [bgcolor=#008000]
layer at (43,43) size 206x159
  RenderBlock (positioned) {DIV} at (3,3) size 206x156 [border: (3px solid #FFFF00)]
    RenderBlock {DIV} at (3,3) size 200x156 [border: (3px dashed #FF0000)]
