layer at (0,0) size 800x600
  RenderView at (0,0) size 800x600
layer at (0,0) size 800x600
  RenderBlock {HTML} at (0,0) size 800x600
    RenderBody {BODY} at (8,8) size 784x584
      RenderBlock {DIV} at (0,0) size 784x180
        RenderBR {BR} at (0,0) size 0x19
        RenderText {#text} at (0,20) size 370x19
          text run at (0,20) width 370: "-------------------------------------------------offsetLeft:12"
        RenderBR {BR} at (370,35) size 0x0
        RenderText {#text} at (0,40) size 370x19
          text run at (0,40) width 370: "-------------------------------------------------offsetLeft:10"
        RenderBR {BR} at (370,55) size 0x0
        RenderText {#text} at (0,60) size 362x19
          text run at (0,60) width 362: "-------------------------------------------------offsetLeft:8"
        RenderBR {BR} at (362,75) size 0x0
        RenderText {#text} at (0,80) size 362x19
          text run at (0,80) width 362: "-------------------------------------------------offsetLeft:0"
        RenderBR {BR} at (362,95) size 0x0
        RenderText {#text} at (0,100) size 371x19
          text run at (0,100) width 371: "-------------------------------------------------offsetTop:12"
        RenderBR {BR} at (371,115) size 0x0
        RenderText {#text} at (0,120) size 371x19
          text run at (0,120) width 371: "-------------------------------------------------offsetTop:10"
        RenderBR {BR} at (371,135) size 0x0
        RenderText {#text} at (0,140) size 363x19
          text run at (0,140) width 363: "-------------------------------------------------offsetTop:8"
        RenderBR {BR} at (363,155) size 0x0
        RenderText {#text} at (0,160) size 363x19
          text run at (0,160) width 363: "-------------------------------------------------offsetTop:0"
layer at (8,8) size 160x160
  RenderBlock (positioned) {DIV} at (8,8) size 160x160 [border: (5px solid #008000)]
layer at (23,23) size 100x100
  RenderBlock (relative positioned) {DIV} at (15,15) size 100x100 [border: (13px solid #0000FF)]
    RenderBlock {DIV} at (25,25) size 50x24 [border: (2px solid #FF0000)]
      RenderText {#text} at (2,2) size 18x19
        text run at (2,2) width 18: "jee"
