layer at (0,0) size 800x600
  RenderView at (0,0) size 800x600
layer at (0,0) size 800x600
  RenderBlock {HTML} at (0,0) size 800x600
    RenderBody {BODY} at (8,8) size 784x584
      RenderTable {TABLE} at (0,0) size 784x111 [border: (1px outset #808080)]
        RenderTableSection {TBODY} at (1,1) size 782x109
          RenderTableRow {TR} at (0,2) size 782x105
            RenderTableCell {TD} at (2,2) size 71x105 [border: (1px inset #808080)] [r=0 c=0 rs=1 cs=1]
              RenderText {#text} at (2,2) size 67x59
                text run at (2,2) width 57: "check for"
                text run at (2,22) width 65: "handling of"
                text run at (2,42) width 67: "whitespace"
              RenderImage {IMG} at (2,62) size 20x16
              RenderText {#text} at (22,63) size 66x39
                text run at (22,63) width 46: " around"
                text run at (2,83) width 57: "the image"
            RenderTableCell {TD} at (75,42) size 705x24 [border: (1px inset #808080)] [r=0 c=1 rs=1 cs=1]
              RenderText {#text} at (2,2) size 11x19
                text run at (2,2) width 11: "X"
      RenderBlock {HR} at (0,119) size 77x2 [border: (1px inset #000000)]
      RenderTable {TABLE} at (0,129) size 784x166 [border: (1px outset #808080)]
        RenderTableSection {TBODY} at (1,1) size 782x164
          RenderTableRow {TR} at (0,2) size 782x160
            RenderTableCell {TD} at (2,2) size 24x160 [border: (1px inset #808080)] [r=0 c=0 rs=1 cs=1]
              RenderText {#text} at (2,2) size 16x79
                text run at (2,2) width 14: "aa"
                text run at (2,22) width 16: "bb"
                text run at (2,42) width 14: "cc"
                text run at (2,62) width 16: "dd"
              RenderImage {IMG} at (2,82) size 20x16
              RenderText {#text} at (2,98) size 14x59
                text run at (2,98) width 14: "ee"
                text run at (2,118) width 8: "ff"
                text run at (2,138) width 14: "gg"
            RenderTableCell {TD} at (28,70) size 752x24 [border: (1px inset #808080)] [r=0 c=1 rs=1 cs=1]
              RenderText {#text} at (2,2) size 11x19
                text run at (2,2) width 11: "X"
      RenderBlock {HR} at (0,303) size 77x2 [border: (1px inset #000000)]
      RenderTable {TABLE} at (0,313) size 784x51 [border: (1px outset #808080)]
        RenderTableSection {TBODY} at (1,1) size 782x49
          RenderTableRow {TR} at (0,2) size 782x45
            RenderTableCell {TD} at (2,2) size 200x45 [border: (1px inset #808080)] [r=0 c=0 rs=1 cs=1]
              RenderText {#text} at (2,2) size 196x19
                text run at (2,2) width 196: "checkforhandlingofnowhitespace"
              RenderImage {IMG} at (2,22) size 20x16
              RenderText {#text} at (22,23) size 99x19
                text run at (22,23) width 99: " aroundtheimage"
            RenderTableCell {TD} at (204,12) size 576x24 [border: (1px inset #808080)] [r=0 c=1 rs=1 cs=1]
              RenderText {#text} at (2,2) size 11x19
                text run at (2,2) width 11: "X"
      RenderBlock {HR} at (0,372) size 77x2 [border: (1px inset #000000)]
      RenderTable {TABLE} at (0,382) size 784x31 [border: (1px outset #808080)]
        RenderTableSection {TBODY} at (1,1) size 782x29
          RenderTableRow {TR} at (0,2) size 782x25
            RenderTableCell {TD} at (2,2) size 315x25 [border: (1px inset #808080)] [r=0 c=0 rs=1 cs=1]
              RenderText {#text} at (2,3) size 196x19
                text run at (2,3) width 196: "checkforhandlingofnowhitespace"
              RenderImage {IMG} at (198,2) size 20x16
              RenderText {#text} at (218,3) size 95x19
                text run at (218,3) width 95: "aroundtheimage"
            RenderTableCell {TD} at (319,2) size 461x24 [border: (1px inset #808080)] [r=0 c=1 rs=1 cs=1]
              RenderText {#text} at (2,2) size 11x19
                text run at (2,2) width 11: "X"
