layer at (0,0) size 785x1453
  RenderView at (0,0) size 785x600
layer at (0,0) size 785x1453
  RenderBlock {HTML} at (0,0) size 785x1453
    RenderBody {BODY} at (8,8) size 769x1437
      RenderTable {TABLE} at (0,0) size 200x122 [bgcolor=#FFA500] [border: (10px solid #0000FF)]
        RenderBlock {CAPTION} at (0,0) size 150x20
          RenderText {#text} at (22,0) size 106x19
            text run at (22,0) width 106: "clip at table-outer"
        RenderTableSection {TBODY} at (25,45) size 150x52
          RenderTableRow {TR} at (0,15) size 150x22
            RenderTableCell {TD} at (15,15) size 52x22 [bgcolor=#FFFF00] [r=0 c=0 rs=1 cs=1]
              RenderText {#text} at (1,1) size 28x19
                text run at (1,1) width 28: "cell1"
            RenderTableCell {TD} at (82,15) size 53x22 [bgcolor=#FFFF00] [r=0 c=1 rs=1 cs=1]
              RenderText {#text} at (1,1) size 123x19
                text run at (1,1) width 123: "contentwithoutspace"
      RenderBlock (anonymous) at (0,122) size 769x20
        RenderBR {BR} at (0,0) size 0x19
      RenderTable {TABLE} at (0,264) size 200x159 [bgcolor=#FFA500] [border: (10px solid #0000FF)]
        RenderBlock {CAPTION} at (0,0) size 150x20
          RenderText {#text} at (50,0) size 49x19
            text run at (50,0) width 49: "clip at tr"
        RenderTableSection {TBODY} at (25,45) size 150x89
          RenderTableRow {TR} at (0,52) size 150x22
            RenderTableCell {TD} at (15,52) size 52x22 [bgcolor=#FFFF00] [r=1 c=0 rs=1 cs=1]
              RenderText {#text} at (1,1) size 28x19
                text run at (1,1) width 28: "cell1"
            RenderTableCell {TD} at (82,52) size 53x22 [bgcolor=#FFFF00] [r=1 c=1 rs=1 cs=1]
              RenderText {#text} at (1,1) size 123x19
                text run at (1,1) width 123: "contentwithoutspace"
      RenderTable {TABLE} at (0,423) size 200x159 [bgcolor=#FFA500] [border: (10px solid #0000FF)]
        RenderTableCol {COLGROUP} at (0,0) size 0x0
          RenderTableCol {COL} at (0,0) size 0x0
          RenderTableCol {COL} at (0,0) size 0x0
        RenderBlock {CAPTION} at (0,0) size 150x20
          RenderText {#text} at (41,0) size 68x19
            text run at (41,0) width 68: "clip column"
        RenderTableSection {TBODY} at (25,45) size 150x89
          RenderTableRow {TR} at (0,15) size 150x22
            RenderTableCell {TD} at (15,15) size 52x22 [bgcolor=#FFFF00] [r=0 c=0 rs=1 cs=1]
              RenderText {#text} at (1,1) size 28x19
                text run at (1,1) width 28: "cell1"
            RenderTableCell {TD} at (82,15) size 53x22 [bgcolor=#FFFF00] [r=0 c=1 rs=1 cs=1]
              RenderText {#text} at (1,1) size 123x19
                text run at (1,1) width 123: "contentwithoutspace"
          RenderTableRow {TR} at (0,52) size 150x22
            RenderTableCell {TD} at (15,52) size 52x22 [bgcolor=#FFFF00] [r=1 c=0 rs=1 cs=1]
              RenderText {#text} at (1,1) size 28x19
                text run at (1,1) width 28: "cell1"
            RenderTableCell {TD} at (82,52) size 53x22 [bgcolor=#FFFF00] [r=1 c=1 rs=1 cs=1]
              RenderText {#text} at (1,1) size 123x19
                text run at (1,1) width 123: "contentwithoutspace"
      RenderTable {TABLE} at (0,582) size 200x159 [bgcolor=#FFA500] [border: (10px solid #0000FF)]
        RenderTableCol {COLGROUP} at (0,0) size 0x0
          RenderTableCol {COL} at (0,0) size 0x0
        RenderTableCol {COLGROUP} at (0,0) size 0x0
          RenderTableCol {COL} at (0,0) size 0x0
        RenderBlock {CAPTION} at (0,0) size 150x20
          RenderText {#text} at (23,0) size 103x19
            text run at (23,0) width 103: "clip columngroup"
        RenderTableSection {TBODY} at (25,45) size 150x89
          RenderTableRow {TR} at (0,15) size 150x22
            RenderTableCell {TD} at (15,15) size 52x22 [bgcolor=#FFFF00] [r=0 c=0 rs=1 cs=1]
              RenderText {#text} at (1,1) size 28x19
                text run at (1,1) width 28: "cell1"
            RenderTableCell {TD} at (82,15) size 53x22 [bgcolor=#FFFF00] [r=0 c=1 rs=1 cs=1]
              RenderText {#text} at (1,1) size 123x19
                text run at (1,1) width 123: "contentwithoutspace"
          RenderTableRow {TR} at (0,52) size 150x22
            RenderTableCell {TD} at (15,52) size 52x22 [bgcolor=#FFFF00] [r=1 c=0 rs=1 cs=1]
              RenderText {#text} at (1,1) size 28x19
                text run at (1,1) width 28: "cell1"
            RenderTableCell {TD} at (82,52) size 53x22 [bgcolor=#FFFF00] [r=1 c=1 rs=1 cs=1]
              RenderText {#text} at (1,1) size 123x19
                text run at (1,1) width 123: "contentwithoutspace"
      RenderTable {TABLE} at (0,741) size 200x174 [bgcolor=#FFA500] [border: (10px solid #0000FF)]
        RenderBlock {CAPTION} at (0,0) size 150x20
          RenderText {#text} at (46,0) size 58x19
            text run at (46,0) width 58: "clip thead"
        RenderTableSection {TBODY} at (25,97) size 150x52
          RenderTableRow {TR} at (0,15) size 150x22
            RenderTableCell {TD} at (15,15) size 52x22 [bgcolor=#FFFF00] [r=0 c=0 rs=1 cs=1]
              RenderText {#text} at (1,1) size 28x19
                text run at (1,1) width 28: "cell1"
            RenderTableCell {TD} at (82,15) size 53x22 [bgcolor=#FFFF00] [r=0 c=1 rs=1 cs=1]
              RenderText {#text} at (1,1) size 123x19
                text run at (1,1) width 123: "contentwithoutspace"
      RenderTable {TABLE} at (0,915) size 200x174 [bgcolor=#FFA500] [border: (10px solid #0000FF)]
        RenderBlock {CAPTION} at (0,0) size 150x20
          RenderText {#text} at (45,0) size 60x19
            text run at (45,0) width 60: "clip tbody"
        RenderTableSection {THEAD} at (25,45) size 150x52
          RenderTableRow {TR} at (0,15) size 150x22
            RenderTableCell {TD} at (15,15) size 52x22 [bgcolor=#FFFF00] [r=0 c=0 rs=1 cs=1]
              RenderText {#text} at (1,1) size 28x19
                text run at (1,1) width 28: "cell1"
            RenderTableCell {TD} at (82,15) size 53x22 [bgcolor=#FFFF00] [r=0 c=1 rs=1 cs=1]
              RenderText {#text} at (1,1) size 123x19
                text run at (1,1) width 123: "contentwithoutspace"
      RenderTable {TABLE} at (0,1089) size 200x174 [bgcolor=#FFA500] [border: (10px solid #0000FF)]
        RenderBlock {CAPTION} at (0,0) size 150x20
          RenderText {#text} at (48,0) size 53x19
            text run at (48,0) width 53: "clip tfoot"
        RenderTableSection {TBODY} at (25,45) size 150x52
          RenderTableRow {TR} at (0,15) size 150x22
            RenderTableCell {TD} at (15,15) size 52x22 [bgcolor=#FFFF00] [r=0 c=0 rs=1 cs=1]
              RenderText {#text} at (1,1) size 28x19
                text run at (1,1) width 28: "cell1"
            RenderTableCell {TD} at (82,15) size 53x22 [bgcolor=#FFFF00] [r=0 c=1 rs=1 cs=1]
              RenderText {#text} at (1,1) size 123x19
                text run at (1,1) width 123: "contentwithoutspace"
      RenderTable {TABLE} at (0,1263) size 200x174 [bgcolor=#FFA500] [border: (10px solid #0000FF)]
        RenderBlock {CAPTION} at (0,0) size 150x20
          RenderText {#text} at (56,0) size 37x19
            text run at (56,0) width 37: "clip td"
        RenderTableSection {TBODY} at (25,45) size 150x52
          RenderTableRow {TR} at (0,15) size 150x22
            RenderTableCell {TD} at (15,15) size 52x22 [bgcolor=#FFFF00] [r=0 c=0 rs=1 cs=1]
              RenderText {#text} at (1,1) size 28x19
                text run at (1,1) width 28: "cell1"
            RenderTableCell {TD} at (82,15) size 53x22 [bgcolor=#FFFF00] [r=0 c=1 rs=1 cs=1]
              RenderText {#text} at (1,1) size 123x19
                text run at (1,1) width 123: "contentwithoutspace"
layer at (8,150) size 200x122 clip at (18,150) size 180x122 scrollWidth 221
  RenderTable {TABLE} at (0,142) size 200x122 [bgcolor=#FFA500] [border: (10px solid #0000FF)]
    RenderBlock {CAPTION} at (0,0) size 150x20
      RenderText {#text} at (40,0) size 69x19
        text run at (40,0) width 69: "clip at table"
    RenderTableSection {TBODY} at (25,45) size 150x52
      RenderTableRow {TR} at (0,15) size 150x22
        RenderTableCell {TD} at (15,15) size 52x22 [bgcolor=#FFFF00] [r=0 c=0 rs=1 cs=1]
          RenderText {#text} at (1,1) size 28x19
            text run at (1,1) width 28: "cell1"
        RenderTableCell {TD} at (82,15) size 53x22 [bgcolor=#FFFF00] [r=0 c=1 rs=1 cs=1]
          RenderText {#text} at (1,1) size 123x19
            text run at (1,1) width 123: "contentwithoutspace"
layer at (33,332) size 150x22
  RenderTableRow {TR} at (0,15) size 150x22
    RenderTableCell {TD} at (15,15) size 52x22 [bgcolor=#FFFF00] [r=0 c=0 rs=1 cs=1]
      RenderText {#text} at (1,1) size 28x19
        text run at (1,1) width 28: "cell1"
    RenderTableCell {TD} at (82,15) size 53x22 [bgcolor=#FFFF00] [r=0 c=1 rs=1 cs=1]
      RenderText {#text} at (1,1) size 123x19
        text run at (1,1) width 123: "contentwithoutspace"
layer at (33,794) size 150x52 scrollWidth 206
  RenderTableSection {THEAD} at (25,45) size 150x52
    RenderTableRow {TR} at (0,15) size 150x22
      RenderTableCell {TD} at (15,15) size 52x22 [bgcolor=#FFFF00] [r=0 c=0 rs=1 cs=1]
        RenderText {#text} at (1,1) size 28x19
          text run at (1,1) width 28: "cell1"
      RenderTableCell {TD} at (82,15) size 53x22 [bgcolor=#FFFF00] [r=0 c=1 rs=1 cs=1]
        RenderText {#text} at (1,1) size 123x19
          text run at (1,1) width 123: "contentwithoutspace"
layer at (33,1020) size 150x52 scrollWidth 206
  RenderTableSection {TBODY} at (25,97) size 150x52
    RenderTableRow {TR} at (0,15) size 150x22
      RenderTableCell {TD} at (15,15) size 52x22 [bgcolor=#FFFF00] [r=0 c=0 rs=1 cs=1]
        RenderText {#text} at (1,1) size 28x19
          text run at (1,1) width 28: "cell1"
      RenderTableCell {TD} at (82,15) size 53x22 [bgcolor=#FFFF00] [r=0 c=1 rs=1 cs=1]
        RenderText {#text} at (1,1) size 123x19
          text run at (1,1) width 123: "contentwithoutspace"
layer at (33,1194) size 150x52 scrollWidth 206
  RenderTableSection {TFOOT} at (25,97) size 150x52
    RenderTableRow {TR} at (0,15) size 150x22
      RenderTableCell {TD} at (15,15) size 52x22 [bgcolor=#FFFF00] [r=0 c=0 rs=1 cs=1]
        RenderText {#text} at (1,1) size 28x19
          text run at (1,1) width 28: "cell1"
      RenderTableCell {TD} at (82,15) size 53x22 [bgcolor=#FFFF00] [r=0 c=1 rs=1 cs=1]
        RenderText {#text} at (1,1) size 123x19
          text run at (1,1) width 123: "contentwithoutspace"
layer at (33,1368) size 150x52
  RenderTableSection {TFOOT} at (25,97) size 150x52
    RenderTableRow {TR} at (0,15) size 150x22
      RenderTableCell {TD} at (15,15) size 52x22 [bgcolor=#FFFF00] [r=0 c=0 rs=1 cs=1]
        RenderText {#text} at (1,1) size 28x19
          text run at (1,1) width 28: "cell1"
layer at (115,1383) size 53x22 scrollWidth 125
  RenderTableCell {TD} at (82,15) size 53x22 [bgcolor=#FFFF00] [r=0 c=1 rs=1 cs=1]
    RenderText {#text} at (1,1) size 123x19
      text run at (1,1) width 123: "contentwithoutspace"
