layer at (0,0) size 800x600
  RenderView at (0,0) size 800x600
layer at (0,0) size 800x600
  RenderBlock {HTML} at (0,0) size 800x600
    RenderBody {BODY} at (8,8) size 784x584
      RenderBlock {P} at (0,0) size 784x20
        RenderText {#text} at (0,0) size 130x19
          text run at (0,0) width 130: "A paragraph of text"
      RenderTable {TABLE} at (0,36) size 264x370 [border: (1px outset #808080)]
        RenderTableSection {THEAD} at (1,1) size 262x28
          RenderTableRow {TR} at (0,2) size 262x24
            RenderTableCell {TH} at (2,2) size 63x24 [border: (1px inset #808080)] [r=0 c=0 rs=1 cs=1]
              RenderText {#text} at (2,2) size 59x19
                text run at (2,2) width 59: "column 1"
            RenderTableCell {TH} at (67,2) size 63x24 [border: (1px inset #808080)] [r=0 c=1 rs=1 cs=1]
              RenderText {#text} at (2,2) size 59x19
                text run at (2,2) width 59: "column 2"
            RenderTableCell {TH} at (132,2) size 63x24 [border: (1px inset #808080)] [r=0 c=2 rs=1 cs=1]
              RenderText {#text} at (2,2) size 59x19
                text run at (2,2) width 59: "column 3"
            RenderTableCell {TH} at (197,2) size 63x24 [border: (1px inset #808080)] [r=0 c=3 rs=1 cs=1]
              RenderText {#text} at (2,2) size 59x19
                text run at (2,2) width 59: "column 4"
        RenderTableSection {TBODY} at (1,29) size 262x340
          RenderTableRow {TR} at (0,2) size 262x24
            RenderTableCell {TD} at (2,2) size 63x24 [border: (1px inset #808080)] [r=0 c=0 rs=1 cs=1]
              RenderText {#text} at (2,2) size 22x19
                text run at (2,2) width 22: "one"
            RenderTableCell {TD} at (67,2) size 63x24 [border: (1px inset #808080)] [r=0 c=1 rs=1 cs=1]
              RenderText {#text} at (2,2) size 23x19
                text run at (2,2) width 23: "two"
            RenderTableCell {TD} at (132,2) size 63x24 [border: (1px inset #808080)] [r=0 c=2 rs=1 cs=1]
              RenderText {#text} at (2,2) size 30x19
                text run at (2,2) width 30: "three"
            RenderTableCell {TD} at (197,2) size 63x24 [border: (1px inset #808080)] [r=0 c=3 rs=1 cs=1]
              RenderText {#text} at (2,2) size 24x19
                text run at (2,2) width 24: "four"
          RenderTableRow {TR} at (0,28) size 262x24
            RenderTableCell {TD} at (2,28) size 63x24 [border: (1px inset #808080)] [r=1 c=0 rs=1 cs=1]
              RenderText {#text} at (2,2) size 22x19
                text run at (2,2) width 22: "one"
            RenderTableCell {TD} at (67,28) size 63x24 [border: (1px inset #808080)] [r=1 c=1 rs=1 cs=1]
              RenderText {#text} at (2,2) size 23x19
                text run at (2,2) width 23: "two"
            RenderTableCell {TD} at (132,28) size 63x24 [border: (1px inset #808080)] [r=1 c=2 rs=1 cs=1]
              RenderText {#text} at (2,2) size 30x19
                text run at (2,2) width 30: "three"
            RenderTableCell {TD} at (197,28) size 63x24 [border: (1px inset #808080)] [r=1 c=3 rs=1 cs=1]
              RenderText {#text} at (2,2) size 24x19
                text run at (2,2) width 24: "four"
          RenderTableRow {TR} at (0,54) size 262x24
            RenderTableCell {TD} at (2,54) size 63x24 [border: (1px inset #808080)] [r=2 c=0 rs=1 cs=1]
              RenderText {#text} at (2,2) size 22x19
                text run at (2,2) width 22: "one"
            RenderTableCell {TD} at (67,54) size 63x24 [border: (1px inset #808080)] [r=2 c=1 rs=1 cs=1]
              RenderText {#text} at (2,2) size 23x19
                text run at (2,2) width 23: "two"
            RenderTableCell {TD} at (132,54) size 63x24 [border: (1px inset #808080)] [r=2 c=2 rs=1 cs=1]
              RenderText {#text} at (2,2) size 30x19
                text run at (2,2) width 30: "three"
            RenderTableCell {TD} at (197,54) size 63x24 [border: (1px inset #808080)] [r=2 c=3 rs=1 cs=1]
              RenderText {#text} at (2,2) size 24x19
                text run at (2,2) width 24: "four"
          RenderTableRow {TR} at (0,80) size 262x24
            RenderTableCell {TD} at (2,80) size 63x24 [border: (1px inset #808080)] [r=3 c=0 rs=1 cs=1]
              RenderText {#text} at (2,2) size 22x19
                text run at (2,2) width 22: "one"
            RenderTableCell {TD} at (67,80) size 63x24 [border: (1px inset #808080)] [r=3 c=1 rs=1 cs=1]
              RenderText {#text} at (2,2) size 23x19
                text run at (2,2) width 23: "two"
            RenderTableCell {TD} at (132,80) size 63x24 [border: (1px inset #808080)] [r=3 c=2 rs=1 cs=1]
              RenderText {#text} at (2,2) size 30x19
                text run at (2,2) width 30: "three"
            RenderTableCell {TD} at (197,80) size 63x24 [border: (1px inset #808080)] [r=3 c=3 rs=1 cs=1]
              RenderText {#text} at (2,2) size 24x19
                text run at (2,2) width 24: "four"
          RenderTableRow {TR} at (0,106) size 262x24
            RenderTableCell {TD} at (2,106) size 63x24 [border: (1px inset #808080)] [r=4 c=0 rs=1 cs=1]
              RenderText {#text} at (2,2) size 22x19
                text run at (2,2) width 22: "one"
            RenderTableCell {TD} at (67,106) size 63x24 [border: (1px inset #808080)] [r=4 c=1 rs=1 cs=1]
              RenderText {#text} at (2,2) size 23x19
                text run at (2,2) width 23: "two"
            RenderTableCell {TD} at (132,106) size 63x24 [border: (1px inset #808080)] [r=4 c=2 rs=1 cs=1]
              RenderText {#text} at (2,2) size 30x19
                text run at (2,2) width 30: "three"
            RenderTableCell {TD} at (197,106) size 63x24 [border: (1px inset #808080)] [r=4 c=3 rs=1 cs=1]
              RenderText {#text} at (2,2) size 24x19
                text run at (2,2) width 24: "four"
          RenderTableRow {TR} at (0,132) size 262x24
            RenderTableCell {TD} at (2,132) size 63x24 [border: (1px inset #808080)] [r=5 c=0 rs=1 cs=1]
              RenderText {#text} at (2,2) size 22x19
                text run at (2,2) width 22: "one"
            RenderTableCell {TD} at (67,132) size 63x24 [border: (1px inset #808080)] [r=5 c=1 rs=1 cs=1]
              RenderText {#text} at (2,2) size 23x19
                text run at (2,2) width 23: "two"
            RenderTableCell {TD} at (132,132) size 63x24 [border: (1px inset #808080)] [r=5 c=2 rs=1 cs=1]
              RenderText {#text} at (2,2) size 30x19
                text run at (2,2) width 30: "three"
            RenderTableCell {TD} at (197,132) size 63x24 [border: (1px inset #808080)] [r=5 c=3 rs=1 cs=1]
              RenderText {#text} at (2,2) size 24x19
                text run at (2,2) width 24: "four"
          RenderTableRow {TR} at (0,158) size 262x24
            RenderTableCell {TD} at (2,158) size 63x24 [border: (1px inset #808080)] [r=6 c=0 rs=1 cs=1]
              RenderText {#text} at (2,2) size 22x19
                text run at (2,2) width 22: "one"
            RenderTableCell {TD} at (67,158) size 63x24 [border: (1px inset #808080)] [r=6 c=1 rs=1 cs=1]
              RenderText {#text} at (2,2) size 23x19
                text run at (2,2) width 23: "two"
            RenderTableCell {TD} at (132,158) size 63x24 [border: (1px inset #808080)] [r=6 c=2 rs=1 cs=1]
              RenderText {#text} at (2,2) size 30x19
                text run at (2,2) width 30: "three"
            RenderTableCell {TD} at (197,158) size 63x24 [border: (1px inset #808080)] [r=6 c=3 rs=1 cs=1]
              RenderText {#text} at (2,2) size 24x19
                text run at (2,2) width 24: "four"
          RenderTableRow {TR} at (0,184) size 262x24
            RenderTableCell {TD} at (2,184) size 63x24 [border: (1px inset #808080)] [r=7 c=0 rs=1 cs=1]
              RenderText {#text} at (2,2) size 22x19
                text run at (2,2) width 22: "one"
            RenderTableCell {TD} at (67,184) size 63x24 [border: (1px inset #808080)] [r=7 c=1 rs=1 cs=1]
              RenderText {#text} at (2,2) size 23x19
                text run at (2,2) width 23: "two"
            RenderTableCell {TD} at (132,184) size 63x24 [border: (1px inset #808080)] [r=7 c=2 rs=1 cs=1]
              RenderText {#text} at (2,2) size 30x19
                text run at (2,2) width 30: "three"
            RenderTableCell {TD} at (197,184) size 63x24 [border: (1px inset #808080)] [r=7 c=3 rs=1 cs=1]
              RenderText {#text} at (2,2) size 24x19
                text run at (2,2) width 24: "four"
          RenderTableRow {TR} at (0,210) size 262x24
            RenderTableCell {TD} at (2,210) size 63x24 [border: (1px inset #808080)] [r=8 c=0 rs=1 cs=1]
              RenderText {#text} at (2,2) size 22x19
                text run at (2,2) width 22: "one"
            RenderTableCell {TD} at (67,210) size 63x24 [border: (1px inset #808080)] [r=8 c=1 rs=1 cs=1]
              RenderText {#text} at (2,2) size 23x19
                text run at (2,2) width 23: "two"
            RenderTableCell {TD} at (132,210) size 63x24 [border: (1px inset #808080)] [r=8 c=2 rs=1 cs=1]
              RenderText {#text} at (2,2) size 30x19
                text run at (2,2) width 30: "three"
            RenderTableCell {TD} at (197,210) size 63x24 [border: (1px inset #808080)] [r=8 c=3 rs=1 cs=1]
              RenderText {#text} at (2,2) size 24x19
                text run at (2,2) width 24: "four"
          RenderTableRow {TR} at (0,236) size 262x24
            RenderTableCell {TD} at (2,236) size 63x24 [border: (1px inset #808080)] [r=9 c=0 rs=1 cs=1]
              RenderText {#text} at (2,2) size 22x19
                text run at (2,2) width 22: "one"
            RenderTableCell {TD} at (67,236) size 63x24 [border: (1px inset #808080)] [r=9 c=1 rs=1 cs=1]
              RenderText {#text} at (2,2) size 23x19
                text run at (2,2) width 23: "two"
            RenderTableCell {TD} at (132,236) size 63x24 [border: (1px inset #808080)] [r=9 c=2 rs=1 cs=1]
              RenderText {#text} at (2,2) size 30x19
                text run at (2,2) width 30: "three"
            RenderTableCell {TD} at (197,236) size 63x24 [border: (1px inset #808080)] [r=9 c=3 rs=1 cs=1]
              RenderText {#text} at (2,2) size 24x19
                text run at (2,2) width 24: "four"
          RenderTableRow {TR} at (0,262) size 262x24
            RenderTableCell {TD} at (2,262) size 63x24 [border: (1px inset #808080)] [r=10 c=0 rs=1 cs=1]
              RenderText {#text} at (2,2) size 22x19
                text run at (2,2) width 22: "one"
            RenderTableCell {TD} at (67,262) size 63x24 [border: (1px inset #808080)] [r=10 c=1 rs=1 cs=1]
              RenderText {#text} at (2,2) size 23x19
                text run at (2,2) width 23: "two"
            RenderTableCell {TD} at (132,262) size 63x24 [border: (1px inset #808080)] [r=10 c=2 rs=1 cs=1]
              RenderText {#text} at (2,2) size 30x19
                text run at (2,2) width 30: "three"
            RenderTableCell {TD} at (197,262) size 63x24 [border: (1px inset #808080)] [r=10 c=3 rs=1 cs=1]
              RenderText {#text} at (2,2) size 24x19
                text run at (2,2) width 24: "four"
          RenderTableRow {TR} at (0,288) size 262x24
            RenderTableCell {TD} at (2,288) size 63x24 [border: (1px inset #808080)] [r=11 c=0 rs=1 cs=1]
              RenderText {#text} at (2,2) size 22x19
                text run at (2,2) width 22: "one"
            RenderTableCell {TD} at (67,288) size 63x24 [border: (1px inset #808080)] [r=11 c=1 rs=1 cs=1]
              RenderText {#text} at (2,2) size 23x19
                text run at (2,2) width 23: "two"
            RenderTableCell {TD} at (132,288) size 63x24 [border: (1px inset #808080)] [r=11 c=2 rs=1 cs=1]
              RenderText {#text} at (2,2) size 30x19
                text run at (2,2) width 30: "three"
            RenderTableCell {TD} at (197,288) size 63x24 [border: (1px inset #808080)] [r=11 c=3 rs=1 cs=1]
              RenderText {#text} at (2,2) size 24x19
                text run at (2,2) width 24: "four"
          RenderTableRow {TR} at (0,314) size 262x24
            RenderTableCell {TD} at (2,314) size 63x24 [border: (1px inset #808080)] [r=12 c=0 rs=1 cs=1]
              RenderText {#text} at (2,2) size 22x19
                text run at (2,2) width 22: "one"
            RenderTableCell {TD} at (67,314) size 63x24 [border: (1px inset #808080)] [r=12 c=1 rs=1 cs=1]
              RenderText {#text} at (2,2) size 23x19
                text run at (2,2) width 23: "two"
            RenderTableCell {TD} at (132,314) size 63x24 [border: (1px inset #808080)] [r=12 c=2 rs=1 cs=1]
              RenderText {#text} at (2,2) size 30x19
                text run at (2,2) width 30: "three"
            RenderTableCell {TD} at (197,314) size 63x24 [border: (1px inset #808080)] [r=12 c=3 rs=1 cs=1]
              RenderText {#text} at (2,2) size 24x19
                text run at (2,2) width 24: "four"
