layer at (0,0) size 800x600
  RenderView at (0,0) size 800x600
layer at (0,0) size 800x600
  RenderBlock {HTML} at (0,0) size 800x600
    RenderBody {BODY} at (8,8) size 784x584
      RenderBlock (anonymous) at (0,0) size 784x20
        RenderText {#text} at (0,0) size 4x19
          text run at (0,0) width 4: " "
      RenderTable {TABLE} at (0,20) size 65x56 [border: (1px outset #808080)]
        RenderTableSection {TBODY} at (1,1) size 63x54
          RenderTableRow {TR} at (0,2) size 63x0
            RenderTableCell {TD} at (2,2) size 59x24 [border: (1px inset #808080)] [r=0 c=0 rs=2 cs=1]
              RenderText {#text} at (2,2) size 55x19
                text run at (2,2) width 55: "First row"
          RenderTableRow {TR} at (0,4) size 63x22
          RenderTableRow {TR} at (0,28) size 63x24
            RenderTableCell {TD} at (2,28) size 59x24 [border: (1px inset #808080)] [r=2 c=0 rs=1 cs=1]
              RenderText {#text} at (2,2) size 54x19
                text run at (2,2) width 54: "Last row"
      RenderBlock (anonymous) at (0,76) size 784x20
        RenderText {#text} at (0,0) size 4x19
          text run at (0,0) width 4: " "
        RenderText {#text} at (4,0) size 4x19
          text run at (4,0) width 4: " "
      RenderTable {TABLE} at (0,96) size 65x56 [border: (1px outset #808080)]
        RenderTableSection {TBODY} at (1,1) size 63x54
          RenderTableRow {TR} at (0,2) size 63x0
            RenderTableCell {TD} at (2,2) size 59x24 [border: (1px inset #808080)] [r=0 c=0 rs=3 cs=1]
              RenderText {#text} at (2,2) size 55x19
                text run at (2,2) width 55: "First row"
          RenderTableRow {TR} at (0,4) size 63x0
          RenderTableRow {TR} at (0,6) size 63x20
          RenderTableRow {TR} at (0,28) size 63x24
            RenderTableCell {TD} at (2,28) size 59x24 [border: (1px inset #808080)] [r=3 c=0 rs=1 cs=1]
              RenderText {#text} at (2,2) size 54x19
                text run at (2,2) width 54: "Last row"
      RenderBlock (anonymous) at (0,152) size 784x20
        RenderText {#text} at (0,0) size 4x19
          text run at (0,0) width 4: " "
        RenderText {#text} at (4,0) size 4x19
          text run at (4,0) width 4: " "
        RenderText {#text} at (8,0) size 4x19
          text run at (8,0) width 4: " "
      RenderTable {TABLE} at (0,172) size 65x56 [border: (1px outset #808080)]
        RenderTableSection {TBODY} at (1,1) size 63x54
          RenderTableRow {TR} at (0,2) size 63x0
            RenderTableCell {TD} at (2,2) size 59x24 [border: (1px inset #808080)] [r=0 c=0 rs=4 cs=1]
              RenderText {#text} at (2,2) size 55x19
                text run at (2,2) width 55: "First row"
          RenderTableRow {TR} at (0,4) size 63x0
          RenderTableRow {TR} at (0,6) size 63x0
          RenderTableRow {TR} at (0,8) size 63x18
          RenderTableRow {TR} at (0,28) size 63x24
            RenderTableCell {TD} at (2,28) size 59x24 [border: (1px inset #808080)] [r=4 c=0 rs=1 cs=1]
              RenderText {#text} at (2,2) size 54x19
                text run at (2,2) width 54: "Last row"
      RenderBlock (anonymous) at (0,228) size 784x40
        RenderBR {BR} at (0,0) size 0x19
        RenderText {#text} at (0,20) size 101x19
          text run at (0,20) width 101: "an additional test"
      RenderTable {TABLE} at (0,268) size 32x56 [border: (1px outset #808080)]
        RenderTableSection {TBODY} at (1,1) size 30x54
          RenderTableRow {TR} at (0,2) size 30x0
            RenderTableCell {TD} at (2,2) size 26x24 [border: (1px inset #808080)] [r=0 c=0 rs=2 cs=1]
              RenderText {#text} at (2,2) size 8x19
                text run at (2,2) width 8: "1"
          RenderTableRow {TR} at (0,4) size 30x22
          RenderTableRow {TR} at (0,28) size 30x24
            RenderTableCell {TD} at (2,28) size 26x24 [border: (1px inset #808080)] [r=2 c=0 rs=1 cs=1]
              RenderText {#text} at (2,2) size 22x19
                text run at (2,2) width 22: "abc"
