layer at (0,0) size 785x909
  RenderView at (0,0) size 785x600
layer at (0,0) size 785x909
  RenderBlock {HTML} at (0,0) size 785x909
    RenderBody {BODY} at (8,8) size 769x893
      RenderBlock (anonymous) at (0,0) size 769x20
        RenderText {#text} at (0,0) size 355x19
          text run at (0,0) width 355: "All of the boxes below should be 20x20 and look identical."
      RenderBlock {H1} at (0,41) size 769x37
        RenderText {#text} at (0,0) size 203x36
          text run at (0,0) width 203: "Normal Blocks"
      RenderBlock {DIV} at (5,99) size 20x20 [color=#FFFFFF] [bgcolor=#FFA500] [border: (2px solid #000000)]
      RenderBlock {DIV} at (5,129) size 20x20 [color=#FFFFFF] [bgcolor=#FFA500] [border: (2px solid #000000)]
      RenderBlock {DIV} at (5,159) size 20x20 [color=#FFFFFF] [bgcolor=#FFA500] [border: (2px solid #000000)]
      RenderBlock {DIV} at (5,189) size 20x20 [color=#FFFFFF] [bgcolor=#FFA500] [border: (2px solid #000000)]
        RenderBR {BR} at (6,6) size 0x19
        RenderBR {BR} at (6,26) size 0x19
        RenderBR {BR} at (6,46) size 0x19
      RenderBlock {H1} at (0,230) size 769x37
        RenderText {#text} at (0,0) size 177x36
          text run at (0,0) width 177: "Inline Blocks"
      RenderBlock (anonymous) at (0,288) size 769x40
        RenderBlock {DIV} at (5,10) size 20x20 [color=#FFFFFF] [bgcolor=#FFA500] [border: (2px solid #000000)]
        RenderBlock {DIV} at (35,10) size 20x20 [color=#FFFFFF] [bgcolor=#FFA500] [border: (2px solid #000000)]
        RenderBlock {DIV} at (65,10) size 20x20 [color=#FFFFFF] [bgcolor=#FFA500] [border: (2px solid #000000)]
        RenderBlock {DIV} at (95,10) size 20x20 [color=#FFFFFF] [bgcolor=#FFA500] [border: (2px solid #000000)]
          RenderBR {BR} at (6,6) size 0x19
          RenderBR {BR} at (6,26) size 0x19
          RenderBR {BR} at (6,46) size 0x19
        RenderText {#text} at (0,0) size 0x0
      RenderBlock {H1} at (0,349) size 769x37
        RenderText {#text} at (0,0) size 241x36
          text run at (0,0) width 241: "Positioned Blocks"
      RenderBlock (anonymous) at (0,407) size 769x20
        RenderBR {BR} at (0,0) size 0x19
      RenderBlock {H1} at (0,448) size 769x37
        RenderText {#text} at (0,0) size 209x36
          text run at (0,0) width 209: "Floating blocks"
      RenderBlock (floating) {DIV} at (5,516) size 20x20 [color=#FFFFFF] [bgcolor=#FFA500] [border: (2px solid #000000)]
      RenderBlock (floating) {DIV} at (35,516) size 20x20 [color=#FFFFFF] [bgcolor=#FFA500] [border: (2px solid #000000)]
      RenderBlock (floating) {DIV} at (65,516) size 20x20 [color=#FFFFFF] [bgcolor=#FFA500] [border: (2px solid #000000)]
      RenderBlock (floating) {DIV} at (95,516) size 20x20 [color=#FFFFFF] [bgcolor=#FFA500] [border: (2px solid #000000)]
        RenderBR {BR} at (6,6) size 0x19
        RenderBR {BR} at (6,26) size 0x19
        RenderBR {BR} at (6,46) size 0x19
      RenderBlock (anonymous) at (0,506) size 769x40
        RenderBR {BR} at (120,0) size 0x19
      RenderBlock {H1} at (0,567) size 769x37
        RenderText {#text} at (0,0) size 209x36
          text run at (0,0) width 209: "Normal Images"
      RenderBlock (anonymous) at (0,625) size 769x40
        RenderImage {IMG} at (5,10) size 20x20 [color=#FFFFFF] [bgcolor=#FFA500] [border: (2px solid #000000)]
        RenderImage {IMG} at (35,10) size 20x20 [color=#FFFFFF] [bgcolor=#FFA500] [border: (2px solid #000000)]
        RenderImage {IMG} at (65,10) size 20x20 [color=#FFFFFF] [bgcolor=#FFA500] [border: (2px solid #000000)]
        RenderImage {IMG} at (95,10) size 20x20 [color=#FFFFFF] [bgcolor=#FFA500] [border: (2px solid #000000)]
        RenderText {#text} at (0,0) size 0x0
      RenderBlock {H1} at (0,686) size 769x37
        RenderText {#text} at (0,0) size 247x36
          text run at (0,0) width 247: "Positioned Images"
      RenderBlock (anonymous) at (0,744) size 769x20
        RenderBR {BR} at (0,0) size 0x19
      RenderBlock {H1} at (0,785) size 769x37
        RenderText {#text} at (0,0) size 219x36
          text run at (0,0) width 219: "Floating Images"
      RenderImage {IMG} at (5,853) size 20x20 [color=#FFFFFF] [bgcolor=#FFA500] [border: (2px solid #000000)]
      RenderImage {IMG} at (35,853) size 20x20 [color=#FFFFFF] [bgcolor=#FFA500] [border: (2px solid #000000)]
      RenderImage {IMG} at (65,853) size 20x20 [color=#FFFFFF] [bgcolor=#FFA500] [border: (2px solid #000000)]
      RenderImage {IMG} at (95,853) size 20x20 [color=#FFFFFF] [bgcolor=#FFA500] [border: (2px solid #000000)]
      RenderBlock (anonymous) at (0,843) size 769x40
        RenderBR {BR} at (120,0) size 0x19
      RenderBlock {HR} at (0,891) size 769x2 [border: (1px inset #000000)]
layer at (13,415) size 20x20
  RenderBlock (positioned) {DIV} at (13,415) size 20x20 [color=#FFFFFF] [bgcolor=#FFA500] [border: (2px solid #000000)]
layer at (43,415) size 20x20
  RenderBlock (positioned) {DIV} at (43,415) size 20x20 [color=#FFFFFF] [bgcolor=#FFA500] [border: (2px solid #000000)]
layer at (73,415) size 20x20
  RenderBlock (positioned) {DIV} at (73,415) size 20x20 [color=#FFFFFF] [bgcolor=#FFA500] [border: (2px solid #000000)]
layer at (103,415) size 20x66
  RenderBlock (positioned) {DIV} at (103,415) size 20x20 [color=#FFFFFF] [bgcolor=#FFA500] [border: (2px solid #000000)]
    RenderBR {BR} at (6,6) size 0x19
    RenderBR {BR} at (6,26) size 0x19
    RenderBR {BR} at (6,46) size 0x19
layer at (13,752) size 20x20
  RenderImage {IMG} at (13,752) size 20x20 [color=#FFFFFF] [bgcolor=#FFA500] [border: (2px solid #000000)]
layer at (43,752) size 20x20
  RenderImage {IMG} at (43,752) size 20x20 [color=#FFFFFF] [bgcolor=#FFA500] [border: (2px solid #000000)]
layer at (73,752) size 20x20
  RenderImage {IMG} at (73,752) size 20x20 [color=#FFFFFF] [bgcolor=#FFA500] [border: (2px solid #000000)]
layer at (103,752) size 20x20
  RenderImage {IMG} at (103,752) size 20x20 [color=#FFFFFF] [bgcolor=#FFA500] [border: (2px solid #000000)]
