layer at (0,0) size 800x600
  RenderView at (0,0) size 800x600
layer at (0,0) size 800x600
  RenderBlock {HTML} at (0,0) size 800x600
    RenderBody {BODY} at (8,8) size 784x584
      RenderBlock (anonymous) at (0,0) size 784x20
        RenderInline {SPAN} at (0,0) size 89x19
          RenderInline {B} at (0,0) size 89x19
            RenderText {#text} at (0,0) size 89x19
              text run at (0,0) width 89: "This markup:"
          RenderText {#text} at (0,0) size 0x0
      RenderBlock (anonymous) at (0,33) size 784x336
        RenderBlock {XMP} at (0,0) size 784x336
          RenderText {#text} at (0,0) size 568x336
            text run at (0,0) width 40: "<div>"
            text run at (40,0) width 0: " "
            text run at (0,16) width 568: "<table style=\"border-style:solid; border-width:2px; border-color:red;\">"
            text run at (568,16) width 0: " "
            text run at (0,32) width 56: "<thead>"
            text run at (56,32) width 0: " "
            text run at (0,48) width 32: "<tr>"
            text run at (32,48) width 0: " "
            text run at (0,64) width 96: "<td>one</td>"
            text run at (96,64) width 0: " "
            text run at (0,80) width 96: "<td>two</td>"
            text run at (96,80) width 0: " "
            text run at (0,96) width 112: "<td>three</td>"
            text run at (112,96) width 0: " "
            text run at (0,112) width 40: "</tr>"
            text run at (40,112) width 0: " "
            text run at (0,128) width 32: "<tr>"
            text run at (32,128) width 0: " "
            text run at (0,144) width 104: "<td>four</td>"
            text run at (104,144) width 0: " "
            text run at (0,160) width 104: "<td>five</td>"
            text run at (104,160) width 0: " "
            text run at (0,176) width 96: "<td>six</td>"
            text run at (96,176) width 0: " "
            text run at (0,192) width 40: "</tr>"
            text run at (40,192) width 0: " "
            text run at (0,208) width 32: "<tr>"
            text run at (32,208) width 0: " "
            text run at (0,224) width 112: "<td>seven</td>"
            text run at (112,224) width 0: " "
            text run at (0,240) width 112: "<td>eight</td>"
            text run at (112,240) width 0: " "
            text run at (0,256) width 104: "<td>nine</td>"
            text run at (104,256) width 0: " "
            text run at (0,272) width 40: "</tr>"
            text run at (40,272) width 0: " "
            text run at (0,288) width 56: "<tfoot>"
            text run at (56,288) width 0: " "
            text run at (0,304) width 64: "</table>"
            text run at (64,304) width 0: " "
            text run at (0,320) width 48: "</div>"
            text run at (48,320) width 0: " "
      RenderBlock (anonymous) at (0,382) size 784x0
        RenderInline {SPAN} at (0,0) size 0x0
        RenderText {#text} at (0,0) size 0x0
      RenderBlock {DIV} at (0,382) size 784x106
        RenderBlock (anonymous) at (0,0) size 784x20
          RenderInline {B} at (0,0) size 190x19
            RenderText {#text} at (0,0) size 190x19
              text run at (0,0) width 190: "Should produce a table here:"
          RenderInline {SPAN} at (0,0) size 0x19
        RenderBlock (anonymous) at (0,20) size 784x86
          RenderBlock {DIV} at (0,0) size 784x86
            RenderTable {TABLE} at (0,0) size 116x86 [border: (2px solid #FF0000)]
              RenderTableSection {THEAD} at (2,2) size 112x80
                RenderTableRow {TR} at (0,2) size 112x24
                  RenderTableCell {TD} at (2,2) size 38x24 [border: (1px solid #000000)] [r=0 c=0 rs=1 cs=1]
                    RenderText {#text} at (2,2) size 22x19
                      text run at (2,2) width 22: "one"
                  RenderTableCell {TD} at (42,2) size 32x24 [border: (1px solid #000000)] [r=0 c=1 rs=1 cs=1]
                    RenderText {#text} at (2,2) size 23x19
                      text run at (2,2) width 23: "two"
                  RenderTableCell {TD} at (76,2) size 34x24 [border: (1px solid #000000)] [r=0 c=2 rs=1 cs=1]
                    RenderText {#text} at (2,2) size 30x19
                      text run at (2,2) width 30: "three"
                RenderTableRow {TR} at (0,28) size 112x24
                  RenderTableCell {TD} at (2,28) size 38x24 [border: (1px solid #000000)] [r=1 c=0 rs=1 cs=1]
                    RenderText {#text} at (2,2) size 24x19
                      text run at (2,2) width 24: "four"
                  RenderTableCell {TD} at (42,28) size 32x24 [border: (1px solid #000000)] [r=1 c=1 rs=1 cs=1]
                    RenderText {#text} at (2,2) size 21x19
                      text run at (2,2) width 21: "five"
                  RenderTableCell {TD} at (76,28) size 34x24 [border: (1px solid #000000)] [r=1 c=2 rs=1 cs=1]
                    RenderText {#text} at (2,2) size 16x19
                      text run at (2,2) width 16: "six"
                RenderTableRow {TR} at (0,54) size 112x24
                  RenderTableCell {TD} at (2,54) size 38x24 [border: (1px solid #000000)] [r=2 c=0 rs=1 cs=1]
                    RenderText {#text} at (2,2) size 34x19
                      text run at (2,2) width 34: "seven"
                  RenderTableCell {TD} at (42,54) size 32x24 [border: (1px solid #000000)] [r=2 c=1 rs=1 cs=1]
                    RenderText {#text} at (2,2) size 28x19
                      text run at (2,2) width 28: "eight"
                  RenderTableCell {TD} at (76,54) size 34x24 [border: (1px solid #000000)] [r=2 c=2 rs=1 cs=1]
                    RenderText {#text} at (2,2) size 24x19
                      text run at (2,2) width 24: "nine"
              RenderTableSection {TFOOT} at (2,82) size 112x2
        RenderBlock (anonymous) at (0,106) size 784x0
          RenderInline {SPAN} at (0,0) size 0x0
      RenderBlock (anonymous) at (0,488) size 784x20
        RenderBR {BR} at (0,0) size 0x19
