layer at (0,0) size 785x3172
  RenderView at (0,0) size 785x600
layer at (0,0) size 785x3172
  RenderBlock {HTML} at (0,0) size 785x3172
    RenderBody {BODY} at (8,8) size 769x3148
      RenderBlock {P} at (0,0) size 769x20
        RenderText {#text} at (0,0) size 51x19
          text run at (0,0) width 51: "Test for "
        RenderInline {A} at (0,0) size 66x19 [color=#0000EE]
          RenderText {#text} at (51,0) size 66x19
            text run at (51,0) width 66: "bug 12331"
        RenderText {#text} at (117,0) size 4x19
          text run at (117,0) width 4: "."
      RenderBlock {P} at (0,36) size 769x40
        RenderText {#text} at (0,0) size 765x39
          text run at (0,0) width 765: "To test manually, scroll down until you find the input element. Select some text. If the bug occurs, the page will scroll back up to"
          text run at (0,20) width 46: "the top."
      RenderBlock {DIV} at (0,92) size 769x3000
      RenderBlock (anonymous) at (0,3092) size 769x20
        RenderTextControl {INPUT} at (0,0) size 110x20 [bgcolor=#FFFFFF] [border: (2px inset #000000)]
        RenderText {#text} at (0,0) size 0x0
      RenderBlock {P} at (0,3128) size 769x20
        RenderText {#text} at (0,0) size 387x19
          text run at (0,0) width 387: "If the bug does not occur, you'll be left down here at the bottom."
layer at (10,3103) size 106x14 scrollWidth 110
  RenderBlock {DIV} at (2,3) size 106x14
    RenderText {#text} at (1,0) size 108x14
      text run at (1,0) width 108: "select some of this text"
selection start: position 2 of child 0 {#text} of child 0 {DIV} of child 7 {INPUT} of child 1 {BODY} of child 0 {HTML} of document
selection end:   position 20 of child 0 {#text} of child 0 {DIV} of child 7 {INPUT} of child 1 {BODY} of child 0 {HTML} of document
scrolled to 0,2572
