layer at (0,0) size 800x600
  RenderView at (0,0) size 800x600
layer at (0,0) size 800x442
  RenderBlock {HTML} at (0,0) size 800x442
    RenderBody {BODY} at (8,8) size 784x426
      RenderBlock {DIV} at (0,0) size 784x426 [border: (1px solid #FF0000)]
        RenderText {#text} at (1,0) size 156x19
          text run at (1,0) width 156: "Whitespace in option text:"
        RenderMenuList {SELECT} at (157,2) size 53x18 [bgcolor=#FFFFFF]
          RenderBlock (anonymous) at (0,0) size 53x19
            RenderText at (8,2) size 22x14
              text run at (8,2) width 22: "f o o"
        RenderText {#text} at (210,0) size 7x19
          text run at (210,0) width 7: "a"
        RenderMenuList {SELECT} at (217,2) size 53x18 [bgcolor=#FFFFFF]
          RenderBlock (anonymous) at (0,0) size 53x19
            RenderText at (8,2) size 22x14
              text run at (8,2) width 22: "f o o"
        RenderText {#text} at (270,0) size 8x19
          text run at (270,0) width 8: "b"
        RenderBR {BR} at (278,0) size 0x19
        RenderBR {BR} at (1,19) size 0x19
        RenderText {#text} at (1,35) size 128x19
          text run at (1,35) width 128: "Simple select control:"
        RenderMenuList {SELECT} at (129,37) size 47x18 [bgcolor=#FFFFFF]
          RenderBlock (anonymous) at (0,0) size 47x19
            RenderText at (8,2) size 16x14
              text run at (8,2) width 16: "foo"
        RenderText {#text} at (176,35) size 7x19
          text run at (176,35) width 7: "a"
        RenderMenuList {SELECT} at (183,37) size 47x18 [color=#808080] [bgcolor=#FFFFFF]
          RenderBlock (anonymous) at (0,0) size 47x19
            RenderText at (8,2) size 16x14
              text run at (8,2) width 16: "foo"
        RenderText {#text} at (230,35) size 8x19
          text run at (230,35) width 8: "b"
        RenderBR {BR} at (238,35) size 0x19
        RenderBR {BR} at (1,54) size 0x19
        RenderText {#text} at (1,70) size 181x19
          text run at (1,70) width 181: "Line-height should be ignored:"
        RenderMenuList {SELECT} at (182,72) size 47x18 [bgcolor=#FFFFFF]
          RenderBlock (anonymous) at (0,0) size 47x19
            RenderText at (8,2) size 16x14
              text run at (8,2) width 16: "foo"
        RenderText {#text} at (229,70) size 7x19
          text run at (229,70) width 7: "a"
        RenderMenuList {SELECT} at (236,72) size 47x18 [color=#808080] [bgcolor=#FFFFFF]
          RenderBlock (anonymous) at (0,0) size 47x19
            RenderText at (8,2) size 16x14
              text run at (8,2) width 16: "foo"
        RenderText {#text} at (283,70) size 8x19
          text run at (283,70) width 8: "b"
        RenderBR {BR} at (291,70) size 0x19
        RenderBR {BR} at (1,89) size 0x19
        RenderText {#text} at (1,105) size 414x19
          text run at (1,105) width 414: "Padding should be respected, the arrow button shouldn't change size:"
        RenderMenuList {SELECT} at (415,107) size 47x18 [bgcolor=#FFFFFF]
          RenderBlock (anonymous) at (0,0) size 47x19
            RenderText at (8,2) size 16x14
              text run at (8,2) width 16: "foo"
        RenderText {#text} at (462,105) size 7x19
          text run at (462,105) width 7: "a"
        RenderMenuList {SELECT} at (469,107) size 47x18 [color=#808080] [bgcolor=#FFFFFF]
          RenderBlock (anonymous) at (0,0) size 47x19
            RenderText at (8,2) size 16x14
              text run at (8,2) width 16: "foo"
        RenderText {#text} at (516,105) size 8x19
          text run at (516,105) width 8: "b"
        RenderBR {BR} at (524,105) size 0x19
        RenderBR {BR} at (1,124) size 0x19
        RenderText {#text} at (1,140) size 171x19
          text run at (1,140) width 171: "Border should be respected:"
        RenderMenuList {SELECT} at (172,143) size 45x18 [bgcolor=#FFFFFF]
          RenderBlock (anonymous) at (0,0) size 45x17
            RenderText at (8,1) size 16x14
              text run at (8,1) width 16: "foo"
        RenderText {#text} at (217,140) size 7x19
          text run at (217,140) width 7: "a"
        RenderMenuList {SELECT} at (224,143) size 45x18 [color=#808080] [bgcolor=#FFFFFF]
          RenderBlock (anonymous) at (0,0) size 45x17
            RenderText at (8,1) size 16x14
              text run at (8,1) width 16: "foo"
        RenderText {#text} at (269,140) size 8x19
          text run at (269,140) width 8: "b"
        RenderBR {BR} at (277,140) size 0x19
        RenderBR {BR} at (1,160) size 0x19
        RenderText {#text} at (1,176) size 111x19
          text run at (1,176) width 111: "Border + padding:"
        RenderMenuList {SELECT} at (112,179) size 45x18 [bgcolor=#FFFFFF]
          RenderBlock (anonymous) at (0,0) size 45x17
            RenderText at (8,1) size 16x14
              text run at (8,1) width 16: "foo"
        RenderText {#text} at (157,176) size 7x19
          text run at (157,176) width 7: "a"
        RenderMenuList {SELECT} at (164,179) size 45x18 [color=#808080] [bgcolor=#FFFFFF]
          RenderBlock (anonymous) at (0,0) size 45x17
            RenderText at (8,1) size 16x14
              text run at (8,1) width 16: "foo"
        RenderText {#text} at (209,176) size 8x19
          text run at (209,176) width 8: "b"
        RenderBR {BR} at (217,176) size 0x19
        RenderBR {BR} at (1,196) size 0x19
        RenderText {#text} at (1,212) size 454x19
          text run at (1,212) width 454: "Height larger than font-size, button should grow, text baseline should center:"
        RenderMenuList {SELECT} at (455,214) size 47x18 [bgcolor=#FFFFFF]
          RenderBlock (anonymous) at (0,0) size 47x19
            RenderText at (8,2) size 16x14
              text run at (8,2) width 16: "foo"
        RenderText {#text} at (502,212) size 7x19
          text run at (502,212) width 7: "a"
        RenderMenuList {SELECT} at (509,214) size 47x18 [color=#808080] [bgcolor=#FFFFFF]
          RenderBlock (anonymous) at (0,0) size 47x19
            RenderText at (8,2) size 16x14
              text run at (8,2) width 16: "foo"
        RenderText {#text} at (556,212) size 8x19
          text run at (556,212) width 8: "b"
        RenderBR {BR} at (564,212) size 0x19
        RenderBR {BR} at (1,231) size 0x19
        RenderText {#text} at (1,247) size 472x19
          text run at (1,247) width 472: "Heigh smaller than font-size, whole select shrinks and is baselined with the text:"
        RenderMenuList {SELECT} at (473,249) size 47x18 [bgcolor=#FFFFFF]
          RenderBlock (anonymous) at (0,0) size 47x19
            RenderText at (8,2) size 16x14
              text run at (8,2) width 16: "foo"
        RenderText {#text} at (520,247) size 7x19
          text run at (520,247) width 7: "a"
        RenderMenuList {SELECT} at (527,249) size 47x18 [bgcolor=#FFFFFF]
          RenderBlock (anonymous) at (0,0) size 47x19
            RenderText at (8,2) size 16x14
              text run at (8,2) width 16: "foo"
        RenderText {#text} at (574,247) size 8x19
          text run at (574,247) width 8: "b"
        RenderBR {BR} at (582,247) size 0x19
        RenderBR {BR} at (1,266) size 0x19
        RenderText {#text} at (1,282) size 159x19
          text run at (1,282) width 159: "select control with size=0: "
        RenderBR {BR} at (160,282) size 0x19
        RenderMenuList {SELECT} at (1,300) size 181x18 [bgcolor=#FFFFFF]
          RenderBlock (anonymous) at (0,0) size 181x19
            RenderText at (8,2) size 58x14
              text run at (8,2) width 58: "Future Series"
        RenderText {#text} at (182,298) size 4x19
          text run at (182,298) width 4: " "
        RenderBR {BR} at (0,0) size 0x0
        RenderText {#text} at (1,317) size 159x19
          text run at (1,317) width 159: "select control with size=1: "
        RenderBR {BR} at (160,317) size 0x19
        RenderMenuList {SELECT} at (1,335) size 181x18 [bgcolor=#FFFFFF]
          RenderBlock (anonymous) at (0,0) size 181x19
            RenderText at (8,2) size 58x14
              text run at (8,2) width 58: "Future Series"
        RenderText {#text} at (182,333) size 4x19
          text run at (182,333) width 4: " "
        RenderBR {BR} at (0,0) size 0x0
        RenderText {#text} at (1,352) size 159x19
          text run at (1,352) width 159: "Non-styled select control: "
        RenderBR {BR} at (160,352) size 0x19
        RenderMenuList {SELECT} at (1,371) size 179x18 [bgcolor=#FFFFFF]
          RenderBlock (anonymous) at (0,0) size 179x17
            RenderText at (8,1) size 58x14
              text run at (8,1) width 58: "Future Series"
        RenderText {#text} at (180,368) size 4x19
          text run at (180,368) width 4: " "
        RenderBR {BR} at (0,0) size 0x0
        RenderText {#text} at (1,388) size 278x19
          text run at (1,388) width 278: "Styled select control with large border-radius: "
        RenderBR {BR} at (279,388) size 0x19
        RenderMenuList {SELECT} at (1,407) size 179x18 [bgcolor=#33CCFF]
          RenderBlock (anonymous) at (0,0) size 179x17
            RenderText at (8,1) size 58x14
              text run at (8,1) width 58: "Future Series"
        RenderText {#text} at (180,404) size 4x19
          text run at (180,404) width 4: " "
        RenderBR {BR} at (0,0) size 0x0
