layer at (0,0) size 800x600
  RenderView at (0,0) size 800x600
layer at (0,0) size 800x600
  RenderBlock {HTML} at (0,0) size 800x600
    RenderBody {BODY} at (8,8) size 784x579
      RenderBlock {PRE} at (0,0) size 784x48
        RenderText {#text} at (0,0) size 8x16
          text run at (0,0) width 8: "1"
        RenderBR {BR} at (8,12) size 0x0
        RenderText {#text} at (0,16) size 8x32
          text run at (0,16) width 0: " "
          text run at (0,32) width 8: "2"
