layer at (0,0) size 800x600
  RenderView at (0,0) size 800x600
layer at (0,0) size 800x600
  RenderBlock {HTML} at (0,0) size 800x600
    RenderBody {BODY} at (8,8) size 784x576
      RenderBlock {P} at (0,0) size 784x40
        RenderText {#text} at (0,0) size 202x19
          text run at (0,0) width 202 LTR override: "This tests for a regression against "
        RenderInline {I} at (0,0) size 702x39
          RenderInline {A} at (0,0) size 350x19 [color=#0000EE]
            RenderText {#text} at (202,0) size 350x19
              text run at (202,0) width 350 LTR override: "http://bugzilla.opendarwin.org/show_bug.cgi?id=6334"
          RenderText {#text} at (552,0) size 702x39
            text run at (552,0) width 150 LTR override: " REGRESSION: <input"
            text run at (0,20) width 382 LTR override: "type=\"button\"> text is reversed on \"visual Hebrew\" pages"
        RenderText {#text} at (382,20) size 4x19
          text run at (382,20) width 4 LTR override: "."
      RenderBlock {HR} at (0,56) size 784x2 [border: (1px inset #000000)]
      RenderBlock {P} at (0,74) size 784x20
        RenderText {#text} at (0,0) size 280x19
          text run at (0,0) width 246 LTR override: "The text on both buttons should like this: "
          text run at (246,0) width 34 LTR override: "\x{5E8}\x{5D5}\x{5EA}\x{5E4}\x{5DB}"
      RenderBlock (anonymous) at (0,110) size 784x44
        RenderButton {BUTTON} at (0,0) size 53x22 [bgcolor=#C0C0C0] [border: (2px outset #C0C0C0)]
          RenderBlock (anonymous) at (8,2) size 37x18
            RenderText {#text} at (3,1) size 31x16
              text run at (3,1) width 31 LTR override: "\x{5E8}\x{5D5}\x{5EA}\x{5E4}\x{5DB}"
        RenderText {#text} at (53,1) size 4x19
          text run at (53,1) width 4 LTR override: " "
        RenderBR {BR} at (57,16) size 0x0
        RenderButton {INPUT} at (0,22) size 53x22 [bgcolor=#C0C0C0] [border: (2px outset #C0C0C0)]
          RenderBlock (anonymous) at (8,2) size 37x18
            RenderText at (3,1) size 31x16
              text run at (3,1) width 31 RTL: "\x{5DB}\x{5E4}\x{5EA}\x{5D5}\x{5E8}"
        RenderText {#text} at (0,0) size 0x0
      RenderBlock {HR} at (0,162) size 784x2 [border: (1px inset #000000)]
      RenderBlock {P} at (0,180) size 784x20
        RenderText {#text} at (0,0) size 229x19
          text run at (0,0) width 229 LTR override: "The following lines should be identical:"
      RenderBlock {P} at (0,216) size 784x20
        RenderText {#text} at (0,0) size 66x19
          text run at (0,0) width 16: "21"
          text run at (16,0) width 50 RTL: "\x{5D4}\x{5DE}\x{5D0}\x{5D4} \x{5D4}-"
      RenderBlock {P} at (0,252) size 784x20
        RenderText {#text} at (0,0) size 66x19
          text run at (0,0) width 22 LTR override: "21-"
          text run at (22,0) width 44 LTR override: "\x{5D4} \x{5D4}\x{5D0}\x{5DE}\x{5D4}"
