layer at (0,0) size 800x600
  RenderView at (0,0) size 800x600
layer at (0,0) size 800x104
  RenderBlock {HTML} at (0,0) size 800x104
    RenderBody {BODY} at (8,16) size 784x80
      RenderBlock {P} at (0,0) size 784x40
        RenderText {#text} at (0,0) size 760x39
          text run at (0,0) width 760: "You should see a green rectangle below. If you see individual \"X\" glyphs, the test has failed. (The Ahem font is required for this"
          text run at (0,20) width 30: "test.)"
      RenderBlock {DIV} at (0,56) size 784x24 [color=#008000]
        RenderText {#text} at (0,0) size 240x24
          text run at (0,0) width 240: "XXXXXXXXXX"
