layer at (0,0) size 800x600
  RenderView at (0,0) size 800x600
layer at (0,0) size 800x120
  RenderBlock {HTML} at (0,0) size 800x120
    RenderBody {BODY} at (8,8) size 784x96
      RenderBlock (anonymous) at (0,0) size 784x20
        RenderText {#text} at (0,0) size 611x19
          text run at (0,0) width 347: "The list below should use red diamond images for bullets. "
          text run at (347,0) width 264: "If you see circular bullets, the test has failed."
      RenderBlock {UL} at (0,36) size 784x60
        RenderListItem {LI} at (40,0) size 744x20
          RenderListMarker at (-19,6) size 12x9
          RenderText {#text} at (0,0) size 26x19
            text run at (0,0) width 26: "One"
        RenderListItem {LI} at (40,20) size 744x20
          RenderListMarker at (-19,6) size 12x9
          RenderText {#text} at (0,0) size 28x19
            text run at (0,0) width 28: "Two"
        RenderListItem {LI} at (40,40) size 744x20
          RenderListMarker at (-19,6) size 12x9
          RenderText {#text} at (0,0) size 35x19
            text run at (0,0) width 35: "Three"
