layer at (0,0) size 800x600
  RenderView at (0,0) size 800x600
layer at (0,0) size 800x36
  RenderBlock {HTML} at (0,0) size 800x36 [color=#FF0000]
    RenderBody {BODY} at (8,8) size 784x20 [color=#008000] [bgcolor=#FFFFFF]
      RenderText {#text} at (0,0) size 485x19
        text run at (0,0) width 300: "This text should be green on a white background. "
        text run at (300,0) width 185: "There should be no red visible."
