layer at (0,0) size 800x600
  RenderView at (0,0) size 800x600
layer at (0,0) size 800x56
  RenderBlock {HTML} at (0,0) size 800x56
    RenderBody {BODY} at (8,8) size 784x40
      RenderBlock {DIV} at (0,0) size 784x40 [border: (10px solid #008000)]
        RenderText {#text} at (10,10) size 593x19
          text run at (10,10) width 290: "This div should have a 10px solid green border. "
          text run at (300,10) width 303: "If this div has a red border, then the test has failed."
