layer at (0,0) size 785x20085
  RenderView at (0,0) size 785x600
layer at (0,0) size 785x20085
  RenderBlock {html} at (0,0) size 785x20085
    RenderBody {body} at (8,16) size 769x20061
      RenderBlock {p} at (0,0) size 769x40
        RenderText {#text} at (0,0) size 759x39
          text run at (0,0) width 382: "The circle below is a link. When you activate the circle, nothing "
          text run at (382,0) width 377: "should happen. If the document scrolls or the image pans when"
          text run at (0,20) width 26: "you "
          text run at (26,20) width 208: "activate the link, the test has failed."
      RenderBlock (anonymous) at (0,56) size 769x20005
        RenderSVGRoot {svg} at (8,72) size 100x20000
          RenderSVGContainer {a} at (8,72) size 100x100
            RenderPath {circle} at (8,72) size 100x100 [fill={[type=SOLID] [color=#0000FF]}] [data="M100.00,50.00 L99.90,53.14 L99.61,56.27 L99.11,59.37 L98.43,62.43 L97.55,65.45 L96.49,68.41 L95.24,71.29 L93.82,74.09 L92.22,76.79 L90.45,79.39 L88.53,81.87 L86.45,84.23 L84.23,86.45 L81.87,88.53 L79.39,90.45 L76.79,92.22 L74.09,93.82 L71.29,95.24 L68.41,96.49 L65.45,97.55 L62.43,98.43 L59.37,99.11 L56.27,99.61 L53.14,99.90 L50.00,100.00 L46.86,99.90 L43.73,99.61 L40.63,99.11 L37.57,98.43 L34.55,97.55 L31.59,96.49 L28.71,95.24 L25.91,93.82 L23.21,92.22 L20.61,90.45 L18.13,88.53 L15.77,86.45 L13.55,84.23 L11.47,81.87 L9.55,79.39 L7.78,76.79 L6.18,74.09 L4.76,71.29 L3.51,68.41 L2.45,65.45 L1.57,62.43 L0.89,59.37 L0.39,56.27 L0.10,53.14 L0.00,50.00 L0.10,46.86 L0.39,43.73 L0.89,40.63 L1.57,37.57 L2.45,34.55 L3.51,31.59 L4.76,28.71 L6.18,25.91 L7.78,23.21 L9.55,20.61 L11.47,18.13 L13.55,15.77 L15.77,13.55 L18.13,11.47 L20.61,9.55 L23.21,7.78 L25.91,6.18 L28.71,4.76 L31.59,3.51 L34.55,2.45 L37.57,1.57 L40.63,0.89 L43.73,0.39 L46.86,0.10 L50.00,0.00 L53.14,0.10 L56.27,0.39 L59.37,0.89 L62.43,1.57 L65.45,2.45 L68.41,3.51 L71.29,4.76 L74.09,6.18 L76.79,7.78 L79.39,9.55 L81.87,11.47 L84.23,13.55 L86.45,15.77 L88.53,18.13 L90.45,20.61 L92.22,23.21 L93.82,25.91 L95.24,28.71 L96.49,31.59 L97.55,34.55 L98.43,37.57 L99.11,40.63 L99.61,43.73 L99.90,46.86 Z"]
          RenderPath {circle} at (8,19972) size 100x100 [fill={[type=SOLID] [color=#FF0000]}] [data="M100.00,19950.00 L99.90,19953.14 L99.61,19956.27 L99.11,19959.37 L98.43,19962.43 L97.55,19965.45 L96.49,19968.41 L95.24,19971.29 L93.82,19974.09 L92.22,19976.79 L90.45,19979.39 L88.53,19981.87 L86.45,19984.23 L84.23,19986.45 L81.87,19988.53 L79.39,19990.45 L76.79,19992.22 L74.09,19993.81 L71.29,19995.24 L68.41,19996.49 L65.45,19997.55 L62.43,19998.43 L59.37,19999.12 L56.27,19999.61 L53.14,19999.90 L50.00,20000.00 L46.86,19999.90 L43.73,19999.61 L40.63,19999.12 L37.57,19998.43 L34.55,19997.55 L31.59,19996.49 L28.71,19995.24 L25.91,19993.81 L23.21,19992.22 L20.61,19990.45 L18.13,19988.53 L15.77,19986.45 L13.55,19984.23 L11.47,19981.87 L9.55,19979.39 L7.78,19976.79 L6.18,19974.09 L4.76,19971.29 L3.51,19968.41 L2.45,19965.45 L1.57,19962.43 L0.89,19959.37 L0.39,19956.27 L0.10,19953.14 L0.00,19950.00 L0.10,19946.86 L0.39,19943.73 L0.89,19940.63 L1.57,19937.57 L2.45,19934.55 L3.51,19931.59 L4.76,19928.71 L6.18,19925.91 L7.78,19923.21 L9.55,19920.61 L11.47,19918.13 L13.55,19915.77 L15.77,19913.55 L18.13,19911.47 L20.61,19909.55 L23.21,19907.78 L25.91,19906.19 L28.71,19904.76 L31.59,19903.51 L34.55,19902.45 L37.57,19901.57 L40.63,19900.88 L43.73,19900.39 L46.86,19900.10 L50.00,19900.00 L53.14,19900.10 L56.27,19900.39 L59.37,19900.88 L62.43,19901.57 L65.45,19902.45 L68.41,19903.51 L71.29,19904.76 L74.09,19906.19 L76.79,19907.78 L79.39,19909.55 L81.87,19911.47 L84.23,19913.55 L86.45,19915.77 L88.53,19918.13 L90.45,19920.61 L92.22,19923.21 L93.82,19925.91 L95.24,19928.71 L96.49,19931.59 L97.55,19934.55 L98.43,19937.57 L99.11,19940.63 L99.61,19943.73 L99.90,19946.86 Z"]
        RenderText {#text} at (0,0) size 0x0
