layer at (0,0) size 800x600
  RenderView at (0,0) size 800x600
layer at (0,0) size 800x600
  RenderBlock {HTML} at (0,0) size 800x600
    RenderBody {BODY} at (8,8) size 784x584
      RenderBlock (anonymous) at (0,0) size 784x60
        RenderText {#text} at (0,0) size 758x39
          text run at (0,0) width 758: "This tests the fix for <rdar://problem/6633727> Hitting return at the end of a line with an anchor jumps me to the bottom of the"
          text run at (0,20) width 51: "message"
        RenderBR {BR} at (51,35) size 0x0
        RenderText {#text} at (0,40) size 503x19
          text run at (0,40) width 503: "If the test has passed, the numbers should be in order, and only \"1\" should be a link."
        RenderBR {BR} at (503,55) size 0x0
      RenderBlock {DIV} at (0,60) size 784x60
        RenderBlock (anonymous) at (0,0) size 784x20
          RenderInline {A} at (0,0) size 8x19 [color=#0000EE]
            RenderText {#text} at (0,0) size 8x19
              text run at (0,0) width 8: "1"
        RenderBlock {DIV} at (0,20) size 784x40
          RenderBlock (anonymous) at (0,0) size 784x20
            RenderInline {A} at (0,0) size 0x0 [color=#0000EE]
            RenderText {#text} at (0,0) size 8x19
              text run at (0,0) width 8: "2"
            RenderBR {BR} at (8,15) size 0x0
          RenderBlock {DIV} at (0,20) size 784x20
            RenderText {#text} at (0,0) size 8x19
              text run at (0,0) width 8: "3"
caret: position 1 of child 1 {#text} of child 2 {DIV} of child 5 {DIV} of child 1 {BODY} of child 0 {HTML} of document
