EDITING DELEGATE: shouldBeginEditingInDOMRange:range from 0 of DIV > BODY > HTML > #document to 5 of DIV > BODY > HTML > #document
EDITING DELEGATE: webViewDidBeginEditing:WebViewDidBeginEditingNotification
EDITING DELEGATE: webViewDidChangeSelection:WebViewDidChangeSelectionNotification
EDITING DELEGATE: webViewDidChangeSelection:WebViewDidChangeSelectionNotification
EDITING DELEGATE: webViewDidChangeSelection:WebViewDidChangeSelectionNotification
EDITING DELEGATE: webViewDidChangeSelection:WebViewDidChangeSelectionNotification
EDITING DELEGATE: webViewDidChangeSelection:WebViewDidChangeSelectionNotification
EDITING DELEGATE: shouldInsertNode:#document-fragment replacingDOMRange:range from 0 of DIV > DIV > BODY > HTML > #document to 0 of DIV > DIV > BODY > HTML > #document givenAction:WebViewInsertActionPasted
EDITING DELEGATE: shouldChangeSelectedDOMRange:range from 0 of DIV > DIV > BODY > HTML > #document to 0 of DIV > DIV > BODY > HTML > #document toDOMRange:range from 2 of DIV > DIV > BODY > HTML > #document to 2 of DIV > DIV > BODY > HTML > #document affinity:NSSelectionAffinityDownstream stillSelecting:FALSE
EDITING DELEGATE: webViewDidChangeSelection:WebViewDidChangeSelectionNotification
EDITING DELEGATE: webViewDidChange:WebViewDidChangeNotification
layer at (0,0) size 800x600
  RenderView at (0,0) size 800x600
layer at (0,0) size 800x600
  RenderBlock {HTML} at (0,0) size 800x600
    RenderBody {BODY} at (8,8) size 784x584
      RenderBlock {P} at (0,0) size 784x40
        RenderInline {B} at (0,0) size 168x19
          RenderText {#text} at (0,0) size 168x19
            text run at (0,0) width 168: "This demonstrates a bug:"
        RenderText {#text} at (168,0) size 724x39
          text run at (168,0) width 556: " copying an empty line that's implemented with a br doesn't put an interchange newline on the"
          text run at (0,20) width 76: "pasteboard. "
          text run at (76,20) width 265: "There should be two blank lines after the 'a'."
      RenderBlock {DIV} at (0,56) size 784x148
        RenderBlock {DIV} at (0,0) size 784x88 [border: (2px solid #FF0000)]
          RenderText {#text} at (2,2) size 11x27
            text run at (2,2) width 11: "a"
          RenderBR {BR} at (13,23) size 0x0
          RenderBR {BR} at (2,30) size 0x27
          RenderText {#text} at (2,58) size 12x27
            text run at (2,58) width 12: "b"
        RenderBlock {DIV} at (0,88) size 784x60 [border: (2px solid #FF0000)]
          RenderText {#text} at (2,2) size 11x27
            text run at (2,2) width 11: "a"
          RenderBR {BR} at (13,23) size 0x0
          RenderBR {BR} at (2,30) size 0x27
caret: position 0 of child 2 {BR} of child 3 {DIV} of child 3 {DIV} of child 1 {BODY} of child 0 {HTML} of document
