layer at (0,0) size 800x600
  RenderView at (0,0) size 800x600
layer at (0,0) size 800x600
  RenderBlock {HTML} at (0,0) size 800x600
    RenderBody {BODY} at (8,8) size 784x584
      RenderTextControl {INPUT} at (2,2) size 155x22 [bgcolor=#FFFFFF] [border: (2px inset #000000)]
      RenderBR {BR} at (159,18) size 0x0
      RenderTextControl {INPUT} at (2,28) size 155x22 [bgcolor=#FFFFFF] [border: (2px inset #000000)]
      RenderText {#text} at (159,29) size 4x19
        text run at (159,29) width 4: " "
      RenderText {#text} at (163,29) size 431x19
        text run at (163,29) width 431: "tabbing between forms in design mode (nothing happens at the moment)"
      RenderBR {BR} at (594,44) size 0x0
layer at (12,13) size 151x16
  RenderBlock {DIV} at (2,3) size 151x16
    RenderInline {SPAN} at (0,0) size 32x16
      RenderText {#text} at (1,0) size 32x16
        text run at (1,0) width 32: "\x{9}"
layer at (12,39) size 151x16
  RenderBlock {DIV} at (2,3) size 151x16
caret: position 1 of child 0 {#text} of child 0 {SPAN} of child 0 {DIV} of child 1 {INPUT} of child 1 {BODY} of child 0 {HTML} of document
