layer at (0,0) size 800x600
  RenderView at (0,0) size 800x600
layer at (0,0) size 800x600
  RenderBlock {HTML} at (0,0) size 800x600
    RenderBody {BODY} at (8,8) size 784x584
      RenderButton {INPUT} at (2,2) size 63x22 [bgcolor=#C0C0C0] [border: (2px outset #C0C0C0)]
        RenderBlock (anonymous) at (8,2) size 47x18
          RenderText at (3,1) size 41x16
            text run at (3,1) width 41: "Submit"
      RenderBR {BR} at (67,18) size 0x0
      RenderButton {INPUT} at (2,28) size 56x22 [bgcolor=#C0C0C0] [border: (2px outset #C0C0C0)]
        RenderBlock (anonymous) at (8,2) size 40x18
          RenderText at (3,1) size 34x16
            text run at (3,1) width 34: "Reset"
      RenderBR {BR} at (60,44) size 0x0
