layer at (0,0) size 800x600
  RenderView at (0,0) size 800x600
layer at (0,0) size 800x600
  RenderBlock {HTML} at (0,0) size 800x600
    RenderBody {BODY} at (8,8) size 784x584
      RenderBlock (anonymous) at (0,0) size 784x20
        RenderText {#text} at (0,0) size 327x19
          text run at (0,0) width 327: "This tests that buttons don't honor table display styles. "
        RenderBR {BR} at (327,15) size 0x0
      RenderButton {INPUT} at (2,22) size 99x22 [bgcolor=#C0C0C0] [border: (2px outset #C0C0C0)]
        RenderBlock (anonymous) at (8,2) size 83x18
          RenderText at (3,1) size 77x16
            text run at (3,1) width 77: "display: table"
      RenderButton {INPUT} at (2,46) size 99x22 [bgcolor=#C0C0C0] [border: (2px outset #C0C0C0)]
        RenderBlock (anonymous) at (8,2) size 83x18
          RenderText at (3,1) size 77x16
            text run at (3,1) width 77: "display: table"
      RenderBlock (anonymous) at (0,70) size 784x434
        RenderBR {BR} at (0,0) size 0x19
        RenderBR {BR} at (0,20) size 0x19
        RenderButton {INPUT} at (2,42) size 133x22 [bgcolor=#C0C0C0] [border: (2px outset #C0C0C0)]
          RenderBlock (anonymous) at (8,2) size 117x18
            RenderText at (3,1) size 111x16
              text run at (3,1) width 111: "display: inline-table"
        RenderText {#text} at (137,43) size 4x19
          text run at (137,43) width 4: " "
        RenderButton {INPUT} at (143,42) size 133x22 [bgcolor=#C0C0C0] [border: (2px outset #C0C0C0)]
          RenderBlock (anonymous) at (8,2) size 117x18
            RenderText at (3,1) size 111x16
              text run at (3,1) width 111: "display: inline-table"
        RenderText {#text} at (278,43) size 4x19
          text run at (278,43) width 4: " "
        RenderBR {BR} at (282,58) size 0x0
        RenderBR {BR} at (0,66) size 0x19
        RenderButton {INPUT} at (2,88) size 159x22 [bgcolor=#C0C0C0] [border: (2px outset #C0C0C0)]
          RenderBlock (anonymous) at (8,2) size 143x18
            RenderText at (3,1) size 137x16
              text run at (3,1) width 137: "display: table-row-group"
        RenderText {#text} at (163,89) size 4x19
          text run at (163,89) width 4: " "
        RenderButton {INPUT} at (169,88) size 159x22 [bgcolor=#C0C0C0] [border: (2px outset #C0C0C0)]
          RenderBlock (anonymous) at (8,2) size 143x18
            RenderText at (3,1) size 137x16
              text run at (3,1) width 137: "display: table-row-group"
        RenderText {#text} at (330,89) size 4x19
          text run at (330,89) width 4: " "
        RenderBR {BR} at (334,104) size 0x0
        RenderBR {BR} at (0,112) size 0x19
        RenderButton {INPUT} at (2,134) size 178x22 [bgcolor=#C0C0C0] [border: (2px outset #C0C0C0)]
          RenderBlock (anonymous) at (8,2) size 162x18
            RenderText at (3,1) size 156x16
              text run at (3,1) width 156: "display: table-header-group"
        RenderText {#text} at (182,135) size 4x19
          text run at (182,135) width 4: " "
        RenderButton {INPUT} at (188,134) size 178x22 [bgcolor=#C0C0C0] [border: (2px outset #C0C0C0)]
          RenderBlock (anonymous) at (8,2) size 162x18
            RenderText at (3,1) size 156x16
              text run at (3,1) width 156: "display: table-header-group"
        RenderText {#text} at (368,135) size 4x19
          text run at (368,135) width 4: " "
        RenderBR {BR} at (372,150) size 0x0
        RenderBR {BR} at (0,158) size 0x19
        RenderButton {INPUT} at (2,180) size 171x22 [bgcolor=#C0C0C0] [border: (2px outset #C0C0C0)]
          RenderBlock (anonymous) at (8,2) size 155x18
            RenderText at (3,1) size 149x16
              text run at (3,1) width 149: "display: table-footer-group"
        RenderText {#text} at (175,181) size 4x19
          text run at (175,181) width 4: " "
        RenderButton {INPUT} at (181,180) size 171x22 [bgcolor=#C0C0C0] [border: (2px outset #C0C0C0)]
          RenderBlock (anonymous) at (8,2) size 155x18
            RenderText at (3,1) size 149x16
              text run at (3,1) width 149: "display: table-footer-group"
        RenderText {#text} at (354,181) size 4x19
          text run at (354,181) width 4: " "
        RenderBR {BR} at (358,196) size 0x0
        RenderBR {BR} at (0,204) size 0x19
        RenderButton {INPUT} at (2,226) size 123x22 [bgcolor=#C0C0C0] [border: (2px outset #C0C0C0)]
          RenderBlock (anonymous) at (8,2) size 107x18
            RenderText at (3,1) size 101x16
              text run at (3,1) width 101: "display: table-row"
        RenderText {#text} at (127,227) size 4x19
          text run at (127,227) width 4: " "
        RenderButton {INPUT} at (133,226) size 123x22 [bgcolor=#C0C0C0] [border: (2px outset #C0C0C0)]
          RenderBlock (anonymous) at (8,2) size 107x18
            RenderText at (3,1) size 101x16
              text run at (3,1) width 101: "display: table-row"
        RenderText {#text} at (258,227) size 4x19
          text run at (258,227) width 4: " "
        RenderBR {BR} at (262,242) size 0x0
        RenderBR {BR} at (0,250) size 0x19
        RenderButton {INPUT} at (2,272) size 181x22 [bgcolor=#C0C0C0] [border: (2px outset #C0C0C0)]
          RenderBlock (anonymous) at (8,2) size 165x18
            RenderText at (3,1) size 159x16
              text run at (3,1) width 159: "display: table-column-group"
        RenderText {#text} at (185,273) size 4x19
          text run at (185,273) width 4: " "
        RenderButton {INPUT} at (191,272) size 181x22 [bgcolor=#C0C0C0] [border: (2px outset #C0C0C0)]
          RenderBlock (anonymous) at (8,2) size 165x18
            RenderText at (3,1) size 159x16
              text run at (3,1) width 159: "display: table-column-group"
        RenderText {#text} at (374,273) size 4x19
          text run at (374,273) width 4: " "
        RenderBR {BR} at (378,288) size 0x0
        RenderBR {BR} at (0,296) size 0x19
        RenderButton {INPUT} at (2,318) size 145x22 [bgcolor=#C0C0C0] [border: (2px outset #C0C0C0)]
          RenderBlock (anonymous) at (8,2) size 129x18
            RenderText at (3,1) size 123x16
              text run at (3,1) width 123: "display: table-column"
        RenderText {#text} at (149,319) size 4x19
          text run at (149,319) width 4: " "
        RenderButton {INPUT} at (155,318) size 145x22 [bgcolor=#C0C0C0] [border: (2px outset #C0C0C0)]
          RenderBlock (anonymous) at (8,2) size 129x18
            RenderText at (3,1) size 123x16
              text run at (3,1) width 123: "display: table-column"
        RenderText {#text} at (302,319) size 4x19
          text run at (302,319) width 4: " "
        RenderBR {BR} at (306,334) size 0x0
        RenderBR {BR} at (0,342) size 0x19
        RenderButton {INPUT} at (2,364) size 123x22 [bgcolor=#C0C0C0] [border: (2px outset #C0C0C0)]
          RenderBlock (anonymous) at (8,2) size 107x18
            RenderText at (3,1) size 101x16
              text run at (3,1) width 101: "display: table-cell"
        RenderText {#text} at (127,365) size 4x19
          text run at (127,365) width 4: " "
        RenderButton {INPUT} at (133,364) size 123x22 [bgcolor=#C0C0C0] [border: (2px outset #C0C0C0)]
          RenderBlock (anonymous) at (8,2) size 107x18
            RenderText at (3,1) size 101x16
              text run at (3,1) width 101: "display: table-cell"
        RenderText {#text} at (258,365) size 4x19
          text run at (258,365) width 4: " "
        RenderBR {BR} at (262,380) size 0x0
        RenderBR {BR} at (0,388) size 0x19
        RenderButton {INPUT} at (2,410) size 145x22 [bgcolor=#C0C0C0] [border: (2px outset #C0C0C0)]
          RenderBlock (anonymous) at (8,2) size 129x18
            RenderText at (3,1) size 123x16
              text run at (3,1) width 123: "display: table-caption"
        RenderText {#text} at (149,411) size 4x19
          text run at (149,411) width 4: " "
        RenderButton {INPUT} at (155,410) size 145x22 [bgcolor=#C0C0C0] [border: (2px outset #C0C0C0)]
          RenderBlock (anonymous) at (8,2) size 129x18
            RenderText at (3,1) size 123x16
              text run at (3,1) width 123: "display: table-caption"
        RenderText {#text} at (0,0) size 0x0
