layer at (0,0) size 800x600
  RenderView at (0,0) size 800x600
layer at (0,0) size 800x600
  RenderBlock {HTML} at (0,0) size 800x600
    RenderBody {BODY} at (8,8) size 784x584
      RenderButton {BUTTON} at (0,10) size 47x12 [bgcolor=#C0C0C0] [border: (2px outset #C0C0C0)]
        RenderBlock (anonymous) at (8,2) size 31x8
          RenderText {#text} at (3,1) size 25x6
            text run at (3,1) width 25: "Test Button"
      RenderText {#text} at (47,3) size 4x19
        text run at (47,3) width 4: " "
      RenderButton {BUTTON} at (51,10) size 53x12 [bgcolor=#C0C0C0] [border: (2px outset #C0C0C0)]
        RenderBlock (anonymous) at (8,2) size 37x8
          RenderText {#text} at (3,1) size 31x6
            text run at (3,1) width 31: "Test Button"
      RenderText {#text} at (104,3) size 4x19
        text run at (104,3) width 4: " "
      RenderButton {BUTTON} at (108,9) size 60x13 [bgcolor=#C0C0C0] [border: (2px outset #C0C0C0)]
        RenderBlock (anonymous) at (8,2) size 44x9
          RenderText {#text} at (3,1) size 38x7
            text run at (3,1) width 38: "Test Button"
      RenderText {#text} at (168,3) size 4x19
        text run at (168,3) width 4: " "
      RenderButton {BUTTON} at (172,7) size 60x16 [bgcolor=#C0C0C0] [border: (2px outset #C0C0C0)]
        RenderBlock (anonymous) at (8,2) size 44x12
          RenderText {#text} at (3,1) size 38x10
            text run at (3,1) width 38: "Test Button"
      RenderText {#text} at (232,3) size 4x19
        text run at (232,3) width 4: " "
      RenderButton {BUTTON} at (236,6) size 70x18 [bgcolor=#C0C0C0] [border: (2px outset #C0C0C0)]
        RenderBlock (anonymous) at (8,2) size 54x14
          RenderText {#text} at (3,1) size 48x12
            text run at (3,1) width 48: "Test Button"
      RenderText {#text} at (306,3) size 4x19
        text run at (306,3) width 4: " "
      RenderButton {BUTTON} at (310,5) size 76x19 [bgcolor=#C0C0C0] [border: (2px outset #C0C0C0)]
        RenderBlock (anonymous) at (8,2) size 60x15
          RenderText {#text} at (3,1) size 54x13
            text run at (3,1) width 54: "Test Button"
      RenderText {#text} at (386,3) size 4x19
        text run at (386,3) width 4: " "
      RenderButton {BUTTON} at (392,4) size 77x20 [bgcolor=#C0C0C0] [border: (2px outset #C0C0C0)]
        RenderBlock (anonymous) at (8,2) size 61x16
          RenderText {#text} at (3,1) size 55x14
            text run at (3,1) width 55: "Test Button"
      RenderText {#text} at (471,3) size 4x19
        text run at (471,3) width 4: " "
      RenderButton {INPUT} at (477,2) size 89x22 [bgcolor=#C0C0C0] [border: (2px outset #C0C0C0)]
        RenderBlock (anonymous) at (8,2) size 73x18
          RenderText at (3,1) size 67x16
            text run at (3,1) width 67: "Test Button"
      RenderText {#text} at (568,3) size 4x19
        text run at (568,3) width 4: " "
      RenderButton {BUTTON} at (574,3) size 84x21 [bgcolor=#C0C0C0] [border: (2px outset #C0C0C0)]
        RenderBlock (anonymous) at (8,2) size 68x17
          RenderText {#text} at (3,1) size 62x15
            text run at (3,1) width 62: "Test Button"
      RenderText {#text} at (660,3) size 4x19
        text run at (660,3) width 4: " "
      RenderButton {BUTTON} at (666,2) size 89x22 [bgcolor=#C0C0C0] [border: (2px outset #C0C0C0)]
        RenderBlock (anonymous) at (8,2) size 73x18
          RenderText {#text} at (3,1) size 67x16
            text run at (3,1) width 67: "Test Button"
      RenderText {#text} at (757,3) size 4x19
        text run at (757,3) width 4: " "
      RenderButton {BUTTON} at (2,33) size 95x22 [bgcolor=#C0C0C0] [border: (2px outset #C0C0C0)]
        RenderBlock (anonymous) at (8,2) size 79x18
          RenderText {#text} at (3,1) size 73x16
            text run at (3,1) width 73: "Test Button"
      RenderText {#text} at (99,34) size 4x19
        text run at (99,34) width 4: " "
      RenderButton {BUTTON} at (105,32) size 97x23 [bgcolor=#C0C0C0] [border: (2px outset #C0C0C0)]
        RenderBlock (anonymous) at (8,2) size 81x19
          RenderText {#text} at (3,1) size 75x17
            text run at (3,1) width 75: "Test Button"
      RenderText {#text} at (204,34) size 4x19
        text run at (204,34) width 4: " "
      RenderButton {BUTTON} at (210,31) size 100x25 [bgcolor=#C0C0C0] [border: (2px outset #C0C0C0)]
        RenderBlock (anonymous) at (8,2) size 84x21
          RenderText {#text} at (3,1) size 78x18
            text run at (3,1) width 78: "Test Button"
      RenderText {#text} at (312,34) size 4x19
        text run at (312,34) width 4: " "
      RenderButton {BUTTON} at (318,31) size 103x26 [bgcolor=#C0C0C0] [border: (2px outset #C0C0C0)]
        RenderBlock (anonymous) at (8,2) size 87x22
          RenderText {#text} at (3,1) size 81x19
            text run at (3,1) width 81: "Test Button"
      RenderText {#text} at (423,34) size 4x19
        text run at (423,34) width 4: " "
      RenderButton {BUTTON} at (429,29) size 115x28 [bgcolor=#C0C0C0] [border: (2px outset #C0C0C0)]
        RenderBlock (anonymous) at (8,2) size 99x24
          RenderText {#text} at (3,1) size 93x21
            text run at (3,1) width 93: "Test Button"
      RenderText {#text} at (546,34) size 4x19
        text run at (546,34) width 4: " "
      RenderButton {BUTTON} at (552,28) size 119x29 [bgcolor=#C0C0C0] [border: (2px outset #C0C0C0)]
        RenderBlock (anonymous) at (8,2) size 103x25
          RenderText {#text} at (3,1) size 97x22
            text run at (3,1) width 97: "Test Button"
      RenderText {#text} at (673,34) size 4x19
        text run at (673,34) width 4: " "
      RenderButton {BUTTON} at (2,61) size 123x30 [bgcolor=#C0C0C0] [border: (2px outset #C0C0C0)]
        RenderBlock (anonymous) at (8,2) size 107x26
          RenderText {#text} at (3,1) size 101x23
            text run at (3,1) width 101: "Test Button"
      RenderText {#text} at (127,68) size 4x19
        text run at (127,68) width 4: " "
      RenderButton {BUTTON} at (133,61) size 129x31 [bgcolor=#C0C0C0] [border: (2px outset #C0C0C0)]
        RenderBlock (anonymous) at (8,2) size 113x27
          RenderText {#text} at (3,1) size 107x24
            text run at (3,1) width 107: "Test Button"
      RenderText {#text} at (0,0) size 0x0
