layer at (0,0) size 800x600
  RenderView at (0,0) size 800x600
layer at (0,0) size 800x600
  RenderBlock {HTML} at (0,0) size 800x600
    RenderBody {BODY} at (8,8) size 784x576
      RenderBlock {P} at (0,0) size 784x40
        RenderText {#text} at (0,0) size 51x19
          text run at (0,0) width 51: "Test for "
        RenderInline {I} at (0,0) size 758x39
          RenderInline {A} at (0,0) size 305x19 [color=#0000EE]
            RenderText {#text} at (51,0) size 305x19
              text run at (51,0) width 305: "http://bugs.webkit.org/show_bug.cgi?id=15181"
          RenderText {#text} at (356,0) size 758x39
            text run at (356,0) width 4: " "
            text run at (360,0) width 398: "text-transform: uppercase not working in input (submit, reset,"
            text run at (0,20) width 107: "button) elements"
        RenderText {#text} at (107,20) size 4x19
          text run at (107,20) width 4: "."
      RenderBlock {P} at (0,56) size 784x26
        RenderButton {BUTTON} at (2,2) size 103x22 [bgcolor=#C0C0C0] [border: (2px outset #C0C0C0)]
          RenderBlock (anonymous) at (8,2) size 87x18
            RenderText {#text} at (3,1) size 81x16
              text run at (3,1) width 81: "UPPERCASE"
        RenderText {#text} at (107,3) size 4x19
          text run at (107,3) width 4: " "
        RenderButton {BUTTON} at (113,2) size 80x22 [bgcolor=#C0C0C0] [border: (2px outset #C0C0C0)]
          RenderBlock (anonymous) at (8,2) size 64x18
            RenderText {#text} at (3,1) size 58x16
              text run at (3,1) width 58: "lowercase"
        RenderText {#text} at (195,3) size 4x19
          text run at (195,3) width 4: " "
        RenderButton {BUTTON} at (201,2) size 79x22 [bgcolor=#C0C0C0] [border: (2px outset #C0C0C0)]
          RenderBlock (anonymous) at (8,2) size 63x18
            RenderText {#text} at (3,1) size 57x16
              text run at (3,1) width 57: "Capitalize"
        RenderText {#text} at (0,0) size 0x0
      RenderBlock {P} at (0,98) size 784x26
        RenderButton {INPUT} at (2,2) size 103x22 [bgcolor=#C0C0C0] [border: (2px outset #C0C0C0)]
          RenderBlock (anonymous) at (8,2) size 87x18
            RenderText at (3,1) size 81x16
              text run at (3,1) width 81: "UPPERCASE"
        RenderText {#text} at (107,3) size 4x19
          text run at (107,3) width 4: " "
        RenderButton {INPUT} at (113,2) size 80x22 [bgcolor=#C0C0C0] [border: (2px outset #C0C0C0)]
          RenderBlock (anonymous) at (8,2) size 64x18
            RenderText at (3,1) size 58x16
              text run at (3,1) width 58: "lowercase"
        RenderText {#text} at (195,3) size 4x19
          text run at (195,3) width 4: " "
        RenderButton {INPUT} at (201,2) size 79x22 [bgcolor=#C0C0C0] [border: (2px outset #C0C0C0)]
          RenderBlock (anonymous) at (8,2) size 63x18
            RenderText at (3,1) size 57x16
              text run at (3,1) width 57: "Capitalize"
        RenderText {#text} at (0,0) size 0x0
