layer at (0,0) size 800x600
  RenderView at (0,0) size 800x600
layer at (0,0) size 800x600
  RenderBlock {HTML} at (0,0) size 800x600
    RenderBody {BODY} at (8,8) size 784x584
layer at (10,10) size 167x22
  RenderButton {BUTTON} at (10,10) size 167x22 [bgcolor=#C0C0C0] [border: (2px outset #C0C0C0)]
    RenderBlock (anonymous) at (8,2) size 151x18
      RenderText {#text} at (3,1) size 145x16
        text run at (3,1) width 145: "This button is positioned."
layer at (10,10) size 191x22
  RenderButton {INPUT} at (10,10) size 191x22 [bgcolor=#C0C0C0] [border: (2px outset #C0C0C0)]
    RenderBlock (anonymous) at (8,2) size 175x18
      RenderText at (3,1) size 169x16
        text run at (3,1) width 169: "This button is also positioned"
