layer at (0,0) size 800x600
  RenderView at (0,0) size 800x600
layer at (0,0) size 800x114
  RenderBlock {HTML} at (0,0) size 800x114
    RenderBody {BODY} at (8,8) size 784x98
      RenderBlock {DIV} at (0,0) size 784x20
        RenderInline {A} at (0,0) size 60x19 [color=#0000EE]
          RenderText {#text} at (0,0) size 60x19
            text run at (0,0) width 60: "Bug 6584"
        RenderText {#text} at (60,0) size 355x19
          text run at (60,0) width 355: " REGRESSION: button after unclosed button gives trouble"
      RenderBlock {P} at (0,36) size 784x26
        RenderButton {BUTTON} at (2,2) size 44x22 [bgcolor=#C0C0C0] [border: (2px outset #C0C0C0)]
          RenderBlock (anonymous) at (8,2) size 28x18
            RenderText {#text} at (3,1) size 22x16
              text run at (3,1) width 22: "test"
        RenderButton {BUTTON} at (50,2) size 51x22 [bgcolor=#C0C0C0] [border: (2px outset #C0C0C0)]
          RenderBlock (anonymous) at (8,2) size 35x18
            RenderText {#text} at (3,1) size 29x16
              text run at (3,1) width 29: "test2"
        RenderText {#text} at (0,0) size 0x0
      RenderBlock {DIV} at (0,78) size 784x20
        RenderText {#text} at (0,0) size 572x19
          text run at (0,0) width 572: "There should be two separate buttons instead of button \"test2\" being nested inside button \"test\"."
