layer at (0,0) size 800x600
  RenderView at (0,0) size 800x600
layer at (0,0) size 800x298
  RenderBlock {HTML} at (0,0) size 800x298
    RenderBody {BODY} at (8,16) size 784x274
      RenderBlock {P} at (0,0) size 784x40
        RenderText {#text} at (0,0) size 300x19
          text run at (0,0) width 279: "This is a test of generated content in <button> "
          text run at (279,0) width 21: "for "
        RenderInline {I} at (0,0) size 752x39
          RenderInline {A} at (0,0) size 350x19 [color=#0000EE]
            RenderText {#text} at (300,0) size 350x19
              text run at (300,0) width 350: "http://bugzilla.opendarwin.org/show_bug.cgi?id=9561"
          RenderText {#text} at (650,0) size 752x39
            text run at (650,0) width 4: " "
            text run at (654,0) width 98: "REGRESSION:"
            text run at (0,20) width 439: "Content property on :before of button causes hang on click or hover"
        RenderText {#text} at (439,20) size 4x19
          text run at (439,20) width 4: "."
      RenderBlock {HR} at (0,56) size 784x2 [border: (1px inset #000000)]
      RenderBlock (anonymous) at (0,66) size 784x208
        RenderButton {BUTTON} at (2,2) size 57x22 [color=#0000FF] [bgcolor=#C0C0C0] [border: (2px outset #C0C0C0)]
          RenderBlock (anonymous) at (8,2) size 41x18
            RenderInline (generated) at (0,0) size 35x16
              RenderText at (3,1) size 35x16
                text run at (3,1) width 35: "before"
        RenderText {#text} at (61,3) size 4x19
          text run at (61,3) width 4: " "
        RenderButton {BUTTON} at (67,2) size 93x22 [color=#0000FF] [bgcolor=#C0C0C0] [border: (2px outset #C0C0C0)]
          RenderBlock (anonymous) at (8,2) size 77x18
            RenderInline (generated) at (0,0) size 35x16
              RenderText at (3,1) size 35x16
                text run at (3,1) width 35: "before"
            RenderText {#text} at (38,1) size 36x16
              text run at (38,1) width 36: "button"
        RenderText {#text} at (162,3) size 4x19
          text run at (162,3) width 4: " "
        RenderBR {BR} at (0,0) size 0x0
        RenderButton {BUTTON} at (2,28) size 47x22 [color=#0000FF] [bgcolor=#C0C0C0] [border: (2px outset #C0C0C0)]
          RenderBlock (anonymous) at (8,2) size 31x18
            RenderInline (generated) at (0,0) size 25x16
              RenderText at (3,1) size 25x16
                text run at (3,1) width 25: "after"
        RenderText {#text} at (51,29) size 4x19
          text run at (51,29) width 4: " "
        RenderButton {BUTTON} at (57,28) size 83x22 [color=#0000FF] [bgcolor=#C0C0C0] [border: (2px outset #C0C0C0)]
          RenderBlock (anonymous) at (8,2) size 67x18
            RenderText {#text} at (3,1) size 36x16
              text run at (3,1) width 36: "button"
            RenderInline (generated) at (0,0) size 25x16
              RenderText at (39,1) size 25x16
                text run at (39,1) width 25: "after"
        RenderText {#text} at (142,29) size 4x19
          text run at (142,29) width 4: " "
        RenderBR {BR} at (0,0) size 0x0
        RenderButton {BUTTON} at (2,62) size 22x6 [bgcolor=#C0C0C0] [border: (2px outset #C0C0C0)]
          RenderBlock (anonymous) at (8,2) size 6x2
        RenderText {#text} at (26,55) size 4x19
          text run at (26,55) width 4: " "
        RenderButton {BUTTON} at (32,54) size 58x22 [bgcolor=#C0C0C0] [border: (2px outset #C0C0C0)]
          RenderBlock (anonymous) at (8,2) size 42x18
            RenderText {#text} at (3,1) size 36x16
              text run at (3,1) width 36: "button"
        RenderText {#text} at (92,55) size 4x19
          text run at (92,55) width 4: " "
        RenderBR {BR} at (0,0) size 0x0
        RenderButton {BUTTON} at (2,88) size 22x6 [bgcolor=#C0C0C0] [border: (2px outset #C0C0C0)]
          RenderBlock (anonymous) at (8,2) size 6x2
        RenderText {#text} at (26,81) size 4x19
          text run at (26,81) width 4: " "
        RenderButton {BUTTON} at (32,80) size 58x22 [bgcolor=#C0C0C0] [border: (2px outset #C0C0C0)]
          RenderBlock (anonymous) at (8,2) size 42x18
            RenderText {#text} at (3,1) size 36x16
              text run at (3,1) width 36: "button"
        RenderText {#text} at (92,81) size 4x19
          text run at (92,81) width 4: " "
        RenderBR {BR} at (0,0) size 0x0
        RenderButton {BUTTON} at (2,106) size 57x22 [bgcolor=#C0C0C0] [border: (2px outset #C0C0C0)]
          RenderBlock (anonymous) at (8,2) size 41x18
            RenderInline (generated) at (0,0) size 35x16
              RenderText at (3,1) size 35x16
                text run at (3,1) width 35: "before"
        RenderText {#text} at (61,107) size 4x19
          text run at (61,107) width 4: " "
        RenderButton {BUTTON} at (67,106) size 93x22 [bgcolor=#C0C0C0] [border: (2px outset #C0C0C0)]
          RenderBlock (anonymous) at (8,2) size 77x18
            RenderInline (generated) at (0,0) size 35x16
              RenderText at (3,1) size 35x16
                text run at (3,1) width 35: "before"
            RenderText {#text} at (38,1) size 36x16
              text run at (38,1) width 36: "button"
        RenderText {#text} at (162,107) size 4x19
          text run at (162,107) width 4: " "
        RenderBR {BR} at (0,0) size 0x0
        RenderButton {BUTTON} at (2,132) size 47x22 [bgcolor=#C0C0C0] [border: (2px outset #C0C0C0)]
          RenderBlock (anonymous) at (8,2) size 31x18
            RenderInline (generated) at (0,0) size 25x16
              RenderText at (3,1) size 25x16
                text run at (3,1) width 25: "after"
        RenderText {#text} at (51,133) size 4x19
          text run at (51,133) width 4: " "
        RenderButton {BUTTON} at (57,132) size 83x22 [bgcolor=#C0C0C0] [border: (2px outset #C0C0C0)]
          RenderBlock (anonymous) at (8,2) size 67x18
            RenderText {#text} at (3,1) size 36x16
              text run at (3,1) width 36: "button"
            RenderInline (generated) at (0,0) size 25x16
              RenderText at (39,1) size 25x16
                text run at (39,1) width 25: "after"
        RenderText {#text} at (142,133) size 4x19
          text run at (142,133) width 4: " "
        RenderBR {BR} at (0,0) size 0x0
        RenderButton {BUTTON} at (2,158) size 57x22 [bgcolor=#C0C0C0] [border: (2px outset #C0C0C0)]
          RenderBlock (anonymous) at (8,2) size 41x18
            RenderInline (generated) at (0,0) size 35x16
              RenderText at (3,1) size 35x16
                text run at (3,1) width 35: "before"
        RenderText {#text} at (61,159) size 4x19
          text run at (61,159) width 4: " "
        RenderButton {BUTTON} at (67,158) size 93x22 [bgcolor=#C0C0C0] [border: (2px outset #C0C0C0)]
          RenderBlock (anonymous) at (8,2) size 77x18
            RenderInline (generated) at (0,0) size 35x16
              RenderText at (3,1) size 35x16
                text run at (3,1) width 35: "before"
            RenderText {#text} at (38,1) size 36x16
              text run at (38,1) width 36: "button"
        RenderText {#text} at (162,159) size 4x19
          text run at (162,159) width 4: " "
        RenderBR {BR} at (0,0) size 0x0
        RenderButton {BUTTON} at (2,184) size 47x22 [bgcolor=#C0C0C0] [border: (2px outset #C0C0C0)]
          RenderBlock (anonymous) at (8,2) size 31x18
            RenderInline (generated) at (0,0) size 25x16
              RenderText at (3,1) size 25x16
                text run at (3,1) width 25: "after"
        RenderText {#text} at (51,185) size 4x19
          text run at (51,185) width 4: " "
        RenderButton {BUTTON} at (57,184) size 83x22 [bgcolor=#C0C0C0] [border: (2px outset #C0C0C0)]
          RenderBlock (anonymous) at (8,2) size 67x18
            RenderText {#text} at (3,1) size 36x16
              text run at (3,1) width 36: "button"
            RenderInline (generated) at (0,0) size 25x16
              RenderText at (39,1) size 25x16
                text run at (39,1) width 25: "after"
        RenderText {#text} at (142,185) size 4x19
          text run at (142,185) width 4: " "
        RenderBR {BR} at (0,0) size 0x0
