layer at (0,0) size 800x600
  RenderView at (0,0) size 800x600
layer at (0,0) size 800x600
  RenderBlock {HTML} at (0,0) size 800x600
    RenderBody {BODY} at (8,8) size 784x584
      RenderBlock (anonymous) at (0,0) size 784x0
        RenderInline {B} at (0,0) size 0x0
      RenderTable {TABLE} at (0,0) size 216x40
        RenderTableSection {TBODY} at (0,0) size 216x40
          RenderTableRow {TR} at (0,2) size 216x36
            RenderTableCell (anonymous) at (2,2) size 212x36 [r=0 c=0 rs=1 cs=1]
              RenderBlock (anonymous) at (0,0) size 212x20
                RenderInline {FORM} at (0,0) size 212x19
                  RenderText {#text} at (0,0) size 212x19
                    text run at (0,0) width 212: "This test passes if it does not crash."
              RenderBlock (anonymous) at (0,36) size 212x0
                RenderBlock {P} at (0,0) size 212x0
              RenderBlock (anonymous) at (0,36) size 212x0
                RenderInline {FORM} at (0,0) size 0x0
