layer at (0,0) size 800x600
  RenderView at (0,0) size 800x600
layer at (0,0) size 800x600
  RenderBlock {HTML} at (0,0) size 800x600
    RenderBody {BODY} at (8,8) size 784x576
      RenderBlock (anonymous) at (0,0) size 784x40
        RenderText {#text} at (0,0) size 770x39
          text run at (0,0) width 770: "Test the changing of an input type=TEXT to type=IMAGE. This test is to make sure that the height and width attributes are used"
          text run at (0,20) width 172: "for the new type of IMAGE."
      RenderBlock {FORM} at (0,40) size 784x42
        RenderBR {BR} at (0,0) size 0x19
        RenderText {#text} at (0,22) size 83x19
          text run at (0,22) width 83: "input element "
        RenderImage {INPUT} at (83,20) size 19x17
        RenderText {#text} at (0,0) size 0x0
