layer at (0,0) size 800x600
  RenderView at (0,0) size 800x600
layer at (0,0) size 800x600
  RenderBlock {HTML} at (0,0) size 800x600
    RenderBody {BODY} at (8,8) size 784x584
      RenderText {#text} at (0,0) size 323x19
        text run at (0,0) width 105: "TEST PASSED: "
        text run at (105,0) width 218: "If the popup menu only says \"Text\". "
      RenderBR {BR} at (323,15) size 0x0
      RenderText {#text} at (0,20) size 399x19
        text run at (0,20) width 101: "TEST FAILED: "
        text run at (101,20) width 298: "If the popup menu says \"document.write('Text')\". "
      RenderBR {BR} at (399,35) size 0x0
      RenderMenuList {SELECT} at (2,42) size 50x20 [bgcolor=#FFFFFF] [border: (1px solid #000000)]
        RenderBlock (anonymous) at (1,1) size 48x18
          RenderText at (4,1) size 25x16
            text run at (4,1) width 25: "Text"
      RenderText {#text} at (0,0) size 0x0
      RenderText {#text} at (0,0) size 0x0
