layer at (0,0) size 800x600
  RenderView at (0,0) size 800x600
layer at (0,0) size 800x600
  RenderBlock {HTML} at (0,0) size 800x600
    RenderBody {BODY} at (8,8) size 784x576
      RenderBlock {P} at (0,0) size 784x20
        RenderText {#text} at (0,0) size 51x19
          text run at (0,0) width 51: "Test for "
        RenderInline {I} at (0,0) size 657x19
          RenderInline {A} at (0,0) size 305x19 [color=#0000EE]
            RenderText {#text} at (51,0) size 305x19
              text run at (51,0) width 305: "http://bugs.webkit.org/show_bug.cgi?id=12345"
          RenderText {#text} at (356,0) size 352x19
            text run at (356,0) width 4: " "
            text run at (360,0) width 348: "REGRESSION: Disabled pop-up text is not grayed out"
        RenderText {#text} at (708,0) size 4x19
          text run at (708,0) width 4: "."
      RenderBlock {P} at (0,36) size 784x24
        RenderMenuList {SELECT} at (2,2) size 164x20 [color=#808080] [bgcolor=#FFFFFF] [border: (1px solid #808080)]
          RenderBlock (anonymous) at (1,1) size 162x18
            RenderText at (4,1) size 139x16
              text run at (4,1) width 139: "This text should be gray"
        RenderText {#text} at (0,0) size 0x0
      RenderBlock {P} at (0,76) size 784x24
        RenderMenuList {SELECT} at (2,2) size 170x20 [bgcolor=#FFFFFF] [border: (1px solid #000000)]
          RenderBlock (anonymous) at (1,1) size 168x18
            RenderText at (4,1) size 145x16
              text run at (4,1) width 145: "This text should be black"
        RenderText {#text} at (0,0) size 0x0
