layer at (0,0) size 800x600
  RenderView at (0,0) size 800x600
layer at (0,0) size 800x600
  RenderBlock {HTML} at (0,0) size 800x600
    RenderBody {BODY} at (8,8) size 784x584
      RenderText {#text} at (0,0) size 417x19
        text run at (0,0) width 417: "This tests that you can dynamically change a list box to a popup menu"
      RenderBR {BR} at (417,15) size 0x0
      RenderMenuList {SELECT} at (2,22) size 228x20 [bgcolor=#FFFFFF] [border: (1px solid #000000)]
        RenderBlock (anonymous) at (1,1) size 226x18
          RenderText at (4,1) size 203x16
            text run at (4,1) width 203: "This should turn into a popup menu"
      RenderText {#text} at (0,0) size 0x0
