layer at (0,0) size 800x600
  RenderView at (0,0) size 800x600
layer at (0,0) size 800x600
  RenderBlock {HTML} at (0,0) size 800x600
    RenderBody {BODY} at (8,8) size 784x584
      RenderBlock {DIV} at (0,0) size 784x60
        RenderText {#text} at (0,0) size 765x59
          text run at (0,0) width 765: "This text area should be drawn with a reasonable width. To meet the specified 'cols=\"88\"', it should wrap after the X in the third"
          text run at (0,20) width 124: "set of capital letters. "
          text run at (124,20) width 595: "Alternatively, to match IE, it should wrap at 66 characters (after the X in the third set of digits). See"
          text run at (0,40) width 299: "https://bugs.webkit.org/show_bug.cgi?id=15312 ."
      RenderBlock (anonymous) at (0,60) size 784x266
        RenderBR {BR} at (0,0) size 0x19
        RenderText {#text} at (0,0) size 0x0
        RenderText {#text} at (0,0) size 0x0
        RenderText {#text} at (0,0) size 0x0
layer at (8,89) size 459x244 clip at (9,90) size 457x242
  RenderTextControl {TEXTAREA} at (0,21) size 459x244 [color=#333333] [bgcolor=#FFFFFF] [border: (1px solid #333333)]
    RenderBlock {DIV} at (3,3) size 455x36
      RenderText {#text} at (0,0) size 453x24
        text run at (0,0) width 453: "1234567890abcdefghijABCDEFGHIJ1234567890abcdefghijABCDEFGHIJ12345X789"
        text run at (0,12) width 326: "0abcdefghijABCDEFGXIJ1234567890abcdefghijABCDEFGHIJ"
        text run at (326,12) width 0: " "
      RenderBR {BR} at (0,24) size 0x12
