layer at (0,0) size 800x600
  RenderView at (0,0) size 800x600
layer at (0,0) size 800x600
  RenderBlock {HTML} at (0,0) size 800x600
    RenderBody {BODY} at (0,0) size 800x600
      RenderBlock {P} at (0,0) size 800x40
        RenderText {#text} at (0,0) size 99x19
          text run at (0,0) width 99: "This is a test for "
        RenderInline {I} at (0,0) size 772x39
          RenderInline {A} at (0,0) size 358x19 [color=#0000EE]
            RenderText {#text} at (99,0) size 358x19
              text run at (99,0) width 358: "http://bugzilla.opendarwin.org/show_bug.cgi?id=10177"
          RenderText {#text} at (457,0) size 772x39
            text run at (457,0) width 4: " "
            text run at (461,0) width 311: "REGRESSION: Successfully dragging text into a"
            text run at (0,20) width 85: "disabled field"
        RenderText {#text} at (85,20) size 4x19
          text run at (85,20) width 4: "."
      RenderBlock {HR} at (0,56) size 800x2 [border: (1px inset #000000)]
      RenderBlock (anonymous) at (0,66) size 800x26
        RenderTextControl {INPUT} at (2,2) size 155x22 [bgcolor=#EBEBE4] [border: (2px inset #000000)]
        RenderText {#text} at (159,3) size 59x19
          text run at (159,3) width 59: " dragging "
        RenderInline {SPAN} at (0,0) size 46x19
          RenderText {#text} at (218,3) size 46x19
            text run at (218,3) width 46: "this text"
        RenderText {#text} at (264,3) size 226x19
          text run at (264,3) width 226: " into the text field should not succeed."
        RenderText {#text} at (0,0) size 0x0
        RenderText {#text} at (0,0) size 0x0
layer at (4,71) size 151x16
  RenderBlock {DIV} at (2,3) size 151x16 [color=#545454]
selection start: position 0 of child 0 {#text} of child 7 {SPAN} of child 1 {BODY} of child 0 {HTML} of document
selection end:   position 9 of child 0 {#text} of child 7 {SPAN} of child 1 {BODY} of child 0 {HTML} of document
