layer at (0,0) size 800x600
  RenderView at (0,0) size 800x600
layer at (0,0) size 800x600
  RenderBlock {HTML} at (0,0) size 800x600
    RenderBody {BODY} at (8,8) size 784x584
      RenderText {#text} at (0,0) size 523x19
        text run at (0,0) width 523: "If this test does not crash it has passed: http://bugs.webkit.org/show_bug.cgi?id=12045"
      RenderText {#text} at (0,0) size 0x0
      RenderText {#text} at (0,0) size 0x0
