layer at (0,0) size 800x600
  RenderView at (0,0) size 800x600
layer at (0,0) size 800x600
  RenderBlock {HTML} at (0,0) size 800x600
    RenderBody {BODY} at (8,8) size 784x584
      RenderBlock {P} at (0,0) size 784x32
        RenderText {#text} at (0,0) size 212x16
          text run at (0,0) width 212 LTR override: "This tests for a regression against "
        RenderInline {I} at (0,0) size 774x32
          RenderInline {A} at (0,0) size 344x16 [color=#0000EE]
            RenderText {#text} at (212,0) size 344x16
              text run at (212,0) width 344 LTR override: "http://bugzilla.opendarwin.org/show_bug.cgi?id=8076"
          RenderText {#text} at (556,0) size 774x32
            text run at (556,0) width 218 LTR override: " REGRESSION: native text fields"
            text run at (0,16) width 246 LTR override: "are reversed on \"visual Hebrew\" pages"
        RenderText {#text} at (246,16) size 4x16
          text run at (246,16) width 4 LTR override: "."
      RenderBlock {HR} at (0,48) size 784x2 [border: (1px inset #000000)]
      RenderBlock {P} at (0,66) size 784x16
        RenderText {#text} at (0,0) size 278x16
          text run at (0,0) width 241 LTR override: "Text in the field should look like this: "
          text run at (241,0) width 37 LTR override: "\x{5E8}\x{5D5}\x{5EA}\x{5E4}\x{5DB}"
      RenderBlock (anonymous) at (0,98) size 784x19
        RenderTextControl {INPUT} at (0,0) size 115x19 [bgcolor=#FFFFFF] [border: (2px inset #000000)]
        RenderText {#text} at (0,0) size 0x0
        RenderText {#text} at (0,0) size 0x0
        RenderText {#text} at (0,0) size 0x0
layer at (10,109) size 111x13
  RenderBlock {DIV} at (2,3) size 111x13
    RenderText {#text} at (1,0) size 30x13
      text run at (1,0) width 30 RTL: "\x{5DB}\x{5E4}\x{5EA}\x{5D5}\x{5E8}"
