layer at (0,0) size 800x600
  RenderView at (0,0) size 800x600
layer at (0,0) size 800x600
  RenderBlock {HTML} at (0,0) size 800x600
    RenderBody {BODY} at (20,20) size 760x560 [bgcolor=#FFFFFF]
      RenderBlock {DIV} at (0,0) size 760x509
        RenderTable {TABLE} at (0,0) size 582x509
          RenderTableSection {TBODY} at (0,0) size 582x509
            RenderTableRow {TR} at (0,2) size 582x167
              RenderTableCell {TD} at (2,2) size 143x167 [r=0 c=0 rs=1 cs=1]
                RenderHTMLCanvas {CANVAS} at (7,7) size 129x129 [border: (2px solid #000000)]
                RenderBR {BR} at (136,141) size 0x0
                RenderInline {LABEL} at (0,0) size 82x18
                  RenderText {#text} at (7,141) size 82x18
                    text run at (7,141) width 82: "source-over"
              RenderTableCell {TD} at (147,2) size 143x167 [r=0 c=1 rs=1 cs=1]
                RenderHTMLCanvas {CANVAS} at (7,7) size 129x129 [border: (2px solid #000000)]
                RenderBR {BR} at (136,141) size 0x0
                RenderInline {LABEL} at (0,0) size 64x18
                  RenderText {#text} at (7,141) size 64x18
                    text run at (7,141) width 64: "source-in"
              RenderTableCell {TD} at (292,2) size 143x167 [r=0 c=2 rs=1 cs=1]
                RenderHTMLCanvas {CANVAS} at (7,7) size 129x129 [border: (2px solid #000000)]
                RenderBR {BR} at (136,141) size 0x0
                RenderInline {LABEL} at (0,0) size 73x18
                  RenderText {#text} at (7,141) size 73x18
                    text run at (7,141) width 73: "source-out"
              RenderTableCell {TD} at (437,2) size 143x167 [r=0 c=3 rs=1 cs=1]
                RenderHTMLCanvas {CANVAS} at (7,7) size 129x129 [border: (2px solid #000000)]
                RenderBR {BR} at (136,141) size 0x0
                RenderInline {LABEL} at (0,0) size 83x18
                  RenderText {#text} at (7,141) size 83x18
                    text run at (7,141) width 83: "source-atop"
            RenderTableRow {TR} at (0,171) size 582x167
              RenderTableCell {TD} at (2,171) size 143x167 [r=1 c=0 rs=1 cs=1]
                RenderHTMLCanvas {CANVAS} at (7,7) size 129x129 [border: (2px solid #000000)]
                RenderBR {BR} at (136,141) size 0x0
                RenderInline {LABEL} at (0,0) size 111x18
                  RenderText {#text} at (7,141) size 111x18
                    text run at (7,141) width 111: "destination-over"
              RenderTableCell {TD} at (147,171) size 143x167 [r=1 c=1 rs=1 cs=1]
                RenderHTMLCanvas {CANVAS} at (7,7) size 129x129 [border: (2px solid #000000)]
                RenderBR {BR} at (136,141) size 0x0
                RenderInline {LABEL} at (0,0) size 93x18
                  RenderText {#text} at (7,141) size 93x18
                    text run at (7,141) width 93: "destination-in"
              RenderTableCell {TD} at (292,171) size 143x167 [r=1 c=2 rs=1 cs=1]
                RenderHTMLCanvas {CANVAS} at (7,7) size 129x129 [border: (2px solid #000000)]
                RenderBR {BR} at (136,141) size 0x0
                RenderInline {LABEL} at (0,0) size 102x18
                  RenderText {#text} at (7,141) size 102x18
                    text run at (7,141) width 102: "destination-out"
              RenderTableCell {TD} at (437,171) size 143x167 [r=1 c=3 rs=1 cs=1]
                RenderHTMLCanvas {CANVAS} at (7,7) size 129x129 [border: (2px solid #000000)]
                RenderBR {BR} at (136,141) size 0x0
                RenderInline {LABEL} at (0,0) size 112x18
                  RenderText {#text} at (7,141) size 112x18
                    text run at (7,141) width 112: "destination-atop"
            RenderTableRow {TR} at (0,340) size 582x167
              RenderTableCell {TD} at (2,340) size 143x167 [r=2 c=0 rs=1 cs=1]
                RenderHTMLCanvas {CANVAS} at (7,7) size 129x129 [border: (2px solid #000000)]
                RenderBR {BR} at (136,141) size 0x0
                RenderInline {LABEL} at (0,0) size 42x18
                  RenderText {#text} at (7,141) size 42x18
                    text run at (7,141) width 42: "lighter"
              RenderTableCell {TD} at (147,340) size 143x167 [r=2 c=1 rs=1 cs=1]
                RenderHTMLCanvas {CANVAS} at (7,7) size 129x129 [border: (2px solid #000000)]
                RenderBR {BR} at (136,141) size 0x0
                RenderInline {LABEL} at (0,0) size 45x18
                  RenderText {#text} at (7,141) size 45x18
                    text run at (7,141) width 45: "darker"
              RenderTableCell {TD} at (292,340) size 143x167 [r=2 c=2 rs=1 cs=1]
                RenderHTMLCanvas {CANVAS} at (7,7) size 129x129 [border: (2px solid #000000)]
                RenderBR {BR} at (136,141) size 0x0
                RenderInline {LABEL} at (0,0) size 33x18
                  RenderText {#text} at (7,141) size 33x18
                    text run at (7,141) width 33: "copy"
              RenderTableCell {TD} at (437,340) size 143x167 [r=2 c=3 rs=1 cs=1]
                RenderHTMLCanvas {CANVAS} at (7,7) size 129x129 [border: (2px solid #000000)]
                RenderBR {BR} at (136,141) size 0x0
                RenderInline {LABEL} at (0,0) size 21x18
                  RenderText {#text} at (7,141) size 21x18
                    text run at (7,141) width 21: "xor"
