layer at (0,0) size 800x600
  RenderView at (0,0) size 800x600
layer at (0,0) size 800x417
  RenderBlock {html} at (0,0) size 800x417
    RenderBody {body} at (8,16) size 784x20
      RenderBlock {p} at (0,0) size 784x20
        RenderText {#text} at (0,0) size 401x19
          text run at (0,0) width 401: "This test case should produce a sine-wave stroked with 1px black."
    RenderBlock (anonymous) at (0,52) size 800x365
      RenderHTMLCanvas {canvas} at (0,0) size 480x360
