layer at (0,0) size 800x600
  RenderView at (0,0) size 800x600
layer at (0,0) size 800x600
  RenderBlock {HTML} at (0,0) size 800x600
    RenderBody {BODY} at (8,8) size 784x584
      RenderText {#text} at (0,0) size 20x19
        text run at (0,0) width 20: "bar"
      RenderBR {BR} at (20,15) size 0x0
      RenderText {#text} at (0,20) size 20x19
        text run at (0,20) width 20: "bar"
      RenderBR {BR} at (20,35) size 0x0
      RenderText {#text} at (0,40) size 20x19
        text run at (0,40) width 20: "bar"
      RenderBR {BR} at (20,55) size 0x0
      RenderText {#text} at (0,60) size 20x19
        text run at (0,60) width 20: "bar"
      RenderBR {BR} at (20,75) size 0x0
