layer at (0,0) size 800x600
  RenderView at (0,0) size 800x600
layer at (0,0) size 800x600
  RenderBlock {HTML} at (0,0) size 800x600
    RenderBody {BODY} at (8,8) size 784x584
      RenderBlock {P} at (0,0) size 784x40
        RenderText {#text} at (0,0) size 735x39
          text run at (0,0) width 735: "This tests for a bug in GMail's Editor, they try to extract the contents of a range that has had it's contents removed from the"
          text run at (0,20) width 210: "document by an editing command. "
          text run at (210,20) width 252: "You should see 'dogfood' unstyled below."
      RenderBlock {DIV} at (0,56) size 784x20
        RenderText {#text} at (0,0) size 51x19
          text run at (0,0) width 51: "dogfood"
selection start: position 0 of child 0 {#text} of child 2 {DIV} of child 1 {BODY} of child 0 {HTML} of document
selection end:   position 7 of child 0 {#text} of child 2 {DIV} of child 1 {BODY} of child 0 {HTML} of document
