layer at (0,0) size 800x600
  RenderView at (0,0) size 800x600
layer at (0,0) size 800x600
  RenderBlock {HTML} at (0,0) size 800x600
    RenderBody {BODY} at (8,8) size 784x584
      RenderBlock {P} at (0,0) size 784x40
        RenderText {#text} at (0,0) size 496x19
          text run at (0,0) width 496: "This tests for a bug where RemoveFormat would reverse the order of paragraphs. "
        RenderInline {B} at (0,0) size 762x39
          RenderText {#text} at (496,0) size 762x39
            text run at (496,0) width 266: "This demonstrates a bug: the caret is on"
            text run at (0,20) width 101: "the wrong line. "
            text run at (101,20) width 183: "It should be on the last line."
      RenderBlock {DIV} at (0,56) size 784x60
        RenderBlock (anonymous) at (0,0) size 784x0
        RenderBlock {DIV} at (0,0) size 784x60
          RenderText {#text} at (0,0) size 20x19
            text run at (0,0) width 20: "foo"
          RenderBR {BR} at (20,15) size 0x0
          RenderBR {BR} at (0,20) size 0x19
          RenderBR {BR} at (0,40) size 0x19
selection start: position 0 of child 0 {#text} of child 0 {DIV} of child 2 {DIV} of child 1 {BODY} of child 0 {HTML} of document
selection end:   position 1 of child 2 {BR} of child 0 {DIV} of child 2 {DIV} of child 1 {BODY} of child 0 {HTML} of document
