layer at (0,0) size 800x600
  RenderView at (0,0) size 800x600
layer at (0,0) size 800x600
  RenderBlock {HTML} at (0,0) size 800x600
    RenderBody {BODY} at (8,8) size 784x584
      RenderBlock {P} at (0,0) size 784x40
        RenderText {#text} at (0,0) size 780x39
          text run at (0,0) width 564: "This tests for a bug where Remove Format would fail to remove links that were fully selected. "
          text run at (564,0) width 216: "You should see plain text only in the"
          text run at (0,20) width 133: "editable region below."
      RenderBlock {DIV} at (0,56) size 784x20
        RenderText {#text} at (0,0) size 224x19
          text run at (0,0) width 224: "This shouldn't be a link or underlined."
selection start: position 0 of child 0 {#text} of child 2 {DIV} of child 1 {BODY} of child 0 {HTML} of document
selection end:   position 39 of child 0 {#text} of child 2 {DIV} of child 1 {BODY} of child 0 {HTML} of document
