layer at (0,0) size 800x600
  RenderView at (0,0) size 800x600
layer at (0,0) size 800x600
  RenderBlock {HTML} at (0,0) size 800x600
    RenderBody {BODY} at (8,8) size 784x576
      RenderBlock {OL} at (0,0) size 784x60
        RenderListItem {LI} at (40,0) size 744x20
          RenderListMarker at (-21,0) size 16x19: "1"
          RenderInline {SPAN} at (0,0) size 468x19
            RenderText {#text} at (0,0) size 468x19
              text run at (0,0) width 468: "This tests for a crash when making and removing lists from underlined content."
        RenderListItem {LI} at (40,20) size 744x20
          RenderListMarker at (-21,0) size 16x19: "2"
          RenderInline {SPAN} at (0,0) size 257x19
            RenderText {#text} at (0,0) size 257x19
              text run at (0,0) width 257: "All three paragraphs should be in list items."
        RenderListItem {LI} at (40,40) size 744x20
          RenderListMarker at (-21,0) size 16x19: "3"
          RenderInline {SPAN} at (0,0) size 209x19
            RenderText {#text} at (0,0) size 209x19
              text run at (0,0) width 209: "And all three should be underlined."
      RenderBlock (anonymous) at (0,76) size 784x0
selection start: position 0 of child 0 {#text} of child 0 {SPAN} of child 0 {LI} of child 0 {OL} of child 1 {BODY} of child 0 {HTML} of document
selection end:   position 35 of child 0 {#text} of child 0 {SPAN} of child 2 {LI} of child 0 {OL} of child 1 {BODY} of child 0 {HTML} of document
