EDITING DELEGATE: shouldBeginEditingInDOMRange:range from 0 of DIV > BODY > HTML > #document to 1 of DIV > BODY > HTML > #document
EDITING DELEGATE: webViewDidBeginEditing:WebViewDidBeginEditingNotification
EDITING DELEGATE: webViewDidChangeSelection:WebViewDidChangeSelectionNotification
EDITING DELEGATE: webViewDidChangeSelection:WebViewDidChangeSelectionNotification
EDITING DELEGATE: shouldChangeSelectedDOMRange:(null) toDOMRange:range from 0 of H1 > DIV > BODY > HTML > #document to 0 of H1 > DIV > BODY > HTML > #document affinity:NSSelectionAffinityDownstream stillSelecting:FALSE
EDITING DELEGATE: webViewDidChangeSelection:WebViewDidChangeSelectionNotification
EDITING DELEGATE: webViewDidChange:WebViewDidChangeNotification
layer at (0,0) size 800x600
  RenderView at (0,0) size 800x600
layer at (0,0) size 800x600
  RenderBlock {HTML} at (0,0) size 800x600
    RenderBody {BODY} at (8,8) size 784x571
      RenderBlock {DIV} at (0,0) size 784x20
        RenderText {#text} at (0,0) size 533x19
          text run at (0,0) width 533: "This test uses FormatBlock with html brackets in the tag string passed to execCommand."
      RenderBlock (anonymous) at (0,20) size 784x20
        RenderBR {BR} at (0,0) size 0x19
        RenderInline {DIV} at (0,0) size 0x0
      RenderBlock (anonymous) at (0,61) size 784x37
        RenderBlock {H1} at (0,0) size 784x37
          RenderText {#text} at (0,0) size 157x36
            text run at (0,0) width 157: "Format Me"
      RenderBlock (anonymous) at (0,119) size 784x0
        RenderInline {DIV} at (0,0) size 0x0
        RenderText {#text} at (0,0) size 0x0
caret: position 0 of child 0 {#text} of child 0 {H1} of child 4 {DIV} of child 1 {BODY} of child 0 {HTML} of document
