EDITING DELEGATE: shouldBeginEditingInDOMRange:range from 0 of DIV > BODY > HTML > #document to 12 of DIV > BODY > HTML > #document
EDITING DELEGATE: webViewDidBeginEditing:WebViewDidBeginEditingNotification
EDITING DELEGATE: webViewDidChangeSelection:WebViewDidChangeSelectionNotification
EDITING DELEGATE: webViewDidChangeSelection:WebViewDidChangeSelectionNotification
EDITING DELEGATE: webViewDidChange:WebViewDidChangeNotification
layer at (0,0) size 800x600
  RenderView at (0,0) size 800x600
layer at (0,0) size 800x600
  RenderBlock {HTML} at (0,0) size 800x600
    RenderBody {BODY} at (8,8) size 784x584
      RenderBlock {DIV} at (0,0) size 784x40
        RenderText {#text} at (0,0) size 363x19
          text run at (0,0) width 363: "This test uses the execCommand to Outdent the text below. "
        RenderInline {B} at (0,0) size 768x39
          RenderText {#text} at (363,0) size 768x39
            text run at (363,0) width 405: "This demonstrates a bug: the content in the blockquote that's"
            text run at (0,20) width 234: "not in a list is pulled out of position."
      RenderBlock (anonymous) at (0,40) size 784x20
        RenderBR {BR} at (0,0) size 0x19
      RenderBlock {DIV} at (0,60) size 784x212
        RenderBlock (anonymous) at (0,0) size 784x60
          RenderInline {SPAN} at (0,0) size 40x19
            RenderText {#text} at (0,0) size 40x19
              text run at (0,0) width 40: "Lorem"
          RenderBR {BR} at (40,15) size 0x0
          RenderText {#text} at (0,20) size 84x19
            text run at (0,20) width 84: "more Lorem! "
          RenderText {#text} at (84,20) size 35x19
            text run at (84,20) width 35: "ipsum"
          RenderBR {BR} at (119,35) size 0x0
          RenderText {#text} at (0,40) size 35x19
            text run at (0,40) width 35: "Dolor"
          RenderBR {BR} at (35,55) size 0x0
        RenderBlock {BLOCKQUOTE} at (40,60) size 744x60
          RenderBlock (anonymous) at (0,0) size 744x60
            RenderText {#text} at (0,0) size 25x19
              text run at (0,0) width 25: "Foo"
            RenderBR {BR} at (25,15) size 0x0
            RenderText {#text} at (0,20) size 22x19
              text run at (0,20) width 22: "Bar"
            RenderBR {BR} at (22,35) size 0x0
            RenderText {#text} at (0,40) size 23x19
              text run at (0,40) width 23: "Baz"
            RenderBR {BR} at (23,55) size 0x0
          RenderBlock {UL} at (0,76) size 744x0
          RenderBlock (anonymous) at (0,76) size 744x0
        RenderBlock (anonymous) at (0,136) size 784x20
          RenderText {#text} at (0,0) size 76x19
            text run at (0,0) width 76: "Dinner time?"
          RenderBR {BR} at (76,15) size 0x0
        RenderBlock {UL} at (0,172) size 784x0
        RenderBlock (anonymous) at (0,172) size 784x40
          RenderText {#text} at (0,0) size 32x19
            text run at (0,0) width 32: "Sum!"
          RenderBR {BR} at (32,15) size 0x0
          RenderInline {SPAN} at (0,0) size 33x19
            RenderText {#text} at (0,20) size 33x19
              text run at (0,20) width 33: "Thing"
          RenderText {#text} at (0,0) size 0x0
selection start: position 0 of child 0 {#text} of child 1 {SPAN} of child 4 {DIV} of child 1 {BODY} of child 0 {HTML} of document
selection end:   position 5 of child 0 {#text} of child 16 {SPAN} of child 4 {DIV} of child 1 {BODY} of child 0 {HTML} of document
