EDITING DELEGATE: shouldBeginEditingInDOMRange:range from 0 of DIV > BODY > HTML > #document to 2 of DIV > BODY > HTML > #document
EDITING DELEGATE: webViewDidBeginEditing:WebViewDidBeginEditingNotification
EDITING DELEGATE: webViewDidChangeSelection:WebViewDidChangeSelectionNotification
EDITING DELEGATE: webViewDidChangeSelection:WebViewDidChangeSelectionNotification
EDITING DELEGATE: webViewDidChangeSelection:WebViewDidChangeSelectionNotification
EDITING DELEGATE: shouldChangeSelectedDOMRange:(null) toDOMRange:range from 0 of #text > DIV > BODY > HTML > #document to 4 of #text > DIV > BODY > HTML > #document affinity:NSSelectionAffinityDownstream stillSelecting:FALSE
EDITING DELEGATE: webViewDidChangeSelection:WebViewDidChangeSelectionNotification
EDITING DELEGATE: webViewDidChange:WebViewDidChangeNotification
layer at (0,0) size 800x600
  RenderView at (0,0) size 800x600
layer at (0,0) size 800x600
  RenderBlock {HTML} at (0,0) size 800x600
    RenderBody {BODY} at (8,8) size 784x584
      RenderBlock {P} at (0,0) size 784x40
        RenderText {#text} at (0,0) size 755x39
          text run at (0,0) width 755: "This tests that RemoveFormat not only removes style from the selected part of the DOM, but that it also applies the document"
          text run at (0,20) width 534: "default style to the selection if that's necessary in order to leave the selected text unstyled."
      RenderBlock {DIV} at (0,56) size 784x20
        RenderText {#text} at (0,0) size 292x19
          text run at (0,0) width 292: "This text should look the same as the text above."
selection start: position 0 of child 0 {#text} of child 2 {DIV} of child 1 {BODY} of child 0 {HTML} of document
selection end:   position 4 of child 0 {#text} of child 2 {DIV} of child 1 {BODY} of child 0 {HTML} of document
