layer at (0,0) size 800x600
  RenderView at (0,0) size 800x600
layer at (0,0) size 800x600
  RenderBlock {HTML} at (0,0) size 800x600
    RenderBody {BODY} at (8,8) size 784x584
      RenderBlock {DIV} at (0,0) size 784x40
        RenderText {#text} at (0,0) size 774x39
          text run at (0,0) width 306: "This document is missing its </title> tag in its head. "
          text run at (306,0) width 468: "The tokenizer should retokenize this document after consuming all of it looking"
          text run at (0,20) width 429: "for the missing end tag, then let the parser clean up the missing tag. See "
        RenderInline {A} at (0,0) size 110x19 [color=#0000EE]
          RenderText {#text} at (429,20) size 110x19
            text run at (429,20) width 110: "Bugzilla Bug 3905"
        RenderText {#text} at (539,20) size 4x19
          text run at (539,20) width 4: "."
