layer at (0,0) size 800x600
  RenderView at (0,0) size 800x600
layer at (0,0) size 800x600
  RenderBlock {HTML} at (0,0) size 800x600
    RenderBody {BODY} at (8,8) size 784x584
      RenderBlock {P} at (0,0) size 784x20
        RenderText {#text} at (0,0) size 222x19
          text run at (0,0) width 222: "Tests hit testing on generated content"
      RenderBlock {DIV} at (0,136) size 784x20
        RenderText {#text} at (0,0) size 231x19
          text run at (0,0) width 231: "elementFromPoint found target: PASS"
layer at (8,44) size 100x100
  RenderBlock (relative positioned) {DIV} at (0,36) size 100x100
    RenderText {#text} at (0,0) size 4x19
      text run at (0,0) width 4: " "
layer at (8,44) size 100x100
  RenderBlock (positioned) at (0,0) size 100x100 [bgcolor=#808080]
    RenderText at (0,0) size 0x0
