layer at (0,0) size 800x600
  RenderView at (0,0) size 800x600
layer at (0,0) size 800x600
  RenderBlock {HTML} at (0,0) size 800x600
    RenderBody {BODY} at (8,8) size 784x576
      RenderBlock {P} at (0,0) size 784x40
        RenderText {#text} at (0,0) size 116x19
          text run at (0,0) width 116: "Regression test for "
        RenderInline {I} at (0,0) size 657x39
          RenderInline {A} at (0,0) size 305x19 [color=#0000EE]
            RenderText {#text} at (116,0) size 305x19
              text run at (116,0) width 305: "http://bugs.webkit.org/show_bug.cgi?id=11505"
          RenderText {#text} at (421,0) size 657x39
            text run at (421,0) width 4: " "
            text run at (425,0) width 232: "REGRESSION: Null pointer deref in"
            text run at (0,20) width 450: "HitTestResult::spellingToolTip() (assertion failure in Node::document)"
        RenderText {#text} at (450,20) size 4x19
          text run at (450,20) width 4: "."
      RenderBlock {P} at (0,56) size 784x20
        RenderText {#text} at (0,0) size 172x19
          text run at (0,0) width 172: "No assert means test PASS."
layer at (0,100) size 60x60
  RenderBlock (positioned) at (0,100) size 60x60 [border: (5px solid #000000)]
    RenderText at (0,0) size 0x0
