layer at (0,0) size 800x600
  RenderView at (0,0) size 800x600
layer at (0,0) size 800x600
  RenderBlock {HTML} at (0,0) size 800x600
    RenderBody {BODY} at (8,8) size 784x584
      RenderBlock {DIV} at (0,0) size 784x100
        RenderText {#text} at (0,0) size 237x19
          text run at (0,0) width 237: "This test checks for regressions against "
        RenderInline {A} at (0,0) size 777x39 [color=#0000EE]
          RenderText {#text} at (237,0) size 777x39
            text run at (237,0) width 540: "Radar 4279765: REGRESSION: \"More...\" links on flickr groups pages have hover issues"
            text run at (0,20) width 70: "(flickr.com)"
        RenderText {#text} at (70,20) size 377x19
          text run at (70,20) width 377: ". Click on the word TEST below and it should turn into PASS."
      RenderBlock {DIV} at (0,100) size 784x200
        RenderBlock (floating) {DIV} at (0,0) size 244x200
          RenderImage {IMG} at (0,0) size 100x100
          RenderText {#text} at (100,85) size 4x19
            text run at (100,85) width 4: " "
          RenderBR {BR} at (0,0) size 0x0
          RenderBlock (floating) {H1} at (0,172) size 244x118
            RenderInline {A} at (0,0) size 244x114 [color=#0000EE]
              RenderText {#text} at (0,2) size 244x114
                text run at (0,2) width 244: "PASS"
          RenderText {#text} at (0,0) size 0x0
        RenderBR {BR} at (244,0) size 0x19
