layer at (0,0) size 800x600
  RenderView at (0,0) size 800x600
layer at (0,0) size 800x300
  RenderBlock {HTML} at (0,0) size 800x300
    RenderBody {BODY} at (8,16) size 784x276
      RenderBlock {P} at (0,0) size 784x20
        RenderText {#text} at (0,0) size 365x19
          text run at (0,0) width 365: "Tests the repainting of box shadows when boxes are resized."
      RenderBlock {DIV} at (0,36) size 70x120
        RenderBlock {DIV} at (10,20) size 50x50 [bgcolor=#FFFF77]
          RenderBlock {DIV} at (10,0) size 30x50
      RenderBlock {DIV} at (0,156) size 70x120
        RenderBlock {DIV} at (10,20) size 50x50 [bgcolor=#FFFF77]
          RenderBlock {DIV} at (10,0) size 30x50
