layer at (0,0) size 800x600
  RenderView at (0,0) size 800x600
layer at (0,0) size 800x126
  RenderBlock {HTML} at (0,0) size 800x126
    RenderBody {BODY} at (8,16) size 784x90
      RenderBlock {P} at (0,0) size 784x20
        RenderText {#text} at (0,0) size 170x19
          text run at (0,0) width 170: "If you see red, the test failed"
layer at (28,56) size 250x50
  RenderBlock {DIV} at (20,40) size 250x50 [bgcolor=#008000]
