layer at (0,0) size 800x600
  RenderView at (0,0) size 800x600
layer at (0,0) size 800x600
  RenderBlock {HTML} at (0,0) size 800x600
    RenderBody {BODY} at (8,8) size 784x576
      RenderBlock {OL} at (0,0) size 784x440
        RenderListItem {LI} at (40,0) size 744x20
          RenderListMarker at (-35,0) size 30x19: "-10"
          RenderText {#text} at (0,0) size 204x19
            text run at (0,0) width 204: "this list item should be labeled -10"
        RenderListItem {LI} at (40,20) size 744x20
          RenderListMarker at (-35,0) size 30x19: "-09"
          RenderText {#text} at (0,0) size 204x19
            text run at (0,0) width 204: "this list item should be labeled -09"
        RenderListItem {LI} at (40,40) size 744x20
          RenderListMarker at (-35,0) size 30x19: "-08"
          RenderText {#text} at (0,0) size 204x19
            text run at (0,0) width 204: "this list item should be labeled -08"
        RenderListItem {LI} at (40,60) size 744x20
          RenderListMarker at (-35,0) size 30x19: "-07"
          RenderText {#text} at (0,0) size 204x19
            text run at (0,0) width 204: "this list item should be labeled -07"
        RenderListItem {LI} at (40,80) size 744x20
          RenderListMarker at (-35,0) size 30x19: "-06"
          RenderText {#text} at (0,0) size 204x19
            text run at (0,0) width 204: "this list item should be labeled -06"
        RenderListItem {LI} at (40,100) size 744x20
          RenderListMarker at (-35,0) size 30x19: "-05"
          RenderText {#text} at (0,0) size 204x19
            text run at (0,0) width 204: "this list item should be labeled -05"
        RenderListItem {LI} at (40,120) size 744x20
          RenderListMarker at (-35,0) size 30x19: "-04"
          RenderText {#text} at (0,0) size 204x19
            text run at (0,0) width 204: "this list item should be labeled -04"
        RenderListItem {LI} at (40,140) size 744x20
          RenderListMarker at (-35,0) size 30x19: "-03"
          RenderText {#text} at (0,0) size 204x19
            text run at (0,0) width 204: "this list item should be labeled -03"
        RenderListItem {LI} at (40,160) size 744x20
          RenderListMarker at (-35,0) size 30x19: "-02"
          RenderText {#text} at (0,0) size 204x19
            text run at (0,0) width 204: "this list item should be labeled -02"
        RenderListItem {LI} at (40,180) size 744x20
          RenderListMarker at (-35,0) size 30x19: "-01"
          RenderText {#text} at (0,0) size 204x19
            text run at (0,0) width 204: "this list item should be labeled -01"
        RenderListItem {LI} at (40,200) size 744x20
          RenderListMarker at (-29,0) size 24x19: "00"
          RenderText {#text} at (0,0) size 198x19
            text run at (0,0) width 198: "this list item should be labeled 00"
        RenderListItem {LI} at (40,220) size 744x20
          RenderListMarker at (-29,0) size 24x19: "01"
          RenderText {#text} at (0,0) size 198x19
            text run at (0,0) width 198: "this list item should be labeled 01"
        RenderListItem {LI} at (40,240) size 744x20
          RenderListMarker at (-29,0) size 24x19: "02"
          RenderText {#text} at (0,0) size 198x19
            text run at (0,0) width 198: "this list item should be labeled 02"
        RenderListItem {LI} at (40,260) size 744x20
          RenderListMarker at (-29,0) size 24x19: "03"
          RenderText {#text} at (0,0) size 198x19
            text run at (0,0) width 198: "this list item should be labeled 03"
        RenderListItem {LI} at (40,280) size 744x20
          RenderListMarker at (-29,0) size 24x19: "04"
          RenderText {#text} at (0,0) size 198x19
            text run at (0,0) width 198: "this list item should be labeled 04"
        RenderListItem {LI} at (40,300) size 744x20
          RenderListMarker at (-29,0) size 24x19: "05"
          RenderText {#text} at (0,0) size 198x19
            text run at (0,0) width 198: "this list item should be labeled 05"
        RenderListItem {LI} at (40,320) size 744x20
          RenderListMarker at (-29,0) size 24x19: "06"
          RenderText {#text} at (0,0) size 198x19
            text run at (0,0) width 198: "this list item should be labeled 06"
        RenderListItem {LI} at (40,340) size 744x20
          RenderListMarker at (-29,0) size 24x19: "07"
          RenderText {#text} at (0,0) size 198x19
            text run at (0,0) width 198: "this list item should be labeled 07"
        RenderListItem {LI} at (40,360) size 744x20
          RenderListMarker at (-29,0) size 24x19: "08"
          RenderText {#text} at (0,0) size 198x19
            text run at (0,0) width 198: "this list item should be labeled 08"
        RenderListItem {LI} at (40,380) size 744x20
          RenderListMarker at (-29,0) size 24x19: "09"
          RenderText {#text} at (0,0) size 198x19
            text run at (0,0) width 198: "this list item should be labeled 09"
        RenderListItem {LI} at (40,400) size 744x20
          RenderListMarker at (-29,0) size 24x19: "10"
          RenderText {#text} at (0,0) size 198x19
            text run at (0,0) width 198: "this list item should be labeled 10"
        RenderListItem {LI} at (40,420) size 744x20
          RenderListMarker at (-37,0) size 32x19: "100"
          RenderText {#text} at (0,0) size 206x19
            text run at (0,0) width 206: "this list item should be labeled 100"
