layer at (0,0) size 800x600
  RenderView at (0,0) size 800x600
layer at (0,0) size 800x600
  RenderBlock {HTML} at (0,0) size 800x600
    RenderBody {BODY} at (8,8) size 784x584
      RenderBlock {P} at (0,0) size 784x40
        RenderText {#text} at (0,0) size 51x19
          text run at (0,0) width 51: "Test for "
        RenderInline {I} at (0,0) size 783x39
          RenderInline {A} at (0,0) size 305x19 [color=#0000EE]
            RenderText {#text} at (51,0) size 305x19
              text run at (51,0) width 305: "http://bugs.webkit.org/show_bug.cgi?id=12746"
          RenderText {#text} at (356,0) size 783x39
            text run at (356,0) width 4: " "
            text run at (360,0) width 423: "REGRESSION (r13853): List item's first line overflows containing"
            text run at (0,20) width 20: "div"
        RenderText {#text} at (20,20) size 4x19
          text run at (20,20) width 4: "."
      RenderBlock {P} at (0,56) size 784x20
        RenderText {#text} at (0,0) size 246x19
          text run at (0,0) width 246: "Text should not overflow the yellow box."
      RenderBlock {DIV} at (0,92) size 125x40 [bgcolor=#FFFF00]
        RenderListItem {LI} at (0,0) size 125x40
          RenderListMarker at (-1,0) size 7x19: bullet
          RenderText {#text} at (15,0) size 98x39
            text run at (15,0) width 4: " "
            text run at (19,0) width 79: "Lorem ipsum"
            text run at (0,20) width 82: "dolor sit amet"
