layer at (0,0) size 800x600
  RenderView at (0,0) size 800x600
layer at (0,0) size 800x600
  RenderBlock {HTML} at (0,0) size 800x600
    RenderBody {BODY} at (8,8) size 784x576
      RenderBlock {P} at (0,0) size 784x20
        RenderText {#text} at (0,0) size 51x19
          text run at (0,0) width 51: "Test for "
        RenderInline {I} at (0,0) size 659x19
          RenderInline {A} at (0,0) size 305x19 [color=#0000EE]
            RenderText {#text} at (51,0) size 305x19
              text run at (51,0) width 305: "http://bugs.webkit.org/show_bug.cgi?id=12899"
          RenderText {#text} at (356,0) size 354x19
            text run at (356,0) width 4: " "
            text run at (360,0) width 350: "Ordered lists not updating dynamically with new styles"
        RenderText {#text} at (710,0) size 4x19
          text run at (710,0) width 4: "."
      RenderBlock {P} at (0,36) size 784x20
        RenderText {#text} at (0,0) size 346x19
          text run at (0,0) width 346: "The items in the following list should be numbered 1, 2, 3."
      RenderBlock {OL} at (0,72) size 784x60
        RenderListItem {LI} at (40,0) size 744x20
          RenderListMarker at (-21,0) size 16x19: "1"
          RenderText {#text} at (0,0) size 56x19
            text run at (0,0) width 56: "First item"
        RenderListItem {LI} at (40,20) size 744x20
          RenderListMarker at (-21,0) size 16x19: "2"
          RenderText {#text} at (0,0) size 75x19
            text run at (0,0) width 75: "Second item"
        RenderListItem {LI} at (40,40) size 744x20
          RenderListMarker at (-21,0) size 16x19: "3"
          RenderText {#text} at (0,0) size 61x19
            text run at (0,0) width 61: "Third item"
