layer at (0,0) size 785x6628
  RenderView at (0,0) size 785x600
layer at (0,0) size 785x6628
  RenderBlock {HTML} at (0,0) size 785x6628
    RenderBody {BODY} at (8,21) size 769x6591
      RenderBlock {DIV} at (0,0) size 769x174
        RenderBlock {H1} at (0,0) size 769x37
          RenderText {#text} at (0,0) size 345x36
            text run at (0,0) width 345: "I18N Tests: list-style-type"
        RenderBlock {P} at (0,58) size 769x20
          RenderText {#text} at (0,0) size 496x19
            text run at (0,0) width 496: "This page tests support for the CSS list-style-type property, as defined in CSS2.0."
        RenderBlock {DIV} at (0,94) size 769x80
          RenderBlock {P} at (0,0) size 769x80
            RenderInline {STRONG} at (0,0) size 38x19
              RenderText {#text} at (0,0) size 38x19
                text run at (0,0) width 38: "Note:"
            RenderText {#text} at (38,0) size 763x79
              text run at (38,0) width 677: " The CSS2.0 specification does not specify in any detail the mechanism for implementing the numbering schemes "
              text run at (715,0) width 48: "defined."
              text run at (0,20) width 757: "Expectations for behaviour are based on the version of the CSS3 Lists module current at the time this test was last updated. In"
              text run at (0,40) width 74: "most cases, "
              text run at (74,40) width 671: "however, these tests simply allow you to see whether and how a particular user agent implements these features,"
              text run at (0,60) width 177: "rather than testing against the "
              text run at (177,60) width 197: "requirements of the specification."
      RenderBlock {P} at (0,190) size 769x20
        RenderText {#text} at (0,0) size 405x19
          text run at (0,0) width 405: "Check whether the numbering of the lists is what you would expect."
      RenderBlock {P} at (0,226) size 769x20
        RenderText {#text} at (0,0) size 27x19
          text run at (0,0) width 27: "The "
        RenderInline {CODE} at (0,0) size 40x16
          RenderText {#text} at (27,3) size 40x16
            text run at (27,3) width 40: "start"
        RenderText {#text} at (67,0) size 121x19
          text run at (67,0) width 121: " attribute is used on "
        RenderInline {CODE} at (0,0) size 16x16
          RenderText {#text} at (188,3) size 16x16
            text run at (188,3) width 16: "ol"
        RenderText {#text} at (204,0) size 160x19
          text run at (204,0) width 160: " to skip to higher numbers."
      RenderBlock {H2} at (0,265) size 769x27
        RenderText {#text} at (0,0) size 113x26
          text run at (0,0) width 113: "lower-latin"
      RenderBlock {P} at (0,311) size 769x20
        RenderText {#text} at (0,0) size 66x19
          text run at (0,0) width 66: "CSS says: "
        RenderInline {CODE} at (0,0) size 232x16
          RenderText {#text} at (66,3) size 232x16
            text run at (66,3) width 232: "list-style-type: lower-latin;"
        RenderText {#text} at (298,0) size 8x19
          text run at (298,0) width 8: " ."
      RenderBlock {P} at (0,347) size 769x20
        RenderText {#text} at (0,0) size 675x19
          text run at (0,0) width 675: "The CSS2.0 specification specifies the set of characters as \"a, b, c, ... z\". It doesn't specify what happens after z."
      RenderBlock {DIV} at (0,383) size 769x352
        RenderBlock {OL} at (0,0) size 769x168
          RenderListItem {LI} at (40,0) size 729x20
            RenderListMarker at (-20,0) size 15x19: "a"
            RenderText {#text} at (0,0) size 116x19
              text run at (0,0) width 116: "one, should show a"
          RenderListItem {LI} at (40,20) size 729x88
            RenderBlock (anonymous) at (0,0) size 729x20
              RenderListMarker at (-21,0) size 16x19: "b"
              RenderText {#text} at (0,0) size 118x19
                text run at (0,0) width 118: "two, should show b"
            RenderBlock {OL} at (0,28) size 729x60
              RenderListItem {LI} at (40,0) size 689x20
                RenderListMarker at (-20,0) size 15x19: "a"
                RenderText {#text} at (0,0) size 121x19
                  text run at (0,0) width 121: "one, expect to see a"
              RenderListItem {LI} at (40,20) size 689x20
                RenderListMarker at (-21,0) size 16x19: "b"
                RenderText {#text} at (0,0) size 123x19
                  text run at (0,0) width 123: "two, expect to see b"
              RenderListItem {LI} at (40,40) size 689x20
                RenderListMarker at (-20,0) size 15x19: "c"
                RenderText {#text} at (0,0) size 129x19
                  text run at (0,0) width 129: "three, expect to see c"
          RenderListItem {LI} at (40,108) size 729x20
            RenderListMarker at (-20,0) size 15x19: "c"
            RenderText {#text} at (0,0) size 124x19
              text run at (0,0) width 124: "three, should show c"
          RenderListItem {LI} at (40,128) size 729x20
            RenderListMarker at (-21,0) size 16x19: "d"
            RenderText {#text} at (0,0) size 119x19
              text run at (0,0) width 119: "four, should show d"
          RenderListItem {LI} at (40,148) size 729x20
            RenderListMarker at (-20,0) size 15x19: "e"
            RenderText {#text} at (0,0) size 115x19
              text run at (0,0) width 115: "five, should show e"
        RenderBlock {OL} at (0,200) size 769x60
          RenderListItem {LI} at (40,0) size 729x20
            RenderListMarker at (-19,0) size 14x19: "z"
            RenderText {#text} at (0,0) size 153x19
              text run at (0,0) width 153: "twenty six, should show z"
          RenderListItem {LI} at (40,20) size 729x20
            RenderListMarker at (-27,0) size 22x19: "aa"
            RenderText {#text} at (0,0) size 144x19
              text run at (0,0) width 144: "twenty seven, undefined"
          RenderListItem {LI} at (40,40) size 729x20
            RenderListMarker at (-28,0) size 23x19: "ab"
            RenderText {#text} at (0,0) size 138x19
              text run at (0,0) width 138: "twenty eight, undefined"
        RenderBlock {OL} at (0,292) size 769x60
          RenderListItem {LI} at (40,0) size 729x20
            RenderListMarker at (-26,0) size 21x19: "az"
            RenderText {#text} at (0,0) size 117x19
              text run at (0,0) width 117: "fifty-two, undefined"
          RenderListItem {LI} at (40,20) size 729x20
            RenderListMarker at (-28,0) size 23x19: "ba"
            RenderText {#text} at (0,0) size 124x19
              text run at (0,0) width 124: "fifty-three, undefined"
          RenderListItem {LI} at (40,40) size 729x20
            RenderListMarker at (-29,0) size 24x19: "bb"
            RenderText {#text} at (0,0) size 118x19
              text run at (0,0) width 118: "fifty-four, undefined"
      RenderBlock {H2} at (0,767) size 769x27
        RenderText {#text} at (0,0) size 116x26
          text run at (0,0) width 116: "upper-latin"
      RenderBlock {P} at (0,813) size 769x20
        RenderText {#text} at (0,0) size 66x19
          text run at (0,0) width 66: "CSS says: "
        RenderInline {CODE} at (0,0) size 232x16
          RenderText {#text} at (66,3) size 232x16
            text run at (66,3) width 232: "list-style-type: upper-latin;"
      RenderBlock {P} at (0,849) size 769x20
        RenderText {#text} at (0,0) size 691x19
          text run at (0,0) width 691: "The CSS2.0 specification specifies the set of characters as \"A, B, C, ... Z\". It doesn't specify what happens after Z."
      RenderBlock {DIV} at (0,885) size 769x352
        RenderBlock {OL} at (0,0) size 769x168
          RenderListItem {LI} at (40,0) size 729x20
            RenderListMarker at (-24,0) size 19x19: "A"
            RenderText {#text} at (0,0) size 120x19
              text run at (0,0) width 120: "one, should show A"
          RenderListItem {LI} at (40,20) size 729x88
            RenderBlock (anonymous) at (0,0) size 729x20
              RenderListMarker at (-23,0) size 18x19: "B"
              RenderText {#text} at (0,0) size 120x19
                text run at (0,0) width 120: "two, should show B"
            RenderBlock {OL} at (0,28) size 729x60
              RenderListItem {LI} at (40,0) size 689x20
                RenderListMarker at (-24,0) size 19x19: "A"
                RenderText {#text} at (0,0) size 125x19
                  text run at (0,0) width 125: "one, expect to see A"
              RenderListItem {LI} at (40,20) size 689x20
                RenderListMarker at (-23,0) size 18x19: "B"
                RenderText {#text} at (0,0) size 125x19
                  text run at (0,0) width 125: "two, expect to see B"
              RenderListItem {LI} at (40,40) size 689x20
                RenderListMarker at (-24,0) size 19x19: "C"
                RenderText {#text} at (0,0) size 133x19
                  text run at (0,0) width 133: "three, expect to see C"
          RenderListItem {LI} at (40,108) size 729x20
            RenderListMarker at (-24,0) size 19x19: "C"
            RenderText {#text} at (0,0) size 128x19
              text run at (0,0) width 128: "three, should show C"
          RenderListItem {LI} at (40,128) size 729x20
            RenderListMarker at (-24,0) size 19x19: "D"
            RenderText {#text} at (0,0) size 122x19
              text run at (0,0) width 122: "four, should show D"
          RenderListItem {LI} at (40,148) size 729x20
            RenderListMarker at (-22,0) size 17x19: "E"
            RenderText {#text} at (0,0) size 117x19
              text run at (0,0) width 117: "five, should show E"
        RenderBlock {OL} at (0,200) size 769x60
          RenderListItem {LI} at (40,0) size 729x20
            RenderListMarker at (-22,0) size 17x19: "Z"
            RenderText {#text} at (0,0) size 156x19
              text run at (0,0) width 156: "twenty six, should show Z"
          RenderListItem {LI} at (40,20) size 729x20
            RenderListMarker at (-35,0) size 30x19: "AA"
            RenderText {#text} at (0,0) size 144x19
              text run at (0,0) width 144: "twenty seven, undefined"
          RenderListItem {LI} at (40,40) size 729x20
            RenderListMarker at (-34,0) size 29x19: "AB"
            RenderText {#text} at (0,0) size 138x19
              text run at (0,0) width 138: "twenty eight, undefined"
        RenderBlock {OL} at (0,292) size 769x60
          RenderListItem {LI} at (40,0) size 729x20
            RenderListMarker at (-33,0) size 28x19: "AZ"
            RenderText {#text} at (0,0) size 117x19
              text run at (0,0) width 117: "fifty-two, undefined"
          RenderListItem {LI} at (40,20) size 729x20
            RenderListMarker at (-34,0) size 29x19: "BA"
            RenderText {#text} at (0,0) size 124x19
              text run at (0,0) width 124: "fifty-three, undefined"
          RenderListItem {LI} at (40,40) size 729x20
            RenderListMarker at (-33,0) size 28x19: "BB"
            RenderText {#text} at (0,0) size 118x19
              text run at (0,0) width 118: "fifty-four, undefined"
      RenderBlock {H2} at (0,1269) size 769x27
        RenderText {#text} at (0,0) size 123x26
          text run at (0,0) width 123: "lower-alpha"
      RenderBlock {P} at (0,1315) size 769x20
        RenderText {#text} at (0,0) size 66x19
          text run at (0,0) width 66: "CSS says: "
        RenderInline {CODE} at (0,0) size 232x16
          RenderText {#text} at (66,3) size 232x16
            text run at (66,3) width 232: "list-style-type: lower-alpha;"
        RenderText {#text} at (0,0) size 0x0
      RenderBlock {P} at (0,1351) size 769x20
        RenderText {#text} at (0,0) size 675x19
          text run at (0,0) width 675: "The CSS2.0 specification specifies the set of characters as \"a, b, c, ... z\". It doesn't specify what happens after z."
      RenderBlock {DIV} at (0,1387) size 769x352
        RenderBlock {OL} at (0,0) size 769x168
          RenderListItem {LI} at (40,0) size 729x20
            RenderListMarker at (-20,0) size 15x19: "a"
            RenderText {#text} at (0,0) size 116x19
              text run at (0,0) width 116: "one, should show a"
          RenderListItem {LI} at (40,20) size 729x88
            RenderBlock (anonymous) at (0,0) size 729x20
              RenderListMarker at (-21,0) size 16x19: "b"
              RenderText {#text} at (0,0) size 118x19
                text run at (0,0) width 118: "two, should show b"
            RenderBlock {OL} at (0,28) size 729x60
              RenderListItem {LI} at (40,0) size 689x20
                RenderListMarker at (-20,0) size 15x19: "a"
                RenderText {#text} at (0,0) size 121x19
                  text run at (0,0) width 121: "one, expect to see a"
              RenderListItem {LI} at (40,20) size 689x20
                RenderListMarker at (-21,0) size 16x19: "b"
                RenderText {#text} at (0,0) size 123x19
                  text run at (0,0) width 123: "two, expect to see b"
              RenderListItem {LI} at (40,40) size 689x20
                RenderListMarker at (-20,0) size 15x19: "c"
                RenderText {#text} at (0,0) size 129x19
                  text run at (0,0) width 129: "three, expect to see c"
          RenderListItem {LI} at (40,108) size 729x20
            RenderListMarker at (-20,0) size 15x19: "c"
            RenderText {#text} at (0,0) size 124x19
              text run at (0,0) width 124: "three, should show c"
          RenderListItem {LI} at (40,128) size 729x20
            RenderListMarker at (-21,0) size 16x19: "d"
            RenderText {#text} at (0,0) size 119x19
              text run at (0,0) width 119: "four, should show d"
          RenderListItem {LI} at (40,148) size 729x20
            RenderListMarker at (-20,0) size 15x19: "e"
            RenderText {#text} at (0,0) size 115x19
              text run at (0,0) width 115: "five, should show e"
        RenderBlock {OL} at (0,200) size 769x60
          RenderListItem {LI} at (40,0) size 729x20
            RenderListMarker at (-19,0) size 14x19: "z"
            RenderText {#text} at (0,0) size 153x19
              text run at (0,0) width 153: "twenty six, should show z"
          RenderListItem {LI} at (40,20) size 729x20
            RenderListMarker at (-27,0) size 22x19: "aa"
            RenderText {#text} at (0,0) size 144x19
              text run at (0,0) width 144: "twenty seven, undefined"
          RenderListItem {LI} at (40,40) size 729x20
            RenderListMarker at (-28,0) size 23x19: "ab"
            RenderText {#text} at (0,0) size 138x19
              text run at (0,0) width 138: "twenty eight, undefined"
        RenderBlock {OL} at (0,292) size 769x60
          RenderListItem {LI} at (40,0) size 729x20
            RenderListMarker at (-26,0) size 21x19: "az"
            RenderText {#text} at (0,0) size 117x19
              text run at (0,0) width 117: "fifty-two, undefined"
          RenderListItem {LI} at (40,20) size 729x20
            RenderListMarker at (-28,0) size 23x19: "ba"
            RenderText {#text} at (0,0) size 124x19
              text run at (0,0) width 124: "fifty-three, undefined"
          RenderListItem {LI} at (40,40) size 729x20
            RenderListMarker at (-29,0) size 24x19: "bb"
            RenderText {#text} at (0,0) size 118x19
              text run at (0,0) width 118: "fifty-four, undefined"
      RenderBlock {H2} at (0,1771) size 769x27
        RenderText {#text} at (0,0) size 126x26
          text run at (0,0) width 126: "upper-alpha"
      RenderBlock {P} at (0,1817) size 769x20
        RenderText {#text} at (0,0) size 66x19
          text run at (0,0) width 66: "CSS says: "
        RenderInline {CODE} at (0,0) size 232x16
          RenderText {#text} at (66,3) size 232x16
            text run at (66,3) width 232: "list-style-type: upper-alpha;"
        RenderText {#text} at (0,0) size 0x0
      RenderBlock {P} at (0,1853) size 769x20
        RenderText {#text} at (0,0) size 691x19
          text run at (0,0) width 691: "The CSS2.0 specification specifies the set of characters as \"A, B, C, ... Z\". It doesn't specify what happens after Z."
      RenderBlock {DIV} at (0,1889) size 769x352
        RenderBlock {OL} at (0,0) size 769x168
          RenderListItem {LI} at (40,0) size 729x20
            RenderListMarker at (-24,0) size 19x19: "A"
            RenderText {#text} at (0,0) size 120x19
              text run at (0,0) width 120: "one, should show A"
          RenderListItem {LI} at (40,20) size 729x88
            RenderBlock (anonymous) at (0,0) size 729x20
              RenderListMarker at (-23,0) size 18x19: "B"
              RenderText {#text} at (0,0) size 120x19
                text run at (0,0) width 120: "two, should show B"
            RenderBlock {OL} at (0,28) size 729x60
              RenderListItem {LI} at (40,0) size 689x20
                RenderListMarker at (-24,0) size 19x19: "A"
                RenderText {#text} at (0,0) size 125x19
                  text run at (0,0) width 125: "one, expect to see A"
              RenderListItem {LI} at (40,20) size 689x20
                RenderListMarker at (-23,0) size 18x19: "B"
                RenderText {#text} at (0,0) size 125x19
                  text run at (0,0) width 125: "two, expect to see B"
              RenderListItem {LI} at (40,40) size 689x20
                RenderListMarker at (-24,0) size 19x19: "C"
                RenderText {#text} at (0,0) size 133x19
                  text run at (0,0) width 133: "three, expect to see C"
          RenderListItem {LI} at (40,108) size 729x20
            RenderListMarker at (-24,0) size 19x19: "C"
            RenderText {#text} at (0,0) size 128x19
              text run at (0,0) width 128: "three, should show C"
          RenderListItem {LI} at (40,128) size 729x20
            RenderListMarker at (-24,0) size 19x19: "D"
            RenderText {#text} at (0,0) size 122x19
              text run at (0,0) width 122: "four, should show D"
          RenderListItem {LI} at (40,148) size 729x20
            RenderListMarker at (-22,0) size 17x19: "E"
            RenderText {#text} at (0,0) size 117x19
              text run at (0,0) width 117: "five, should show E"
        RenderBlock {OL} at (0,200) size 769x60
          RenderListItem {LI} at (40,0) size 729x20
            RenderListMarker at (-22,0) size 17x19: "Z"
            RenderText {#text} at (0,0) size 156x19
              text run at (0,0) width 156: "twenty six, should show Z"
          RenderListItem {LI} at (40,20) size 729x20
            RenderListMarker at (-35,0) size 30x19: "AA"
            RenderText {#text} at (0,0) size 144x19
              text run at (0,0) width 144: "twenty seven, undefined"
          RenderListItem {LI} at (40,40) size 729x20
            RenderListMarker at (-34,0) size 29x19: "AB"
            RenderText {#text} at (0,0) size 138x19
              text run at (0,0) width 138: "twenty eight, undefined"
        RenderBlock {OL} at (0,292) size 769x60
          RenderListItem {LI} at (40,0) size 729x20
            RenderListMarker at (-33,0) size 28x19: "AZ"
            RenderText {#text} at (0,0) size 117x19
              text run at (0,0) width 117: "fifty-two, undefined"
          RenderListItem {LI} at (40,20) size 729x20
            RenderListMarker at (-34,0) size 29x19: "BA"
            RenderText {#text} at (0,0) size 124x19
              text run at (0,0) width 124: "fifty-three, undefined"
          RenderListItem {LI} at (40,40) size 729x20
            RenderListMarker at (-33,0) size 28x19: "BB"
            RenderText {#text} at (0,0) size 118x19
              text run at (0,0) width 118: "fifty-four, undefined"
      RenderBlock {H2} at (0,2273) size 769x27
        RenderText {#text} at (0,0) size 124x26
          text run at (0,0) width 124: "lower-greek"
      RenderBlock {P} at (0,2319) size 769x20
        RenderText {#text} at (0,0) size 66x19
          text run at (0,0) width 66: "CSS says: "
        RenderInline {CODE} at (0,0) size 232x16
          RenderText {#text} at (66,3) size 232x16
            text run at (66,3) width 232: "list-style-type: lower-greek;"
        RenderText {#text} at (0,0) size 0x0
      RenderBlock {P} at (0,2355) size 769x40
        RenderText {#text} at (0,0) size 747x39
          text run at (0,0) width 683: "The CSS2.0 specification doesn't explicitly define the set of characters in the list, nor what happens after the list is "
          text run at (683,0) width 64: "exhausted,"
          text run at (0,20) width 466: "but does say \"Lowercase classical Greek alpha, beta, gamma, ... (\x{3AD}, \x{3AE}, \x{3AF}, ...)\"."
      RenderBlock {DIV} at (0,2411) size 769x352
        RenderBlock {OL} at (0,0) size 769x168
          RenderListItem {LI} at (40,0) size 729x20
            RenderListMarker at (-21,0) size 16x19: "\x{3B1}"
            RenderText {#text} at (0,0) size 103x19
              text run at (0,0) width 103: "one, may show \x{3B1}"
          RenderListItem {LI} at (40,20) size 729x88
            RenderBlock (anonymous) at (0,0) size 729x20
              RenderListMarker at (-21,0) size 16x19: "\x{3B2}"
              RenderText {#text} at (0,0) size 104x19
                text run at (0,0) width 104: "two, may show \x{3B2}"
            RenderBlock {OL} at (0,28) size 729x60
              RenderListItem {LI} at (40,0) size 689x20
                RenderListMarker at (-21,0) size 16x19: "\x{3B1}"
                RenderText {#text} at (0,0) size 103x19
                  text run at (0,0) width 103: "one, may show \x{3B1}"
              RenderListItem {LI} at (40,20) size 689x20
                RenderListMarker at (-21,0) size 16x19: "\x{3B2}"
                RenderText {#text} at (0,0) size 104x19
                  text run at (0,0) width 104: "two, may show \x{3B2}"
              RenderListItem {LI} at (40,40) size 689x20
                RenderListMarker at (-20,0) size 15x19: "\x{3B3}"
                RenderText {#text} at (0,0) size 110x19
                  text run at (0,0) width 110: "three, may show \x{3B3}"
          RenderListItem {LI} at (40,108) size 729x20
            RenderListMarker at (-20,0) size 15x19: "\x{3B3}"
            RenderText {#text} at (0,0) size 110x19
              text run at (0,0) width 110: "three, may show \x{3B3}"
          RenderListItem {LI} at (40,128) size 729x20
            RenderListMarker at (-21,0) size 16x19: "\x{3B4}"
            RenderText {#text} at (0,0) size 105x19
              text run at (0,0) width 105: "four, may show \x{3B4}"
          RenderListItem {LI} at (40,148) size 729x20
            RenderListMarker at (-20,0) size 15x19: "\x{3B5}"
            RenderText {#text} at (0,0) size 101x19
              text run at (0,0) width 101: "five, may show \x{3B5}"
        RenderBlock {OL} at (0,200) size 769x60
          RenderListItem {LI} at (40,0) size 729x20
            RenderListMarker at (-24,0) size 19x19: "\x{3C9}"
            RenderText {#text} at (0,0) size 152x19
              text run at (0,0) width 152: "twenty four, may show \x{3C9}"
          RenderListItem {LI} at (40,20) size 729x20
            RenderListMarker at (-29,0) size 24x19: "\x{3B1}\x{3B1}"
            RenderText {#text} at (0,0) size 144x19
              text run at (0,0) width 144: "twenty seven, undefined"
          RenderListItem {LI} at (40,40) size 729x20
            RenderListMarker at (-29,0) size 24x19: "\x{3B1}\x{3B2}"
            RenderText {#text} at (0,0) size 138x19
              text run at (0,0) width 138: "twenty eight, undefined"
        RenderBlock {OL} at (0,292) size 769x60
          RenderListItem {LI} at (40,0) size 729x20
            RenderListMarker at (-32,0) size 27x19: "\x{3B1}\x{3C9}"
            RenderText {#text} at (0,0) size 128x19
              text run at (0,0) width 128: "forty-eight, undefined"
          RenderListItem {LI} at (40,20) size 729x20
            RenderListMarker at (-29,0) size 24x19: "\x{3B2}\x{3B1}"
            RenderText {#text} at (0,0) size 124x19
              text run at (0,0) width 124: "forty-nine, undefined"
          RenderListItem {LI} at (40,40) size 729x20
            RenderListMarker at (-29,0) size 24x19: "\x{3B2}\x{3B2}"
            RenderText {#text} at (0,0) size 88x19
              text run at (0,0) width 88: "fifty, undefined"
      RenderBlock {H2} at (0,2795) size 769x27
        RenderText {#text} at (0,0) size 92x26
          text run at (0,0) width 92: "hiragana"
      RenderBlock {P} at (0,2841) size 769x20
        RenderText {#text} at (0,0) size 66x19
          text run at (0,0) width 66: "CSS says: "
        RenderInline {CODE} at (0,0) size 208x16
          RenderText {#text} at (66,3) size 208x16
            text run at (66,3) width 208: "list-style-type: hiragana;"
        RenderText {#text} at (0,0) size 0x0
      RenderBlock {P} at (0,2877) size 769x20
        RenderText {#text} at (0,0) size 751x19
          text run at (0,0) width 687: "The CSS 2.0 specification doesn't explicitly define the set of characters in the list, nor what happens after the list is "
          text run at (687,0) width 64: "exhausted."
      RenderBlock {DIV} at (0,2913) size 769x352
        RenderBlock {OL} at (0,0) size 769x168
          RenderListItem {LI} at (40,0) size 729x20
            RenderListMarker at (-28,0) size 23x19: "\x{3042}"
            RenderText {#text} at (0,0) size 110x19
              text run at (0,0) width 110: "one, may show \x{3042}"
          RenderListItem {LI} at (40,20) size 729x88
            RenderBlock (anonymous) at (0,0) size 729x20
              RenderListMarker at (-28,0) size 23x19: "\x{3044}"
              RenderText {#text} at (0,0) size 111x19
                text run at (0,0) width 111: "two, may show \x{3044}"
            RenderBlock {OL} at (0,28) size 729x60
              RenderListItem {LI} at (40,0) size 689x20
                RenderListMarker at (-28,0) size 23x19: "\x{3042}"
                RenderText {#text} at (0,0) size 110x19
                  text run at (0,0) width 110: "one, may show \x{3042}"
              RenderListItem {LI} at (40,20) size 689x20
                RenderListMarker at (-28,0) size 23x19: "\x{3044}"
                RenderText {#text} at (0,0) size 111x19
                  text run at (0,0) width 111: "two, may show \x{3044}"
              RenderListItem {LI} at (40,40) size 689x20
                RenderListMarker at (-24,0) size 19x19: "\x{3046}"
                RenderText {#text} at (0,0) size 114x19
                  text run at (0,0) width 114: "three, may show \x{3046}"
          RenderListItem {LI} at (40,108) size 729x20
            RenderListMarker at (-24,0) size 19x19: "\x{3046}"
            RenderText {#text} at (0,0) size 114x19
              text run at (0,0) width 114: "three, may show \x{3046}"
          RenderListItem {LI} at (40,128) size 729x20
            RenderListMarker at (-27,0) size 22x19: "\x{3048}"
            RenderText {#text} at (0,0) size 111x19
              text run at (0,0) width 111: "four, may show \x{3048}"
          RenderListItem {LI} at (40,148) size 729x20
            RenderListMarker at (-28,0) size 23x19: "\x{304A}"
            RenderText {#text} at (0,0) size 109x19
              text run at (0,0) width 109: "five, may show \x{304A}"
        RenderBlock {OL} at (0,200) size 769x60
          RenderListItem {LI} at (40,0) size 729x20
            RenderListMarker at (-28,0) size 23x19: "\x{3093}"
            RenderText {#text} at (0,0) size 150x19
              text run at (0,0) width 150: "forty-eight, may show \x{3093}"
          RenderListItem {LI} at (40,20) size 729x20
            RenderListMarker at (-43,0) size 38x19: "\x{3042}\x{3042}"
            RenderText {#text} at (0,0) size 124x19
              text run at (0,0) width 124: "forty-nine, undefined"
          RenderListItem {LI} at (40,40) size 729x20
            RenderListMarker at (-43,0) size 38x19: "\x{3042}\x{3044}"
            RenderText {#text} at (0,0) size 88x19
              text run at (0,0) width 88: "fifty, undefined"
        RenderBlock {OL} at (0,292) size 769x60
          RenderListItem {LI} at (40,0) size 729x20
            RenderListMarker at (-43,0) size 38x19: "\x{3042}\x{3093}"
            RenderText {#text} at (0,0) size 123x19
              text run at (0,0) width 123: "ninety-six, undefined"
          RenderListItem {LI} at (40,20) size 729x20
            RenderListMarker at (-43,0) size 38x19: "\x{3044}\x{3042}"
            RenderText {#text} at (0,0) size 141x19
              text run at (0,0) width 141: "ninety-seven, undefined"
          RenderListItem {LI} at (40,40) size 729x20
            RenderListMarker at (-43,0) size 38x19: "\x{3044}\x{3044}"
            RenderText {#text} at (0,0) size 135x19
              text run at (0,0) width 135: "ninety-eight, undefined"
      RenderBlock {H2} at (0,3297) size 769x27
        RenderText {#text} at (0,0) size 155x26
          text run at (0,0) width 155: "hiragana-iroha"
      RenderBlock {P} at (0,3343) size 769x20
        RenderText {#text} at (0,0) size 66x19
          text run at (0,0) width 66: "CSS says: "
        RenderInline {CODE} at (0,0) size 256x16
          RenderText {#text} at (66,3) size 256x16
            text run at (66,3) width 256: "list-style-type: hiragana-iroha;"
      RenderBlock {P} at (0,3379) size 769x20
        RenderText {#text} at (0,0) size 751x19
          text run at (0,0) width 687: "The CSS 2.0 specification doesn't explicitly define the set of characters in the list, nor what happens after the list is "
          text run at (687,0) width 64: "exhausted."
      RenderBlock {DIV} at (0,3415) size 769x352
        RenderBlock {OL} at (0,0) size 769x168
          RenderListItem {LI} at (40,0) size 729x20
            RenderListMarker at (-28,0) size 23x19: "\x{3044}"
            RenderText {#text} at (0,0) size 110x19
              text run at (0,0) width 110: "one, may show \x{3044}"
          RenderListItem {LI} at (40,20) size 729x88
            RenderBlock (anonymous) at (0,0) size 729x20
              RenderListMarker at (-27,0) size 22x19: "\x{308D}"
              RenderText {#text} at (0,0) size 110x19
                text run at (0,0) width 110: "two, may show \x{308D}"
            RenderBlock {OL} at (0,28) size 729x60
              RenderListItem {LI} at (40,0) size 689x20
                RenderListMarker at (-28,0) size 23x19: "\x{3042}"
                RenderText {#text} at (0,0) size 110x19
                  text run at (0,0) width 110: "one, may show \x{3044}"
              RenderListItem {LI} at (40,20) size 689x20
                RenderListMarker at (-28,0) size 23x19: "\x{3044}"
                RenderText {#text} at (0,0) size 110x19
                  text run at (0,0) width 110: "two, may show \x{308D}"
              RenderListItem {LI} at (40,40) size 689x20
                RenderListMarker at (-24,0) size 19x19: "\x{3046}"
                RenderText {#text} at (0,0) size 119x19
                  text run at (0,0) width 119: "three, may show \x{306F}"
          RenderListItem {LI} at (40,108) size 729x20
            RenderListMarker at (-29,0) size 24x19: "\x{306F}"
            RenderText {#text} at (0,0) size 119x19
              text run at (0,0) width 119: "three, may show \x{306F}"
          RenderListItem {LI} at (40,128) size 729x20
            RenderListMarker at (-28,0) size 23x19: "\x{306B}"
            RenderText {#text} at (0,0) size 112x19
              text run at (0,0) width 112: "four, may show \x{306B}"
          RenderListItem {LI} at (40,148) size 729x20
            RenderListMarker at (-29,0) size 24x19: "\x{307B}"
            RenderText {#text} at (0,0) size 110x19
              text run at (0,0) width 110: "five, may show \x{307B}"
        RenderBlock {OL} at (0,200) size 769x60
          RenderListItem {LI} at (40,0) size 729x20
            RenderListMarker at (-28,0) size 23x19: "\x{3059}"
            RenderText {#text} at (0,0) size 156x19
              text run at (0,0) width 156: "forty-seven, may show \x{3059}"
          RenderListItem {LI} at (40,20) size 729x20
            RenderListMarker at (-43,0) size 38x19: "\x{3044}\x{3044}"
            RenderText {#text} at (0,0) size 128x19
              text run at (0,0) width 128: "forty-eight, undefined"
          RenderListItem {LI} at (40,40) size 729x20
            RenderListMarker at (-42,0) size 37x19: "\x{3044}\x{308D}"
            RenderText {#text} at (0,0) size 124x19
              text run at (0,0) width 124: "forty-nine, undefined"
        RenderBlock {OL} at (0,292) size 769x60
          RenderListItem {LI} at (40,0) size 729x20
            RenderListMarker at (-43,0) size 38x19: "\x{3044}\x{3059}"
            RenderText {#text} at (0,0) size 131x19
              text run at (0,0) width 131: "ninety-four, undefined"
          RenderListItem {LI} at (40,20) size 729x20
            RenderListMarker at (-42,0) size 37x19: "\x{308D}\x{3044}"
            RenderText {#text} at (0,0) size 128x19
              text run at (0,0) width 128: "ninety-five, undefined"
          RenderListItem {LI} at (40,40) size 729x20
            RenderListMarker at (-41,0) size 36x19: "\x{308D}\x{308D}"
            RenderText {#text} at (0,0) size 123x19
              text run at (0,0) width 123: "ninety-six, undefined"
      RenderBlock {H2} at (0,3799) size 769x27
        RenderText {#text} at (0,0) size 95x26
          text run at (0,0) width 95: "katakana"
      RenderBlock {P} at (0,3845) size 769x20
        RenderText {#text} at (0,0) size 66x19
          text run at (0,0) width 66: "CSS says: "
        RenderInline {CODE} at (0,0) size 208x16
          RenderText {#text} at (66,3) size 208x16
            text run at (66,3) width 208: "list-style-type: katakana;"
        RenderText {#text} at (0,0) size 0x0
      RenderBlock {P} at (0,3881) size 769x20
        RenderText {#text} at (0,0) size 751x19
          text run at (0,0) width 687: "The CSS 2.0 specification doesn't explicitly define the set of characters in the list, nor what happens after the list is "
          text run at (687,0) width 64: "exhausted."
      RenderBlock {DIV} at (0,3917) size 769x352
        RenderBlock {OL} at (0,0) size 769x168
          RenderListItem {LI} at (40,0) size 729x20
            RenderListMarker at (-27,0) size 22x19: "\x{30A2}"
            RenderText {#text} at (0,0) size 109x19
              text run at (0,0) width 109: "one, may show \x{30A2}"
          RenderListItem {LI} at (40,20) size 729x88
            RenderBlock (anonymous) at (0,0) size 729x20
              RenderListMarker at (-26,0) size 21x19: "\x{30A4}"
              RenderText {#text} at (0,0) size 109x19
                text run at (0,0) width 109: "two, may show \x{30A4}"
            RenderBlock {OL} at (0,28) size 729x60
              RenderListItem {LI} at (40,0) size 689x20
                RenderListMarker at (-27,0) size 22x19: "\x{30A2}"
                RenderText {#text} at (0,0) size 109x19
                  text run at (0,0) width 109: "one, may show \x{30A2}"
              RenderListItem {LI} at (40,20) size 689x20
                RenderListMarker at (-26,0) size 21x19: "\x{30A4}"
                RenderText {#text} at (0,0) size 109x19
                  text run at (0,0) width 109: "two, may show \x{30A4}"
              RenderListItem {LI} at (40,40) size 689x20
                RenderListMarker at (-28,0) size 23x19: "\x{30A6}"
                RenderText {#text} at (0,0) size 118x19
                  text run at (0,0) width 118: "three, may show \x{30A6}"
          RenderListItem {LI} at (40,108) size 729x20
            RenderListMarker at (-28,0) size 23x19: "\x{30A6}"
            RenderText {#text} at (0,0) size 118x19
              text run at (0,0) width 118: "three, may show \x{30A6}"
          RenderListItem {LI} at (40,128) size 729x20
            RenderListMarker at (-27,0) size 22x19: "\x{30A8}"
            RenderText {#text} at (0,0) size 111x19
              text run at (0,0) width 111: "four, may show \x{30A8}"
          RenderListItem {LI} at (40,148) size 729x20
            RenderListMarker at (-28,0) size 23x19: "\x{30AA}"
            RenderText {#text} at (0,0) size 109x19
              text run at (0,0) width 109: "five, may show \x{30AA}"
        RenderBlock {OL} at (0,200) size 769x60
          RenderListItem {LI} at (40,0) size 729x20
            RenderListMarker at (-27,0) size 22x19: "\x{30F3}"
            RenderText {#text} at (0,0) size 128x19
              text run at (0,0) width 128: "forty-eight, undefined"
          RenderListItem {LI} at (40,20) size 729x20
            RenderListMarker at (-41,0) size 36x19: "\x{30A2}\x{30A2}"
            RenderText {#text} at (0,0) size 124x19
              text run at (0,0) width 124: "forty-nine, undefined"
          RenderListItem {LI} at (40,40) size 729x20
            RenderListMarker at (-40,0) size 35x19: "\x{30A2}\x{30A4}"
            RenderText {#text} at (0,0) size 88x19
              text run at (0,0) width 88: "fifty, undefined"
        RenderBlock {OL} at (0,292) size 769x60
          RenderListItem {LI} at (40,0) size 729x20
            RenderListMarker at (-41,0) size 36x19: "\x{30A2}\x{30F3}"
            RenderText {#text} at (0,0) size 123x19
              text run at (0,0) width 123: "ninety-six, undefined"
          RenderListItem {LI} at (40,20) size 729x20
            RenderListMarker at (-40,0) size 35x19: "\x{30A4}\x{30A2}"
            RenderText {#text} at (0,0) size 141x19
              text run at (0,0) width 141: "ninety-seven, undefined"
          RenderListItem {LI} at (40,40) size 729x20
            RenderListMarker at (-39,0) size 34x19: "\x{30A4}\x{30A4}"
            RenderText {#text} at (0,0) size 135x19
              text run at (0,0) width 135: "ninety-eight, undefined"
      RenderBlock {H2} at (0,4301) size 769x27
        RenderText {#text} at (0,0) size 158x26
          text run at (0,0) width 158: "katakana-iroha"
      RenderBlock {P} at (0,4347) size 769x20
        RenderText {#text} at (0,0) size 66x19
          text run at (0,0) width 66: "CSS says: "
        RenderInline {CODE} at (0,0) size 256x16
          RenderText {#text} at (66,3) size 256x16
            text run at (66,3) width 256: "list-style-type: katakana-iroha;"
        RenderText {#text} at (0,0) size 0x0
      RenderBlock {P} at (0,4383) size 769x20
        RenderText {#text} at (0,0) size 751x19
          text run at (0,0) width 687: "The CSS 2.0 specification doesn't explicitly define the set of characters in the list, nor what happens after the list is "
          text run at (687,0) width 64: "exhausted."
      RenderBlock {DIV} at (0,4419) size 769x352
        RenderBlock {OL} at (0,0) size 769x168
          RenderListItem {LI} at (40,0) size 729x20
            RenderListMarker at (-26,0) size 21x19: "\x{30A4}"
            RenderText {#text} at (0,0) size 108x19
              text run at (0,0) width 108: "one, may show \x{30A4}"
          RenderListItem {LI} at (40,20) size 729x88
            RenderBlock (anonymous) at (0,0) size 729x20
              RenderListMarker at (-27,0) size 22x19: "\x{30ED}"
              RenderText {#text} at (0,0) size 110x19
                text run at (0,0) width 110: "two, may show \x{30ED}"
            RenderBlock {OL} at (0,28) size 729x60
              RenderListItem {LI} at (40,0) size 689x20
                RenderListMarker at (-28,0) size 23x19: "\x{3042}"
                RenderText {#text} at (0,0) size 108x19
                  text run at (0,0) width 108: "one, may show \x{30A4}"
              RenderListItem {LI} at (40,20) size 689x20
                RenderListMarker at (-28,0) size 23x19: "\x{3044}"
                RenderText {#text} at (0,0) size 110x19
                  text run at (0,0) width 110: "two, may show \x{30ED}"
              RenderListItem {LI} at (40,40) size 689x20
                RenderListMarker at (-24,0) size 19x19: "\x{3046}"
                RenderText {#text} at (0,0) size 119x19
                  text run at (0,0) width 119: "three, may show \x{30CF}"
          RenderListItem {LI} at (40,108) size 729x20
            RenderListMarker at (-29,0) size 24x19: "\x{30CF}"
            RenderText {#text} at (0,0) size 119x19
              text run at (0,0) width 119: "three, may show \x{30CF}"
          RenderListItem {LI} at (40,128) size 729x20
            RenderListMarker at (-28,0) size 23x19: "\x{30CB}"
            RenderText {#text} at (0,0) size 112x19
              text run at (0,0) width 112: "four, may show \x{30CB}"
          RenderListItem {LI} at (40,148) size 729x20
            RenderListMarker at (-28,0) size 23x19: "\x{30DB}"
            RenderText {#text} at (0,0) size 109x19
              text run at (0,0) width 109: "five, may show \x{30DB}"
        RenderBlock {OL} at (0,200) size 769x60
          RenderListItem {LI} at (40,0) size 729x20
            RenderListMarker at (-27,0) size 22x19: "\x{30B9}"
            RenderText {#text} at (0,0) size 155x19
              text run at (0,0) width 155: "forty-seven, may show \x{30B9}"
          RenderListItem {LI} at (40,20) size 729x20
            RenderListMarker at (-39,0) size 34x19: "\x{30A4}\x{30A4}"
            RenderText {#text} at (0,0) size 128x19
              text run at (0,0) width 128: "forty-eight, undefined"
          RenderListItem {LI} at (40,40) size 729x20
            RenderListMarker at (-40,0) size 35x19: "\x{30A4}\x{30ED}"
            RenderText {#text} at (0,0) size 124x19
              text run at (0,0) width 124: "forty-nine, undefined"
        RenderBlock {OL} at (0,292) size 769x60
          RenderListItem {LI} at (40,0) size 729x20
            RenderListMarker at (-40,0) size 35x19: "\x{30A4}\x{30B9}"
            RenderText {#text} at (0,0) size 131x19
              text run at (0,0) width 131: "ninety-four, undefined"
          RenderListItem {LI} at (40,20) size 729x20
            RenderListMarker at (-40,0) size 35x19: "\x{30ED}\x{30A4}"
            RenderText {#text} at (0,0) size 128x19
              text run at (0,0) width 128: "ninety-five, undefined"
          RenderListItem {LI} at (40,40) size 729x20
            RenderListMarker at (-41,0) size 36x19: "\x{30ED}\x{30ED}"
            RenderText {#text} at (0,0) size 123x19
              text run at (0,0) width 123: "ninety-six, undefined"
      RenderBlock {H2} at (0,4803) size 769x27
        RenderText {#text} at (0,0) size 162x26
          text run at (0,0) width 162: "cjk-ideographic"
      RenderBlock {P} at (0,4849) size 769x20
        RenderText {#text} at (0,0) size 66x19
          text run at (0,0) width 66: "CSS says: "
        RenderInline {CODE} at (0,0) size 264x16
          RenderText {#text} at (66,3) size 264x16
            text run at (66,3) width 264: "list-style-type: cjk-ideographic;"
      RenderBlock {P} at (0,4885) size 769x60
        RenderText {#text} at (0,0) size 764x59
          text run at (0,0) width 764: "The CSS2.0 specification doesn't define what characters should be used to create each number - there are multiple alternatives."
          text run at (0,20) width 743: "Note that the characters specified in the CSS3 Lists module as of the date of publication of this page are not those expected"
          text run at (0,40) width 41: "below."
      RenderBlock {DIV} at (0,4961) size 769x424
        RenderBlock {OL} at (0,0) size 769x168
          RenderListItem {LI} at (40,0) size 729x20
            RenderListMarker at (-29,0) size 24x19: "\x{4E00}"
            RenderText {#text} at (0,0) size 22x19
              text run at (0,0) width 22: "one"
          RenderListItem {LI} at (40,20) size 729x88
            RenderBlock (anonymous) at (0,0) size 729x20
              RenderListMarker at (-29,0) size 24x19: "\x{4E8C}"
              RenderText {#text} at (0,0) size 23x19
                text run at (0,0) width 23: "two"
            RenderBlock {OL} at (0,28) size 729x60
              RenderListItem {LI} at (40,0) size 689x20
                RenderListMarker at (-29,0) size 24x19: "\x{4E00}"
                RenderText {#text} at (0,0) size 22x19
                  text run at (0,0) width 22: "one"
              RenderListItem {LI} at (40,20) size 689x20
                RenderListMarker at (-29,0) size 24x19: "\x{4E8C}"
                RenderText {#text} at (0,0) size 23x19
                  text run at (0,0) width 23: "two"
              RenderListItem {LI} at (40,40) size 689x20
                RenderListMarker at (-29,0) size 24x19: "\x{4E09}"
                RenderText {#text} at (0,0) size 30x19
                  text run at (0,0) width 30: "three"
          RenderListItem {LI} at (40,108) size 729x20
            RenderListMarker at (-29,0) size 24x19: "\x{4E09}"
            RenderText {#text} at (0,0) size 30x19
              text run at (0,0) width 30: "three"
          RenderListItem {LI} at (40,128) size 729x20
            RenderListMarker at (-29,0) size 24x19: "\x{56DB}"
            RenderText {#text} at (0,0) size 24x19
              text run at (0,0) width 24: "four"
          RenderListItem {LI} at (40,148) size 729x20
            RenderListMarker at (-29,0) size 24x19: "\x{4E94}"
            RenderText {#text} at (0,0) size 21x19
              text run at (0,0) width 21: "five"
        RenderBlock {OL} at (0,200) size 769x60
          RenderListItem {LI} at (40,0) size 729x20
            RenderListMarker at (-45,0) size 40x19: "\x{4E8C}\x{5341}"
            RenderText {#text} at (0,0) size 106x19
              text run at (0,0) width 106: "twenty, undefined"
          RenderListItem {LI} at (40,20) size 729x20
            RenderListMarker at (-61,0) size 56x19: "\x{4E8C}\x{5341}\x{4E00}"
            RenderText {#text} at (0,0) size 132x19
              text run at (0,0) width 132: "twenty one, undefined"
          RenderListItem {LI} at (40,40) size 729x20
            RenderListMarker at (-61,0) size 56x19: "\x{4E8C}\x{5341}\x{4E8C}"
            RenderText {#text} at (0,0) size 133x19
              text run at (0,0) width 133: "twenty two, undefined"
        RenderBlock {OL} at (0,292) size 769x60
          RenderListItem {LI} at (40,0) size 729x20
            RenderListMarker at (-45,0) size 40x19: "\x{4E00}\x{767E}"
            RenderText {#text} at (0,0) size 126x19
              text run at (0,0) width 126: "a hundred, undefined"
          RenderListItem {LI} at (40,20) size 729x20
            RenderListMarker at (-77,0) size 72x19: "\x{4E00}\x{767E}\x{96F6}\x{4E00}"
            RenderText {#text} at (0,0) size 178x19
              text run at (0,0) width 178: "a hundred and one, undefined"
          RenderListItem {LI} at (40,40) size 729x20
            RenderListMarker at (-77,0) size 72x19: "\x{4E00}\x{767E}\x{96F6}\x{4E8C}"
            RenderText {#text} at (0,0) size 179x19
              text run at (0,0) width 179: "a hundred and two, undefined"
        RenderBlock {OL} at (0,384) size 769x40
          RenderListItem {LI} at (40,0) size 729x20
            RenderListMarker at (-29,0) size 24x19: "\x{96F6}"
            RenderText {#text} at (0,0) size 92x19
              text run at (0,0) width 92: "zero, undefined"
          RenderListItem {LI} at (40,20) size 729x20
            RenderListMarker at (-29,0) size 24x19: "\x{4E00}"
            RenderText {#text} at (0,0) size 22x19
              text run at (0,0) width 22: "one"
      RenderBlock {H2} at (0,5417) size 769x27
        RenderText {#text} at (0,0) size 76x26
          text run at (0,0) width 76: "hebrew"
      RenderBlock {P} at (0,5463) size 769x20
        RenderText {#text} at (0,0) size 66x19
          text run at (0,0) width 66: "CSS says: "
        RenderInline {CODE} at (0,0) size 192x16
          RenderText {#text} at (66,3) size 192x16
            text run at (66,3) width 192: "list-style-type: hebrew;"
      RenderBlock {P} at (0,5499) size 769x20
        RenderText {#text} at (0,0) size 488x19
          text run at (0,0) width 488: "The CSS2.0 specification doesn't define the algorithm for the Hebrew numbering."
      RenderBlock {DIV} at (0,5535) size 769x372
        RenderBlock {OL} at (0,0) size 769x168
          RenderListItem {LI} at (40,0) size 729x20
            RenderListMarker at (-21,0) size 16x19: "\x{5D0}"
            RenderText {#text} at (0,0) size 117x19
              text run at (0,0) width 109: "one, should show "
              text run at (109,0) width 8 RTL: "\x{5D0}"
          RenderListItem {LI} at (40,20) size 729x88
            RenderBlock (anonymous) at (0,0) size 729x20
              RenderListMarker at (-20,0) size 15x19: "\x{5D1}"
              RenderText {#text} at (0,0) size 117x19
                text run at (0,0) width 110: "two, should show "
                text run at (110,0) width 7 RTL: "\x{5D1}"
            RenderBlock {OL} at (0,28) size 729x60
              RenderListItem {LI} at (40,0) size 689x20
                RenderListMarker at (-21,0) size 16x19: "\x{5D0}"
                RenderText {#text} at (0,0) size 117x19
                  text run at (0,0) width 109: "one, should show "
                  text run at (109,0) width 8 RTL: "\x{5D0}"
              RenderListItem {LI} at (40,20) size 689x20
                RenderListMarker at (-20,0) size 15x19: "\x{5D1}"
                RenderText {#text} at (0,0) size 117x19
                  text run at (0,0) width 110: "two, should show "
                  text run at (110,0) width 7 RTL: "\x{5D1}"
              RenderListItem {LI} at (40,40) size 689x20
                RenderListMarker at (-18,0) size 13x19: "\x{5D2}"
                RenderText {#text} at (0,0) size 122x19
                  text run at (0,0) width 117: "three, should show "
                  text run at (117,0) width 5 RTL: "\x{5D2}"
          RenderListItem {LI} at (40,108) size 729x20
            RenderListMarker at (-18,0) size 13x19: "\x{5D2}"
            RenderText {#text} at (0,0) size 122x19
              text run at (0,0) width 117: "three, should show "
              text run at (117,0) width 5 RTL: "\x{5D2}"
          RenderListItem {LI} at (40,128) size 729x20
            RenderListMarker at (-20,0) size 15x19: "\x{5D3}"
            RenderText {#text} at (0,0) size 118x19
              text run at (0,0) width 111: "four, should show "
              text run at (111,0) width 7 RTL: "\x{5D3}"
          RenderListItem {LI} at (40,148) size 729x20
            RenderListMarker at (-21,0) size 16x19: "\x{5D4}"
            RenderText {#text} at (0,0) size 116x19
              text run at (0,0) width 108: "five, should show "
              text run at (108,0) width 8 RTL: "\x{5D4}"
        RenderBlock {OL} at (0,200) size 769x100
          RenderListItem {LI} at (40,0) size 729x20
            RenderListMarker at (-25,0) size 20x19: "\x{5E6}\x{5D6}"
            RenderText {#text} at (0,0) size 226x19
              text run at (0,0) width 214: "ninety-seven, undefined, may show "
              text run at (214,0) width 12 RTL: "\x{5E6}\x{5D6}"
          RenderListItem {LI} at (40,20) size 729x20
            RenderListMarker at (-28,0) size 23x19: "\x{5E6}\x{5D7}"
            RenderText {#text} at (0,0) size 223x19
              text run at (0,0) width 208: "ninety-eight, undefined, may show "
              text run at (208,0) width 15 RTL: "\x{5E6}\x{5D7}"
          RenderListItem {LI} at (40,40) size 729x20
            RenderListMarker at (-28,0) size 23x19: "\x{5E6}\x{5D8}"
            RenderText {#text} at (0,0) size 219x19
              text run at (0,0) width 204: "ninety-nine, undefined, may show "
              text run at (204,0) width 15 RTL: "\x{5E6}\x{5D8}"
          RenderListItem {LI} at (40,60) size 729x20
            RenderListMarker at (-21,0) size 16x19: "\x{5E7}"
            RenderText {#text} at (0,0) size 196x19
              text run at (0,0) width 188: "hundred, undefined, may show "
              text run at (188,0) width 8 RTL: "\x{5E7}"
          RenderListItem {LI} at (40,80) size 729x20
            RenderListMarker at (-29,0) size 24x19: "\x{5E7}\x{5D0}"
            RenderText {#text} at (0,0) size 267x19
              text run at (0,0) width 251: "a hundred and one, undefined, may show "
              text run at (251,0) width 16 RTL: "\x{5E7}\x{5D0}"
        RenderBlock {OL} at (0,332) size 769x40
          RenderListItem {LI} at (40,0) size 729x20
            RenderListMarker at (-36,0) size 31x19: "\x{5D0}\x{5E4}\x{5E1}"
            RenderText {#text} at (0,0) size 188x19
              text run at (0,0) width 165: "zero, undefined, may show "
              text run at (165,0) width 23 RTL: "\x{5D0}\x{5E4}\x{5E1}"
          RenderListItem {LI} at (40,20) size 729x20
            RenderListMarker at (-21,0) size 16x19: "\x{5D0}"
            RenderText {#text} at (0,0) size 117x19
              text run at (0,0) width 109: "one, should show "
              text run at (109,0) width 8 RTL: "\x{5D0}"
      RenderBlock {H2} at (0,5939) size 769x27
        RenderText {#text} at (0,0) size 90x26
          text run at (0,0) width 90: "georgian"
      RenderBlock {P} at (0,5985) size 769x20
        RenderText {#text} at (0,0) size 66x19
          text run at (0,0) width 66: "CSS says: "
        RenderInline {CODE} at (0,0) size 208x16
          RenderText {#text} at (66,3) size 208x16
            text run at (66,3) width 208: "list-style-type: georgian;"
      RenderBlock {P} at (0,6021) size 769x20
        RenderText {#text} at (0,0) size 522x19
          text run at (0,0) width 522: "The CSS2.0 specification doesn't define the algorithm for Georgian numbering in detail."
      RenderBlock {DIV} at (0,6057) size 769x400
        RenderBlock {OL} at (0,0) size 769x308
          RenderListItem {LI} at (40,0) size 729x20
            RenderListMarker at (-20,0) size 15x19: "\x{10D0}"
            RenderText {#text} at (0,0) size 102x19
              text run at (0,0) width 102: "one, may show \x{10D0}"
          RenderListItem {LI} at (40,20) size 729x88
            RenderBlock (anonymous) at (0,0) size 729x20
              RenderListMarker at (-21,0) size 16x19: "\x{10D1}"
              RenderText {#text} at (0,0) size 104x19
                text run at (0,0) width 104: "two, may show \x{10D1}"
            RenderBlock {OL} at (0,28) size 729x60
              RenderListItem {LI} at (40,0) size 689x20
                RenderListMarker at (-20,0) size 15x19: "\x{10D0}"
                RenderText {#text} at (0,0) size 102x19
                  text run at (0,0) width 102: "one, may show \x{10D0}"
              RenderListItem {LI} at (40,20) size 689x20
                RenderListMarker at (-21,0) size 16x19: "\x{10D1}"
                RenderText {#text} at (0,0) size 104x19
                  text run at (0,0) width 104: "two, may show \x{10D1}"
              RenderListItem {LI} at (40,40) size 689x20
                RenderListMarker at (-21,0) size 16x19: "\x{10D2}"
                RenderText {#text} at (0,0) size 111x19
                  text run at (0,0) width 111: "three, may show \x{10D2}"
          RenderListItem {LI} at (40,108) size 729x20
            RenderListMarker at (-21,0) size 16x19: "\x{10D2}"
            RenderText {#text} at (0,0) size 111x19
              text run at (0,0) width 111: "three, may show \x{10D2}"
          RenderListItem {LI} at (40,128) size 729x20
            RenderListMarker at (-27,0) size 22x19: "\x{10D3}"
            RenderText {#text} at (0,0) size 111x19
              text run at (0,0) width 111: "four, may show \x{10D3}"
          RenderListItem {LI} at (40,148) size 729x20
            RenderListMarker at (-21,0) size 16x19: "\x{10D4}"
            RenderText {#text} at (0,0) size 102x19
              text run at (0,0) width 102: "five, may show \x{10D4}"
          RenderListItem {LI} at (40,168) size 729x20
            RenderListMarker at (-21,0) size 16x19: "\x{10D5}"
            RenderText {#text} at (0,0) size 97x19
              text run at (0,0) width 97: "six, may show \x{10D5}"
          RenderListItem {LI} at (40,188) size 729x20
            RenderListMarker at (-25,0) size 20x19: "\x{10D6}"
            RenderText {#text} at (0,0) size 119x19
              text run at (0,0) width 119: "seven, may show \x{10D6}"
          RenderListItem {LI} at (40,208) size 729x20
            RenderListMarker at (-23,0) size 18x19: "\x{10F1}"
            RenderText {#text} at (0,0) size 111x19
              text run at (0,0) width 111: "eight, may show \x{10F1}"
          RenderListItem {LI} at (40,228) size 729x20
            RenderListMarker at (-27,0) size 22x19: "\x{10D7}"
            RenderText {#text} at (0,0) size 111x19
              text run at (0,0) width 111: "nine, may show \x{10D7}"
          RenderListItem {LI} at (40,248) size 729x20
            RenderListMarker at (-22,0) size 17x19: "\x{10D8}"
            RenderText {#text} at (0,0) size 100x19
              text run at (0,0) width 100: "ten, may show \x{10D8}"
          RenderListItem {LI} at (40,268) size 729x20
            RenderListMarker at (-29,0) size 24x19: "\x{10D8}\x{10D0}"
            RenderText {#text} at (0,0) size 127x19
              text run at (0,0) width 127: "eleven, may show \x{10D8}\x{10D0}"
          RenderListItem {LI} at (40,288) size 729x20
            RenderListMarker at (-30,0) size 25x19: "\x{10D8}\x{10D1}"
            RenderText {#text} at (0,0) size 129x19
              text run at (0,0) width 129: "twelve, may show \x{10D8}\x{10D1}"
        RenderBlock {OL} at (0,340) size 769x60
          RenderListItem {LI} at (40,0) size 729x20
            RenderListMarker at (-35,0) size 30x19: "\x{10DF}\x{10D7}"
            RenderText {#text} at (0,0) size 226x19
              text run at (0,0) width 226: "ninety-nine, undefined, may show \x{10DF}\x{10D7}"
          RenderListItem {LI} at (40,20) size 729x20
            RenderListMarker at (-24,0) size 19x19: "\x{10E0}"
            RenderText {#text} at (0,0) size 199x19
              text run at (0,0) width 199: "hundred, undefined, may show \x{10E0}"
          RenderListItem {LI} at (40,40) size 729x20
            RenderListMarker at (-31,0) size 26x19: "\x{10E0}\x{10D0}"
            RenderText {#text} at (0,0) size 269x19
              text run at (0,0) width 269: "a hundred and one, undefined, may show \x{10E0}\x{10D0}"
      RenderBlock {H2} at (0,6489) size 769x27
        RenderText {#text} at (0,0) size 98x26
          text run at (0,0) width 98: "armenian"
      RenderBlock {P} at (0,6535) size 769x20
        RenderText {#text} at (0,0) size 66x19
          text run at (0,0) width 66: "CSS says: "
        RenderInline {CODE} at (0,0) size 208x16
          RenderText {#text} at (66,3) size 208x16
            text run at (66,3) width 208: "list-style-type: armenian;"
      RenderBlock {P} at (0,6571) size 769x20
        RenderText {#text} at (0,0) size 525x19
          text run at (0,0) width 525: "The CSS2.0 specification doesn't define the algorithm for Armenian numbering in detail."
