layer at (0,0) size 785x1040
  RenderView at (0,0) size 785x600
layer at (0,0) size 785x1040
  RenderBlock {HTML} at (0,0) size 785x8
    RenderBody {BODY} at (8,8) size 769x0
      RenderBlock (floating) {DIV} at (0,0) size 352x777 [border: (1px solid #FF0000)]
        RenderBlock (anonymous) at (1,1) size 350x14
          RenderText {#text} at (0,-1) size 181x17
            text run at (0,-1) width 181: "Plain textarea with little content"
        RenderBlock {DIV} at (1,15) size 352x36 [border: (1px solid #FF0000)]
          RenderText {#text} at (1,20) size 14x17
            text run at (1,20) width 14: "A "
          RenderText {#text} at (156,20) size 13x17
            text run at (156,20) width 13: " B"
        RenderBlock (anonymous) at (1,51) size 350x14
          RenderText {#text} at (0,-1) size 77x17
            text run at (0,-1) width 77: "Plain textarea"
        RenderBlock {DIV} at (1,65) size 352x36 [border: (1px solid #FF0000)]
          RenderText {#text} at (1,20) size 14x17
            text run at (1,20) width 14: "A "
          RenderText {#text} at (156,20) size 13x17
            text run at (156,20) width 13: " B"
        RenderBlock (anonymous) at (1,101) size 350x14
          RenderText {#text} at (0,-1) size 97x17
            text run at (0,-1) width 97: "Disabled textarea"
        RenderBlock {DIV} at (1,115) size 352x36 [border: (1px solid #FF0000)]
          RenderText {#text} at (1,20) size 14x17
            text run at (1,20) width 14: "A "
          RenderText {#text} at (156,20) size 13x17
            text run at (156,20) width 13: " B"
        RenderBlock (anonymous) at (1,151) size 350x14
          RenderText {#text} at (0,-1) size 123x17
            text run at (0,-1) width 123: "style=\"padding:10px\""
        RenderBlock {DIV} at (1,165) size 352x56 [border: (1px solid #FF0000)]
          RenderText {#text} at (1,40) size 14x17
            text run at (1,40) width 14: "A "
          RenderText {#text} at (176,40) size 13x17
            text run at (176,40) width 13: " B"
        RenderBlock (anonymous) at (1,221) size 350x14
          RenderText {#text} at (0,-1) size 116x17
            text run at (0,-1) width 116: "style=\"padding:0px\""
        RenderBlock {DIV} at (1,235) size 352x36 [border: (1px solid #FF0000)]
          RenderText {#text} at (1,20) size 14x17
            text run at (1,20) width 14: "A "
          RenderText {#text} at (156,20) size 13x17
            text run at (156,20) width 13: " B"
        RenderBlock (anonymous) at (1,271) size 350x14
          RenderText {#text} at (0,-1) size 118x17
            text run at (0,-1) width 118: "style=\"margin:10px\""
        RenderBlock {DIV} at (1,285) size 352x52 [border: (1px solid #FF0000)]
          RenderText {#text} at (1,36) size 14x17
            text run at (1,36) width 14: "A "
          RenderText {#text} at (172,36) size 13x17
            text run at (172,36) width 13: " B"
        RenderBlock (anonymous) at (1,337) size 350x14
          RenderText {#text} at (0,-1) size 111x17
            text run at (0,-1) width 111: "style=\"margin:0px\""
        RenderBlock {DIV} at (1,351) size 352x32 [border: (1px solid #FF0000)]
          RenderText {#text} at (1,16) size 14x17
            text run at (1,16) width 14: "A "
          RenderText {#text} at (152,16) size 13x17
            text run at (152,16) width 13: " B"
        RenderBlock (anonymous) at (1,383) size 350x14
          RenderText {#text} at (0,-1) size 37x17
            text run at (0,-1) width 37: "cols=3"
        RenderBlock {DIV} at (1,397) size 352x36 [border: (1px solid #FF0000)]
          RenderText {#text} at (1,20) size 14x17
            text run at (1,20) width 14: "A "
          RenderText {#text} at (54,20) size 13x17
            text run at (54,20) width 13: " B"
        RenderBlock (anonymous) at (1,433) size 350x14
          RenderText {#text} at (0,-1) size 42x17
            text run at (0,-1) width 42: "rows=3"
        RenderBlock {DIV} at (1,447) size 352x49 [border: (1px solid #FF0000)]
          RenderText {#text} at (1,33) size 14x17
            text run at (1,33) width 14: "A "
          RenderText {#text} at (156,33) size 13x17
            text run at (156,33) width 13: " B"
        RenderBlock (anonymous) at (1,496) size 350x14
          RenderText {#text} at (0,-1) size 44x17
            text run at (0,-1) width 44: "cols=10"
        RenderBlock {DIV} at (1,510) size 352x36 [border: (1px solid #FF0000)]
          RenderText {#text} at (1,20) size 14x17
            text run at (1,20) width 14: "A "
          RenderText {#text} at (96,20) size 13x17
            text run at (96,20) width 13: " B"
        RenderBlock (anonymous) at (1,546) size 350x14
          RenderText {#text} at (0,-1) size 49x17
            text run at (0,-1) width 49: "rows=10"
        RenderBlock {DIV} at (1,560) size 352x140 [border: (1px solid #FF0000)]
          RenderText {#text} at (1,124) size 14x17
            text run at (1,124) width 14: "A "
          RenderText {#text} at (156,124) size 13x17
            text run at (156,124) width 13: " B"
        RenderBlock (anonymous) at (1,700) size 350x14
          RenderText {#text} at (0,-1) size 83x17
            text run at (0,-1) width 83: "cols=5 rows=4"
        RenderBlock {DIV} at (1,714) size 352x62 [border: (1px solid #FF0000)]
          RenderText {#text} at (1,46) size 14x17
            text run at (1,46) width 14: "A "
          RenderText {#text} at (66,46) size 13x17
            text run at (66,46) width 13: " B"
      RenderBlock (floating) {DIV} at (352,0) size 352x1032 [border: (1px solid #FF0000)]
        RenderBlock (anonymous) at (1,1) size 350x14
          RenderText {#text} at (0,-1) size 110x17
            text run at (0,-1) width 110: "style=\"width:60px\""
        RenderBlock {DIV} at (1,15) size 352x36 [border: (1px solid #FF0000)]
          RenderText {#text} at (1,20) size 14x17
            text run at (1,20) width 14: "A "
          RenderText {#text} at (77,20) size 13x17
            text run at (77,20) width 13: " B"
        RenderBlock (anonymous) at (1,51) size 350x14
          RenderText {#text} at (0,-1) size 191x17
            text run at (0,-1) width 191: "style=\"width:60px;padding:20px\""
        RenderBlock {DIV} at (1,65) size 352x76 [border: (1px solid #FF0000)]
          RenderText {#text} at (1,60) size 14x17
            text run at (1,60) width 14: "A "
          RenderText {#text} at (117,60) size 13x17
            text run at (117,60) width 13: " B"
        RenderBlock (anonymous) at (1,141) size 350x14
          RenderText {#text} at (0,-1) size 170x17
            text run at (0,-1) width 170: "style=\"width:60px;padding:0\""
        RenderBlock {DIV} at (1,155) size 352x36 [border: (1px solid #FF0000)]
          RenderText {#text} at (1,20) size 14x17
            text run at (1,20) width 14: "A "
          RenderText {#text} at (77,20) size 13x17
            text run at (77,20) width 13: " B"
        RenderBlock (anonymous) at (1,191) size 350x14
          RenderText {#text} at (0,-1) size 113x17
            text run at (0,-1) width 113: "style=\"height:60px\""
        RenderBlock {DIV} at (1,205) size 352x66 [border: (1px solid #FF0000)]
          RenderText {#text} at (1,50) size 14x17
            text run at (1,50) width 14: "A "
          RenderText {#text} at (156,50) size 13x17
            text run at (156,50) width 13: " B"
        RenderBlock (anonymous) at (1,271) size 350x14
          RenderText {#text} at (0,-1) size 181x17
            text run at (0,-1) width 181: "style=\"width:60px;height:60px\""
        RenderBlock {DIV} at (1,285) size 352x66 [border: (1px solid #FF0000)]
          RenderText {#text} at (1,50) size 14x17
            text run at (1,50) width 14: "A "
          RenderText {#text} at (77,50) size 13x17
            text run at (77,50) width 13: " B"
        RenderBlock (anonymous) at (1,351) size 350x14
          RenderText {#text} at (0,-1) size 139x17
            text run at (0,-1) width 139: "style=\"overflow:hidden\""
        RenderBlock {DIV} at (1,365) size 352x36 [border: (1px solid #FF0000)]
          RenderText {#text} at (1,20) size 14x17
            text run at (1,20) width 14: "A "
          RenderText {#text} at (141,20) size 13x17
            text run at (141,20) width 13: " B"
        RenderBlock (anonymous) at (1,401) size 350x14
          RenderText {#text} at (0,-1) size 132x17
            text run at (0,-1) width 132: "style=\"overflow:scroll\""
        RenderBlock {DIV} at (1,415) size 352x51 [border: (1px solid #FF0000)]
          RenderText {#text} at (1,35) size 14x17
            text run at (1,35) width 14: "A "
          RenderText {#text} at (156,35) size 13x17
            text run at (156,35) width 13: " B"
        RenderBlock (anonymous) at (1,466) size 350x14
          RenderText {#text} at (0,-1) size 278x17
            text run at (0,-1) width 278: "style=\"overflow:hidden;width:60px;height:60px\""
        RenderBlock {DIV} at (1,480) size 352x66 [border: (1px solid #FF0000)]
          RenderText {#text} at (1,50) size 14x17
            text run at (1,50) width 14: "A "
          RenderText {#text} at (77,50) size 13x17
            text run at (77,50) width 13: " B"
        RenderBlock (anonymous) at (1,546) size 350x14
          RenderText {#text} at (0,-1) size 271x17
            text run at (0,-1) width 271: "style=\"overflow:scroll;width:60px;height:60px\""
        RenderBlock {DIV} at (1,560) size 352x66 [border: (1px solid #FF0000)]
          RenderText {#text} at (1,50) size 14x17
            text run at (1,50) width 14: "A "
          RenderText {#text} at (77,50) size 13x17
            text run at (77,50) width 13: " B"
        RenderBlock (anonymous) at (1,626) size 350x14
          RenderText {#text} at (0,-1) size 222x17
            text run at (0,-1) width 222: "cols=5 style=\"width:60px;height:60px\""
        RenderBlock {DIV} at (1,640) size 352x66 [border: (1px solid #FF0000)]
          RenderText {#text} at (1,50) size 14x17
            text run at (1,50) width 14: "A "
          RenderText {#text} at (77,50) size 13x17
            text run at (77,50) width 13: " B"
        RenderBlock (anonymous) at (1,706) size 350x14
          RenderText {#text} at (0,-1) size 227x17
            text run at (0,-1) width 227: "rows=4 style=\"width:60px;height:60px\""
        RenderBlock {DIV} at (1,720) size 352x66 [border: (1px solid #FF0000)]
          RenderText {#text} at (1,50) size 14x17
            text run at (1,50) width 14: "A "
          RenderText {#text} at (77,50) size 13x17
            text run at (77,50) width 13: " B"
        RenderBlock (anonymous) at (1,786) size 350x14
          RenderText {#text} at (0,-1) size 268x17
            text run at (0,-1) width 268: "cols=5 rows=4 style=\"width:60px;height:60px\""
        RenderBlock {DIV} at (1,800) size 352x66 [border: (1px solid #FF0000)]
          RenderText {#text} at (1,50) size 14x17
            text run at (1,50) width 14: "A "
          RenderText {#text} at (77,50) size 13x17
            text run at (77,50) width 13: " B"
        RenderBlock (anonymous) at (1,866) size 350x14
          RenderText {#text} at (0,-1) size 65x17
            text run at (0,-1) width 65: "wrap=\"off\""
        RenderBlock {DIV} at (1,880) size 352x51 [border: (1px solid #FF0000)]
          RenderText {#text} at (1,35) size 14x17
            text run at (1,35) width 14: "A "
          RenderText {#text} at (156,35) size 13x17
            text run at (156,35) width 4: " "
            text run at (160,35) width 9: "B"
        RenderBlock (anonymous) at (1,931) size 350x14
          RenderText {#text} at (0,-1) size 73x17
            text run at (0,-1) width 73: "wrap=\"hard\""
        RenderBlock {DIV} at (1,945) size 352x36 [border: (1px solid #FF0000)]
          RenderText {#text} at (1,20) size 14x17
            text run at (1,20) width 14: "A "
          RenderText {#text} at (156,20) size 13x17
            text run at (156,20) width 4: " "
            text run at (160,20) width 9: "B"
        RenderBlock (anonymous) at (1,981) size 350x14
          RenderText {#text} at (0,-1) size 69x17
            text run at (0,-1) width 69: "wrap=\"soft\""
        RenderBlock {DIV} at (1,995) size 352x36 [border: (1px solid #FF0000)]
          RenderText {#text} at (1,20) size 14x17
            text run at (1,20) width 14: "A "
          RenderText {#text} at (156,20) size 13x17
            text run at (156,20) width 4: " "
            text run at (160,20) width 9: "B"
layer at (26,26) size 137x28 clip at (27,27) size 135x26
  RenderTextControl {TEXTAREA} at (17,3) size 137x28 [bgcolor=#FFFFFF] [border: (1px solid #000000)]
    RenderBlock {DIV} at (1,1) size 120x13
      RenderText {#text} at (0,0) size 102x13
        text run at (0,0) width 102: "Lorem ipsum dolor"
layer at (26,76) size 137x28 clip at (27,77) size 120x26 scrollHeight 65
  RenderTextControl {TEXTAREA} at (17,3) size 137x28 [bgcolor=#FFFFFF] [border: (1px solid #000000)]
    RenderBlock {DIV} at (1,1) size 120x65
      RenderText {#text} at (0,0) size 119x65
        text run at (0,0) width 105: "Lorem ipsum dolor "
        text run at (0,13) width 119: "ABCDEFGHIJKLMNOPQ"
        text run at (0,26) width 68: "RSTUVWXYZ "
        text run at (0,39) width 118: "abcdefghijklmnopqrst"
        text run at (0,52) width 16: "uv "
layer at (26,126) size 137x28 clip at (27,127) size 120x26 scrollHeight 65
  RenderTextControl {TEXTAREA} at (17,3) size 137x28 [bgcolor=#FFFFFF] [border: (1px solid #000000)]
    RenderBlock {DIV} at (1,1) size 120x65 [color=#545454]
      RenderText {#text} at (0,0) size 119x65
        text run at (0,0) width 105: "Lorem ipsum dolor "
        text run at (0,13) width 119: "ABCDEFGHIJKLMNOPQ"
        text run at (0,26) width 68: "RSTUVWXYZ "
        text run at (0,39) width 118: "abcdefghijklmnopqrst"
        text run at (0,52) width 16: "uv "
layer at (26,176) size 157x48 clip at (27,177) size 140x46 scrollHeight 75
  RenderTextControl {TEXTAREA} at (17,3) size 157x48 [bgcolor=#FFFFFF] [border: (1px solid #000000)]
    RenderBlock {DIV} at (11,11) size 120x65
      RenderText {#text} at (0,0) size 119x65
        text run at (0,0) width 105: "Lorem ipsum dolor "
        text run at (0,13) width 119: "ABCDEFGHIJKLMNOPQ"
        text run at (0,26) width 68: "RSTUVWXYZ "
        text run at (0,39) width 118: "abcdefghijklmnopqrst"
        text run at (0,52) width 16: "uv "
layer at (26,246) size 137x28 clip at (27,247) size 120x26 scrollHeight 65
  RenderTextControl {TEXTAREA} at (17,3) size 137x28 [bgcolor=#FFFFFF] [border: (1px solid #000000)]
    RenderBlock {DIV} at (1,1) size 120x65
      RenderText {#text} at (0,0) size 119x65
        text run at (0,0) width 105: "Lorem ipsum dolor "
        text run at (0,13) width 119: "ABCDEFGHIJKLMNOPQ"
        text run at (0,26) width 68: "RSTUVWXYZ "
        text run at (0,39) width 118: "abcdefghijklmnopqrst"
        text run at (0,52) width 16: "uv "
layer at (34,304) size 137x28 clip at (35,305) size 120x26 scrollHeight 65
  RenderTextControl {TEXTAREA} at (25,11) size 137x28 [bgcolor=#FFFFFF] [border: (1px solid #000000)]
    RenderBlock {DIV} at (1,1) size 120x65
      RenderText {#text} at (0,0) size 119x65
        text run at (0,0) width 105: "Lorem ipsum dolor "
        text run at (0,13) width 119: "ABCDEFGHIJKLMNOPQ"
        text run at (0,26) width 68: "RSTUVWXYZ "
        text run at (0,39) width 118: "abcdefghijklmnopqrst"
        text run at (0,52) width 16: "uv "
layer at (24,360) size 137x28 clip at (25,361) size 120x26 scrollHeight 65
  RenderTextControl {TEXTAREA} at (15,1) size 137x28 [bgcolor=#FFFFFF] [border: (1px solid #000000)]
    RenderBlock {DIV} at (1,1) size 120x65
      RenderText {#text} at (0,0) size 119x65
        text run at (0,0) width 105: "Lorem ipsum dolor "
        text run at (0,13) width 119: "ABCDEFGHIJKLMNOPQ"
        text run at (0,26) width 68: "RSTUVWXYZ "
        text run at (0,39) width 118: "abcdefghijklmnopqrst"
        text run at (0,52) width 16: "uv "
layer at (26,408) size 35x28 clip at (27,409) size 18x26 scrollHeight 364
  RenderTextControl {TEXTAREA} at (17,3) size 35x28 [bgcolor=#FFFFFF] [border: (1px solid #000000)]
    RenderBlock {DIV} at (1,1) size 18x364
      RenderText {#text} at (0,0) size 18x364
        text run at (0,0) width 18: "Lor"
        text run at (0,13) width 18: "em "
        text run at (0,26) width 16: "ips"
        text run at (0,39) width 18: "um "
        text run at (0,52) width 17: "dol"
        text run at (0,65) width 15: "or "
        text run at (0,78) width 14: "AB"
        text run at (0,91) width 16: "CD"
        text run at (0,104) width 12: "EF"
        text run at (0,117) width 17: "GH"
        text run at (0,130) width 14: "IJK"
        text run at (0,143) width 16: "LM"
        text run at (0,156) width 17: "NO"
        text run at (0,169) width 15: "PQ"
        text run at (0,182) width 13: "RS"
        text run at (0,195) width 15: "TU"
        text run at (0,208) width 17: "VW"
        text run at (0,221) width 14: "XY"
        text run at (0,234) width 10: "Z "
        text run at (0,247) width 13: "ab"
        text run at (0,260) width 13: "cd"
        text run at (0,273) width 18: "efg"
        text run at (0,286) width 14: "hij"
        text run at (0,299) width 10: "kl"
        text run at (0,312) width 18: "mn"
        text run at (0,325) width 14: "op"
        text run at (0,338) width 18: "qrs"
        text run at (0,351) width 17: "tuv"
layer at (26,458) size 137x41 clip at (27,459) size 120x39 scrollHeight 65
  RenderTextControl {TEXTAREA} at (17,3) size 137x41 [bgcolor=#FFFFFF] [border: (1px solid #000000)]
    RenderBlock {DIV} at (1,1) size 120x65
      RenderText {#text} at (0,0) size 119x65
        text run at (0,0) width 105: "Lorem ipsum dolor "
        text run at (0,13) width 119: "ABCDEFGHIJKLMNOPQ"
        text run at (0,26) width 68: "RSTUVWXYZ "
        text run at (0,39) width 118: "abcdefghijklmnopqrst"
        text run at (0,52) width 16: "uv "
layer at (26,521) size 77x28 clip at (27,522) size 60x26 scrollHeight 130
  RenderTextControl {TEXTAREA} at (17,3) size 77x28 [bgcolor=#FFFFFF] [border: (1px solid #000000)]
    RenderBlock {DIV} at (1,1) size 60x130
      RenderText {#text} at (0,0) size 60x130
        text run at (0,0) width 37: "Lorem "
        text run at (0,13) width 36: "ipsum "
        text run at (0,26) width 32: "dolor "
        text run at (0,39) width 58: "ABCDEFGH"
        text run at (0,52) width 52: "IJKLMNOP"
        text run at (0,65) width 60: "QRSTUVWX"
        text run at (0,78) width 17: "YZ "
        text run at (0,91) width 56: "abcdefghij"
        text run at (0,104) width 58: "klmnopqrs"
        text run at (0,117) width 20: "tuv "
layer at (26,571) size 137x132 clip at (27,572) size 135x130
  RenderTextControl {TEXTAREA} at (17,3) size 137x132 [bgcolor=#FFFFFF] [border: (1px solid #000000)]
    RenderBlock {DIV} at (1,1) size 120x65
      RenderText {#text} at (0,0) size 119x65
        text run at (0,0) width 105: "Lorem ipsum dolor "
        text run at (0,13) width 119: "ABCDEFGHIJKLMNOPQ"
        text run at (0,26) width 68: "RSTUVWXYZ "
        text run at (0,39) width 118: "abcdefghijklmnopqrst"
        text run at (0,52) width 16: "uv "
layer at (26,725) size 47x54 clip at (27,726) size 30x52 scrollHeight 221
  RenderTextControl {TEXTAREA} at (17,3) size 47x54 [bgcolor=#FFFFFF] [border: (1px solid #000000)]
    RenderBlock {DIV} at (1,1) size 30x221
      RenderText {#text} at (0,0) size 30x221
        text run at (0,0) width 24: "Lore"
        text run at (0,13) width 14: "m "
        text run at (0,26) width 23: "ipsu"
        text run at (0,39) width 14: "m "
        text run at (0,52) width 30: "dolor "
        text run at (0,65) width 30: "ABCD"
        text run at (0,78) width 28: "EFGH"
        text run at (0,91) width 30: "IJKLM"
        text run at (0,104) width 23: "NOP"
        text run at (0,117) width 29: "QRST"
        text run at (0,130) width 25: "UVW"
        text run at (0,143) width 24: "XYZ "
        text run at (0,156) width 26: "abcd"
        text run at (0,169) width 28: "efghi"
        text run at (0,182) width 24: "jklm"
        text run at (0,195) width 28: "nopq"
        text run at (0,208) width 30: "rstuv "
layer at (376,26) size 62x28 clip at (377,27) size 45x26 scrollHeight 156
  RenderTextControl {TEXTAREA} at (15,3) size 62x28 [bgcolor=#FFFFFF] [border: (1px solid #000000)]
    RenderBlock {DIV} at (1,1) size 45x156
      RenderText {#text} at (0,0) size 45x156
        text run at (0,0) width 37: "Lorem "
        text run at (0,13) width 36: "ipsum "
        text run at (0,26) width 32: "dolor "
        text run at (0,39) width 42: "ABCDEF"
        text run at (0,52) width 36: "GHIJKL"
        text run at (0,65) width 41: "MNOPQ"
        text run at (0,78) width 45: "RSTUVW"
        text run at (0,91) width 24: "XYZ "
        text run at (0,104) width 43: "abcdefg"
        text run at (0,117) width 41: "hijklmn"
        text run at (0,130) width 42: "opqrstu"
        text run at (0,143) width 9: "v "
layer at (376,76) size 102x68 clip at (377,77) size 85x66 scrollHeight 176
  RenderTextControl {TEXTAREA} at (15,3) size 102x68 [bgcolor=#FFFFFF] [border: (1px solid #000000)]
    RenderBlock {DIV} at (21,21) size 45x156
      RenderText {#text} at (0,0) size 45x156
        text run at (0,0) width 37: "Lorem "
        text run at (0,13) width 36: "ipsum "
        text run at (0,26) width 32: "dolor "
        text run at (0,39) width 42: "ABCDEF"
        text run at (0,52) width 36: "GHIJKL"
        text run at (0,65) width 41: "MNOPQ"
        text run at (0,78) width 45: "RSTUVW"
        text run at (0,91) width 24: "XYZ "
        text run at (0,104) width 43: "abcdefg"
        text run at (0,117) width 41: "hijklmn"
        text run at (0,130) width 42: "opqrstu"
        text run at (0,143) width 9: "v "
layer at (376,166) size 62x28 clip at (377,167) size 45x26 scrollHeight 156
  RenderTextControl {TEXTAREA} at (15,3) size 62x28 [bgcolor=#FFFFFF] [border: (1px solid #000000)]
    RenderBlock {DIV} at (1,1) size 45x156
      RenderText {#text} at (0,0) size 45x156
        text run at (0,0) width 37: "Lorem "
        text run at (0,13) width 36: "ipsum "
        text run at (0,26) width 32: "dolor "
        text run at (0,39) width 42: "ABCDEF"
        text run at (0,52) width 36: "GHIJKL"
        text run at (0,65) width 41: "MNOPQ"
        text run at (0,78) width 45: "RSTUVW"
        text run at (0,91) width 24: "XYZ "
        text run at (0,104) width 43: "abcdefg"
        text run at (0,117) width 41: "hijklmn"
        text run at (0,130) width 42: "opqrstu"
        text run at (0,143) width 9: "v "
layer at (378,214) size 137x62 clip at (379,215) size 120x60 scrollHeight 65
  RenderTextControl {TEXTAREA} at (17,1) size 137x62 [bgcolor=#FFFFFF] [border: (1px solid #000000)]
    RenderBlock {DIV} at (1,1) size 120x65
      RenderText {#text} at (0,0) size 119x65
        text run at (0,0) width 105: "Lorem ipsum dolor "
        text run at (0,13) width 119: "ABCDEFGHIJKLMNOPQ"
        text run at (0,26) width 68: "RSTUVWXYZ "
        text run at (0,39) width 118: "abcdefghijklmnopqrst"
        text run at (0,52) width 16: "uv "
layer at (376,294) size 62x62 clip at (377,295) size 45x60 scrollHeight 156
  RenderTextControl {TEXTAREA} at (15,1) size 62x62 [bgcolor=#FFFFFF] [border: (1px solid #000000)]
    RenderBlock {DIV} at (1,1) size 45x156
      RenderText {#text} at (0,0) size 45x156
        text run at (0,0) width 37: "Lorem "
        text run at (0,13) width 36: "ipsum "
        text run at (0,26) width 32: "dolor "
        text run at (0,39) width 42: "ABCDEF"
        text run at (0,52) width 36: "GHIJKL"
        text run at (0,65) width 41: "MNOPQ"
        text run at (0,78) width 45: "RSTUVW"
        text run at (0,91) width 24: "XYZ "
        text run at (0,104) width 43: "abcdefg"
        text run at (0,117) width 41: "hijklmn"
        text run at (0,130) width 42: "opqrstu"
        text run at (0,143) width 9: "v "
layer at (378,376) size 122x28 clip at (379,377) size 120x26 scrollHeight 65
  RenderTextControl {TEXTAREA} at (17,3) size 122x28 [bgcolor=#FFFFFF] [border: (1px solid #000000)]
    RenderBlock {DIV} at (1,1) size 120x65
      RenderText {#text} at (0,0) size 119x65
        text run at (0,0) width 105: "Lorem ipsum dolor "
        text run at (0,13) width 119: "ABCDEFGHIJKLMNOPQ"
        text run at (0,26) width 68: "RSTUVWXYZ "
        text run at (0,39) width 118: "abcdefghijklmnopqrst"
        text run at (0,52) width 16: "uv "
layer at (378,426) size 137x43 clip at (379,427) size 120x26 scrollHeight 65
  RenderTextControl {TEXTAREA} at (17,3) size 137x43 [bgcolor=#FFFFFF] [border: (1px solid #000000)]
    RenderBlock {DIV} at (1,1) size 120x65
      RenderText {#text} at (0,0) size 119x65
        text run at (0,0) width 105: "Lorem ipsum dolor "
        text run at (0,13) width 119: "ABCDEFGHIJKLMNOPQ"
        text run at (0,26) width 68: "RSTUVWXYZ "
        text run at (0,39) width 118: "abcdefghijklmnopqrst"
        text run at (0,52) width 16: "uv "
layer at (376,489) size 62x62 clip at (377,490) size 60x60 scrollHeight 130
  RenderTextControl {TEXTAREA} at (15,1) size 62x62 [bgcolor=#FFFFFF] [border: (1px solid #000000)]
    RenderBlock {DIV} at (1,1) size 60x130
      RenderText {#text} at (0,0) size 60x130
        text run at (0,0) width 37: "Lorem "
        text run at (0,13) width 36: "ipsum "
        text run at (0,26) width 32: "dolor "
        text run at (0,39) width 58: "ABCDEFGH"
        text run at (0,52) width 52: "IJKLMNOP"
        text run at (0,65) width 60: "QRSTUVWX"
        text run at (0,78) width 17: "YZ "
        text run at (0,91) width 56: "abcdefghij"
        text run at (0,104) width 58: "klmnopqrs"
        text run at (0,117) width 20: "tuv "
layer at (376,569) size 62x62 clip at (377,570) size 45x45 scrollHeight 156
  RenderTextControl {TEXTAREA} at (15,1) size 62x62 [bgcolor=#FFFFFF] [border: (1px solid #000000)]
    RenderBlock {DIV} at (1,1) size 45x156
      RenderText {#text} at (0,0) size 45x156
        text run at (0,0) width 37: "Lorem "
        text run at (0,13) width 36: "ipsum "
        text run at (0,26) width 32: "dolor "
        text run at (0,39) width 42: "ABCDEF"
        text run at (0,52) width 36: "GHIJKL"
        text run at (0,65) width 41: "MNOPQ"
        text run at (0,78) width 45: "RSTUVW"
        text run at (0,91) width 24: "XYZ "
        text run at (0,104) width 43: "abcdefg"
        text run at (0,117) width 41: "hijklmn"
        text run at (0,130) width 42: "opqrstu"
        text run at (0,143) width 9: "v "
layer at (376,649) size 62x62 clip at (377,650) size 45x60 scrollHeight 156
  RenderTextControl {TEXTAREA} at (15,1) size 62x62 [bgcolor=#FFFFFF] [border: (1px solid #000000)]
    RenderBlock {DIV} at (1,1) size 45x156
      RenderText {#text} at (0,0) size 45x156
        text run at (0,0) width 37: "Lorem "
        text run at (0,13) width 36: "ipsum "
        text run at (0,26) width 32: "dolor "
        text run at (0,39) width 42: "ABCDEF"
        text run at (0,52) width 36: "GHIJKL"
        text run at (0,65) width 41: "MNOPQ"
        text run at (0,78) width 45: "RSTUVW"
        text run at (0,91) width 24: "XYZ "
        text run at (0,104) width 43: "abcdefg"
        text run at (0,117) width 41: "hijklmn"
        text run at (0,130) width 42: "opqrstu"
        text run at (0,143) width 9: "v "
layer at (376,729) size 62x62 clip at (377,730) size 45x60 scrollHeight 156
  RenderTextControl {TEXTAREA} at (15,1) size 62x62 [bgcolor=#FFFFFF] [border: (1px solid #000000)]
    RenderBlock {DIV} at (1,1) size 45x156
      RenderText {#text} at (0,0) size 45x156
        text run at (0,0) width 37: "Lorem "
        text run at (0,13) width 36: "ipsum "
        text run at (0,26) width 32: "dolor "
        text run at (0,39) width 42: "ABCDEF"
        text run at (0,52) width 36: "GHIJKL"
        text run at (0,65) width 41: "MNOPQ"
        text run at (0,78) width 45: "RSTUVW"
        text run at (0,91) width 24: "XYZ "
        text run at (0,104) width 43: "abcdefg"
        text run at (0,117) width 41: "hijklmn"
        text run at (0,130) width 42: "opqrstu"
        text run at (0,143) width 9: "v "
layer at (376,809) size 62x62 clip at (377,810) size 45x60 scrollHeight 156
  RenderTextControl {TEXTAREA} at (15,1) size 62x62 [bgcolor=#FFFFFF] [border: (1px solid #000000)]
    RenderBlock {DIV} at (1,1) size 45x156
      RenderText {#text} at (0,0) size 45x156
        text run at (0,0) width 37: "Lorem "
        text run at (0,13) width 36: "ipsum "
        text run at (0,26) width 32: "dolor "
        text run at (0,39) width 42: "ABCDEF"
        text run at (0,52) width 36: "GHIJKL"
        text run at (0,65) width 41: "MNOPQ"
        text run at (0,78) width 45: "RSTUVW"
        text run at (0,91) width 24: "XYZ "
        text run at (0,104) width 43: "abcdefg"
        text run at (0,117) width 41: "hijklmn"
        text run at (0,130) width 42: "opqrstu"
        text run at (0,143) width 9: "v "
layer at (378,891) size 137x43 clip at (379,892) size 120x26 scrollWidth 189 scrollHeight 208
  RenderTextControl {TEXTAREA} at (17,3) size 137x43 [bgcolor=#FFFFFF] [border: (1px solid #000000)]
    RenderBlock {DIV} at (1,1) size 120x208
      RenderText {#text} at (0,0) size 189x195
        text run at (0,0) width 3: " "
        text run at (3,0) width 0: " "
        text run at (0,13) width 189: "This is a text area with wrap=\"soft\""
        text run at (189,13) width 0: " "
        text run at (0,26) width 189: "This is a text area with wrap=\"soft\""
        text run at (189,26) width 0: " "
        text run at (0,39) width 189: "This is a text area with wrap=\"soft\""
        text run at (189,39) width 0: " "
        text run at (0,52) width 189: "This is a text area with wrap=\"soft\""
        text run at (189,52) width 0: " "
        text run at (0,65) width 189: "This is a text area with wrap=\"soft\""
        text run at (189,65) width 0: " "
        text run at (0,78) width 189: "This is a text area with wrap=\"soft\""
        text run at (189,78) width 0: " "
        text run at (0,91) width 189: "This is a text area with wrap=\"soft\""
        text run at (189,91) width 0: " "
        text run at (0,104) width 189: "This is a text area with wrap=\"soft\""
        text run at (189,104) width 0: " "
        text run at (0,117) width 189: "This is a text area with wrap=\"soft\""
        text run at (189,117) width 0: " "
        text run at (0,130) width 189: "This is a text area with wrap=\"soft\""
        text run at (189,130) width 0: " "
        text run at (0,143) width 189: "This is a text area with wrap=\"soft\""
        text run at (189,143) width 0: " "
        text run at (0,156) width 189: "This is a text area with wrap=\"soft\""
        text run at (189,156) width 0: " "
        text run at (0,169) width 189: "This is a text area with wrap=\"soft\""
        text run at (189,169) width 0: " "
        text run at (0,182) width 189: "This is a text area with wrap=\"soft\""
        text run at (189,182) width 0: " "
      RenderBR {BR} at (0,195) size 0x13
layer at (378,956) size 137x28 clip at (379,957) size 120x26 scrollHeight 390
  RenderTextControl {TEXTAREA} at (17,3) size 137x28 [bgcolor=#FFFFFF] [border: (1px solid #000000)]
    RenderBlock {DIV} at (1,1) size 120x390
      RenderText {#text} at (0,0) size 99x377
        text run at (0,0) width 3: " "
        text run at (3,0) width 0: " "
        text run at (0,13) width 99: "This is a text area "
        text run at (0,26) width 90: "with wrap=\"soft\""
        text run at (90,26) width 0: " "
        text run at (0,39) width 99: "This is a text area "
        text run at (0,52) width 90: "with wrap=\"soft\""
        text run at (90,52) width 0: " "
        text run at (0,65) width 99: "This is a text area "
        text run at (0,78) width 90: "with wrap=\"soft\""
        text run at (90,78) width 0: " "
        text run at (0,91) width 99: "This is a text area "
        text run at (0,104) width 90: "with wrap=\"soft\""
        text run at (90,104) width 0: " "
        text run at (0,117) width 99: "This is a text area "
        text run at (0,130) width 90: "with wrap=\"soft\""
        text run at (90,130) width 0: " "
        text run at (0,143) width 99: "This is a text area "
        text run at (0,156) width 90: "with wrap=\"soft\""
        text run at (90,156) width 0: " "
        text run at (0,169) width 99: "This is a text area "
        text run at (0,182) width 90: "with wrap=\"soft\""
        text run at (90,182) width 0: " "
        text run at (0,195) width 99: "This is a text area "
        text run at (0,208) width 90: "with wrap=\"soft\""
        text run at (90,208) width 0: " "
        text run at (0,221) width 99: "This is a text area "
        text run at (0,234) width 90: "with wrap=\"soft\""
        text run at (90,234) width 0: " "
        text run at (0,247) width 99: "This is a text area "
        text run at (0,260) width 90: "with wrap=\"soft\""
        text run at (90,260) width 0: " "
        text run at (0,273) width 99: "This is a text area "
        text run at (0,286) width 90: "with wrap=\"soft\""
        text run at (90,286) width 0: " "
        text run at (0,299) width 99: "This is a text area "
        text run at (0,312) width 90: "with wrap=\"soft\""
        text run at (90,312) width 0: " "
        text run at (0,325) width 99: "This is a text area "
        text run at (0,338) width 90: "with wrap=\"soft\""
        text run at (90,338) width 0: " "
        text run at (0,351) width 99: "This is a text area "
        text run at (0,364) width 90: "with wrap=\"soft\""
        text run at (90,364) width 0: " "
      RenderBR {BR} at (0,377) size 0x13
layer at (378,1006) size 137x28 clip at (379,1007) size 120x26 scrollHeight 390
  RenderTextControl {TEXTAREA} at (17,3) size 137x28 [bgcolor=#FFFFFF] [border: (1px solid #000000)]
    RenderBlock {DIV} at (1,1) size 120x390
      RenderText {#text} at (0,0) size 99x377
        text run at (0,0) width 3: " "
        text run at (3,0) width 0: " "
        text run at (0,13) width 99: "This is a text area "
        text run at (0,26) width 90: "with wrap=\"soft\""
        text run at (90,26) width 0: " "
        text run at (0,39) width 99: "This is a text area "
        text run at (0,52) width 90: "with wrap=\"soft\""
        text run at (90,52) width 0: " "
        text run at (0,65) width 99: "This is a text area "
        text run at (0,78) width 90: "with wrap=\"soft\""
        text run at (90,78) width 0: " "
        text run at (0,91) width 99: "This is a text area "
        text run at (0,104) width 90: "with wrap=\"soft\""
        text run at (90,104) width 0: " "
        text run at (0,117) width 99: "This is a text area "
        text run at (0,130) width 90: "with wrap=\"soft\""
        text run at (90,130) width 0: " "
        text run at (0,143) width 99: "This is a text area "
        text run at (0,156) width 90: "with wrap=\"soft\""
        text run at (90,156) width 0: " "
        text run at (0,169) width 99: "This is a text area "
        text run at (0,182) width 90: "with wrap=\"soft\""
        text run at (90,182) width 0: " "
        text run at (0,195) width 99: "This is a text area "
        text run at (0,208) width 90: "with wrap=\"soft\""
        text run at (90,208) width 0: " "
        text run at (0,221) width 99: "This is a text area "
        text run at (0,234) width 90: "with wrap=\"soft\""
        text run at (90,234) width 0: " "
        text run at (0,247) width 99: "This is a text area "
        text run at (0,260) width 90: "with wrap=\"soft\""
        text run at (90,260) width 0: " "
        text run at (0,273) width 99: "This is a text area "
        text run at (0,286) width 90: "with wrap=\"soft\""
        text run at (90,286) width 0: " "
        text run at (0,299) width 99: "This is a text area "
        text run at (0,312) width 90: "with wrap=\"soft\""
        text run at (90,312) width 0: " "
        text run at (0,325) width 99: "This is a text area "
        text run at (0,338) width 90: "with wrap=\"soft\""
        text run at (90,338) width 0: " "
        text run at (0,351) width 99: "This is a text area "
        text run at (0,364) width 90: "with wrap=\"soft\""
        text run at (90,364) width 0: " "
      RenderBR {BR} at (0,377) size 0x13
