layer at (0,0) size 800x600
  RenderView at (0,0) size 800x600
layer at (0,0) size 800x600
  RenderBlock {HTML} at (0,0) size 800x600
    RenderBody {BODY} at (8,8) size 784x584
      RenderBlock (anonymous) at (0,0) size 784x20
        RenderText {#text} at (0,0) size 227x19
          text run at (0,0) width 227: "This test succeeds if it does not crash."
      RenderTable {TABLE} at (0,20) size 6x6
        RenderTableSection {TBODY} at (0,0) size 6x6
          RenderTableRow {TR} at (0,2) size 6x2
            RenderTableCell {TD} at (2,2) size 2x2 [r=0 c=0 rs=1 cs=1]
