layer at (0,0) size 800x600
  RenderView at (0,0) size 800x600
layer at (0,0) size 800x538
  RenderBlock {html} at (0,0) size 800x538
    RenderBody {body} at (8,16) size 784x472 [bgcolor=#FFFFFF]
      RenderBlock {p} at (0,0) size 784x20
        RenderText {#text} at (0,0) size 542x19
          text run at (0,0) width 542: "CSS Transformed HTML div with SVG inside it. Animated SVG should repaint correctly."
layer at (58,86) size 402x406
  RenderBlock {div} at (50,70) size 402x402 [border: (1px solid #000000)]
    RenderSVGRoot {svg} at (182.33,134.92) size 251.67x352.08
      RenderPath {rect} at (306.92,134.92) size 87.50x87.50 [stroke={[type=SOLID] [color=#FFC0CB] [stroke width=5.00]}] [fill={[type=SOLID] [color=#0000FF]}] [data="M300.00,0.00 L400.00,0.00 L400.00,100.00 L300.00,100.00 Z"]
      RenderSVGText {text} at (150,300) size 133x22 contains 1 chunk(s)
        RenderSVGInlineText {#text} at (0,-17) size 133x22
          chunk 1 text run 1 at (150.00,300.00) startOffset 0 endOffset 17 width 133.00: "This is some text"
      RenderSVGImage {image} at (350.67,403.67) size 83.33x83.33
    RenderText {#text} at (0,0) size 0x0
