layer at (0,0) size 785x1140
  RenderView at (0,0) size 785x600
layer at (0,0) size 785x1140
  RenderBlock {HTML} at (0,0) size 785x8
    RenderBody {BODY} at (8,8) size 769x0
      RenderBlock (floating) {DIV} at (0,0) size 352x922 [border: (1px solid #FF0000)]
        RenderBlock (anonymous) at (1,1) size 350x14
          RenderText {#text} at (0,-1) size 177x16
            text run at (0,-1) width 177: "Plain textarea with little content"
        RenderBlock {DIV} at (1,15) size 352x46 [border: (1px solid #FF0000)]
          RenderText {#text} at (1,30) size 13x16
            text run at (1,30) width 13: "A "
          RenderText {#text} at (199,30) size 12x16
            text run at (199,30) width 12: " B"
        RenderBlock (anonymous) at (1,61) size 350x14
          RenderText {#text} at (0,-1) size 75x16
            text run at (0,-1) width 75: "Plain textarea"
        RenderBlock {DIV} at (1,75) size 352x46 [border: (1px solid #FF0000)]
          RenderText {#text} at (1,30) size 13x16
            text run at (1,30) width 13: "A "
          RenderText {#text} at (199,30) size 12x16
            text run at (199,30) width 12: " B"
        RenderBlock (anonymous) at (1,121) size 350x14
          RenderText {#text} at (0,-1) size 96x16
            text run at (0,-1) width 96: "Disabled textarea"
        RenderBlock {DIV} at (1,135) size 352x46 [border: (1px solid #FF0000)]
          RenderText {#text} at (1,30) size 13x16
            text run at (1,30) width 13: "A "
          RenderText {#text} at (199,30) size 12x16
            text run at (199,30) width 12: " B"
        RenderBlock (anonymous) at (1,181) size 350x14
          RenderText {#text} at (0,-1) size 119x16
            text run at (0,-1) width 119: "style=\"padding:10px\""
        RenderBlock {DIV} at (1,195) size 352x62 [border: (1px solid #FF0000)]
          RenderText {#text} at (1,46) size 13x16
            text run at (1,46) width 13: "A "
          RenderText {#text} at (215,46) size 12x16
            text run at (215,46) width 12: " B"
        RenderBlock (anonymous) at (1,257) size 350x14
          RenderText {#text} at (0,-1) size 112x16
            text run at (0,-1) width 112: "style=\"padding:0px\""
        RenderBlock {DIV} at (1,271) size 352x42 [border: (1px solid #FF0000)]
          RenderText {#text} at (1,26) size 13x16
            text run at (1,26) width 13: "A "
          RenderText {#text} at (195,26) size 12x16
            text run at (195,26) width 12: " B"
        RenderBlock (anonymous) at (1,313) size 350x14
          RenderText {#text} at (0,-1) size 114x16
            text run at (0,-1) width 114: "style=\"margin:10px\""
        RenderBlock {DIV} at (1,327) size 352x62 [border: (1px solid #FF0000)]
          RenderText {#text} at (1,46) size 13x16
            text run at (1,46) width 13: "A "
          RenderText {#text} at (215,46) size 12x16
            text run at (215,46) width 12: " B"
        RenderBlock (anonymous) at (1,389) size 350x14
          RenderText {#text} at (0,-1) size 107x16
            text run at (0,-1) width 107: "style=\"margin:0px\""
        RenderBlock {DIV} at (1,403) size 352x42 [border: (1px solid #FF0000)]
          RenderText {#text} at (1,26) size 13x16
            text run at (1,26) width 13: "A "
          RenderText {#text} at (195,26) size 12x16
            text run at (195,26) width 12: " B"
        RenderBlock (anonymous) at (1,445) size 350x14
          RenderText {#text} at (0,-1) size 38x16
            text run at (0,-1) width 38: "cols=3"
        RenderBlock {DIV} at (1,459) size 352x46 [border: (1px solid #FF0000)]
          RenderText {#text} at (1,30) size 13x16
            text run at (1,30) width 13: "A "
          RenderText {#text} at (63,30) size 12x16
            text run at (63,30) width 12: " B"
        RenderBlock (anonymous) at (1,505) size 350x14
          RenderText {#text} at (0,-1) size 44x16
            text run at (0,-1) width 44: "rows=3"
        RenderBlock {DIV} at (1,519) size 352x62 [border: (1px solid #FF0000)]
          RenderText {#text} at (1,46) size 13x16
            text run at (1,46) width 13: "A "
          RenderText {#text} at (199,46) size 12x16
            text run at (199,46) width 12: " B"
        RenderBlock (anonymous) at (1,581) size 350x14
          RenderText {#text} at (0,-1) size 45x16
            text run at (0,-1) width 45: "cols=10"
        RenderBlock {DIV} at (1,595) size 352x46 [border: (1px solid #FF0000)]
          RenderText {#text} at (1,30) size 13x16
            text run at (1,30) width 13: "A "
          RenderText {#text} at (119,30) size 12x16
            text run at (119,30) width 12: " B"
        RenderBlock (anonymous) at (1,641) size 350x14
          RenderText {#text} at (0,-1) size 51x16
            text run at (0,-1) width 51: "rows=10"
        RenderBlock {DIV} at (1,655) size 352x174 [border: (1px solid #FF0000)]
          RenderText {#text} at (1,158) size 13x16
            text run at (1,158) width 13: "A "
          RenderText {#text} at (199,158) size 12x16
            text run at (199,158) width 12: " B"
        RenderBlock (anonymous) at (1,829) size 350x14
          RenderText {#text} at (0,-1) size 86x16
            text run at (0,-1) width 86: "cols=5 rows=4"
        RenderBlock {DIV} at (1,843) size 352x78 [border: (1px solid #FF0000)]
          RenderText {#text} at (1,62) size 13x16
            text run at (1,62) width 13: "A "
          RenderText {#text} at (79,62) size 12x16
            text run at (79,62) width 12: " B"
      RenderBlock (floating) {DIV} at (352,0) size 352x1132 [border: (1px solid #FF0000)]
        RenderBlock (anonymous) at (1,1) size 350x14
          RenderText {#text} at (0,-1) size 107x16
            text run at (0,-1) width 107: "style=\"width:60px\""
        RenderBlock {DIV} at (1,15) size 352x46 [border: (1px solid #FF0000)]
          RenderText {#text} at (1,30) size 13x16
            text run at (1,30) width 13: "A "
          RenderText {#text} at (80,30) size 12x16
            text run at (80,30) width 12: " B"
        RenderBlock (anonymous) at (1,61) size 350x14
          RenderText {#text} at (0,-1) size 186x16
            text run at (0,-1) width 186: "style=\"width:60px;padding:20px\""
        RenderBlock {DIV} at (1,75) size 352x82 [border: (1px solid #FF0000)]
          RenderText {#text} at (1,66) size 13x16
            text run at (1,66) width 13: "A "
          RenderText {#text} at (116,66) size 12x16
            text run at (116,66) width 12: " B"
        RenderBlock (anonymous) at (1,157) size 350x14
          RenderText {#text} at (0,-1) size 165x16
            text run at (0,-1) width 165: "style=\"width:60px;padding:0\""
        RenderBlock {DIV} at (1,171) size 352x42 [border: (1px solid #FF0000)]
          RenderText {#text} at (1,26) size 13x16
            text run at (1,26) width 13: "A "
          RenderText {#text} at (76,26) size 12x16
            text run at (76,26) width 12: " B"
        RenderBlock (anonymous) at (1,213) size 350x14
          RenderText {#text} at (0,-1) size 109x16
            text run at (0,-1) width 109: "style=\"height:60px\""
        RenderBlock {DIV} at (1,227) size 352x70 [border: (1px solid #FF0000)]
          RenderText {#text} at (1,54) size 13x16
            text run at (1,54) width 13: "A "
          RenderText {#text} at (199,54) size 12x16
            text run at (199,54) width 12: " B"
        RenderBlock (anonymous) at (1,297) size 350x14
          RenderText {#text} at (0,-1) size 176x16
            text run at (0,-1) width 176: "style=\"width:60px;height:60px\""
        RenderBlock {DIV} at (1,311) size 352x70 [border: (1px solid #FF0000)]
          RenderText {#text} at (1,54) size 13x16
            text run at (1,54) width 13: "A "
          RenderText {#text} at (80,54) size 12x16
            text run at (80,54) width 12: " B"
        RenderBlock (anonymous) at (1,381) size 350x14
          RenderText {#text} at (0,-1) size 135x16
            text run at (0,-1) width 135: "style=\"overflow:hidden\""
        RenderBlock {DIV} at (1,395) size 352x46 [border: (1px solid #FF0000)]
          RenderText {#text} at (1,30) size 13x16
            text run at (1,30) width 13: "A "
          RenderText {#text} at (199,30) size 12x16
            text run at (199,30) width 12: " B"
        RenderBlock (anonymous) at (1,441) size 350x14
          RenderText {#text} at (0,-1) size 129x16
            text run at (0,-1) width 129: "style=\"overflow:scroll\""
        RenderBlock {DIV} at (1,455) size 352x61 [border: (1px solid #FF0000)]
          RenderText {#text} at (1,45) size 13x16
            text run at (1,45) width 13: "A "
          RenderText {#text} at (199,45) size 12x16
            text run at (199,45) width 12: " B"
        RenderBlock (anonymous) at (1,516) size 350x14
          RenderText {#text} at (0,-1) size 271x16
            text run at (0,-1) width 271: "style=\"overflow:hidden;width:60px;height:60px\""
        RenderBlock {DIV} at (1,530) size 352x70 [border: (1px solid #FF0000)]
          RenderText {#text} at (1,54) size 13x16
            text run at (1,54) width 13: "A "
          RenderText {#text} at (80,54) size 12x16
            text run at (80,54) width 12: " B"
        RenderBlock (anonymous) at (1,600) size 350x14
          RenderText {#text} at (0,-1) size 265x16
            text run at (0,-1) width 265: "style=\"overflow:scroll;width:60px;height:60px\""
        RenderBlock {DIV} at (1,614) size 352x70 [border: (1px solid #FF0000)]
          RenderText {#text} at (1,54) size 13x16
            text run at (1,54) width 13: "A "
          RenderText {#text} at (80,54) size 12x16
            text run at (80,54) width 12: " B"
        RenderBlock (anonymous) at (1,684) size 350x14
          RenderText {#text} at (0,-1) size 218x16
            text run at (0,-1) width 218: "cols=5 style=\"width:60px;height:60px\""
        RenderBlock {DIV} at (1,698) size 352x70 [border: (1px solid #FF0000)]
          RenderText {#text} at (1,54) size 13x16
            text run at (1,54) width 13: "A "
          RenderText {#text} at (80,54) size 12x16
            text run at (80,54) width 12: " B"
        RenderBlock (anonymous) at (1,768) size 350x14
          RenderText {#text} at (0,-1) size 224x16
            text run at (0,-1) width 224: "rows=4 style=\"width:60px;height:60px\""
        RenderBlock {DIV} at (1,782) size 352x70 [border: (1px solid #FF0000)]
          RenderText {#text} at (1,54) size 13x16
            text run at (1,54) width 13: "A "
          RenderText {#text} at (80,54) size 12x16
            text run at (80,54) width 12: " B"
        RenderBlock (anonymous) at (1,852) size 350x14
          RenderText {#text} at (0,-1) size 266x16
            text run at (0,-1) width 266: "cols=5 rows=4 style=\"width:60px;height:60px\""
        RenderBlock {DIV} at (1,866) size 352x70 [border: (1px solid #FF0000)]
          RenderText {#text} at (1,54) size 13x16
            text run at (1,54) width 13: "A "
          RenderText {#text} at (80,54) size 12x16
            text run at (80,54) width 12: " B"
        RenderBlock (anonymous) at (1,936) size 350x14
          RenderText {#text} at (0,-1) size 64x16
            text run at (0,-1) width 64: "wrap=\"off\""
        RenderBlock {DIV} at (1,950) size 352x61 [border: (1px solid #FF0000)]
          RenderText {#text} at (1,45) size 13x16
            text run at (1,45) width 13: "A "
          RenderText {#text} at (199,45) size 12x16
            text run at (199,45) width 4: " "
            text run at (203,45) width 8: "B"
        RenderBlock (anonymous) at (1,1011) size 350x14
          RenderText {#text} at (0,-1) size 72x16
            text run at (0,-1) width 72: "wrap=\"hard\""
        RenderBlock {DIV} at (1,1025) size 352x46 [border: (1px solid #FF0000)]
          RenderText {#text} at (1,30) size 13x16
            text run at (1,30) width 13: "A "
          RenderText {#text} at (199,30) size 12x16
            text run at (199,30) width 4: " "
            text run at (203,30) width 8: "B"
        RenderBlock (anonymous) at (1,1071) size 350x14
          RenderText {#text} at (0,-1) size 69x16
            text run at (0,-1) width 69: "wrap=\"soft\""
        RenderBlock {DIV} at (1,1085) size 352x46 [border: (1px solid #FF0000)]
          RenderText {#text} at (1,30) size 13x16
            text run at (1,30) width 13: "A "
          RenderText {#text} at (199,30) size 12x16
            text run at (199,30) width 4: " "
            text run at (203,30) width 8: "B"
layer at (25,26) size 181x38 clip at (26,27) size 179x36
  RenderTextControl {TEXTAREA} at (16,3) size 181x38 [bgcolor=#FFFFFF] [border: (1px solid #000000)]
    RenderBlock {DIV} at (3,3) size 175x16
      RenderText {#text} at (0,0) size 136x16
        text run at (0,0) width 136: "Lorem ipsum dolor"
layer at (25,86) size 181x38 clip at (26,87) size 164x36 scrollHeight 84
  RenderTextControl {TEXTAREA} at (16,3) size 181x38 [bgcolor=#FFFFFF] [border: (1px solid #000000)]
    RenderBlock {DIV} at (3,3) size 160x80
      RenderText {#text} at (0,0) size 160x80
        text run at (0,0) width 136: "Lorem ipsum dolor"
        text run at (136,0) width 8: " "
        text run at (0,16) width 160: "ABCDEFGHIJKLMNOPQRST"
        text run at (0,32) width 48: "UVWXYZ"
        text run at (48,32) width 8: " "
        text run at (0,48) width 160: "abcdefghijklmnopqrst"
        text run at (0,64) width 16: "uv"
        text run at (16,64) width 8: " "
layer at (25,146) size 181x38 clip at (26,147) size 164x36 scrollHeight 84
  RenderTextControl {TEXTAREA} at (16,3) size 181x38 [bgcolor=#EBEBE4] [border: (1px solid #000000)]
    RenderBlock {DIV} at (3,3) size 160x80 [color=#545454]
      RenderText {#text} at (0,0) size 160x80
        text run at (0,0) width 136: "Lorem ipsum dolor"
        text run at (136,0) width 8: " "
        text run at (0,16) width 160: "ABCDEFGHIJKLMNOPQRST"
        text run at (0,32) width 48: "UVWXYZ"
        text run at (48,32) width 8: " "
        text run at (0,48) width 160: "abcdefghijklmnopqrst"
        text run at (0,64) width 16: "uv"
        text run at (16,64) width 8: " "
layer at (25,206) size 197x54 clip at (26,207) size 180x52 scrollHeight 100
  RenderTextControl {TEXTAREA} at (16,3) size 197x54 [bgcolor=#FFFFFF] [border: (1px solid #000000)]
    RenderBlock {DIV} at (11,11) size 160x80
      RenderText {#text} at (0,0) size 160x80
        text run at (0,0) width 136: "Lorem ipsum dolor"
        text run at (136,0) width 8: " "
        text run at (0,16) width 160: "ABCDEFGHIJKLMNOPQRST"
        text run at (0,32) width 48: "UVWXYZ"
        text run at (48,32) width 8: " "
        text run at (0,48) width 160: "abcdefghijklmnopqrst"
        text run at (0,64) width 16: "uv"
        text run at (16,64) width 8: " "
layer at (25,282) size 177x34 clip at (26,283) size 160x32 scrollHeight 80
  RenderTextControl {TEXTAREA} at (16,3) size 177x34 [bgcolor=#FFFFFF] [border: (1px solid #000000)]
    RenderBlock {DIV} at (1,1) size 160x80
      RenderText {#text} at (0,0) size 160x80
        text run at (0,0) width 136: "Lorem ipsum dolor"
        text run at (136,0) width 8: " "
        text run at (0,16) width 160: "ABCDEFGHIJKLMNOPQRST"
        text run at (0,32) width 48: "UVWXYZ"
        text run at (48,32) width 8: " "
        text run at (0,48) width 160: "abcdefghijklmnopqrst"
        text run at (0,64) width 16: "uv"
        text run at (16,64) width 8: " "
layer at (33,346) size 181x38 clip at (34,347) size 164x36 scrollHeight 84
  RenderTextControl {TEXTAREA} at (24,11) size 181x38 [bgcolor=#FFFFFF] [border: (1px solid #000000)]
    RenderBlock {DIV} at (3,3) size 160x80
      RenderText {#text} at (0,0) size 160x80
        text run at (0,0) width 136: "Lorem ipsum dolor"
        text run at (136,0) width 8: " "
        text run at (0,16) width 160: "ABCDEFGHIJKLMNOPQRST"
        text run at (0,32) width 48: "UVWXYZ"
        text run at (48,32) width 8: " "
        text run at (0,48) width 160: "abcdefghijklmnopqrst"
        text run at (0,64) width 16: "uv"
        text run at (16,64) width 8: " "
layer at (23,412) size 181x38 clip at (24,413) size 164x36 scrollHeight 84
  RenderTextControl {TEXTAREA} at (14,1) size 181x38 [bgcolor=#FFFFFF] [border: (1px solid #000000)]
    RenderBlock {DIV} at (3,3) size 160x80
      RenderText {#text} at (0,0) size 160x80
        text run at (0,0) width 136: "Lorem ipsum dolor"
        text run at (136,0) width 8: " "
        text run at (0,16) width 160: "ABCDEFGHIJKLMNOPQRST"
        text run at (0,32) width 48: "UVWXYZ"
        text run at (48,32) width 8: " "
        text run at (0,48) width 160: "abcdefghijklmnopqrst"
        text run at (0,64) width 16: "uv"
        text run at (16,64) width 8: " "
layer at (25,470) size 45x38 clip at (26,471) size 28x36 scrollHeight 372
  RenderTextControl {TEXTAREA} at (16,3) size 45x38 [bgcolor=#FFFFFF] [border: (1px solid #000000)]
    RenderBlock {DIV} at (3,3) size 24x368
      RenderText {#text} at (0,0) size 24x368
        text run at (0,0) width 24: "Lor"
        text run at (0,16) width 16: "em"
        text run at (16,16) width 8: " "
        text run at (0,32) width 24: "ips"
        text run at (0,48) width 16: "um"
        text run at (16,48) width 8: " "
        text run at (0,64) width 24: "dol"
        text run at (0,80) width 16: "or"
        text run at (16,80) width 8: " "
        text run at (0,96) width 24: "ABC"
        text run at (0,112) width 24: "DEF"
        text run at (0,128) width 24: "GHI"
        text run at (0,144) width 24: "JKL"
        text run at (0,160) width 24: "MNO"
        text run at (0,176) width 24: "PQR"
        text run at (0,192) width 24: "STU"
        text run at (0,208) width 24: "VWX"
        text run at (0,224) width 16: "YZ"
        text run at (16,224) width 8: " "
        text run at (0,240) width 24: "abc"
        text run at (0,256) width 24: "def"
        text run at (0,272) width 24: "ghi"
        text run at (0,288) width 24: "jkl"
        text run at (0,304) width 24: "mno"
        text run at (0,320) width 24: "pqr"
        text run at (0,336) width 24: "stu"
        text run at (0,352) width 8: "v"
        text run at (8,352) width 8: " "
layer at (25,530) size 181x54 clip at (26,531) size 164x52 scrollHeight 84
  RenderTextControl {TEXTAREA} at (16,3) size 181x54 [bgcolor=#FFFFFF] [border: (1px solid #000000)]
    RenderBlock {DIV} at (3,3) size 160x80
      RenderText {#text} at (0,0) size 160x80
        text run at (0,0) width 136: "Lorem ipsum dolor"
        text run at (136,0) width 8: " "
        text run at (0,16) width 160: "ABCDEFGHIJKLMNOPQRST"
        text run at (0,32) width 48: "UVWXYZ"
        text run at (48,32) width 8: " "
        text run at (0,48) width 160: "abcdefghijklmnopqrst"
        text run at (0,64) width 16: "uv"
        text run at (16,64) width 8: " "
layer at (25,606) size 101x38 clip at (26,607) size 84x36 scrollHeight 148
  RenderTextControl {TEXTAREA} at (16,3) size 101x38 [bgcolor=#FFFFFF] [border: (1px solid #000000)]
    RenderBlock {DIV} at (3,3) size 80x144
      RenderText {#text} at (0,0) size 80x144
        text run at (0,0) width 40: "Lorem"
        text run at (40,0) width 8: " "
        text run at (0,16) width 40: "ipsum"
        text run at (40,16) width 8: " "
        text run at (0,32) width 40: "dolor"
        text run at (40,32) width 8: " "
        text run at (0,48) width 80: "ABCDEFGHIJ"
        text run at (0,64) width 80: "KLMNOPQRST"
        text run at (0,80) width 48: "UVWXYZ"
        text run at (48,80) width 8: " "
        text run at (0,96) width 80: "abcdefghij"
        text run at (0,112) width 80: "klmnopqrst"
        text run at (0,128) width 16: "uv"
        text run at (16,128) width 8: " "
layer at (25,666) size 181x166 clip at (26,667) size 179x164
  RenderTextControl {TEXTAREA} at (16,3) size 181x166 [bgcolor=#FFFFFF] [border: (1px solid #000000)]
    RenderBlock {DIV} at (3,3) size 175x80
      RenderText {#text} at (0,0) size 168x80
        text run at (0,0) width 136: "Lorem ipsum dolor"
        text run at (136,0) width 8: " "
        text run at (0,16) width 168: "ABCDEFGHIJKLMNOPQRSTU"
        text run at (0,32) width 40: "VWXYZ"
        text run at (40,32) width 8: " "
        text run at (0,48) width 168: "abcdefghijklmnopqrstu"
        text run at (0,64) width 8: "v"
        text run at (8,64) width 8: " "
layer at (25,854) size 61x70 clip at (26,855) size 44x68 scrollHeight 228
  RenderTextControl {TEXTAREA} at (16,3) size 61x70 [bgcolor=#FFFFFF] [border: (1px solid #000000)]
    RenderBlock {DIV} at (3,3) size 40x224
      RenderText {#text} at (0,0) size 40x224
        text run at (0,0) width 40: "Lorem"
        text run at (40,0) width 0: " "
        text run at (0,16) width 40: "ipsum"
        text run at (40,16) width 0: " "
        text run at (0,32) width 40: "dolor"
        text run at (40,32) width 0: " "
        text run at (0,48) width 40: "ABCDE"
        text run at (0,64) width 40: "FGHIJ"
        text run at (0,80) width 40: "KLMNO"
        text run at (0,96) width 40: "PQRST"
        text run at (0,112) width 40: "UVWXY"
        text run at (0,128) width 8: "Z"
        text run at (8,128) width 8: " "
        text run at (0,144) width 40: "abcde"
        text run at (0,160) width 40: "fghij"
        text run at (0,176) width 40: "klmno"
        text run at (0,192) width 40: "pqrst"
        text run at (0,208) width 16: "uv"
        text run at (16,208) width 8: " "
layer at (375,26) size 66x38 clip at (376,27) size 49x36 scrollHeight 228
  RenderTextControl {TEXTAREA} at (14,3) size 66x38 [bgcolor=#FFFFFF] [border: (1px solid #000000)]
    RenderBlock {DIV} at (3,3) size 45x224
      RenderText {#text} at (0,0) size 45x224
        text run at (0,0) width 40: "Lorem"
        text run at (40,0) width 5: " "
        text run at (0,16) width 40: "ipsum"
        text run at (40,16) width 5: " "
        text run at (0,32) width 40: "dolor"
        text run at (40,32) width 5: " "
        text run at (0,48) width 40: "ABCDE"
        text run at (0,64) width 40: "FGHIJ"
        text run at (0,80) width 40: "KLMNO"
        text run at (0,96) width 40: "PQRST"
        text run at (0,112) width 40: "UVWXY"
        text run at (0,128) width 8: "Z"
        text run at (8,128) width 8: " "
        text run at (0,144) width 40: "abcde"
        text run at (0,160) width 40: "fghij"
        text run at (0,176) width 40: "klmno"
        text run at (0,192) width 40: "pqrst"
        text run at (0,208) width 16: "uv"
        text run at (16,208) width 8: " "
layer at (375,86) size 102x74 clip at (376,87) size 85x72 scrollHeight 264
  RenderTextControl {TEXTAREA} at (14,3) size 102x74 [bgcolor=#FFFFFF] [border: (1px solid #000000)]
    RenderBlock {DIV} at (21,21) size 45x224
      RenderText {#text} at (0,0) size 45x224
        text run at (0,0) width 40: "Lorem"
        text run at (40,0) width 5: " "
        text run at (0,16) width 40: "ipsum"
        text run at (40,16) width 5: " "
        text run at (0,32) width 40: "dolor"
        text run at (40,32) width 5: " "
        text run at (0,48) width 40: "ABCDE"
        text run at (0,64) width 40: "FGHIJ"
        text run at (0,80) width 40: "KLMNO"
        text run at (0,96) width 40: "PQRST"
        text run at (0,112) width 40: "UVWXY"
        text run at (0,128) width 8: "Z"
        text run at (8,128) width 8: " "
        text run at (0,144) width 40: "abcde"
        text run at (0,160) width 40: "fghij"
        text run at (0,176) width 40: "klmno"
        text run at (0,192) width 40: "pqrst"
        text run at (0,208) width 16: "uv"
        text run at (16,208) width 8: " "
layer at (375,182) size 62x34 clip at (376,183) size 45x32 scrollHeight 224
  RenderTextControl {TEXTAREA} at (14,3) size 62x34 [bgcolor=#FFFFFF] [border: (1px solid #000000)]
    RenderBlock {DIV} at (1,1) size 45x224
      RenderText {#text} at (0,0) size 45x224
        text run at (0,0) width 40: "Lorem"
        text run at (40,0) width 5: " "
        text run at (0,16) width 40: "ipsum"
        text run at (40,16) width 5: " "
        text run at (0,32) width 40: "dolor"
        text run at (40,32) width 5: " "
        text run at (0,48) width 40: "ABCDE"
        text run at (0,64) width 40: "FGHIJ"
        text run at (0,80) width 40: "KLMNO"
        text run at (0,96) width 40: "PQRST"
        text run at (0,112) width 40: "UVWXY"
        text run at (0,128) width 8: "Z"
        text run at (8,128) width 8: " "
        text run at (0,144) width 40: "abcde"
        text run at (0,160) width 40: "fghij"
        text run at (0,176) width 40: "klmno"
        text run at (0,192) width 40: "pqrst"
        text run at (0,208) width 16: "uv"
        text run at (16,208) width 8: " "
layer at (377,236) size 181x66 clip at (378,237) size 164x64 scrollHeight 84
  RenderTextControl {TEXTAREA} at (16,1) size 181x66 [bgcolor=#FFFFFF] [border: (1px solid #000000)]
    RenderBlock {DIV} at (3,3) size 160x80
      RenderText {#text} at (0,0) size 160x80
        text run at (0,0) width 136: "Lorem ipsum dolor"
        text run at (136,0) width 8: " "
        text run at (0,16) width 160: "ABCDEFGHIJKLMNOPQRST"
        text run at (0,32) width 48: "UVWXYZ"
        text run at (48,32) width 8: " "
        text run at (0,48) width 160: "abcdefghijklmnopqrst"
        text run at (0,64) width 16: "uv"
        text run at (16,64) width 8: " "
layer at (375,320) size 66x66 clip at (376,321) size 49x64 scrollHeight 228
  RenderTextControl {TEXTAREA} at (14,1) size 66x66 [bgcolor=#FFFFFF] [border: (1px solid #000000)]
    RenderBlock {DIV} at (3,3) size 45x224
      RenderText {#text} at (0,0) size 45x224
        text run at (0,0) width 40: "Lorem"
        text run at (40,0) width 5: " "
        text run at (0,16) width 40: "ipsum"
        text run at (40,16) width 5: " "
        text run at (0,32) width 40: "dolor"
        text run at (40,32) width 5: " "
        text run at (0,48) width 40: "ABCDE"
        text run at (0,64) width 40: "FGHIJ"
        text run at (0,80) width 40: "KLMNO"
        text run at (0,96) width 40: "PQRST"
        text run at (0,112) width 40: "UVWXY"
        text run at (0,128) width 8: "Z"
        text run at (8,128) width 8: " "
        text run at (0,144) width 40: "abcde"
        text run at (0,160) width 40: "fghij"
        text run at (0,176) width 40: "klmno"
        text run at (0,192) width 40: "pqrst"
        text run at (0,208) width 16: "uv"
        text run at (16,208) width 8: " "
layer at (377,406) size 181x38 clip at (378,407) size 179x36 scrollHeight 84
  RenderTextControl {TEXTAREA} at (16,3) size 181x38 [bgcolor=#FFFFFF] [border: (1px solid #000000)]
    RenderBlock {DIV} at (3,3) size 175x80
      RenderText {#text} at (0,0) size 168x80
        text run at (0,0) width 136: "Lorem ipsum dolor"
        text run at (136,0) width 8: " "
        text run at (0,16) width 168: "ABCDEFGHIJKLMNOPQRSTU"
        text run at (0,32) width 40: "VWXYZ"
        text run at (40,32) width 8: " "
        text run at (0,48) width 168: "abcdefghijklmnopqrstu"
        text run at (0,64) width 8: "v"
        text run at (8,64) width 8: " "
layer at (377,466) size 181x53 clip at (378,467) size 164x36 scrollHeight 84
  RenderTextControl {TEXTAREA} at (16,3) size 181x53 [bgcolor=#FFFFFF] [border: (1px solid #000000)]
    RenderBlock {DIV} at (3,3) size 160x80
      RenderText {#text} at (0,0) size 160x80
        text run at (0,0) width 136: "Lorem ipsum dolor"
        text run at (136,0) width 8: " "
        text run at (0,16) width 160: "ABCDEFGHIJKLMNOPQRST"
        text run at (0,32) width 48: "UVWXYZ"
        text run at (48,32) width 8: " "
        text run at (0,48) width 160: "abcdefghijklmnopqrst"
        text run at (0,64) width 16: "uv"
        text run at (16,64) width 8: " "
layer at (375,539) size 66x66 clip at (376,540) size 64x64 scrollHeight 180
  RenderTextControl {TEXTAREA} at (14,1) size 66x66 [bgcolor=#FFFFFF] [border: (1px solid #000000)]
    RenderBlock {DIV} at (3,3) size 60x176
      RenderText {#text} at (0,0) size 56x176
        text run at (0,0) width 40: "Lorem"
        text run at (40,0) width 8: " "
        text run at (0,16) width 40: "ipsum"
        text run at (40,16) width 8: " "
        text run at (0,32) width 40: "dolor"
        text run at (40,32) width 8: " "
        text run at (0,48) width 56: "ABCDEFG"
        text run at (0,64) width 56: "HIJKLMN"
        text run at (0,80) width 56: "OPQRSTU"
        text run at (0,96) width 40: "VWXYZ"
        text run at (40,96) width 8: " "
        text run at (0,112) width 56: "abcdefg"
        text run at (0,128) width 56: "hijklmn"
        text run at (0,144) width 56: "opqrstu"
        text run at (0,160) width 8: "v"
        text run at (8,160) width 8: " "
layer at (375,623) size 66x66 clip at (376,624) size 49x49 scrollHeight 228
  RenderTextControl {TEXTAREA} at (14,1) size 66x66 [bgcolor=#FFFFFF] [border: (1px solid #000000)]
    RenderBlock {DIV} at (3,3) size 45x224
      RenderText {#text} at (0,0) size 45x224
        text run at (0,0) width 40: "Lorem"
        text run at (40,0) width 5: " "
        text run at (0,16) width 40: "ipsum"
        text run at (40,16) width 5: " "
        text run at (0,32) width 40: "dolor"
        text run at (40,32) width 5: " "
        text run at (0,48) width 40: "ABCDE"
        text run at (0,64) width 40: "FGHIJ"
        text run at (0,80) width 40: "KLMNO"
        text run at (0,96) width 40: "PQRST"
        text run at (0,112) width 40: "UVWXY"
        text run at (0,128) width 8: "Z"
        text run at (8,128) width 8: " "
        text run at (0,144) width 40: "abcde"
        text run at (0,160) width 40: "fghij"
        text run at (0,176) width 40: "klmno"
        text run at (0,192) width 40: "pqrst"
        text run at (0,208) width 16: "uv"
        text run at (16,208) width 8: " "
layer at (375,707) size 66x66 clip at (376,708) size 49x64 scrollHeight 228
  RenderTextControl {TEXTAREA} at (14,1) size 66x66 [bgcolor=#FFFFFF] [border: (1px solid #000000)]
    RenderBlock {DIV} at (3,3) size 45x224
      RenderText {#text} at (0,0) size 45x224
        text run at (0,0) width 40: "Lorem"
        text run at (40,0) width 5: " "
        text run at (0,16) width 40: "ipsum"
        text run at (40,16) width 5: " "
        text run at (0,32) width 40: "dolor"
        text run at (40,32) width 5: " "
        text run at (0,48) width 40: "ABCDE"
        text run at (0,64) width 40: "FGHIJ"
        text run at (0,80) width 40: "KLMNO"
        text run at (0,96) width 40: "PQRST"
        text run at (0,112) width 40: "UVWXY"
        text run at (0,128) width 8: "Z"
        text run at (8,128) width 8: " "
        text run at (0,144) width 40: "abcde"
        text run at (0,160) width 40: "fghij"
        text run at (0,176) width 40: "klmno"
        text run at (0,192) width 40: "pqrst"
        text run at (0,208) width 16: "uv"
        text run at (16,208) width 8: " "
layer at (375,791) size 66x66 clip at (376,792) size 49x64 scrollHeight 228
  RenderTextControl {TEXTAREA} at (14,1) size 66x66 [bgcolor=#FFFFFF] [border: (1px solid #000000)]
    RenderBlock {DIV} at (3,3) size 45x224
      RenderText {#text} at (0,0) size 45x224
        text run at (0,0) width 40: "Lorem"
        text run at (40,0) width 5: " "
        text run at (0,16) width 40: "ipsum"
        text run at (40,16) width 5: " "
        text run at (0,32) width 40: "dolor"
        text run at (40,32) width 5: " "
        text run at (0,48) width 40: "ABCDE"
        text run at (0,64) width 40: "FGHIJ"
        text run at (0,80) width 40: "KLMNO"
        text run at (0,96) width 40: "PQRST"
        text run at (0,112) width 40: "UVWXY"
        text run at (0,128) width 8: "Z"
        text run at (8,128) width 8: " "
        text run at (0,144) width 40: "abcde"
        text run at (0,160) width 40: "fghij"
        text run at (0,176) width 40: "klmno"
        text run at (0,192) width 40: "pqrst"
        text run at (0,208) width 16: "uv"
        text run at (16,208) width 8: " "
layer at (375,875) size 66x66 clip at (376,876) size 49x64 scrollHeight 228
  RenderTextControl {TEXTAREA} at (14,1) size 66x66 [bgcolor=#FFFFFF] [border: (1px solid #000000)]
    RenderBlock {DIV} at (3,3) size 45x224
      RenderText {#text} at (0,0) size 45x224
        text run at (0,0) width 40: "Lorem"
        text run at (40,0) width 5: " "
        text run at (0,16) width 40: "ipsum"
        text run at (40,16) width 5: " "
        text run at (0,32) width 40: "dolor"
        text run at (40,32) width 5: " "
        text run at (0,48) width 40: "ABCDE"
        text run at (0,64) width 40: "FGHIJ"
        text run at (0,80) width 40: "KLMNO"
        text run at (0,96) width 40: "PQRST"
        text run at (0,112) width 40: "UVWXY"
        text run at (0,128) width 8: "Z"
        text run at (8,128) width 8: " "
        text run at (0,144) width 40: "abcde"
        text run at (0,160) width 40: "fghij"
        text run at (0,176) width 40: "klmno"
        text run at (0,192) width 40: "pqrst"
        text run at (0,208) width 16: "uv"
        text run at (16,208) width 8: " "
layer at (377,961) size 181x53 clip at (378,962) size 164x36 scrollWidth 290 scrollHeight 260
  RenderTextControl {TEXTAREA} at (16,3) size 181x53 [bgcolor=#FFFFFF] [border: (1px solid #000000)]
    RenderBlock {DIV} at (3,3) size 160x256
      RenderText {#text} at (0,0) size 288x240
        text run at (0,0) width 8: " "
        text run at (8,0) width 0: " "
        text run at (0,16) width 288: "This is a text area with wrap=\"soft\""
        text run at (288,16) width 0: " "
        text run at (0,32) width 288: "This is a text area with wrap=\"soft\""
        text run at (288,32) width 0: " "
        text run at (0,48) width 288: "This is a text area with wrap=\"soft\""
        text run at (288,48) width 0: " "
        text run at (0,64) width 288: "This is a text area with wrap=\"soft\""
        text run at (288,64) width 0: " "
        text run at (0,80) width 288: "This is a text area with wrap=\"soft\""
        text run at (288,80) width 0: " "
        text run at (0,96) width 288: "This is a text area with wrap=\"soft\""
        text run at (288,96) width 0: " "
        text run at (0,112) width 288: "This is a text area with wrap=\"soft\""
        text run at (288,112) width 0: " "
        text run at (0,128) width 288: "This is a text area with wrap=\"soft\""
        text run at (288,128) width 0: " "
        text run at (0,144) width 288: "This is a text area with wrap=\"soft\""
        text run at (288,144) width 0: " "
        text run at (0,160) width 288: "This is a text area with wrap=\"soft\""
        text run at (288,160) width 0: " "
        text run at (0,176) width 288: "This is a text area with wrap=\"soft\""
        text run at (288,176) width 0: " "
        text run at (0,192) width 288: "This is a text area with wrap=\"soft\""
        text run at (288,192) width 0: " "
        text run at (0,208) width 288: "This is a text area with wrap=\"soft\""
        text run at (288,208) width 0: " "
        text run at (0,224) width 288: "This is a text area with wrap=\"soft\""
        text run at (288,224) width 0: " "
      RenderBR {BR} at (0,240) size 0x16
layer at (377,1036) size 181x38 clip at (378,1037) size 164x36 scrollHeight 484
  RenderTextControl {TEXTAREA} at (16,3) size 181x38 [bgcolor=#FFFFFF] [border: (1px solid #000000)]
    RenderBlock {DIV} at (3,3) size 160x480
      RenderText {#text} at (0,0) size 160x464
        text run at (0,0) width 8: " "
        text run at (8,0) width 0: " "
        text run at (0,16) width 152: "This is a text area"
        text run at (152,16) width 8: " "
        text run at (0,32) width 128: "with wrap=\"soft\""
        text run at (128,32) width 0: " "
        text run at (0,48) width 152: "This is a text area"
        text run at (152,48) width 8: " "
        text run at (0,64) width 128: "with wrap=\"soft\""
        text run at (128,64) width 0: " "
        text run at (0,80) width 152: "This is a text area"
        text run at (152,80) width 8: " "
        text run at (0,96) width 128: "with wrap=\"soft\""
        text run at (128,96) width 0: " "
        text run at (0,112) width 152: "This is a text area"
        text run at (152,112) width 8: " "
        text run at (0,128) width 128: "with wrap=\"soft\""
        text run at (128,128) width 0: " "
        text run at (0,144) width 152: "This is a text area"
        text run at (152,144) width 8: " "
        text run at (0,160) width 128: "with wrap=\"soft\""
        text run at (128,160) width 0: " "
        text run at (0,176) width 152: "This is a text area"
        text run at (152,176) width 8: " "
        text run at (0,192) width 128: "with wrap=\"soft\""
        text run at (128,192) width 0: " "
        text run at (0,208) width 152: "This is a text area"
        text run at (152,208) width 8: " "
        text run at (0,224) width 128: "with wrap=\"soft\""
        text run at (128,224) width 0: " "
        text run at (0,240) width 152: "This is a text area"
        text run at (152,240) width 8: " "
        text run at (0,256) width 128: "with wrap=\"soft\""
        text run at (128,256) width 0: " "
        text run at (0,272) width 152: "This is a text area"
        text run at (152,272) width 8: " "
        text run at (0,288) width 128: "with wrap=\"soft\""
        text run at (128,288) width 0: " "
        text run at (0,304) width 152: "This is a text area"
        text run at (152,304) width 8: " "
        text run at (0,320) width 128: "with wrap=\"soft\""
        text run at (128,320) width 0: " "
        text run at (0,336) width 152: "This is a text area"
        text run at (152,336) width 8: " "
        text run at (0,352) width 128: "with wrap=\"soft\""
        text run at (128,352) width 0: " "
        text run at (0,368) width 152: "This is a text area"
        text run at (152,368) width 8: " "
        text run at (0,384) width 128: "with wrap=\"soft\""
        text run at (128,384) width 0: " "
        text run at (0,400) width 152: "This is a text area"
        text run at (152,400) width 8: " "
        text run at (0,416) width 128: "with wrap=\"soft\""
        text run at (128,416) width 0: " "
        text run at (0,432) width 152: "This is a text area"
        text run at (152,432) width 8: " "
        text run at (0,448) width 128: "with wrap=\"soft\""
        text run at (128,448) width 0: " "
      RenderBR {BR} at (0,464) size 0x16
layer at (377,1096) size 181x38 clip at (378,1097) size 164x36 scrollHeight 484
  RenderTextControl {TEXTAREA} at (16,3) size 181x38 [bgcolor=#FFFFFF] [border: (1px solid #000000)]
    RenderBlock {DIV} at (3,3) size 160x480
      RenderText {#text} at (0,0) size 160x464
        text run at (0,0) width 8: " "
        text run at (8,0) width 0: " "
        text run at (0,16) width 152: "This is a text area"
        text run at (152,16) width 8: " "
        text run at (0,32) width 128: "with wrap=\"soft\""
        text run at (128,32) width 0: " "
        text run at (0,48) width 152: "This is a text area"
        text run at (152,48) width 8: " "
        text run at (0,64) width 128: "with wrap=\"soft\""
        text run at (128,64) width 0: " "
        text run at (0,80) width 152: "This is a text area"
        text run at (152,80) width 8: " "
        text run at (0,96) width 128: "with wrap=\"soft\""
        text run at (128,96) width 0: " "
        text run at (0,112) width 152: "This is a text area"
        text run at (152,112) width 8: " "
        text run at (0,128) width 128: "with wrap=\"soft\""
        text run at (128,128) width 0: " "
        text run at (0,144) width 152: "This is a text area"
        text run at (152,144) width 8: " "
        text run at (0,160) width 128: "with wrap=\"soft\""
        text run at (128,160) width 0: " "
        text run at (0,176) width 152: "This is a text area"
        text run at (152,176) width 8: " "
        text run at (0,192) width 128: "with wrap=\"soft\""
        text run at (128,192) width 0: " "
        text run at (0,208) width 152: "This is a text area"
        text run at (152,208) width 8: " "
        text run at (0,224) width 128: "with wrap=\"soft\""
        text run at (128,224) width 0: " "
        text run at (0,240) width 152: "This is a text area"
        text run at (152,240) width 8: " "
        text run at (0,256) width 128: "with wrap=\"soft\""
        text run at (128,256) width 0: " "
        text run at (0,272) width 152: "This is a text area"
        text run at (152,272) width 8: " "
        text run at (0,288) width 128: "with wrap=\"soft\""
        text run at (128,288) width 0: " "
        text run at (0,304) width 152: "This is a text area"
        text run at (152,304) width 8: " "
        text run at (0,320) width 128: "with wrap=\"soft\""
        text run at (128,320) width 0: " "
        text run at (0,336) width 152: "This is a text area"
        text run at (152,336) width 8: " "
        text run at (0,352) width 128: "with wrap=\"soft\""
        text run at (128,352) width 0: " "
        text run at (0,368) width 152: "This is a text area"
        text run at (152,368) width 8: " "
        text run at (0,384) width 128: "with wrap=\"soft\""
        text run at (128,384) width 0: " "
        text run at (0,400) width 152: "This is a text area"
        text run at (152,400) width 8: " "
        text run at (0,416) width 128: "with wrap=\"soft\""
        text run at (128,416) width 0: " "
        text run at (0,432) width 152: "This is a text area"
        text run at (152,432) width 8: " "
        text run at (0,448) width 128: "with wrap=\"soft\""
        text run at (128,448) width 0: " "
      RenderBR {BR} at (0,464) size 0x16
