layer at (0,0) size 800x600
  RenderView at (0,0) size 800x600
layer at (0,0) size 800x79
  RenderBlock {HTML} at (0,0) size 800x79
    RenderBody {BODY} at (8,21) size 784x37
      RenderBlock {H1} at (0,0) size 784x37
        RenderText {#text} at (0,0) size 371x36
          text run at (0,0) width 371: "500 - Internal Server Error"

============== Back Forward List ==============
        http://127.0.0.1:8000/navigation/javascriptlink-frames.html  **nav target**
curr->  http://127.0.0.1:8000/navigation/resources/frameset.pl?frameURL=javascriptlink.html  **nav target**
===============================================
