layer at (0,0) size 800x600
  RenderView at (0,0) size 800x600
layer at (0,0) size 800x600
  RenderBlock {HTML} at (0,0) size 800x600
    RenderFrameSet {FRAMESET} at (0,0) size 800x600
      RenderFrame {FRAME} at (0,0) size 800x534
        layer at (0,0) size 800x534
          RenderView at (0,0) size 800x534
        layer at (0,0) size 800x534
          RenderBlock {HTML} at (0,0) size 800x534
            RenderBody {BODY} at (8,8) size 784x518
              RenderText {#text} at (0,0) size 764x73
                text run at (0,0) width 764: "This is just a minimal page that we navigate in response to an"
                text run at (0,37) width 181: "HTTP POST. "
              RenderBR {BR} at (0,0) size 0x0
              RenderBR {BR} at (0,74) size 0x36
              RenderText {#text} at (0,111) size 781x110
                text run at (0,111) width 781: "If the next line is empty after the colon, it probably means that"
                text run at (0,148) width 120: "we made "
                text run at (120,148) width 638: "a mistake and requested this page with a GET with"
                text run at (0,185) width 364: "no query instead of a POST. "
              RenderBR {BR} at (0,0) size 0x0
              RenderBR {BR} at (0,222) size 0x36
              RenderText {#text} at (0,259) size 692x36
                text run at (0,259) width 692: "The first text field contained: New form text from user "
              RenderBR {BR} at (0,0) size 0x0
              RenderText {#text} at (0,296) size 563x36
                text run at (0,296) width 563: "This page was requested with an HTTP GET"
              RenderText {#text} at (0,0) size 0x0
              RenderText {#text} at (0,0) size 0x0
      RenderFrame {FRAME} at (0,540) size 800x60
        layer at (0,0) size 785x90
          RenderView at (0,0) size 785x60
        layer at (0,0) size 785x90
          RenderBlock {HTML} at (0,0) size 785x90
            RenderBody {BODY} at (8,8) size 769x74
              RenderText {#text} at (0,0) size 704x73
                text run at (0,0) width 704: "This is just a minimal page that we navigate to as part of"
                text run at (0,37) width 268: "testing back/forward."
              RenderText {#text} at (0,0) size 0x0
              RenderText {#text} at (0,0) size 0x0

============== Back Forward List ==============
        http://127.0.0.1:8000/navigation/postredirect-frames.html  **nav target**
        http://127.0.0.1:8000/navigation/resources/frameset.pl?frameURL=success200.html  **nav target**
            http://127.0.0.1:8000/navigation/resources/otherpage.html (in frame "footer")
            http://127.0.0.1:8000/navigation/resources/success200.html (in frame "main")
curr->  http://127.0.0.1:8000/navigation/resources/frameset.pl?frameURL=success200.html
            http://127.0.0.1:8000/navigation/resources/otherpage.html (in frame "footer")
            http://127.0.0.1:8000/navigation/resources/postresult.pl (in frame "main")  **nav target**
===============================================
