layer at (0,0) size 800x600
  RenderView at (0,0) size 800x600
layer at (0,0) size 800x600
  RenderBlock {HTML} at (0,0) size 800x600
    RenderBody {BODY} at (8,8) size 784x584
      RenderBlock (anonymous) at (0,0) size 784x20
        RenderText {#text} at (0,0) size 506x19
          text run at (0,0) width 506: "Test that we can get an NPObject returned through a method on an NPAPI Object."
      RenderBlock {P} at (0,36) size 784x155
        RenderText {#text} at (0,135) size 335x19
          text run at (0,135) width 335: "Prints \"SUCCESS\" on success, \"FAILURE\" on failure. "
        RenderPartObject {EMBED} at (335,0) size 300x150
        RenderText {#text} at (0,0) size 0x0
      RenderBlock {DIV} at (0,207) size 784x20
        RenderText {#text} at (0,0) size 69x19
          text run at (0,0) width 69: "SUCCESS"
