layer at (0,0) size 800x600
  RenderView at (0,0) size 800x600
layer at (0,0) size 800x188
  RenderBlock {HTML} at (0,0) size 800x188
    RenderBody {BODY} at (8,16) size 784x156
      RenderBlock {P} at (0,0) size 784x20 [color=#000080]
        RenderText {#text} at (0,0) size 247x19
          text run at (0,0) width 247: "The word \"fail\" should not appear below."
      RenderBlock {DIV} at (16,36) size 240x120 [color=#FFFFFF] [bgcolor=#FFFFFF]
        RenderBlock (floating) {P} at (0,0) size 39x20 [color=#000080]
          RenderText {#text} at (0,0) size 39x19
            text run at (0,0) width 39: "TEST:"
        RenderBlock (floating) {P} at (1,20) size 239x20 [color=#00FFFF] [bgcolor=#008080]
          RenderText {#text} at (100,0) size 38x19
            text run at (100,0) width 38: "PASS"
        RenderText {#text} at (39,0) size 227x119
          text run at (39,0) width 185: "fail fail fail fail fail fail fail fail fail"
          text run at (0,40) width 21: "fail "
          text run at (21,40) width 206: "fail fail fail fail fail fail fail fail fail fail"
          text run at (0,60) width 210: "fail fail fail fail fail fail fail fail fail fail "
          text run at (210,60) width 17: "fail"
          text run at (0,80) width 189: "fail fail fail fail fail fail fail fail fail "
          text run at (189,80) width 38: "fail fail"
          text run at (0,100) width 164: "fail fail fail fail fail fail fail fail"
