layer at (0,0) size 800x600
  RenderView at (0,0) size 800x600
layer at (0,0) size 800x414
  RenderBlock {HTML} at (0,0) size 800x414
    RenderBody {BODY} at (8,16) size 784x382
      RenderBlock {P} at (0,0) size 784x20 [color=#000080]
        RenderText {#text} at (0,0) size 213x19
          text run at (0,0) width 213: "This sentence should be underlined."
      RenderBlock {P} at (0,36) size 784x20 [color=#000080]
        RenderText {#text} at (0,0) size 206x19
          text run at (0,0) width 206: "This sentence should be overlined."
      RenderBlock {P} at (0,72) size 784x20 [color=#000080]
        RenderText {#text} at (0,0) size 221x19
          text run at (0,0) width 221: "This sentence should be stricken out."
      RenderBlock {P} at (0,108) size 784x20 [color=#000080]
        RenderText {#text} at (0,0) size 348x19
          text run at (0,0) width 348: "This sentence should be blinking (if the UA supports that)."
      RenderBlock {P} at (0,144) size 784x20 [color=#000080]
        RenderText {#text} at (0,0) size 215x19
          text run at (0,0) width 215: "The sentence should be underlined. "
        RenderInline {B} at (0,0) size 233x19
          RenderText {#text} at (215,0) size 233x19
            text run at (215,0) width 233: "This sentence should be underlined"
        RenderText {#text} at (448,0) size 4x19
          text run at (448,0) width 4: "."
      RenderBlock {P} at (0,180) size 784x20 [color=#000080]
        RenderText {#text} at (0,0) size 298x19
          text run at (0,0) width 298: "This sentence should be underlined and overlined."
      RenderBlock {P} at (0,216) size 784x20 [color=#000080]
        RenderText {#text} at (0,0) size 357x19
          text run at (0,0) width 357: "This sentence should be underlined, overlined, and stricken."
      RenderBlock {DIV} at (0,252) size 784x0 [color=#FF0000]
      RenderBlock {P} at (0,252) size 784x20 [color=#000080]
        RenderText {#text} at (0,0) size 271x19
          text run at (0,0) width 271: "There should be no red at the end of this line."
        RenderInline {STRONG} at (0,0) size 4x19 [color=#FF0000]
          RenderText {#text} at (271,0) size 4x19
            text run at (271,0) width 4: " "
        RenderText {#text} at (275,0) size 4x19
          text run at (275,0) width 4: " "
      RenderBlock {P} at (0,288) size 784x20 [color=#000080]
        RenderText {#text} at (0,0) size 271x19
          text run at (0,0) width 271: "There should be no red at the end of this line."
        RenderImage {IMG} at (271,0) size 15x15 [color=#FF0000]
        RenderText {#text} at (286,0) size 4x19
          text run at (286,0) width 4: " "
      RenderBlock {P} at (0,324) size 784x22 [color=#000080]
        RenderText {#text} at (0,2) size 190x19
          text run at (0,2) width 190: "This sentence and all its images "
        RenderImage {IMG} at (190,0) size 17x17 [color=#FF0000]
        RenderText {#text} at (207,2) size 4x19
          text run at (207,2) width 4: " "
        RenderImage {IMG} at (211,0) size 17x17 [color=#FF0000]
        RenderText {#text} at (228,2) size 132x19
          text run at (228,2) width 4: " "
          text run at (232,2) width 128: "should be underlined."
      RenderBlock {P} at (0,362) size 784x20 [color=#000080]
        RenderText {#text} at (0,0) size 316x19
          text run at (0,0) width 316: "There should be a long blue underline between here: "
        RenderInline {SPAN} at (0,0) size 152x19 [color=#FFFFFF]
          RenderText {#text} at (316,0) size 152x19
            text run at (316,0) width 152: "FAIL FAIL FAIL FAIL "
        RenderText {#text} at (468,0) size 59x19
          text run at (468,0) width 59: ":and here."
