layer at (0,0) size 800x600
  RenderView at (0,0) size 800x600
layer at (0,0) size 800x156
  RenderBlock {HTML} at (0,0) size 800x156
    RenderBody {BODY} at (8,13) size 784x130 [color=#000080]
      RenderBlock {P} at (0,0) size 784x130
        RenderText {#text} at (0,4) size 385x18
          text run at (0,4) width 385: "This text should be small and cursive, with double line spacing. "
        RenderInline {SPAN} at (0,0) size 770x122 [color=#C0C0C0]
          RenderText {#text} at (385,4) size 770x122
            text run at (385,4) width 361: "dummy text dummy text dummy text dummy text dummy text"
            text run at (0,30) width 44: "dummy "
            text run at (44,30) width 438: "text dummy text dummy text dummy text dummy text dummy text dummy "
            text run at (482,30) width 288: "text dummy text dummy text dummy text dummy"
            text run at (0,56) width 146: "text dummy text dummy "
            text run at (146,56) width 438: "text dummy text dummy text dummy text dummy text dummy text dummy "
            text run at (584,56) width 171: "text dummy text dummy text"
            text run at (0,82) width 263: "dummy text dummy text dummy text dummy "
            text run at (263,82) width 438: "text dummy text dummy text dummy text dummy text dummy text dummy "
            text run at (701,82) width 69: "text dummy"
            text run at (0,108) width 365: "text dummy text dummy text dummy text dummy text dummy "
            text run at (365,108) width 390: "text dummy text dummy text dummy text dummy text dummy text"
        RenderText {#text} at (0,0) size 0x0
