layer at (0,0) size 800x600
  RenderView at (0,0) size 800x600
layer at (0,0) size 800x600
  RenderBlock {HTML} at (0,0) size 800x600
    RenderBody {BODY} at (8,8) size 784x584
      RenderBlock (anonymous) at (0,0) size 784x40
        RenderText {#text} at (0,0) size 779x39
          text run at (0,0) width 503: "The table displayed is two rows by three columns. Each table row has been aligned "
          text run at (503,0) width 276: "right. The table has been assigned a width and"
          text run at (0,20) width 203: "border value so that it is easier to "
          text run at (203,20) width 106: "see the alignment."
        RenderBR {BR} at (309,35) size 0x0
      RenderTable {TABLE} at (0,40) size 300x56 [border: (1px outset #808080)]
        RenderTableSection {TBODY} at (1,1) size 298x54
          RenderTableRow {TR} at (0,2) size 298x24
            RenderTableCell {TD} at (2,2) size 98x24 [border: (1px inset #808080)] [r=0 c=0 rs=1 cs=1]
              RenderText {#text} at (36,2) size 60x19
                text run at (36,2) width 60: "Navigator"
            RenderTableCell {TD} at (102,2) size 101x24 [border: (1px inset #808080)] [r=0 c=1 rs=1 cs=1]
              RenderText {#text} at (33,2) size 66x19
                text run at (33,2) width 66: "Messenger"
            RenderTableCell {TD} at (205,2) size 91x24 [border: (1px inset #808080)] [r=0 c=2 rs=1 cs=1]
              RenderText {#text} at (37,2) size 52x19
                text run at (37,2) width 52: "Collabra"
          RenderTableRow {TR} at (0,28) size 298x24
            RenderTableCell {TD} at (2,28) size 98x24 [border: (1px inset #808080)] [r=1 c=0 rs=1 cs=1]
              RenderText {#text} at (32,2) size 64x19
                text run at (32,2) width 64: "Composer"
            RenderTableCell {TD} at (102,28) size 101x24 [border: (1px inset #808080)] [r=1 c=1 rs=1 cs=1]
              RenderText {#text} at (44,2) size 55x19
                text run at (44,2) width 55: "Calendar"
            RenderTableCell {TD} at (205,28) size 91x24 [border: (1px inset #808080)] [r=1 c=2 rs=1 cs=1]
              RenderText {#text} at (30,2) size 59x19
                text run at (30,2) width 59: "Netcaster"
