layer at (0,0) size 800x600
  RenderView at (0,0) size 800x600
layer at (0,0) size 800x66
  RenderBlock {html} at (0,0) size 800x66
    RenderBody {body} at (8,8) size 784x50
      RenderTable {table} at (0,0) size 784x50 [border: (1px outset #808080)]
        RenderBlock {caption} at (0,0) size 782x20 [bgcolor=#00FF00]
          RenderText {#text} at (259,0) size 263x19
            text run at (259,0) width 191: "This caption should have a lime "
            text run at (450,0) width 72: "background"
        RenderTableSection (anonymous) at (1,21) size 782x28
          RenderTableRow {tr} at (0,2) size 782x24
            RenderTableCell {td} at (2,2) size 778x24 [border: (1px inset #808080)] [r=0 c=0 rs=1 cs=1]
              RenderText {#text} at (2,2) size 20x19
                text run at (2,2) width 20: "cell"
