layer at (0,0) size 800x600
  RenderView at (0,0) size 800x600
layer at (0,0) size 800x305
  RenderBlock {html} at (0,0) size 800x305
    RenderBody {body} at (8,16) size 784x281
      RenderBlock {p} at (0,0) size 784x20
        RenderText {#text} at (0,0) size 166x19
          text run at (0,0) width 166: "TH VALIGN=BASELINE"
      RenderTable {table} at (0,36) size 784x245 [border: (1px outset #808080)]
        RenderTableSection (anonymous) at (1,1) size 782x243
          RenderTableRow {tr} at (0,2) size 782x239
            RenderTableCell {th} at (2,24) size 215x104 [border: (1px inset #808080)] [r=0 c=0 rs=1 cs=1]
              RenderText {#text} at (14,2) size 204x99
                text run at (14,2) width 187: "Compare the baseline of the"
                text run at (5,22) width 76: "first line of "
                text run at (81,22) width 128: "text in this cell with"
                text run at (8,42) width 198: "the baseline of the first line of"
                text run at (25,62) width 46: "text in "
                text run at (71,62) width 119: "the next cell: they"
                text run at (17,82) width 181: "should be vertically aligned"
            RenderTableCell {th} at (219,2) size 561x239 [border: (1px inset #808080)] [r=0 c=1 rs=1 cs=1]
              RenderText {#text} at (2,3) size 556x233
                text run at (2,3) width 379: "Compare the baseline "
                text run at (381,3) width 177: "of the first"
                text run at (28,50) width 505: "line of text in this cell with the"
                text run at (3,97) width 252: "baseline of the "
                text run at (255,97) width 302: "first line of text in"
                text run at (11,144) width 539: "the previous cell: they should be"
                text run at (134,191) width 169: "vertically "
                text run at (303,191) width 123: "aligned"
