layer at (0,0) size 800x600
  RenderView at (0,0) size 800x600
layer at (0,0) size 800x359
  RenderBlock {html} at (0,0) size 800x359
    RenderBody {body} at (8,8) size 784x343
      RenderBlock (anonymous) at (0,0) size 784x307
        RenderSVGRoot {svg} at (197.75,197.75) size 75.50x75.50
          RenderPath {circle} at (197.75,197.75) size 75.50x75.50 [fill={[type=SOLID] [color=#FF0000]}] [data="M350.00,300.00 L349.90,303.14 L349.61,306.27 L349.11,309.37 L348.43,312.43 L347.55,315.45 L346.49,318.41 L345.24,321.29 L343.82,324.09 L342.22,326.79 L340.45,329.39 L338.53,331.87 L336.45,334.23 L334.23,336.45 L331.87,338.53 L329.39,340.45 L326.79,342.22 L324.09,343.82 L321.29,345.24 L318.41,346.49 L315.45,347.55 L312.43,348.43 L309.37,349.11 L306.27,349.61 L303.14,349.90 L300.00,350.00 L296.86,349.90 L293.73,349.61 L290.63,349.11 L287.57,348.43 L284.55,347.55 L281.59,346.49 L278.71,345.24 L275.91,343.82 L273.21,342.22 L270.61,340.45 L268.13,338.53 L265.77,336.45 L263.55,334.23 L261.47,331.87 L259.55,329.39 L257.78,326.79 L256.18,324.09 L254.76,321.29 L253.51,318.41 L252.45,315.45 L251.57,312.43 L250.89,309.37 L250.39,306.27 L250.10,303.14 L250.00,300.00 L250.10,296.86 L250.39,293.73 L250.89,290.63 L251.57,287.57 L252.45,284.55 L253.51,281.59 L254.76,278.71 L256.18,275.91 L257.78,273.21 L259.55,270.61 L261.47,268.13 L263.55,265.77 L265.77,263.55 L268.13,261.47 L270.61,259.55 L273.21,257.78 L275.91,256.18 L278.71,254.76 L281.59,253.51 L284.55,252.45 L287.57,251.57 L290.63,250.89 L293.73,250.39 L296.86,250.10 L300.00,250.00 L303.14,250.10 L306.27,250.39 L309.37,250.89 L312.43,251.57 L315.45,252.45 L318.41,253.51 L321.29,254.76 L324.09,256.18 L326.79,257.78 L329.39,259.55 L331.87,261.47 L334.23,263.55 L336.45,265.77 L338.53,268.13 L340.45,270.61 L342.22,273.21 L343.82,275.91 L345.24,278.71 L346.49,281.59 L347.55,284.55 L348.43,287.57 L349.11,290.63 L349.61,293.73 L349.90,296.86 Z"]
        RenderText {#text} at (302,287) size 4x19
          text run at (302,287) width 4: " "
        RenderBR {br} at (306,287) size 0x19
      RenderBlock {p} at (0,323) size 784x0
      RenderBlock {p} at (0,323) size 784x0
      RenderBlock (anonymous) at (0,323) size 784x20
        RenderText {#text} at (0,0) size 515x19
          text run at (0,0) width 515: "The circle should not be (partially or fully)visible at the original position after moving it."
