layer at (0,0) size 800x600
  RenderView at (0,0) size 800x600
layer at (0,0) size 800x600
  RenderBlock {HTML} at (0,0) size 800x600
    RenderBody {BODY} at (8,8) size 784x584
      RenderBlock {P} at (0,0) size 784x40
        RenderText {#text} at (0,0) size 771x39
          text run at (0,0) width 771: "This tests to see if HTMLEmbedElement.getSVGDocument() and HTMLObjectElement.getSVGDocument() work. You should"
          text run at (0,20) width 243: "see SUCCESS printed twice below this:"
      RenderBlock (anonymous) at (0,56) size 784x60
        RenderPartObject {EMBED} at (0,0) size 85x20
          layer at (0,0) size 85x20
            RenderView at (0,0) size 85x20
          layer at (0,0) size 85x20
            RenderSVGRoot {svg} at (0,0) size 85x20
              RenderPath {rect} at (0,0) size 85x20 [fill={[type=SOLID] [color=#008000]}] [data="M0.00,0.00 L85.00,0.00 L85.00,20.00 L0.00,20.00 Z"]
              RenderSVGText {text} at (5,16) size 69x19 contains 1 chunk(s)
                RenderSVGInlineText {#text} at (0,-15) size 69x19
                  chunk 1 text run 1 at (5.00,16.00) startOffset 0 endOffset 7 width 69.00: "SUCCESS"
        RenderBR {BR} at (85,20) size 0x0
        RenderBR {BR} at (0,20) size 0x19
        RenderPartObject {OBJECT} at (0,40) size 85x20
          layer at (0,0) size 85x20
            RenderView at (0,0) size 85x20
          layer at (0,0) size 85x20
            RenderSVGRoot {svg} at (0,0) size 85x20
              RenderPath {rect} at (0,0) size 85x20 [fill={[type=SOLID] [color=#008000]}] [data="M0.00,0.00 L85.00,0.00 L85.00,20.00 L0.00,20.00 Z"]
              RenderSVGText {text} at (5,16) size 69x19 contains 1 chunk(s)
                RenderSVGInlineText {#text} at (0,-15) size 69x19
                  chunk 1 text run 1 at (5.00,16.00) startOffset 0 endOffset 7 width 69.00: "SUCCESS"
        RenderText {#text} at (0,0) size 0x0
        RenderText {#text} at (0,0) size 0x0
