layer at (0,0) size 800x600
  RenderView at (0,0) size 800x600
layer at (0,0) size 800x72
  RenderBlock {html} at (0,0) size 800x72
    RenderBody {body} at (8,16) size 784x40
      RenderBlock {p} at (0,0) size 784x40
        RenderText {#text} at (0,0) size 757x39
          text run at (0,0) width 757: "In the div below the text is distributed over the whole SVG area. But when you scroll around the invisible text does not appear"
          text run at (0,20) width 82: "(Bug 12163)."
layer at (10,72) size 502x502 clip at (11,73) size 485x485 scrollY 550 scrollWidth 5000 scrollHeight 5004
  RenderBlock (positioned) {div} at (10,72) size 502x502 [border: (1px solid #AAAAAA)]
    RenderSVGRoot {svg} at (19,92) size 4975x4922
      RenderSVGText {text} at (0,20) size 75x22 contains 1 chunk(s)
        RenderSVGInlineText {#text} at (0,-17) size 75x22
          chunk 1 text run 1 at (0.00,20.00) startOffset 0 endOffset 11 width 75.00: "just a text"
      RenderSVGText {text} at (100,20) size 75x22 contains 1 chunk(s)
        RenderSVGInlineText {#text} at (0,-17) size 75x22
          chunk 1 text run 1 at (100.00,20.00) startOffset 0 endOffset 11 width 75.00: "just a text"
      RenderSVGText {text} at (200,20) size 75x22 contains 1 chunk(s)
        RenderSVGInlineText {#text} at (0,-17) size 75x22
          chunk 1 text run 1 at (200.00,20.00) startOffset 0 endOffset 11 width 75.00: "just a text"
      RenderSVGText {text} at (300,20) size 75x22 contains 1 chunk(s)
        RenderSVGInlineText {#text} at (0,-17) size 75x22
          chunk 1 text run 1 at (300.00,20.00) startOffset 0 endOffset 11 width 75.00: "just a text"
      RenderSVGText {text} at (400,20) size 75x22 contains 1 chunk(s)
        RenderSVGInlineText {#text} at (0,-17) size 75x22
          chunk 1 text run 1 at (400.00,20.00) startOffset 0 endOffset 11 width 75.00: "just a text"
      RenderSVGText {text} at (500,20) size 75x22 contains 1 chunk(s)
        RenderSVGInlineText {#text} at (0,-17) size 75x22
          chunk 1 text run 1 at (500.00,20.00) startOffset 0 endOffset 11 width 75.00: "just a text"
      RenderSVGText {text} at (600,20) size 75x22 contains 1 chunk(s)
        RenderSVGInlineText {#text} at (0,-17) size 75x22
          chunk 1 text run 1 at (600.00,20.00) startOffset 0 endOffset 11 width 75.00: "just a text"
      RenderSVGText {text} at (700,20) size 75x22 contains 1 chunk(s)
        RenderSVGInlineText {#text} at (0,-17) size 75x22
          chunk 1 text run 1 at (700.00,20.00) startOffset 0 endOffset 11 width 75.00: "just a text"
      RenderSVGText {text} at (800,20) size 75x22 contains 1 chunk(s)
        RenderSVGInlineText {#text} at (0,-17) size 75x22
          chunk 1 text run 1 at (800.00,20.00) startOffset 0 endOffset 11 width 75.00: "just a text"
      RenderSVGText {text} at (900,20) size 75x22 contains 1 chunk(s)
        RenderSVGInlineText {#text} at (0,-17) size 75x22
          chunk 1 text run 1 at (900.00,20.00) startOffset 0 endOffset 11 width 75.00: "just a text"
      RenderSVGText {text} at (1000,20) size 75x22 contains 1 chunk(s)
        RenderSVGInlineText {#text} at (0,-17) size 75x22
          chunk 1 text run 1 at (1000.00,20.00) startOffset 0 endOffset 11 width 75.00: "just a text"
      RenderSVGText {text} at (1100,20) size 75x22 contains 1 chunk(s)
        RenderSVGInlineText {#text} at (0,-17) size 75x22
          chunk 1 text run 1 at (1100.00,20.00) startOffset 0 endOffset 11 width 75.00: "just a text"
      RenderSVGText {text} at (1200,20) size 75x22 contains 1 chunk(s)
        RenderSVGInlineText {#text} at (0,-17) size 75x22
          chunk 1 text run 1 at (1200.00,20.00) startOffset 0 endOffset 11 width 75.00: "just a text"
      RenderSVGText {text} at (1300,20) size 75x22 contains 1 chunk(s)
        RenderSVGInlineText {#text} at (0,-17) size 75x22
          chunk 1 text run 1 at (1300.00,20.00) startOffset 0 endOffset 11 width 75.00: "just a text"
      RenderSVGText {text} at (1400,20) size 75x22 contains 1 chunk(s)
        RenderSVGInlineText {#text} at (0,-17) size 75x22
          chunk 1 text run 1 at (1400.00,20.00) startOffset 0 endOffset 11 width 75.00: "just a text"
      RenderSVGText {text} at (1500,20) size 75x22 contains 1 chunk(s)
        RenderSVGInlineText {#text} at (0,-17) size 75x22
          chunk 1 text run 1 at (1500.00,20.00) startOffset 0 endOffset 11 width 75.00: "just a text"
      RenderSVGText {text} at (1600,20) size 75x22 contains 1 chunk(s)
        RenderSVGInlineText {#text} at (0,-17) size 75x22
          chunk 1 text run 1 at (1600.00,20.00) startOffset 0 endOffset 11 width 75.00: "just a text"
      RenderSVGText {text} at (1700,20) size 75x22 contains 1 chunk(s)
        RenderSVGInlineText {#text} at (0,-17) size 75x22
          chunk 1 text run 1 at (1700.00,20.00) startOffset 0 endOffset 11 width 75.00: "just a text"
      RenderSVGText {text} at (1800,20) size 75x22 contains 1 chunk(s)
        RenderSVGInlineText {#text} at (0,-17) size 75x22
          chunk 1 text run 1 at (1800.00,20.00) startOffset 0 endOffset 11 width 75.00: "just a text"
      RenderSVGText {text} at (1900,20) size 75x22 contains 1 chunk(s)
        RenderSVGInlineText {#text} at (0,-17) size 75x22
          chunk 1 text run 1 at (1900.00,20.00) startOffset 0 endOffset 11 width 75.00: "just a text"
      RenderSVGText {text} at (2000,20) size 75x22 contains 1 chunk(s)
        RenderSVGInlineText {#text} at (0,-17) size 75x22
          chunk 1 text run 1 at (2000.00,20.00) startOffset 0 endOffset 11 width 75.00: "just a text"
      RenderSVGText {text} at (2100,20) size 75x22 contains 1 chunk(s)
        RenderSVGInlineText {#text} at (0,-17) size 75x22
          chunk 1 text run 1 at (2100.00,20.00) startOffset 0 endOffset 11 width 75.00: "just a text"
      RenderSVGText {text} at (2200,20) size 75x22 contains 1 chunk(s)
        RenderSVGInlineText {#text} at (0,-17) size 75x22
          chunk 1 text run 1 at (2200.00,20.00) startOffset 0 endOffset 11 width 75.00: "just a text"
      RenderSVGText {text} at (2300,20) size 75x22 contains 1 chunk(s)
        RenderSVGInlineText {#text} at (0,-17) size 75x22
          chunk 1 text run 1 at (2300.00,20.00) startOffset 0 endOffset 11 width 75.00: "just a text"
      RenderSVGText {text} at (2400,20) size 75x22 contains 1 chunk(s)
        RenderSVGInlineText {#text} at (0,-17) size 75x22
          chunk 1 text run 1 at (2400.00,20.00) startOffset 0 endOffset 11 width 75.00: "just a text"
      RenderSVGText {text} at (2500,20) size 75x22 contains 1 chunk(s)
        RenderSVGInlineText {#text} at (0,-17) size 75x22
          chunk 1 text run 1 at (2500.00,20.00) startOffset 0 endOffset 11 width 75.00: "just a text"
      RenderSVGText {text} at (2600,20) size 75x22 contains 1 chunk(s)
        RenderSVGInlineText {#text} at (0,-17) size 75x22
          chunk 1 text run 1 at (2600.00,20.00) startOffset 0 endOffset 11 width 75.00: "just a text"
      RenderSVGText {text} at (2700,20) size 75x22 contains 1 chunk(s)
        RenderSVGInlineText {#text} at (0,-17) size 75x22
          chunk 1 text run 1 at (2700.00,20.00) startOffset 0 endOffset 11 width 75.00: "just a text"
      RenderSVGText {text} at (2800,20) size 75x22 contains 1 chunk(s)
        RenderSVGInlineText {#text} at (0,-17) size 75x22
          chunk 1 text run 1 at (2800.00,20.00) startOffset 0 endOffset 11 width 75.00: "just a text"
      RenderSVGText {text} at (2900,20) size 75x22 contains 1 chunk(s)
        RenderSVGInlineText {#text} at (0,-17) size 75x22
          chunk 1 text run 1 at (2900.00,20.00) startOffset 0 endOffset 11 width 75.00: "just a text"
      RenderSVGText {text} at (3000,20) size 75x22 contains 1 chunk(s)
        RenderSVGInlineText {#text} at (0,-17) size 75x22
          chunk 1 text run 1 at (3000.00,20.00) startOffset 0 endOffset 11 width 75.00: "just a text"
      RenderSVGText {text} at (3100,20) size 75x22 contains 1 chunk(s)
        RenderSVGInlineText {#text} at (0,-17) size 75x22
          chunk 1 text run 1 at (3100.00,20.00) startOffset 0 endOffset 11 width 75.00: "just a text"
      RenderSVGText {text} at (3200,20) size 75x22 contains 1 chunk(s)
        RenderSVGInlineText {#text} at (0,-17) size 75x22
          chunk 1 text run 1 at (3200.00,20.00) startOffset 0 endOffset 11 width 75.00: "just a text"
      RenderSVGText {text} at (3300,20) size 75x22 contains 1 chunk(s)
        RenderSVGInlineText {#text} at (0,-17) size 75x22
          chunk 1 text run 1 at (3300.00,20.00) startOffset 0 endOffset 11 width 75.00: "just a text"
      RenderSVGText {text} at (3400,20) size 75x22 contains 1 chunk(s)
        RenderSVGInlineText {#text} at (0,-17) size 75x22
          chunk 1 text run 1 at (3400.00,20.00) startOffset 0 endOffset 11 width 75.00: "just a text"
      RenderSVGText {text} at (3500,20) size 75x22 contains 1 chunk(s)
        RenderSVGInlineText {#text} at (0,-17) size 75x22
          chunk 1 text run 1 at (3500.00,20.00) startOffset 0 endOffset 11 width 75.00: "just a text"
      RenderSVGText {text} at (3600,20) size 75x22 contains 1 chunk(s)
        RenderSVGInlineText {#text} at (0,-17) size 75x22
          chunk 1 text run 1 at (3600.00,20.00) startOffset 0 endOffset 11 width 75.00: "just a text"
      RenderSVGText {text} at (3700,20) size 75x22 contains 1 chunk(s)
        RenderSVGInlineText {#text} at (0,-17) size 75x22
          chunk 1 text run 1 at (3700.00,20.00) startOffset 0 endOffset 11 width 75.00: "just a text"
      RenderSVGText {text} at (3800,20) size 75x22 contains 1 chunk(s)
        RenderSVGInlineText {#text} at (0,-17) size 75x22
          chunk 1 text run 1 at (3800.00,20.00) startOffset 0 endOffset 11 width 75.00: "just a text"
      RenderSVGText {text} at (3900,20) size 75x22 contains 1 chunk(s)
        RenderSVGInlineText {#text} at (0,-17) size 75x22
          chunk 1 text run 1 at (3900.00,20.00) startOffset 0 endOffset 11 width 75.00: "just a text"
      RenderSVGText {text} at (4000,20) size 75x22 contains 1 chunk(s)
        RenderSVGInlineText {#text} at (0,-17) size 75x22
          chunk 1 text run 1 at (4000.00,20.00) startOffset 0 endOffset 11 width 75.00: "just a text"
      RenderSVGText {text} at (4100,20) size 75x22 contains 1 chunk(s)
        RenderSVGInlineText {#text} at (0,-17) size 75x22
          chunk 1 text run 1 at (4100.00,20.00) startOffset 0 endOffset 11 width 75.00: "just a text"
      RenderSVGText {text} at (4200,20) size 75x22 contains 1 chunk(s)
        RenderSVGInlineText {#text} at (0,-17) size 75x22
          chunk 1 text run 1 at (4200.00,20.00) startOffset 0 endOffset 11 width 75.00: "just a text"
      RenderSVGText {text} at (4300,20) size 75x22 contains 1 chunk(s)
        RenderSVGInlineText {#text} at (0,-17) size 75x22
          chunk 1 text run 1 at (4300.00,20.00) startOffset 0 endOffset 11 width 75.00: "just a text"
      RenderSVGText {text} at (4400,20) size 75x22 contains 1 chunk(s)
        RenderSVGInlineText {#text} at (0,-17) size 75x22
          chunk 1 text run 1 at (4400.00,20.00) startOffset 0 endOffset 11 width 75.00: "just a text"
      RenderSVGText {text} at (4500,20) size 75x22 contains 1 chunk(s)
        RenderSVGInlineText {#text} at (0,-17) size 75x22
          chunk 1 text run 1 at (4500.00,20.00) startOffset 0 endOffset 11 width 75.00: "just a text"
      RenderSVGText {text} at (4600,20) size 75x22 contains 1 chunk(s)
        RenderSVGInlineText {#text} at (0,-17) size 75x22
          chunk 1 text run 1 at (4600.00,20.00) startOffset 0 endOffset 11 width 75.00: "just a text"
      RenderSVGText {text} at (4700,20) size 75x22 contains 1 chunk(s)
        RenderSVGInlineText {#text} at (0,-17) size 75x22
          chunk 1 text run 1 at (4700.00,20.00) startOffset 0 endOffset 11 width 75.00: "just a text"
      RenderSVGText {text} at (4800,20) size 75x22 contains 1 chunk(s)
        RenderSVGInlineText {#text} at (0,-17) size 75x22
          chunk 1 text run 1 at (4800.00,20.00) startOffset 0 endOffset 11 width 75.00: "just a text"
      RenderSVGText {text} at (4900,20) size 75x22 contains 1 chunk(s)
        RenderSVGInlineText {#text} at (0,-17) size 75x22
          chunk 1 text run 1 at (4900.00,20.00) startOffset 0 endOffset 11 width 75.00: "just a text"
      RenderSVGText {text} at (0,120) size 75x22 contains 1 chunk(s)
        RenderSVGInlineText {#text} at (0,-17) size 75x22
          chunk 1 text run 1 at (0.00,120.00) startOffset 0 endOffset 11 width 75.00: "just a text"
      RenderSVGText {text} at (100,120) size 75x22 contains 1 chunk(s)
        RenderSVGInlineText {#text} at (0,-17) size 75x22
          chunk 1 text run 1 at (100.00,120.00) startOffset 0 endOffset 11 width 75.00: "just a text"
      RenderSVGText {text} at (200,120) size 75x22 contains 1 chunk(s)
        RenderSVGInlineText {#text} at (0,-17) size 75x22
          chunk 1 text run 1 at (200.00,120.00) startOffset 0 endOffset 11 width 75.00: "just a text"
      RenderSVGText {text} at (300,120) size 75x22 contains 1 chunk(s)
        RenderSVGInlineText {#text} at (0,-17) size 75x22
          chunk 1 text run 1 at (300.00,120.00) startOffset 0 endOffset 11 width 75.00: "just a text"
      RenderSVGText {text} at (400,120) size 75x22 contains 1 chunk(s)
        RenderSVGInlineText {#text} at (0,-17) size 75x22
          chunk 1 text run 1 at (400.00,120.00) startOffset 0 endOffset 11 width 75.00: "just a text"
      RenderSVGText {text} at (500,120) size 75x22 contains 1 chunk(s)
        RenderSVGInlineText {#text} at (0,-17) size 75x22
          chunk 1 text run 1 at (500.00,120.00) startOffset 0 endOffset 11 width 75.00: "just a text"
      RenderSVGText {text} at (600,120) size 75x22 contains 1 chunk(s)
        RenderSVGInlineText {#text} at (0,-17) size 75x22
          chunk 1 text run 1 at (600.00,120.00) startOffset 0 endOffset 11 width 75.00: "just a text"
      RenderSVGText {text} at (700,120) size 75x22 contains 1 chunk(s)
        RenderSVGInlineText {#text} at (0,-17) size 75x22
          chunk 1 text run 1 at (700.00,120.00) startOffset 0 endOffset 11 width 75.00: "just a text"
      RenderSVGText {text} at (800,120) size 75x22 contains 1 chunk(s)
        RenderSVGInlineText {#text} at (0,-17) size 75x22
          chunk 1 text run 1 at (800.00,120.00) startOffset 0 endOffset 11 width 75.00: "just a text"
      RenderSVGText {text} at (900,120) size 75x22 contains 1 chunk(s)
        RenderSVGInlineText {#text} at (0,-17) size 75x22
          chunk 1 text run 1 at (900.00,120.00) startOffset 0 endOffset 11 width 75.00: "just a text"
      RenderSVGText {text} at (1000,120) size 75x22 contains 1 chunk(s)
        RenderSVGInlineText {#text} at (0,-17) size 75x22
          chunk 1 text run 1 at (1000.00,120.00) startOffset 0 endOffset 11 width 75.00: "just a text"
      RenderSVGText {text} at (1100,120) size 75x22 contains 1 chunk(s)
        RenderSVGInlineText {#text} at (0,-17) size 75x22
          chunk 1 text run 1 at (1100.00,120.00) startOffset 0 endOffset 11 width 75.00: "just a text"
      RenderSVGText {text} at (1200,120) size 75x22 contains 1 chunk(s)
        RenderSVGInlineText {#text} at (0,-17) size 75x22
          chunk 1 text run 1 at (1200.00,120.00) startOffset 0 endOffset 11 width 75.00: "just a text"
      RenderSVGText {text} at (1300,120) size 75x22 contains 1 chunk(s)
        RenderSVGInlineText {#text} at (0,-17) size 75x22
          chunk 1 text run 1 at (1300.00,120.00) startOffset 0 endOffset 11 width 75.00: "just a text"
      RenderSVGText {text} at (1400,120) size 75x22 contains 1 chunk(s)
        RenderSVGInlineText {#text} at (0,-17) size 75x22
          chunk 1 text run 1 at (1400.00,120.00) startOffset 0 endOffset 11 width 75.00: "just a text"
      RenderSVGText {text} at (1500,120) size 75x22 contains 1 chunk(s)
        RenderSVGInlineText {#text} at (0,-17) size 75x22
          chunk 1 text run 1 at (1500.00,120.00) startOffset 0 endOffset 11 width 75.00: "just a text"
      RenderSVGText {text} at (1600,120) size 75x22 contains 1 chunk(s)
        RenderSVGInlineText {#text} at (0,-17) size 75x22
          chunk 1 text run 1 at (1600.00,120.00) startOffset 0 endOffset 11 width 75.00: "just a text"
      RenderSVGText {text} at (1700,120) size 75x22 contains 1 chunk(s)
        RenderSVGInlineText {#text} at (0,-17) size 75x22
          chunk 1 text run 1 at (1700.00,120.00) startOffset 0 endOffset 11 width 75.00: "just a text"
      RenderSVGText {text} at (1800,120) size 75x22 contains 1 chunk(s)
        RenderSVGInlineText {#text} at (0,-17) size 75x22
          chunk 1 text run 1 at (1800.00,120.00) startOffset 0 endOffset 11 width 75.00: "just a text"
      RenderSVGText {text} at (1900,120) size 75x22 contains 1 chunk(s)
        RenderSVGInlineText {#text} at (0,-17) size 75x22
          chunk 1 text run 1 at (1900.00,120.00) startOffset 0 endOffset 11 width 75.00: "just a text"
      RenderSVGText {text} at (2000,120) size 75x22 contains 1 chunk(s)
        RenderSVGInlineText {#text} at (0,-17) size 75x22
          chunk 1 text run 1 at (2000.00,120.00) startOffset 0 endOffset 11 width 75.00: "just a text"
      RenderSVGText {text} at (2100,120) size 75x22 contains 1 chunk(s)
        RenderSVGInlineText {#text} at (0,-17) size 75x22
          chunk 1 text run 1 at (2100.00,120.00) startOffset 0 endOffset 11 width 75.00: "just a text"
      RenderSVGText {text} at (2200,120) size 75x22 contains 1 chunk(s)
        RenderSVGInlineText {#text} at (0,-17) size 75x22
          chunk 1 text run 1 at (2200.00,120.00) startOffset 0 endOffset 11 width 75.00: "just a text"
      RenderSVGText {text} at (2300,120) size 75x22 contains 1 chunk(s)
        RenderSVGInlineText {#text} at (0,-17) size 75x22
          chunk 1 text run 1 at (2300.00,120.00) startOffset 0 endOffset 11 width 75.00: "just a text"
      RenderSVGText {text} at (2400,120) size 75x22 contains 1 chunk(s)
        RenderSVGInlineText {#text} at (0,-17) size 75x22
          chunk 1 text run 1 at (2400.00,120.00) startOffset 0 endOffset 11 width 75.00: "just a text"
      RenderSVGText {text} at (2500,120) size 75x22 contains 1 chunk(s)
        RenderSVGInlineText {#text} at (0,-17) size 75x22
          chunk 1 text run 1 at (2500.00,120.00) startOffset 0 endOffset 11 width 75.00: "just a text"
      RenderSVGText {text} at (2600,120) size 75x22 contains 1 chunk(s)
        RenderSVGInlineText {#text} at (0,-17) size 75x22
          chunk 1 text run 1 at (2600.00,120.00) startOffset 0 endOffset 11 width 75.00: "just a text"
      RenderSVGText {text} at (2700,120) size 75x22 contains 1 chunk(s)
        RenderSVGInlineText {#text} at (0,-17) size 75x22
          chunk 1 text run 1 at (2700.00,120.00) startOffset 0 endOffset 11 width 75.00: "just a text"
      RenderSVGText {text} at (2800,120) size 75x22 contains 1 chunk(s)
        RenderSVGInlineText {#text} at (0,-17) size 75x22
          chunk 1 text run 1 at (2800.00,120.00) startOffset 0 endOffset 11 width 75.00: "just a text"
      RenderSVGText {text} at (2900,120) size 75x22 contains 1 chunk(s)
        RenderSVGInlineText {#text} at (0,-17) size 75x22
          chunk 1 text run 1 at (2900.00,120.00) startOffset 0 endOffset 11 width 75.00: "just a text"
      RenderSVGText {text} at (3000,120) size 75x22 contains 1 chunk(s)
        RenderSVGInlineText {#text} at (0,-17) size 75x22
          chunk 1 text run 1 at (3000.00,120.00) startOffset 0 endOffset 11 width 75.00: "just a text"
      RenderSVGText {text} at (3100,120) size 75x22 contains 1 chunk(s)
        RenderSVGInlineText {#text} at (0,-17) size 75x22
          chunk 1 text run 1 at (3100.00,120.00) startOffset 0 endOffset 11 width 75.00: "just a text"
      RenderSVGText {text} at (3200,120) size 75x22 contains 1 chunk(s)
        RenderSVGInlineText {#text} at (0,-17) size 75x22
          chunk 1 text run 1 at (3200.00,120.00) startOffset 0 endOffset 11 width 75.00: "just a text"
      RenderSVGText {text} at (3300,120) size 75x22 contains 1 chunk(s)
        RenderSVGInlineText {#text} at (0,-17) size 75x22
          chunk 1 text run 1 at (3300.00,120.00) startOffset 0 endOffset 11 width 75.00: "just a text"
      RenderSVGText {text} at (3400,120) size 75x22 contains 1 chunk(s)
        RenderSVGInlineText {#text} at (0,-17) size 75x22
          chunk 1 text run 1 at (3400.00,120.00) startOffset 0 endOffset 11 width 75.00: "just a text"
      RenderSVGText {text} at (3500,120) size 75x22 contains 1 chunk(s)
        RenderSVGInlineText {#text} at (0,-17) size 75x22
          chunk 1 text run 1 at (3500.00,120.00) startOffset 0 endOffset 11 width 75.00: "just a text"
      RenderSVGText {text} at (3600,120) size 75x22 contains 1 chunk(s)
        RenderSVGInlineText {#text} at (0,-17) size 75x22
          chunk 1 text run 1 at (3600.00,120.00) startOffset 0 endOffset 11 width 75.00: "just a text"
      RenderSVGText {text} at (3700,120) size 75x22 contains 1 chunk(s)
        RenderSVGInlineText {#text} at (0,-17) size 75x22
          chunk 1 text run 1 at (3700.00,120.00) startOffset 0 endOffset 11 width 75.00: "just a text"
      RenderSVGText {text} at (3800,120) size 75x22 contains 1 chunk(s)
        RenderSVGInlineText {#text} at (0,-17) size 75x22
          chunk 1 text run 1 at (3800.00,120.00) startOffset 0 endOffset 11 width 75.00: "just a text"
      RenderSVGText {text} at (3900,120) size 75x22 contains 1 chunk(s)
        RenderSVGInlineText {#text} at (0,-17) size 75x22
          chunk 1 text run 1 at (3900.00,120.00) startOffset 0 endOffset 11 width 75.00: "just a text"
      RenderSVGText {text} at (4000,120) size 75x22 contains 1 chunk(s)
        RenderSVGInlineText {#text} at (0,-17) size 75x22
          chunk 1 text run 1 at (4000.00,120.00) startOffset 0 endOffset 11 width 75.00: "just a text"
      RenderSVGText {text} at (4100,120) size 75x22 contains 1 chunk(s)
        RenderSVGInlineText {#text} at (0,-17) size 75x22
          chunk 1 text run 1 at (4100.00,120.00) startOffset 0 endOffset 11 width 75.00: "just a text"
      RenderSVGText {text} at (4200,120) size 75x22 contains 1 chunk(s)
        RenderSVGInlineText {#text} at (0,-17) size 75x22
          chunk 1 text run 1 at (4200.00,120.00) startOffset 0 endOffset 11 width 75.00: "just a text"
      RenderSVGText {text} at (4300,120) size 75x22 contains 1 chunk(s)
        RenderSVGInlineText {#text} at (0,-17) size 75x22
          chunk 1 text run 1 at (4300.00,120.00) startOffset 0 endOffset 11 width 75.00: "just a text"
      RenderSVGText {text} at (4400,120) size 75x22 contains 1 chunk(s)
        RenderSVGInlineText {#text} at (0,-17) size 75x22
          chunk 1 text run 1 at (4400.00,120.00) startOffset 0 endOffset 11 width 75.00: "just a text"
      RenderSVGText {text} at (4500,120) size 75x22 contains 1 chunk(s)
        RenderSVGInlineText {#text} at (0,-17) size 75x22
          chunk 1 text run 1 at (4500.00,120.00) startOffset 0 endOffset 11 width 75.00: "just a text"
      RenderSVGText {text} at (4600,120) size 75x22 contains 1 chunk(s)
        RenderSVGInlineText {#text} at (0,-17) size 75x22
          chunk 1 text run 1 at (4600.00,120.00) startOffset 0 endOffset 11 width 75.00: "just a text"
      RenderSVGText {text} at (4700,120) size 75x22 contains 1 chunk(s)
        RenderSVGInlineText {#text} at (0,-17) size 75x22
          chunk 1 text run 1 at (4700.00,120.00) startOffset 0 endOffset 11 width 75.00: "just a text"
      RenderSVGText {text} at (4800,120) size 75x22 contains 1 chunk(s)
        RenderSVGInlineText {#text} at (0,-17) size 75x22
          chunk 1 text run 1 at (4800.00,120.00) startOffset 0 endOffset 11 width 75.00: "just a text"
      RenderSVGText {text} at (4900,120) size 75x22 contains 1 chunk(s)
        RenderSVGInlineText {#text} at (0,-17) size 75x22
          chunk 1 text run 1 at (4900.00,120.00) startOffset 0 endOffset 11 width 75.00: "just a text"
      RenderSVGText {text} at (0,220) size 75x22 contains 1 chunk(s)
        RenderSVGInlineText {#text} at (0,-17) size 75x22
          chunk 1 text run 1 at (0.00,220.00) startOffset 0 endOffset 11 width 75.00: "just a text"
      RenderSVGText {text} at (100,220) size 75x22 contains 1 chunk(s)
        RenderSVGInlineText {#text} at (0,-17) size 75x22
          chunk 1 text run 1 at (100.00,220.00) startOffset 0 endOffset 11 width 75.00: "just a text"
      RenderSVGText {text} at (200,220) size 75x22 contains 1 chunk(s)
        RenderSVGInlineText {#text} at (0,-17) size 75x22
          chunk 1 text run 1 at (200.00,220.00) startOffset 0 endOffset 11 width 75.00: "just a text"
      RenderSVGText {text} at (300,220) size 75x22 contains 1 chunk(s)
        RenderSVGInlineText {#text} at (0,-17) size 75x22
          chunk 1 text run 1 at (300.00,220.00) startOffset 0 endOffset 11 width 75.00: "just a text"
      RenderSVGText {text} at (400,220) size 75x22 contains 1 chunk(s)
        RenderSVGInlineText {#text} at (0,-17) size 75x22
          chunk 1 text run 1 at (400.00,220.00) startOffset 0 endOffset 11 width 75.00: "just a text"
      RenderSVGText {text} at (500,220) size 75x22 contains 1 chunk(s)
        RenderSVGInlineText {#text} at (0,-17) size 75x22
          chunk 1 text run 1 at (500.00,220.00) startOffset 0 endOffset 11 width 75.00: "just a text"
      RenderSVGText {text} at (600,220) size 75x22 contains 1 chunk(s)
        RenderSVGInlineText {#text} at (0,-17) size 75x22
          chunk 1 text run 1 at (600.00,220.00) startOffset 0 endOffset 11 width 75.00: "just a text"
      RenderSVGText {text} at (700,220) size 75x22 contains 1 chunk(s)
        RenderSVGInlineText {#text} at (0,-17) size 75x22
          chunk 1 text run 1 at (700.00,220.00) startOffset 0 endOffset 11 width 75.00: "just a text"
      RenderSVGText {text} at (800,220) size 75x22 contains 1 chunk(s)
        RenderSVGInlineText {#text} at (0,-17) size 75x22
          chunk 1 text run 1 at (800.00,220.00) startOffset 0 endOffset 11 width 75.00: "just a text"
      RenderSVGText {text} at (900,220) size 75x22 contains 1 chunk(s)
        RenderSVGInlineText {#text} at (0,-17) size 75x22
          chunk 1 text run 1 at (900.00,220.00) startOffset 0 endOffset 11 width 75.00: "just a text"
      RenderSVGText {text} at (1000,220) size 75x22 contains 1 chunk(s)
        RenderSVGInlineText {#text} at (0,-17) size 75x22
          chunk 1 text run 1 at (1000.00,220.00) startOffset 0 endOffset 11 width 75.00: "just a text"
      RenderSVGText {text} at (1100,220) size 75x22 contains 1 chunk(s)
        RenderSVGInlineText {#text} at (0,-17) size 75x22
          chunk 1 text run 1 at (1100.00,220.00) startOffset 0 endOffset 11 width 75.00: "just a text"
      RenderSVGText {text} at (1200,220) size 75x22 contains 1 chunk(s)
        RenderSVGInlineText {#text} at (0,-17) size 75x22
          chunk 1 text run 1 at (1200.00,220.00) startOffset 0 endOffset 11 width 75.00: "just a text"
      RenderSVGText {text} at (1300,220) size 75x22 contains 1 chunk(s)
        RenderSVGInlineText {#text} at (0,-17) size 75x22
          chunk 1 text run 1 at (1300.00,220.00) startOffset 0 endOffset 11 width 75.00: "just a text"
      RenderSVGText {text} at (1400,220) size 75x22 contains 1 chunk(s)
        RenderSVGInlineText {#text} at (0,-17) size 75x22
          chunk 1 text run 1 at (1400.00,220.00) startOffset 0 endOffset 11 width 75.00: "just a text"
      RenderSVGText {text} at (1500,220) size 75x22 contains 1 chunk(s)
        RenderSVGInlineText {#text} at (0,-17) size 75x22
          chunk 1 text run 1 at (1500.00,220.00) startOffset 0 endOffset 11 width 75.00: "just a text"
      RenderSVGText {text} at (1600,220) size 75x22 contains 1 chunk(s)
        RenderSVGInlineText {#text} at (0,-17) size 75x22
          chunk 1 text run 1 at (1600.00,220.00) startOffset 0 endOffset 11 width 75.00: "just a text"
      RenderSVGText {text} at (1700,220) size 75x22 contains 1 chunk(s)
        RenderSVGInlineText {#text} at (0,-17) size 75x22
          chunk 1 text run 1 at (1700.00,220.00) startOffset 0 endOffset 11 width 75.00: "just a text"
      RenderSVGText {text} at (1800,220) size 75x22 contains 1 chunk(s)
        RenderSVGInlineText {#text} at (0,-17) size 75x22
          chunk 1 text run 1 at (1800.00,220.00) startOffset 0 endOffset 11 width 75.00: "just a text"
      RenderSVGText {text} at (1900,220) size 75x22 contains 1 chunk(s)
        RenderSVGInlineText {#text} at (0,-17) size 75x22
          chunk 1 text run 1 at (1900.00,220.00) startOffset 0 endOffset 11 width 75.00: "just a text"
      RenderSVGText {text} at (2000,220) size 75x22 contains 1 chunk(s)
        RenderSVGInlineText {#text} at (0,-17) size 75x22
          chunk 1 text run 1 at (2000.00,220.00) startOffset 0 endOffset 11 width 75.00: "just a text"
      RenderSVGText {text} at (2100,220) size 75x22 contains 1 chunk(s)
        RenderSVGInlineText {#text} at (0,-17) size 75x22
          chunk 1 text run 1 at (2100.00,220.00) startOffset 0 endOffset 11 width 75.00: "just a text"
      RenderSVGText {text} at (2200,220) size 75x22 contains 1 chunk(s)
        RenderSVGInlineText {#text} at (0,-17) size 75x22
          chunk 1 text run 1 at (2200.00,220.00) startOffset 0 endOffset 11 width 75.00: "just a text"
      RenderSVGText {text} at (2300,220) size 75x22 contains 1 chunk(s)
        RenderSVGInlineText {#text} at (0,-17) size 75x22
          chunk 1 text run 1 at (2300.00,220.00) startOffset 0 endOffset 11 width 75.00: "just a text"
      RenderSVGText {text} at (2400,220) size 75x22 contains 1 chunk(s)
        RenderSVGInlineText {#text} at (0,-17) size 75x22
          chunk 1 text run 1 at (2400.00,220.00) startOffset 0 endOffset 11 width 75.00: "just a text"
      RenderSVGText {text} at (2500,220) size 75x22 contains 1 chunk(s)
        RenderSVGInlineText {#text} at (0,-17) size 75x22
          chunk 1 text run 1 at (2500.00,220.00) startOffset 0 endOffset 11 width 75.00: "just a text"
      RenderSVGText {text} at (2600,220) size 75x22 contains 1 chunk(s)
        RenderSVGInlineText {#text} at (0,-17) size 75x22
          chunk 1 text run 1 at (2600.00,220.00) startOffset 0 endOffset 11 width 75.00: "just a text"
      RenderSVGText {text} at (2700,220) size 75x22 contains 1 chunk(s)
        RenderSVGInlineText {#text} at (0,-17) size 75x22
          chunk 1 text run 1 at (2700.00,220.00) startOffset 0 endOffset 11 width 75.00: "just a text"
      RenderSVGText {text} at (2800,220) size 75x22 contains 1 chunk(s)
        RenderSVGInlineText {#text} at (0,-17) size 75x22
          chunk 1 text run 1 at (2800.00,220.00) startOffset 0 endOffset 11 width 75.00: "just a text"
      RenderSVGText {text} at (2900,220) size 75x22 contains 1 chunk(s)
        RenderSVGInlineText {#text} at (0,-17) size 75x22
          chunk 1 text run 1 at (2900.00,220.00) startOffset 0 endOffset 11 width 75.00: "just a text"
      RenderSVGText {text} at (3000,220) size 75x22 contains 1 chunk(s)
        RenderSVGInlineText {#text} at (0,-17) size 75x22
          chunk 1 text run 1 at (3000.00,220.00) startOffset 0 endOffset 11 width 75.00: "just a text"
      RenderSVGText {text} at (3100,220) size 75x22 contains 1 chunk(s)
        RenderSVGInlineText {#text} at (0,-17) size 75x22
          chunk 1 text run 1 at (3100.00,220.00) startOffset 0 endOffset 11 width 75.00: "just a text"
      RenderSVGText {text} at (3200,220) size 75x22 contains 1 chunk(s)
        RenderSVGInlineText {#text} at (0,-17) size 75x22
          chunk 1 text run 1 at (3200.00,220.00) startOffset 0 endOffset 11 width 75.00: "just a text"
      RenderSVGText {text} at (3300,220) size 75x22 contains 1 chunk(s)
        RenderSVGInlineText {#text} at (0,-17) size 75x22
          chunk 1 text run 1 at (3300.00,220.00) startOffset 0 endOffset 11 width 75.00: "just a text"
      RenderSVGText {text} at (3400,220) size 75x22 contains 1 chunk(s)
        RenderSVGInlineText {#text} at (0,-17) size 75x22
          chunk 1 text run 1 at (3400.00,220.00) startOffset 0 endOffset 11 width 75.00: "just a text"
      RenderSVGText {text} at (3500,220) size 75x22 contains 1 chunk(s)
        RenderSVGInlineText {#text} at (0,-17) size 75x22
          chunk 1 text run 1 at (3500.00,220.00) startOffset 0 endOffset 11 width 75.00: "just a text"
      RenderSVGText {text} at (3600,220) size 75x22 contains 1 chunk(s)
        RenderSVGInlineText {#text} at (0,-17) size 75x22
          chunk 1 text run 1 at (3600.00,220.00) startOffset 0 endOffset 11 width 75.00: "just a text"
      RenderSVGText {text} at (3700,220) size 75x22 contains 1 chunk(s)
        RenderSVGInlineText {#text} at (0,-17) size 75x22
          chunk 1 text run 1 at (3700.00,220.00) startOffset 0 endOffset 11 width 75.00: "just a text"
      RenderSVGText {text} at (3800,220) size 75x22 contains 1 chunk(s)
        RenderSVGInlineText {#text} at (0,-17) size 75x22
          chunk 1 text run 1 at (3800.00,220.00) startOffset 0 endOffset 11 width 75.00: "just a text"
      RenderSVGText {text} at (3900,220) size 75x22 contains 1 chunk(s)
        RenderSVGInlineText {#text} at (0,-17) size 75x22
          chunk 1 text run 1 at (3900.00,220.00) startOffset 0 endOffset 11 width 75.00: "just a text"
      RenderSVGText {text} at (4000,220) size 75x22 contains 1 chunk(s)
        RenderSVGInlineText {#text} at (0,-17) size 75x22
          chunk 1 text run 1 at (4000.00,220.00) startOffset 0 endOffset 11 width 75.00: "just a text"
      RenderSVGText {text} at (4100,220) size 75x22 contains 1 chunk(s)
        RenderSVGInlineText {#text} at (0,-17) size 75x22
          chunk 1 text run 1 at (4100.00,220.00) startOffset 0 endOffset 11 width 75.00: "just a text"
      RenderSVGText {text} at (4200,220) size 75x22 contains 1 chunk(s)
        RenderSVGInlineText {#text} at (0,-17) size 75x22
          chunk 1 text run 1 at (4200.00,220.00) startOffset 0 endOffset 11 width 75.00: "just a text"
      RenderSVGText {text} at (4300,220) size 75x22 contains 1 chunk(s)
        RenderSVGInlineText {#text} at (0,-17) size 75x22
          chunk 1 text run 1 at (4300.00,220.00) startOffset 0 endOffset 11 width 75.00: "just a text"
      RenderSVGText {text} at (4400,220) size 75x22 contains 1 chunk(s)
        RenderSVGInlineText {#text} at (0,-17) size 75x22
          chunk 1 text run 1 at (4400.00,220.00) startOffset 0 endOffset 11 width 75.00: "just a text"
      RenderSVGText {text} at (4500,220) size 75x22 contains 1 chunk(s)
        RenderSVGInlineText {#text} at (0,-17) size 75x22
          chunk 1 text run 1 at (4500.00,220.00) startOffset 0 endOffset 11 width 75.00: "just a text"
      RenderSVGText {text} at (4600,220) size 75x22 contains 1 chunk(s)
        RenderSVGInlineText {#text} at (0,-17) size 75x22
          chunk 1 text run 1 at (4600.00,220.00) startOffset 0 endOffset 11 width 75.00: "just a text"
      RenderSVGText {text} at (4700,220) size 75x22 contains 1 chunk(s)
        RenderSVGInlineText {#text} at (0,-17) size 75x22
          chunk 1 text run 1 at (4700.00,220.00) startOffset 0 endOffset 11 width 75.00: "just a text"
      RenderSVGText {text} at (4800,220) size 75x22 contains 1 chunk(s)
        RenderSVGInlineText {#text} at (0,-17) size 75x22
          chunk 1 text run 1 at (4800.00,220.00) startOffset 0 endOffset 11 width 75.00: "just a text"
      RenderSVGText {text} at (4900,220) size 75x22 contains 1 chunk(s)
        RenderSVGInlineText {#text} at (0,-17) size 75x22
          chunk 1 text run 1 at (4900.00,220.00) startOffset 0 endOffset 11 width 75.00: "just a text"
      RenderSVGText {text} at (0,320) size 75x22 contains 1 chunk(s)
        RenderSVGInlineText {#text} at (0,-17) size 75x22
          chunk 1 text run 1 at (0.00,320.00) startOffset 0 endOffset 11 width 75.00: "just a text"
      RenderSVGText {text} at (100,320) size 75x22 contains 1 chunk(s)
        RenderSVGInlineText {#text} at (0,-17) size 75x22
          chunk 1 text run 1 at (100.00,320.00) startOffset 0 endOffset 11 width 75.00: "just a text"
      RenderSVGText {text} at (200,320) size 75x22 contains 1 chunk(s)
        RenderSVGInlineText {#text} at (0,-17) size 75x22
          chunk 1 text run 1 at (200.00,320.00) startOffset 0 endOffset 11 width 75.00: "just a text"
      RenderSVGText {text} at (300,320) size 75x22 contains 1 chunk(s)
        RenderSVGInlineText {#text} at (0,-17) size 75x22
          chunk 1 text run 1 at (300.00,320.00) startOffset 0 endOffset 11 width 75.00: "just a text"
      RenderSVGText {text} at (400,320) size 75x22 contains 1 chunk(s)
        RenderSVGInlineText {#text} at (0,-17) size 75x22
          chunk 1 text run 1 at (400.00,320.00) startOffset 0 endOffset 11 width 75.00: "just a text"
      RenderSVGText {text} at (500,320) size 75x22 contains 1 chunk(s)
        RenderSVGInlineText {#text} at (0,-17) size 75x22
          chunk 1 text run 1 at (500.00,320.00) startOffset 0 endOffset 11 width 75.00: "just a text"
      RenderSVGText {text} at (600,320) size 75x22 contains 1 chunk(s)
        RenderSVGInlineText {#text} at (0,-17) size 75x22
          chunk 1 text run 1 at (600.00,320.00) startOffset 0 endOffset 11 width 75.00: "just a text"
      RenderSVGText {text} at (700,320) size 75x22 contains 1 chunk(s)
        RenderSVGInlineText {#text} at (0,-17) size 75x22
          chunk 1 text run 1 at (700.00,320.00) startOffset 0 endOffset 11 width 75.00: "just a text"
      RenderSVGText {text} at (800,320) size 75x22 contains 1 chunk(s)
        RenderSVGInlineText {#text} at (0,-17) size 75x22
          chunk 1 text run 1 at (800.00,320.00) startOffset 0 endOffset 11 width 75.00: "just a text"
      RenderSVGText {text} at (900,320) size 75x22 contains 1 chunk(s)
        RenderSVGInlineText {#text} at (0,-17) size 75x22
          chunk 1 text run 1 at (900.00,320.00) startOffset 0 endOffset 11 width 75.00: "just a text"
      RenderSVGText {text} at (1000,320) size 75x22 contains 1 chunk(s)
        RenderSVGInlineText {#text} at (0,-17) size 75x22
          chunk 1 text run 1 at (1000.00,320.00) startOffset 0 endOffset 11 width 75.00: "just a text"
      RenderSVGText {text} at (1100,320) size 75x22 contains 1 chunk(s)
        RenderSVGInlineText {#text} at (0,-17) size 75x22
          chunk 1 text run 1 at (1100.00,320.00) startOffset 0 endOffset 11 width 75.00: "just a text"
      RenderSVGText {text} at (1200,320) size 75x22 contains 1 chunk(s)
        RenderSVGInlineText {#text} at (0,-17) size 75x22
          chunk 1 text run 1 at (1200.00,320.00) startOffset 0 endOffset 11 width 75.00: "just a text"
      RenderSVGText {text} at (1300,320) size 75x22 contains 1 chunk(s)
        RenderSVGInlineText {#text} at (0,-17) size 75x22
          chunk 1 text run 1 at (1300.00,320.00) startOffset 0 endOffset 11 width 75.00: "just a text"
      RenderSVGText {text} at (1400,320) size 75x22 contains 1 chunk(s)
        RenderSVGInlineText {#text} at (0,-17) size 75x22
          chunk 1 text run 1 at (1400.00,320.00) startOffset 0 endOffset 11 width 75.00: "just a text"
      RenderSVGText {text} at (1500,320) size 75x22 contains 1 chunk(s)
        RenderSVGInlineText {#text} at (0,-17) size 75x22
          chunk 1 text run 1 at (1500.00,320.00) startOffset 0 endOffset 11 width 75.00: "just a text"
      RenderSVGText {text} at (1600,320) size 75x22 contains 1 chunk(s)
        RenderSVGInlineText {#text} at (0,-17) size 75x22
          chunk 1 text run 1 at (1600.00,320.00) startOffset 0 endOffset 11 width 75.00: "just a text"
      RenderSVGText {text} at (1700,320) size 75x22 contains 1 chunk(s)
        RenderSVGInlineText {#text} at (0,-17) size 75x22
          chunk 1 text run 1 at (1700.00,320.00) startOffset 0 endOffset 11 width 75.00: "just a text"
      RenderSVGText {text} at (1800,320) size 75x22 contains 1 chunk(s)
        RenderSVGInlineText {#text} at (0,-17) size 75x22
          chunk 1 text run 1 at (1800.00,320.00) startOffset 0 endOffset 11 width 75.00: "just a text"
      RenderSVGText {text} at (1900,320) size 75x22 contains 1 chunk(s)
        RenderSVGInlineText {#text} at (0,-17) size 75x22
          chunk 1 text run 1 at (1900.00,320.00) startOffset 0 endOffset 11 width 75.00: "just a text"
      RenderSVGText {text} at (2000,320) size 75x22 contains 1 chunk(s)
        RenderSVGInlineText {#text} at (0,-17) size 75x22
          chunk 1 text run 1 at (2000.00,320.00) startOffset 0 endOffset 11 width 75.00: "just a text"
      RenderSVGText {text} at (2100,320) size 75x22 contains 1 chunk(s)
        RenderSVGInlineText {#text} at (0,-17) size 75x22
          chunk 1 text run 1 at (2100.00,320.00) startOffset 0 endOffset 11 width 75.00: "just a text"
      RenderSVGText {text} at (2200,320) size 75x22 contains 1 chunk(s)
        RenderSVGInlineText {#text} at (0,-17) size 75x22
          chunk 1 text run 1 at (2200.00,320.00) startOffset 0 endOffset 11 width 75.00: "just a text"
      RenderSVGText {text} at (2300,320) size 75x22 contains 1 chunk(s)
        RenderSVGInlineText {#text} at (0,-17) size 75x22
          chunk 1 text run 1 at (2300.00,320.00) startOffset 0 endOffset 11 width 75.00: "just a text"
      RenderSVGText {text} at (2400,320) size 75x22 contains 1 chunk(s)
        RenderSVGInlineText {#text} at (0,-17) size 75x22
          chunk 1 text run 1 at (2400.00,320.00) startOffset 0 endOffset 11 width 75.00: "just a text"
      RenderSVGText {text} at (2500,320) size 75x22 contains 1 chunk(s)
        RenderSVGInlineText {#text} at (0,-17) size 75x22
          chunk 1 text run 1 at (2500.00,320.00) startOffset 0 endOffset 11 width 75.00: "just a text"
      RenderSVGText {text} at (2600,320) size 75x22 contains 1 chunk(s)
        RenderSVGInlineText {#text} at (0,-17) size 75x22
          chunk 1 text run 1 at (2600.00,320.00) startOffset 0 endOffset 11 width 75.00: "just a text"
      RenderSVGText {text} at (2700,320) size 75x22 contains 1 chunk(s)
        RenderSVGInlineText {#text} at (0,-17) size 75x22
          chunk 1 text run 1 at (2700.00,320.00) startOffset 0 endOffset 11 width 75.00: "just a text"
      RenderSVGText {text} at (2800,320) size 75x22 contains 1 chunk(s)
        RenderSVGInlineText {#text} at (0,-17) size 75x22
          chunk 1 text run 1 at (2800.00,320.00) startOffset 0 endOffset 11 width 75.00: "just a text"
      RenderSVGText {text} at (2900,320) size 75x22 contains 1 chunk(s)
        RenderSVGInlineText {#text} at (0,-17) size 75x22
          chunk 1 text run 1 at (2900.00,320.00) startOffset 0 endOffset 11 width 75.00: "just a text"
      RenderSVGText {text} at (3000,320) size 75x22 contains 1 chunk(s)
        RenderSVGInlineText {#text} at (0,-17) size 75x22
          chunk 1 text run 1 at (3000.00,320.00) startOffset 0 endOffset 11 width 75.00: "just a text"
      RenderSVGText {text} at (3100,320) size 75x22 contains 1 chunk(s)
        RenderSVGInlineText {#text} at (0,-17) size 75x22
          chunk 1 text run 1 at (3100.00,320.00) startOffset 0 endOffset 11 width 75.00: "just a text"
      RenderSVGText {text} at (3200,320) size 75x22 contains 1 chunk(s)
        RenderSVGInlineText {#text} at (0,-17) size 75x22
          chunk 1 text run 1 at (3200.00,320.00) startOffset 0 endOffset 11 width 75.00: "just a text"
      RenderSVGText {text} at (3300,320) size 75x22 contains 1 chunk(s)
        RenderSVGInlineText {#text} at (0,-17) size 75x22
          chunk 1 text run 1 at (3300.00,320.00) startOffset 0 endOffset 11 width 75.00: "just a text"
      RenderSVGText {text} at (3400,320) size 75x22 contains 1 chunk(s)
        RenderSVGInlineText {#text} at (0,-17) size 75x22
          chunk 1 text run 1 at (3400.00,320.00) startOffset 0 endOffset 11 width 75.00: "just a text"
      RenderSVGText {text} at (3500,320) size 75x22 contains 1 chunk(s)
        RenderSVGInlineText {#text} at (0,-17) size 75x22
          chunk 1 text run 1 at (3500.00,320.00) startOffset 0 endOffset 11 width 75.00: "just a text"
      RenderSVGText {text} at (3600,320) size 75x22 contains 1 chunk(s)
        RenderSVGInlineText {#text} at (0,-17) size 75x22
          chunk 1 text run 1 at (3600.00,320.00) startOffset 0 endOffset 11 width 75.00: "just a text"
      RenderSVGText {text} at (3700,320) size 75x22 contains 1 chunk(s)
        RenderSVGInlineText {#text} at (0,-17) size 75x22
          chunk 1 text run 1 at (3700.00,320.00) startOffset 0 endOffset 11 width 75.00: "just a text"
      RenderSVGText {text} at (3800,320) size 75x22 contains 1 chunk(s)
        RenderSVGInlineText {#text} at (0,-17) size 75x22
          chunk 1 text run 1 at (3800.00,320.00) startOffset 0 endOffset 11 width 75.00: "just a text"
      RenderSVGText {text} at (3900,320) size 75x22 contains 1 chunk(s)
        RenderSVGInlineText {#text} at (0,-17) size 75x22
          chunk 1 text run 1 at (3900.00,320.00) startOffset 0 endOffset 11 width 75.00: "just a text"
      RenderSVGText {text} at (4000,320) size 75x22 contains 1 chunk(s)
        RenderSVGInlineText {#text} at (0,-17) size 75x22
          chunk 1 text run 1 at (4000.00,320.00) startOffset 0 endOffset 11 width 75.00: "just a text"
      RenderSVGText {text} at (4100,320) size 75x22 contains 1 chunk(s)
        RenderSVGInlineText {#text} at (0,-17) size 75x22
          chunk 1 text run 1 at (4100.00,320.00) startOffset 0 endOffset 11 width 75.00: "just a text"
      RenderSVGText {text} at (4200,320) size 75x22 contains 1 chunk(s)
        RenderSVGInlineText {#text} at (0,-17) size 75x22
          chunk 1 text run 1 at (4200.00,320.00) startOffset 0 endOffset 11 width 75.00: "just a text"
      RenderSVGText {text} at (4300,320) size 75x22 contains 1 chunk(s)
        RenderSVGInlineText {#text} at (0,-17) size 75x22
          chunk 1 text run 1 at (4300.00,320.00) startOffset 0 endOffset 11 width 75.00: "just a text"
      RenderSVGText {text} at (4400,320) size 75x22 contains 1 chunk(s)
        RenderSVGInlineText {#text} at (0,-17) size 75x22
          chunk 1 text run 1 at (4400.00,320.00) startOffset 0 endOffset 11 width 75.00: "just a text"
      RenderSVGText {text} at (4500,320) size 75x22 contains 1 chunk(s)
        RenderSVGInlineText {#text} at (0,-17) size 75x22
          chunk 1 text run 1 at (4500.00,320.00) startOffset 0 endOffset 11 width 75.00: "just a text"
      RenderSVGText {text} at (4600,320) size 75x22 contains 1 chunk(s)
        RenderSVGInlineText {#text} at (0,-17) size 75x22
          chunk 1 text run 1 at (4600.00,320.00) startOffset 0 endOffset 11 width 75.00: "just a text"
      RenderSVGText {text} at (4700,320) size 75x22 contains 1 chunk(s)
        RenderSVGInlineText {#text} at (0,-17) size 75x22
          chunk 1 text run 1 at (4700.00,320.00) startOffset 0 endOffset 11 width 75.00: "just a text"
      RenderSVGText {text} at (4800,320) size 75x22 contains 1 chunk(s)
        RenderSVGInlineText {#text} at (0,-17) size 75x22
          chunk 1 text run 1 at (4800.00,320.00) startOffset 0 endOffset 11 width 75.00: "just a text"
      RenderSVGText {text} at (4900,320) size 75x22 contains 1 chunk(s)
        RenderSVGInlineText {#text} at (0,-17) size 75x22
          chunk 1 text run 1 at (4900.00,320.00) startOffset 0 endOffset 11 width 75.00: "just a text"
      RenderSVGText {text} at (0,420) size 75x22 contains 1 chunk(s)
        RenderSVGInlineText {#text} at (0,-17) size 75x22
          chunk 1 text run 1 at (0.00,420.00) startOffset 0 endOffset 11 width 75.00: "just a text"
      RenderSVGText {text} at (100,420) size 75x22 contains 1 chunk(s)
        RenderSVGInlineText {#text} at (0,-17) size 75x22
          chunk 1 text run 1 at (100.00,420.00) startOffset 0 endOffset 11 width 75.00: "just a text"
      RenderSVGText {text} at (200,420) size 75x22 contains 1 chunk(s)
        RenderSVGInlineText {#text} at (0,-17) size 75x22
          chunk 1 text run 1 at (200.00,420.00) startOffset 0 endOffset 11 width 75.00: "just a text"
      RenderSVGText {text} at (300,420) size 75x22 contains 1 chunk(s)
        RenderSVGInlineText {#text} at (0,-17) size 75x22
          chunk 1 text run 1 at (300.00,420.00) startOffset 0 endOffset 11 width 75.00: "just a text"
      RenderSVGText {text} at (400,420) size 75x22 contains 1 chunk(s)
        RenderSVGInlineText {#text} at (0,-17) size 75x22
          chunk 1 text run 1 at (400.00,420.00) startOffset 0 endOffset 11 width 75.00: "just a text"
      RenderSVGText {text} at (500,420) size 75x22 contains 1 chunk(s)
        RenderSVGInlineText {#text} at (0,-17) size 75x22
          chunk 1 text run 1 at (500.00,420.00) startOffset 0 endOffset 11 width 75.00: "just a text"
      RenderSVGText {text} at (600,420) size 75x22 contains 1 chunk(s)
        RenderSVGInlineText {#text} at (0,-17) size 75x22
          chunk 1 text run 1 at (600.00,420.00) startOffset 0 endOffset 11 width 75.00: "just a text"
      RenderSVGText {text} at (700,420) size 75x22 contains 1 chunk(s)
        RenderSVGInlineText {#text} at (0,-17) size 75x22
          chunk 1 text run 1 at (700.00,420.00) startOffset 0 endOffset 11 width 75.00: "just a text"
      RenderSVGText {text} at (800,420) size 75x22 contains 1 chunk(s)
        RenderSVGInlineText {#text} at (0,-17) size 75x22
          chunk 1 text run 1 at (800.00,420.00) startOffset 0 endOffset 11 width 75.00: "just a text"
      RenderSVGText {text} at (900,420) size 75x22 contains 1 chunk(s)
        RenderSVGInlineText {#text} at (0,-17) size 75x22
          chunk 1 text run 1 at (900.00,420.00) startOffset 0 endOffset 11 width 75.00: "just a text"
      RenderSVGText {text} at (1000,420) size 75x22 contains 1 chunk(s)
        RenderSVGInlineText {#text} at (0,-17) size 75x22
          chunk 1 text run 1 at (1000.00,420.00) startOffset 0 endOffset 11 width 75.00: "just a text"
      RenderSVGText {text} at (1100,420) size 75x22 contains 1 chunk(s)
        RenderSVGInlineText {#text} at (0,-17) size 75x22
          chunk 1 text run 1 at (1100.00,420.00) startOffset 0 endOffset 11 width 75.00: "just a text"
      RenderSVGText {text} at (1200,420) size 75x22 contains 1 chunk(s)
        RenderSVGInlineText {#text} at (0,-17) size 75x22
          chunk 1 text run 1 at (1200.00,420.00) startOffset 0 endOffset 11 width 75.00: "just a text"
      RenderSVGText {text} at (1300,420) size 75x22 contains 1 chunk(s)
        RenderSVGInlineText {#text} at (0,-17) size 75x22
          chunk 1 text run 1 at (1300.00,420.00) startOffset 0 endOffset 11 width 75.00: "just a text"
      RenderSVGText {text} at (1400,420) size 75x22 contains 1 chunk(s)
        RenderSVGInlineText {#text} at (0,-17) size 75x22
          chunk 1 text run 1 at (1400.00,420.00) startOffset 0 endOffset 11 width 75.00: "just a text"
      RenderSVGText {text} at (1500,420) size 75x22 contains 1 chunk(s)
        RenderSVGInlineText {#text} at (0,-17) size 75x22
          chunk 1 text run 1 at (1500.00,420.00) startOffset 0 endOffset 11 width 75.00: "just a text"
      RenderSVGText {text} at (1600,420) size 75x22 contains 1 chunk(s)
        RenderSVGInlineText {#text} at (0,-17) size 75x22
          chunk 1 text run 1 at (1600.00,420.00) startOffset 0 endOffset 11 width 75.00: "just a text"
      RenderSVGText {text} at (1700,420) size 75x22 contains 1 chunk(s)
        RenderSVGInlineText {#text} at (0,-17) size 75x22
          chunk 1 text run 1 at (1700.00,420.00) startOffset 0 endOffset 11 width 75.00: "just a text"
      RenderSVGText {text} at (1800,420) size 75x22 contains 1 chunk(s)
        RenderSVGInlineText {#text} at (0,-17) size 75x22
          chunk 1 text run 1 at (1800.00,420.00) startOffset 0 endOffset 11 width 75.00: "just a text"
      RenderSVGText {text} at (1900,420) size 75x22 contains 1 chunk(s)
        RenderSVGInlineText {#text} at (0,-17) size 75x22
          chunk 1 text run 1 at (1900.00,420.00) startOffset 0 endOffset 11 width 75.00: "just a text"
      RenderSVGText {text} at (2000,420) size 75x22 contains 1 chunk(s)
        RenderSVGInlineText {#text} at (0,-17) size 75x22
          chunk 1 text run 1 at (2000.00,420.00) startOffset 0 endOffset 11 width 75.00: "just a text"
      RenderSVGText {text} at (2100,420) size 75x22 contains 1 chunk(s)
        RenderSVGInlineText {#text} at (0,-17) size 75x22
          chunk 1 text run 1 at (2100.00,420.00) startOffset 0 endOffset 11 width 75.00: "just a text"
      RenderSVGText {text} at (2200,420) size 75x22 contains 1 chunk(s)
        RenderSVGInlineText {#text} at (0,-17) size 75x22
          chunk 1 text run 1 at (2200.00,420.00) startOffset 0 endOffset 11 width 75.00: "just a text"
      RenderSVGText {text} at (2300,420) size 75x22 contains 1 chunk(s)
        RenderSVGInlineText {#text} at (0,-17) size 75x22
          chunk 1 text run 1 at (2300.00,420.00) startOffset 0 endOffset 11 width 75.00: "just a text"
      RenderSVGText {text} at (2400,420) size 75x22 contains 1 chunk(s)
        RenderSVGInlineText {#text} at (0,-17) size 75x22
          chunk 1 text run 1 at (2400.00,420.00) startOffset 0 endOffset 11 width 75.00: "just a text"
      RenderSVGText {text} at (2500,420) size 75x22 contains 1 chunk(s)
        RenderSVGInlineText {#text} at (0,-17) size 75x22
          chunk 1 text run 1 at (2500.00,420.00) startOffset 0 endOffset 11 width 75.00: "just a text"
      RenderSVGText {text} at (2600,420) size 75x22 contains 1 chunk(s)
        RenderSVGInlineText {#text} at (0,-17) size 75x22
          chunk 1 text run 1 at (2600.00,420.00) startOffset 0 endOffset 11 width 75.00: "just a text"
      RenderSVGText {text} at (2700,420) size 75x22 contains 1 chunk(s)
        RenderSVGInlineText {#text} at (0,-17) size 75x22
          chunk 1 text run 1 at (2700.00,420.00) startOffset 0 endOffset 11 width 75.00: "just a text"
      RenderSVGText {text} at (2800,420) size 75x22 contains 1 chunk(s)
        RenderSVGInlineText {#text} at (0,-17) size 75x22
          chunk 1 text run 1 at (2800.00,420.00) startOffset 0 endOffset 11 width 75.00: "just a text"
      RenderSVGText {text} at (2900,420) size 75x22 contains 1 chunk(s)
        RenderSVGInlineText {#text} at (0,-17) size 75x22
          chunk 1 text run 1 at (2900.00,420.00) startOffset 0 endOffset 11 width 75.00: "just a text"
      RenderSVGText {text} at (3000,420) size 75x22 contains 1 chunk(s)
        RenderSVGInlineText {#text} at (0,-17) size 75x22
          chunk 1 text run 1 at (3000.00,420.00) startOffset 0 endOffset 11 width 75.00: "just a text"
      RenderSVGText {text} at (3100,420) size 75x22 contains 1 chunk(s)
        RenderSVGInlineText {#text} at (0,-17) size 75x22
          chunk 1 text run 1 at (3100.00,420.00) startOffset 0 endOffset 11 width 75.00: "just a text"
      RenderSVGText {text} at (3200,420) size 75x22 contains 1 chunk(s)
        RenderSVGInlineText {#text} at (0,-17) size 75x22
          chunk 1 text run 1 at (3200.00,420.00) startOffset 0 endOffset 11 width 75.00: "just a text"
      RenderSVGText {text} at (3300,420) size 75x22 contains 1 chunk(s)
        RenderSVGInlineText {#text} at (0,-17) size 75x22
          chunk 1 text run 1 at (3300.00,420.00) startOffset 0 endOffset 11 width 75.00: "just a text"
      RenderSVGText {text} at (3400,420) size 75x22 contains 1 chunk(s)
        RenderSVGInlineText {#text} at (0,-17) size 75x22
          chunk 1 text run 1 at (3400.00,420.00) startOffset 0 endOffset 11 width 75.00: "just a text"
      RenderSVGText {text} at (3500,420) size 75x22 contains 1 chunk(s)
        RenderSVGInlineText {#text} at (0,-17) size 75x22
          chunk 1 text run 1 at (3500.00,420.00) startOffset 0 endOffset 11 width 75.00: "just a text"
      RenderSVGText {text} at (3600,420) size 75x22 contains 1 chunk(s)
        RenderSVGInlineText {#text} at (0,-17) size 75x22
          chunk 1 text run 1 at (3600.00,420.00) startOffset 0 endOffset 11 width 75.00: "just a text"
      RenderSVGText {text} at (3700,420) size 75x22 contains 1 chunk(s)
        RenderSVGInlineText {#text} at (0,-17) size 75x22
          chunk 1 text run 1 at (3700.00,420.00) startOffset 0 endOffset 11 width 75.00: "just a text"
      RenderSVGText {text} at (3800,420) size 75x22 contains 1 chunk(s)
        RenderSVGInlineText {#text} at (0,-17) size 75x22
          chunk 1 text run 1 at (3800.00,420.00) startOffset 0 endOffset 11 width 75.00: "just a text"
      RenderSVGText {text} at (3900,420) size 75x22 contains 1 chunk(s)
        RenderSVGInlineText {#text} at (0,-17) size 75x22
          chunk 1 text run 1 at (3900.00,420.00) startOffset 0 endOffset 11 width 75.00: "just a text"
      RenderSVGText {text} at (4000,420) size 75x22 contains 1 chunk(s)
        RenderSVGInlineText {#text} at (0,-17) size 75x22
          chunk 1 text run 1 at (4000.00,420.00) startOffset 0 endOffset 11 width 75.00: "just a text"
      RenderSVGText {text} at (4100,420) size 75x22 contains 1 chunk(s)
        RenderSVGInlineText {#text} at (0,-17) size 75x22
          chunk 1 text run 1 at (4100.00,420.00) startOffset 0 endOffset 11 width 75.00: "just a text"
      RenderSVGText {text} at (4200,420) size 75x22 contains 1 chunk(s)
        RenderSVGInlineText {#text} at (0,-17) size 75x22
          chunk 1 text run 1 at (4200.00,420.00) startOffset 0 endOffset 11 width 75.00: "just a text"
      RenderSVGText {text} at (4300,420) size 75x22 contains 1 chunk(s)
        RenderSVGInlineText {#text} at (0,-17) size 75x22
          chunk 1 text run 1 at (4300.00,420.00) startOffset 0 endOffset 11 width 75.00: "just a text"
      RenderSVGText {text} at (4400,420) size 75x22 contains 1 chunk(s)
        RenderSVGInlineText {#text} at (0,-17) size 75x22
          chunk 1 text run 1 at (4400.00,420.00) startOffset 0 endOffset 11 width 75.00: "just a text"
      RenderSVGText {text} at (4500,420) size 75x22 contains 1 chunk(s)
        RenderSVGInlineText {#text} at (0,-17) size 75x22
          chunk 1 text run 1 at (4500.00,420.00) startOffset 0 endOffset 11 width 75.00: "just a text"
      RenderSVGText {text} at (4600,420) size 75x22 contains 1 chunk(s)
        RenderSVGInlineText {#text} at (0,-17) size 75x22
          chunk 1 text run 1 at (4600.00,420.00) startOffset 0 endOffset 11 width 75.00: "just a text"
      RenderSVGText {text} at (4700,420) size 75x22 contains 1 chunk(s)
        RenderSVGInlineText {#text} at (0,-17) size 75x22
          chunk 1 text run 1 at (4700.00,420.00) startOffset 0 endOffset 11 width 75.00: "just a text"
      RenderSVGText {text} at (4800,420) size 75x22 contains 1 chunk(s)
        RenderSVGInlineText {#text} at (0,-17) size 75x22
          chunk 1 text run 1 at (4800.00,420.00) startOffset 0 endOffset 11 width 75.00: "just a text"
      RenderSVGText {text} at (4900,420) size 75x22 contains 1 chunk(s)
        RenderSVGInlineText {#text} at (0,-17) size 75x22
          chunk 1 text run 1 at (4900.00,420.00) startOffset 0 endOffset 11 width 75.00: "just a text"
      RenderSVGText {text} at (0,520) size 75x22 contains 1 chunk(s)
        RenderSVGInlineText {#text} at (0,-17) size 75x22
          chunk 1 text run 1 at (0.00,520.00) startOffset 0 endOffset 11 width 75.00: "just a text"
      RenderSVGText {text} at (100,520) size 75x22 contains 1 chunk(s)
        RenderSVGInlineText {#text} at (0,-17) size 75x22
          chunk 1 text run 1 at (100.00,520.00) startOffset 0 endOffset 11 width 75.00: "just a text"
      RenderSVGText {text} at (200,520) size 75x22 contains 1 chunk(s)
        RenderSVGInlineText {#text} at (0,-17) size 75x22
          chunk 1 text run 1 at (200.00,520.00) startOffset 0 endOffset 11 width 75.00: "just a text"
      RenderSVGText {text} at (300,520) size 75x22 contains 1 chunk(s)
        RenderSVGInlineText {#text} at (0,-17) size 75x22
          chunk 1 text run 1 at (300.00,520.00) startOffset 0 endOffset 11 width 75.00: "just a text"
      RenderSVGText {text} at (400,520) size 75x22 contains 1 chunk(s)
        RenderSVGInlineText {#text} at (0,-17) size 75x22
          chunk 1 text run 1 at (400.00,520.00) startOffset 0 endOffset 11 width 75.00: "just a text"
      RenderSVGText {text} at (500,520) size 75x22 contains 1 chunk(s)
        RenderSVGInlineText {#text} at (0,-17) size 75x22
          chunk 1 text run 1 at (500.00,520.00) startOffset 0 endOffset 11 width 75.00: "just a text"
      RenderSVGText {text} at (600,520) size 75x22 contains 1 chunk(s)
        RenderSVGInlineText {#text} at (0,-17) size 75x22
          chunk 1 text run 1 at (600.00,520.00) startOffset 0 endOffset 11 width 75.00: "just a text"
      RenderSVGText {text} at (700,520) size 75x22 contains 1 chunk(s)
        RenderSVGInlineText {#text} at (0,-17) size 75x22
          chunk 1 text run 1 at (700.00,520.00) startOffset 0 endOffset 11 width 75.00: "just a text"
      RenderSVGText {text} at (800,520) size 75x22 contains 1 chunk(s)
        RenderSVGInlineText {#text} at (0,-17) size 75x22
          chunk 1 text run 1 at (800.00,520.00) startOffset 0 endOffset 11 width 75.00: "just a text"
      RenderSVGText {text} at (900,520) size 75x22 contains 1 chunk(s)
        RenderSVGInlineText {#text} at (0,-17) size 75x22
          chunk 1 text run 1 at (900.00,520.00) startOffset 0 endOffset 11 width 75.00: "just a text"
      RenderSVGText {text} at (1000,520) size 75x22 contains 1 chunk(s)
        RenderSVGInlineText {#text} at (0,-17) size 75x22
          chunk 1 text run 1 at (1000.00,520.00) startOffset 0 endOffset 11 width 75.00: "just a text"
      RenderSVGText {text} at (1100,520) size 75x22 contains 1 chunk(s)
        RenderSVGInlineText {#text} at (0,-17) size 75x22
          chunk 1 text run 1 at (1100.00,520.00) startOffset 0 endOffset 11 width 75.00: "just a text"
      RenderSVGText {text} at (1200,520) size 75x22 contains 1 chunk(s)
        RenderSVGInlineText {#text} at (0,-17) size 75x22
          chunk 1 text run 1 at (1200.00,520.00) startOffset 0 endOffset 11 width 75.00: "just a text"
      RenderSVGText {text} at (1300,520) size 75x22 contains 1 chunk(s)
        RenderSVGInlineText {#text} at (0,-17) size 75x22
          chunk 1 text run 1 at (1300.00,520.00) startOffset 0 endOffset 11 width 75.00: "just a text"
      RenderSVGText {text} at (1400,520) size 75x22 contains 1 chunk(s)
        RenderSVGInlineText {#text} at (0,-17) size 75x22
          chunk 1 text run 1 at (1400.00,520.00) startOffset 0 endOffset 11 width 75.00: "just a text"
      RenderSVGText {text} at (1500,520) size 75x22 contains 1 chunk(s)
        RenderSVGInlineText {#text} at (0,-17) size 75x22
          chunk 1 text run 1 at (1500.00,520.00) startOffset 0 endOffset 11 width 75.00: "just a text"
      RenderSVGText {text} at (1600,520) size 75x22 contains 1 chunk(s)
        RenderSVGInlineText {#text} at (0,-17) size 75x22
          chunk 1 text run 1 at (1600.00,520.00) startOffset 0 endOffset 11 width 75.00: "just a text"
      RenderSVGText {text} at (1700,520) size 75x22 contains 1 chunk(s)
        RenderSVGInlineText {#text} at (0,-17) size 75x22
          chunk 1 text run 1 at (1700.00,520.00) startOffset 0 endOffset 11 width 75.00: "just a text"
      RenderSVGText {text} at (1800,520) size 75x22 contains 1 chunk(s)
        RenderSVGInlineText {#text} at (0,-17) size 75x22
          chunk 1 text run 1 at (1800.00,520.00) startOffset 0 endOffset 11 width 75.00: "just a text"
      RenderSVGText {text} at (1900,520) size 75x22 contains 1 chunk(s)
        RenderSVGInlineText {#text} at (0,-17) size 75x22
          chunk 1 text run 1 at (1900.00,520.00) startOffset 0 endOffset 11 width 75.00: "just a text"
      RenderSVGText {text} at (2000,520) size 75x22 contains 1 chunk(s)
        RenderSVGInlineText {#text} at (0,-17) size 75x22
          chunk 1 text run 1 at (2000.00,520.00) startOffset 0 endOffset 11 width 75.00: "just a text"
      RenderSVGText {text} at (2100,520) size 75x22 contains 1 chunk(s)
        RenderSVGInlineText {#text} at (0,-17) size 75x22
          chunk 1 text run 1 at (2100.00,520.00) startOffset 0 endOffset 11 width 75.00: "just a text"
      RenderSVGText {text} at (2200,520) size 75x22 contains 1 chunk(s)
        RenderSVGInlineText {#text} at (0,-17) size 75x22
          chunk 1 text run 1 at (2200.00,520.00) startOffset 0 endOffset 11 width 75.00: "just a text"
      RenderSVGText {text} at (2300,520) size 75x22 contains 1 chunk(s)
        RenderSVGInlineText {#text} at (0,-17) size 75x22
          chunk 1 text run 1 at (2300.00,520.00) startOffset 0 endOffset 11 width 75.00: "just a text"
      RenderSVGText {text} at (2400,520) size 75x22 contains 1 chunk(s)
        RenderSVGInlineText {#text} at (0,-17) size 75x22
          chunk 1 text run 1 at (2400.00,520.00) startOffset 0 endOffset 11 width 75.00: "just a text"
      RenderSVGText {text} at (2500,520) size 75x22 contains 1 chunk(s)
        RenderSVGInlineText {#text} at (0,-17) size 75x22
          chunk 1 text run 1 at (2500.00,520.00) startOffset 0 endOffset 11 width 75.00: "just a text"
      RenderSVGText {text} at (2600,520) size 75x22 contains 1 chunk(s)
        RenderSVGInlineText {#text} at (0,-17) size 75x22
          chunk 1 text run 1 at (2600.00,520.00) startOffset 0 endOffset 11 width 75.00: "just a text"
      RenderSVGText {text} at (2700,520) size 75x22 contains 1 chunk(s)
        RenderSVGInlineText {#text} at (0,-17) size 75x22
          chunk 1 text run 1 at (2700.00,520.00) startOffset 0 endOffset 11 width 75.00: "just a text"
      RenderSVGText {text} at (2800,520) size 75x22 contains 1 chunk(s)
        RenderSVGInlineText {#text} at (0,-17) size 75x22
          chunk 1 text run 1 at (2800.00,520.00) startOffset 0 endOffset 11 width 75.00: "just a text"
      RenderSVGText {text} at (2900,520) size 75x22 contains 1 chunk(s)
        RenderSVGInlineText {#text} at (0,-17) size 75x22
          chunk 1 text run 1 at (2900.00,520.00) startOffset 0 endOffset 11 width 75.00: "just a text"
      RenderSVGText {text} at (3000,520) size 75x22 contains 1 chunk(s)
        RenderSVGInlineText {#text} at (0,-17) size 75x22
          chunk 1 text run 1 at (3000.00,520.00) startOffset 0 endOffset 11 width 75.00: "just a text"
      RenderSVGText {text} at (3100,520) size 75x22 contains 1 chunk(s)
        RenderSVGInlineText {#text} at (0,-17) size 75x22
          chunk 1 text run 1 at (3100.00,520.00) startOffset 0 endOffset 11 width 75.00: "just a text"
      RenderSVGText {text} at (3200,520) size 75x22 contains 1 chunk(s)
        RenderSVGInlineText {#text} at (0,-17) size 75x22
          chunk 1 text run 1 at (3200.00,520.00) startOffset 0 endOffset 11 width 75.00: "just a text"
      RenderSVGText {text} at (3300,520) size 75x22 contains 1 chunk(s)
        RenderSVGInlineText {#text} at (0,-17) size 75x22
          chunk 1 text run 1 at (3300.00,520.00) startOffset 0 endOffset 11 width 75.00: "just a text"
      RenderSVGText {text} at (3400,520) size 75x22 contains 1 chunk(s)
        RenderSVGInlineText {#text} at (0,-17) size 75x22
          chunk 1 text run 1 at (3400.00,520.00) startOffset 0 endOffset 11 width 75.00: "just a text"
      RenderSVGText {text} at (3500,520) size 75x22 contains 1 chunk(s)
        RenderSVGInlineText {#text} at (0,-17) size 75x22
          chunk 1 text run 1 at (3500.00,520.00) startOffset 0 endOffset 11 width 75.00: "just a text"
      RenderSVGText {text} at (3600,520) size 75x22 contains 1 chunk(s)
        RenderSVGInlineText {#text} at (0,-17) size 75x22
          chunk 1 text run 1 at (3600.00,520.00) startOffset 0 endOffset 11 width 75.00: "just a text"
      RenderSVGText {text} at (3700,520) size 75x22 contains 1 chunk(s)
        RenderSVGInlineText {#text} at (0,-17) size 75x22
          chunk 1 text run 1 at (3700.00,520.00) startOffset 0 endOffset 11 width 75.00: "just a text"
      RenderSVGText {text} at (3800,520) size 75x22 contains 1 chunk(s)
        RenderSVGInlineText {#text} at (0,-17) size 75x22
          chunk 1 text run 1 at (3800.00,520.00) startOffset 0 endOffset 11 width 75.00: "just a text"
      RenderSVGText {text} at (3900,520) size 75x22 contains 1 chunk(s)
        RenderSVGInlineText {#text} at (0,-17) size 75x22
          chunk 1 text run 1 at (3900.00,520.00) startOffset 0 endOffset 11 width 75.00: "just a text"
      RenderSVGText {text} at (4000,520) size 75x22 contains 1 chunk(s)
        RenderSVGInlineText {#text} at (0,-17) size 75x22
          chunk 1 text run 1 at (4000.00,520.00) startOffset 0 endOffset 11 width 75.00: "just a text"
      RenderSVGText {text} at (4100,520) size 75x22 contains 1 chunk(s)
        RenderSVGInlineText {#text} at (0,-17) size 75x22
          chunk 1 text run 1 at (4100.00,520.00) startOffset 0 endOffset 11 width 75.00: "just a text"
      RenderSVGText {text} at (4200,520) size 75x22 contains 1 chunk(s)
        RenderSVGInlineText {#text} at (0,-17) size 75x22
          chunk 1 text run 1 at (4200.00,520.00) startOffset 0 endOffset 11 width 75.00: "just a text"
      RenderSVGText {text} at (4300,520) size 75x22 contains 1 chunk(s)
        RenderSVGInlineText {#text} at (0,-17) size 75x22
          chunk 1 text run 1 at (4300.00,520.00) startOffset 0 endOffset 11 width 75.00: "just a text"
      RenderSVGText {text} at (4400,520) size 75x22 contains 1 chunk(s)
        RenderSVGInlineText {#text} at (0,-17) size 75x22
          chunk 1 text run 1 at (4400.00,520.00) startOffset 0 endOffset 11 width 75.00: "just a text"
      RenderSVGText {text} at (4500,520) size 75x22 contains 1 chunk(s)
        RenderSVGInlineText {#text} at (0,-17) size 75x22
          chunk 1 text run 1 at (4500.00,520.00) startOffset 0 endOffset 11 width 75.00: "just a text"
      RenderSVGText {text} at (4600,520) size 75x22 contains 1 chunk(s)
        RenderSVGInlineText {#text} at (0,-17) size 75x22
          chunk 1 text run 1 at (4600.00,520.00) startOffset 0 endOffset 11 width 75.00: "just a text"
      RenderSVGText {text} at (4700,520) size 75x22 contains 1 chunk(s)
        RenderSVGInlineText {#text} at (0,-17) size 75x22
          chunk 1 text run 1 at (4700.00,520.00) startOffset 0 endOffset 11 width 75.00: "just a text"
      RenderSVGText {text} at (4800,520) size 75x22 contains 1 chunk(s)
        RenderSVGInlineText {#text} at (0,-17) size 75x22
          chunk 1 text run 1 at (4800.00,520.00) startOffset 0 endOffset 11 width 75.00: "just a text"
      RenderSVGText {text} at (4900,520) size 75x22 contains 1 chunk(s)
        RenderSVGInlineText {#text} at (0,-17) size 75x22
          chunk 1 text run 1 at (4900.00,520.00) startOffset 0 endOffset 11 width 75.00: "just a text"
      RenderSVGText {text} at (0,620) size 75x22 contains 1 chunk(s)
        RenderSVGInlineText {#text} at (0,-17) size 75x22
          chunk 1 text run 1 at (0.00,620.00) startOffset 0 endOffset 11 width 75.00: "just a text"
      RenderSVGText {text} at (100,620) size 75x22 contains 1 chunk(s)
        RenderSVGInlineText {#text} at (0,-17) size 75x22
          chunk 1 text run 1 at (100.00,620.00) startOffset 0 endOffset 11 width 75.00: "just a text"
      RenderSVGText {text} at (200,620) size 75x22 contains 1 chunk(s)
        RenderSVGInlineText {#text} at (0,-17) size 75x22
          chunk 1 text run 1 at (200.00,620.00) startOffset 0 endOffset 11 width 75.00: "just a text"
      RenderSVGText {text} at (300,620) size 75x22 contains 1 chunk(s)
        RenderSVGInlineText {#text} at (0,-17) size 75x22
          chunk 1 text run 1 at (300.00,620.00) startOffset 0 endOffset 11 width 75.00: "just a text"
      RenderSVGText {text} at (400,620) size 75x22 contains 1 chunk(s)
        RenderSVGInlineText {#text} at (0,-17) size 75x22
          chunk 1 text run 1 at (400.00,620.00) startOffset 0 endOffset 11 width 75.00: "just a text"
      RenderSVGText {text} at (500,620) size 75x22 contains 1 chunk(s)
        RenderSVGInlineText {#text} at (0,-17) size 75x22
          chunk 1 text run 1 at (500.00,620.00) startOffset 0 endOffset 11 width 75.00: "just a text"
      RenderSVGText {text} at (600,620) size 75x22 contains 1 chunk(s)
        RenderSVGInlineText {#text} at (0,-17) size 75x22
          chunk 1 text run 1 at (600.00,620.00) startOffset 0 endOffset 11 width 75.00: "just a text"
      RenderSVGText {text} at (700,620) size 75x22 contains 1 chunk(s)
        RenderSVGInlineText {#text} at (0,-17) size 75x22
          chunk 1 text run 1 at (700.00,620.00) startOffset 0 endOffset 11 width 75.00: "just a text"
      RenderSVGText {text} at (800,620) size 75x22 contains 1 chunk(s)
        RenderSVGInlineText {#text} at (0,-17) size 75x22
          chunk 1 text run 1 at (800.00,620.00) startOffset 0 endOffset 11 width 75.00: "just a text"
      RenderSVGText {text} at (900,620) size 75x22 contains 1 chunk(s)
        RenderSVGInlineText {#text} at (0,-17) size 75x22
          chunk 1 text run 1 at (900.00,620.00) startOffset 0 endOffset 11 width 75.00: "just a text"
      RenderSVGText {text} at (1000,620) size 75x22 contains 1 chunk(s)
        RenderSVGInlineText {#text} at (0,-17) size 75x22
          chunk 1 text run 1 at (1000.00,620.00) startOffset 0 endOffset 11 width 75.00: "just a text"
      RenderSVGText {text} at (1100,620) size 75x22 contains 1 chunk(s)
        RenderSVGInlineText {#text} at (0,-17) size 75x22
          chunk 1 text run 1 at (1100.00,620.00) startOffset 0 endOffset 11 width 75.00: "just a text"
      RenderSVGText {text} at (1200,620) size 75x22 contains 1 chunk(s)
        RenderSVGInlineText {#text} at (0,-17) size 75x22
          chunk 1 text run 1 at (1200.00,620.00) startOffset 0 endOffset 11 width 75.00: "just a text"
      RenderSVGText {text} at (1300,620) size 75x22 contains 1 chunk(s)
        RenderSVGInlineText {#text} at (0,-17) size 75x22
          chunk 1 text run 1 at (1300.00,620.00) startOffset 0 endOffset 11 width 75.00: "just a text"
      RenderSVGText {text} at (1400,620) size 75x22 contains 1 chunk(s)
        RenderSVGInlineText {#text} at (0,-17) size 75x22
          chunk 1 text run 1 at (1400.00,620.00) startOffset 0 endOffset 11 width 75.00: "just a text"
      RenderSVGText {text} at (1500,620) size 75x22 contains 1 chunk(s)
        RenderSVGInlineText {#text} at (0,-17) size 75x22
          chunk 1 text run 1 at (1500.00,620.00) startOffset 0 endOffset 11 width 75.00: "just a text"
      RenderSVGText {text} at (1600,620) size 75x22 contains 1 chunk(s)
        RenderSVGInlineText {#text} at (0,-17) size 75x22
          chunk 1 text run 1 at (1600.00,620.00) startOffset 0 endOffset 11 width 75.00: "just a text"
      RenderSVGText {text} at (1700,620) size 75x22 contains 1 chunk(s)
        RenderSVGInlineText {#text} at (0,-17) size 75x22
          chunk 1 text run 1 at (1700.00,620.00) startOffset 0 endOffset 11 width 75.00: "just a text"
      RenderSVGText {text} at (1800,620) size 75x22 contains 1 chunk(s)
        RenderSVGInlineText {#text} at (0,-17) size 75x22
          chunk 1 text run 1 at (1800.00,620.00) startOffset 0 endOffset 11 width 75.00: "just a text"
      RenderSVGText {text} at (1900,620) size 75x22 contains 1 chunk(s)
        RenderSVGInlineText {#text} at (0,-17) size 75x22
          chunk 1 text run 1 at (1900.00,620.00) startOffset 0 endOffset 11 width 75.00: "just a text"
      RenderSVGText {text} at (2000,620) size 75x22 contains 1 chunk(s)
        RenderSVGInlineText {#text} at (0,-17) size 75x22
          chunk 1 text run 1 at (2000.00,620.00) startOffset 0 endOffset 11 width 75.00: "just a text"
      RenderSVGText {text} at (2100,620) size 75x22 contains 1 chunk(s)
        RenderSVGInlineText {#text} at (0,-17) size 75x22
          chunk 1 text run 1 at (2100.00,620.00) startOffset 0 endOffset 11 width 75.00: "just a text"
      RenderSVGText {text} at (2200,620) size 75x22 contains 1 chunk(s)
        RenderSVGInlineText {#text} at (0,-17) size 75x22
          chunk 1 text run 1 at (2200.00,620.00) startOffset 0 endOffset 11 width 75.00: "just a text"
      RenderSVGText {text} at (2300,620) size 75x22 contains 1 chunk(s)
        RenderSVGInlineText {#text} at (0,-17) size 75x22
          chunk 1 text run 1 at (2300.00,620.00) startOffset 0 endOffset 11 width 75.00: "just a text"
      RenderSVGText {text} at (2400,620) size 75x22 contains 1 chunk(s)
        RenderSVGInlineText {#text} at (0,-17) size 75x22
          chunk 1 text run 1 at (2400.00,620.00) startOffset 0 endOffset 11 width 75.00: "just a text"
      RenderSVGText {text} at (2500,620) size 75x22 contains 1 chunk(s)
        RenderSVGInlineText {#text} at (0,-17) size 75x22
          chunk 1 text run 1 at (2500.00,620.00) startOffset 0 endOffset 11 width 75.00: "just a text"
      RenderSVGText {text} at (2600,620) size 75x22 contains 1 chunk(s)
        RenderSVGInlineText {#text} at (0,-17) size 75x22
          chunk 1 text run 1 at (2600.00,620.00) startOffset 0 endOffset 11 width 75.00: "just a text"
      RenderSVGText {text} at (2700,620) size 75x22 contains 1 chunk(s)
        RenderSVGInlineText {#text} at (0,-17) size 75x22
          chunk 1 text run 1 at (2700.00,620.00) startOffset 0 endOffset 11 width 75.00: "just a text"
      RenderSVGText {text} at (2800,620) size 75x22 contains 1 chunk(s)
        RenderSVGInlineText {#text} at (0,-17) size 75x22
          chunk 1 text run 1 at (2800.00,620.00) startOffset 0 endOffset 11 width 75.00: "just a text"
      RenderSVGText {text} at (2900,620) size 75x22 contains 1 chunk(s)
        RenderSVGInlineText {#text} at (0,-17) size 75x22
          chunk 1 text run 1 at (2900.00,620.00) startOffset 0 endOffset 11 width 75.00: "just a text"
      RenderSVGText {text} at (3000,620) size 75x22 contains 1 chunk(s)
        RenderSVGInlineText {#text} at (0,-17) size 75x22
          chunk 1 text run 1 at (3000.00,620.00) startOffset 0 endOffset 11 width 75.00: "just a text"
      RenderSVGText {text} at (3100,620) size 75x22 contains 1 chunk(s)
        RenderSVGInlineText {#text} at (0,-17) size 75x22
          chunk 1 text run 1 at (3100.00,620.00) startOffset 0 endOffset 11 width 75.00: "just a text"
      RenderSVGText {text} at (3200,620) size 75x22 contains 1 chunk(s)
        RenderSVGInlineText {#text} at (0,-17) size 75x22
          chunk 1 text run 1 at (3200.00,620.00) startOffset 0 endOffset 11 width 75.00: "just a text"
      RenderSVGText {text} at (3300,620) size 75x22 contains 1 chunk(s)
        RenderSVGInlineText {#text} at (0,-17) size 75x22
          chunk 1 text run 1 at (3300.00,620.00) startOffset 0 endOffset 11 width 75.00: "just a text"
      RenderSVGText {text} at (3400,620) size 75x22 contains 1 chunk(s)
        RenderSVGInlineText {#text} at (0,-17) size 75x22
          chunk 1 text run 1 at (3400.00,620.00) startOffset 0 endOffset 11 width 75.00: "just a text"
      RenderSVGText {text} at (3500,620) size 75x22 contains 1 chunk(s)
        RenderSVGInlineText {#text} at (0,-17) size 75x22
          chunk 1 text run 1 at (3500.00,620.00) startOffset 0 endOffset 11 width 75.00: "just a text"
      RenderSVGText {text} at (3600,620) size 75x22 contains 1 chunk(s)
        RenderSVGInlineText {#text} at (0,-17) size 75x22
          chunk 1 text run 1 at (3600.00,620.00) startOffset 0 endOffset 11 width 75.00: "just a text"
      RenderSVGText {text} at (3700,620) size 75x22 contains 1 chunk(s)
        RenderSVGInlineText {#text} at (0,-17) size 75x22
          chunk 1 text run 1 at (3700.00,620.00) startOffset 0 endOffset 11 width 75.00: "just a text"
      RenderSVGText {text} at (3800,620) size 75x22 contains 1 chunk(s)
        RenderSVGInlineText {#text} at (0,-17) size 75x22
          chunk 1 text run 1 at (3800.00,620.00) startOffset 0 endOffset 11 width 75.00: "just a text"
      RenderSVGText {text} at (3900,620) size 75x22 contains 1 chunk(s)
        RenderSVGInlineText {#text} at (0,-17) size 75x22
          chunk 1 text run 1 at (3900.00,620.00) startOffset 0 endOffset 11 width 75.00: "just a text"
      RenderSVGText {text} at (4000,620) size 75x22 contains 1 chunk(s)
        RenderSVGInlineText {#text} at (0,-17) size 75x22
          chunk 1 text run 1 at (4000.00,620.00) startOffset 0 endOffset 11 width 75.00: "just a text"
      RenderSVGText {text} at (4100,620) size 75x22 contains 1 chunk(s)
        RenderSVGInlineText {#text} at (0,-17) size 75x22
          chunk 1 text run 1 at (4100.00,620.00) startOffset 0 endOffset 11 width 75.00: "just a text"
      RenderSVGText {text} at (4200,620) size 75x22 contains 1 chunk(s)
        RenderSVGInlineText {#text} at (0,-17) size 75x22
          chunk 1 text run 1 at (4200.00,620.00) startOffset 0 endOffset 11 width 75.00: "just a text"
      RenderSVGText {text} at (4300,620) size 75x22 contains 1 chunk(s)
        RenderSVGInlineText {#text} at (0,-17) size 75x22
          chunk 1 text run 1 at (4300.00,620.00) startOffset 0 endOffset 11 width 75.00: "just a text"
      RenderSVGText {text} at (4400,620) size 75x22 contains 1 chunk(s)
        RenderSVGInlineText {#text} at (0,-17) size 75x22
          chunk 1 text run 1 at (4400.00,620.00) startOffset 0 endOffset 11 width 75.00: "just a text"
      RenderSVGText {text} at (4500,620) size 75x22 contains 1 chunk(s)
        RenderSVGInlineText {#text} at (0,-17) size 75x22
          chunk 1 text run 1 at (4500.00,620.00) startOffset 0 endOffset 11 width 75.00: "just a text"
      RenderSVGText {text} at (4600,620) size 75x22 contains 1 chunk(s)
        RenderSVGInlineText {#text} at (0,-17) size 75x22
          chunk 1 text run 1 at (4600.00,620.00) startOffset 0 endOffset 11 width 75.00: "just a text"
      RenderSVGText {text} at (4700,620) size 75x22 contains 1 chunk(s)
        RenderSVGInlineText {#text} at (0,-17) size 75x22
          chunk 1 text run 1 at (4700.00,620.00) startOffset 0 endOffset 11 width 75.00: "just a text"
      RenderSVGText {text} at (4800,620) size 75x22 contains 1 chunk(s)
        RenderSVGInlineText {#text} at (0,-17) size 75x22
          chunk 1 text run 1 at (4800.00,620.00) startOffset 0 endOffset 11 width 75.00: "just a text"
      RenderSVGText {text} at (4900,620) size 75x22 contains 1 chunk(s)
        RenderSVGInlineText {#text} at (0,-17) size 75x22
          chunk 1 text run 1 at (4900.00,620.00) startOffset 0 endOffset 11 width 75.00: "just a text"
      RenderSVGText {text} at (0,720) size 75x22 contains 1 chunk(s)
        RenderSVGInlineText {#text} at (0,-17) size 75x22
          chunk 1 text run 1 at (0.00,720.00) startOffset 0 endOffset 11 width 75.00: "just a text"
      RenderSVGText {text} at (100,720) size 75x22 contains 1 chunk(s)
        RenderSVGInlineText {#text} at (0,-17) size 75x22
          chunk 1 text run 1 at (100.00,720.00) startOffset 0 endOffset 11 width 75.00: "just a text"
      RenderSVGText {text} at (200,720) size 75x22 contains 1 chunk(s)
        RenderSVGInlineText {#text} at (0,-17) size 75x22
          chunk 1 text run 1 at (200.00,720.00) startOffset 0 endOffset 11 width 75.00: "just a text"
      RenderSVGText {text} at (300,720) size 75x22 contains 1 chunk(s)
        RenderSVGInlineText {#text} at (0,-17) size 75x22
          chunk 1 text run 1 at (300.00,720.00) startOffset 0 endOffset 11 width 75.00: "just a text"
      RenderSVGText {text} at (400,720) size 75x22 contains 1 chunk(s)
        RenderSVGInlineText {#text} at (0,-17) size 75x22
          chunk 1 text run 1 at (400.00,720.00) startOffset 0 endOffset 11 width 75.00: "just a text"
      RenderSVGText {text} at (500,720) size 75x22 contains 1 chunk(s)
        RenderSVGInlineText {#text} at (0,-17) size 75x22
          chunk 1 text run 1 at (500.00,720.00) startOffset 0 endOffset 11 width 75.00: "just a text"
      RenderSVGText {text} at (600,720) size 75x22 contains 1 chunk(s)
        RenderSVGInlineText {#text} at (0,-17) size 75x22
          chunk 1 text run 1 at (600.00,720.00) startOffset 0 endOffset 11 width 75.00: "just a text"
      RenderSVGText {text} at (700,720) size 75x22 contains 1 chunk(s)
        RenderSVGInlineText {#text} at (0,-17) size 75x22
          chunk 1 text run 1 at (700.00,720.00) startOffset 0 endOffset 11 width 75.00: "just a text"
      RenderSVGText {text} at (800,720) size 75x22 contains 1 chunk(s)
        RenderSVGInlineText {#text} at (0,-17) size 75x22
          chunk 1 text run 1 at (800.00,720.00) startOffset 0 endOffset 11 width 75.00: "just a text"
      RenderSVGText {text} at (900,720) size 75x22 contains 1 chunk(s)
        RenderSVGInlineText {#text} at (0,-17) size 75x22
          chunk 1 text run 1 at (900.00,720.00) startOffset 0 endOffset 11 width 75.00: "just a text"
      RenderSVGText {text} at (1000,720) size 75x22 contains 1 chunk(s)
        RenderSVGInlineText {#text} at (0,-17) size 75x22
          chunk 1 text run 1 at (1000.00,720.00) startOffset 0 endOffset 11 width 75.00: "just a text"
      RenderSVGText {text} at (1100,720) size 75x22 contains 1 chunk(s)
        RenderSVGInlineText {#text} at (0,-17) size 75x22
          chunk 1 text run 1 at (1100.00,720.00) startOffset 0 endOffset 11 width 75.00: "just a text"
      RenderSVGText {text} at (1200,720) size 75x22 contains 1 chunk(s)
        RenderSVGInlineText {#text} at (0,-17) size 75x22
          chunk 1 text run 1 at (1200.00,720.00) startOffset 0 endOffset 11 width 75.00: "just a text"
      RenderSVGText {text} at (1300,720) size 75x22 contains 1 chunk(s)
        RenderSVGInlineText {#text} at (0,-17) size 75x22
          chunk 1 text run 1 at (1300.00,720.00) startOffset 0 endOffset 11 width 75.00: "just a text"
      RenderSVGText {text} at (1400,720) size 75x22 contains 1 chunk(s)
        RenderSVGInlineText {#text} at (0,-17) size 75x22
          chunk 1 text run 1 at (1400.00,720.00) startOffset 0 endOffset 11 width 75.00: "just a text"
      RenderSVGText {text} at (1500,720) size 75x22 contains 1 chunk(s)
        RenderSVGInlineText {#text} at (0,-17) size 75x22
          chunk 1 text run 1 at (1500.00,720.00) startOffset 0 endOffset 11 width 75.00: "just a text"
      RenderSVGText {text} at (1600,720) size 75x22 contains 1 chunk(s)
        RenderSVGInlineText {#text} at (0,-17) size 75x22
          chunk 1 text run 1 at (1600.00,720.00) startOffset 0 endOffset 11 width 75.00: "just a text"
      RenderSVGText {text} at (1700,720) size 75x22 contains 1 chunk(s)
        RenderSVGInlineText {#text} at (0,-17) size 75x22
          chunk 1 text run 1 at (1700.00,720.00) startOffset 0 endOffset 11 width 75.00: "just a text"
      RenderSVGText {text} at (1800,720) size 75x22 contains 1 chunk(s)
        RenderSVGInlineText {#text} at (0,-17) size 75x22
          chunk 1 text run 1 at (1800.00,720.00) startOffset 0 endOffset 11 width 75.00: "just a text"
      RenderSVGText {text} at (1900,720) size 75x22 contains 1 chunk(s)
        RenderSVGInlineText {#text} at (0,-17) size 75x22
          chunk 1 text run 1 at (1900.00,720.00) startOffset 0 endOffset 11 width 75.00: "just a text"
      RenderSVGText {text} at (2000,720) size 75x22 contains 1 chunk(s)
        RenderSVGInlineText {#text} at (0,-17) size 75x22
          chunk 1 text run 1 at (2000.00,720.00) startOffset 0 endOffset 11 width 75.00: "just a text"
      RenderSVGText {text} at (2100,720) size 75x22 contains 1 chunk(s)
        RenderSVGInlineText {#text} at (0,-17) size 75x22
          chunk 1 text run 1 at (2100.00,720.00) startOffset 0 endOffset 11 width 75.00: "just a text"
      RenderSVGText {text} at (2200,720) size 75x22 contains 1 chunk(s)
        RenderSVGInlineText {#text} at (0,-17) size 75x22
          chunk 1 text run 1 at (2200.00,720.00) startOffset 0 endOffset 11 width 75.00: "just a text"
      RenderSVGText {text} at (2300,720) size 75x22 contains 1 chunk(s)
        RenderSVGInlineText {#text} at (0,-17) size 75x22
          chunk 1 text run 1 at (2300.00,720.00) startOffset 0 endOffset 11 width 75.00: "just a text"
      RenderSVGText {text} at (2400,720) size 75x22 contains 1 chunk(s)
        RenderSVGInlineText {#text} at (0,-17) size 75x22
          chunk 1 text run 1 at (2400.00,720.00) startOffset 0 endOffset 11 width 75.00: "just a text"
      RenderSVGText {text} at (2500,720) size 75x22 contains 1 chunk(s)
        RenderSVGInlineText {#text} at (0,-17) size 75x22
          chunk 1 text run 1 at (2500.00,720.00) startOffset 0 endOffset 11 width 75.00: "just a text"
      RenderSVGText {text} at (2600,720) size 75x22 contains 1 chunk(s)
        RenderSVGInlineText {#text} at (0,-17) size 75x22
          chunk 1 text run 1 at (2600.00,720.00) startOffset 0 endOffset 11 width 75.00: "just a text"
      RenderSVGText {text} at (2700,720) size 75x22 contains 1 chunk(s)
        RenderSVGInlineText {#text} at (0,-17) size 75x22
          chunk 1 text run 1 at (2700.00,720.00) startOffset 0 endOffset 11 width 75.00: "just a text"
      RenderSVGText {text} at (2800,720) size 75x22 contains 1 chunk(s)
        RenderSVGInlineText {#text} at (0,-17) size 75x22
          chunk 1 text run 1 at (2800.00,720.00) startOffset 0 endOffset 11 width 75.00: "just a text"
      RenderSVGText {text} at (2900,720) size 75x22 contains 1 chunk(s)
        RenderSVGInlineText {#text} at (0,-17) size 75x22
          chunk 1 text run 1 at (2900.00,720.00) startOffset 0 endOffset 11 width 75.00: "just a text"
      RenderSVGText {text} at (3000,720) size 75x22 contains 1 chunk(s)
        RenderSVGInlineText {#text} at (0,-17) size 75x22
          chunk 1 text run 1 at (3000.00,720.00) startOffset 0 endOffset 11 width 75.00: "just a text"
      RenderSVGText {text} at (3100,720) size 75x22 contains 1 chunk(s)
        RenderSVGInlineText {#text} at (0,-17) size 75x22
          chunk 1 text run 1 at (3100.00,720.00) startOffset 0 endOffset 11 width 75.00: "just a text"
      RenderSVGText {text} at (3200,720) size 75x22 contains 1 chunk(s)
        RenderSVGInlineText {#text} at (0,-17) size 75x22
          chunk 1 text run 1 at (3200.00,720.00) startOffset 0 endOffset 11 width 75.00: "just a text"
      RenderSVGText {text} at (3300,720) size 75x22 contains 1 chunk(s)
        RenderSVGInlineText {#text} at (0,-17) size 75x22
          chunk 1 text run 1 at (3300.00,720.00) startOffset 0 endOffset 11 width 75.00: "just a text"
      RenderSVGText {text} at (3400,720) size 75x22 contains 1 chunk(s)
        RenderSVGInlineText {#text} at (0,-17) size 75x22
          chunk 1 text run 1 at (3400.00,720.00) startOffset 0 endOffset 11 width 75.00: "just a text"
      RenderSVGText {text} at (3500,720) size 75x22 contains 1 chunk(s)
        RenderSVGInlineText {#text} at (0,-17) size 75x22
          chunk 1 text run 1 at (3500.00,720.00) startOffset 0 endOffset 11 width 75.00: "just a text"
      RenderSVGText {text} at (3600,720) size 75x22 contains 1 chunk(s)
        RenderSVGInlineText {#text} at (0,-17) size 75x22
          chunk 1 text run 1 at (3600.00,720.00) startOffset 0 endOffset 11 width 75.00: "just a text"
      RenderSVGText {text} at (3700,720) size 75x22 contains 1 chunk(s)
        RenderSVGInlineText {#text} at (0,-17) size 75x22
          chunk 1 text run 1 at (3700.00,720.00) startOffset 0 endOffset 11 width 75.00: "just a text"
      RenderSVGText {text} at (3800,720) size 75x22 contains 1 chunk(s)
        RenderSVGInlineText {#text} at (0,-17) size 75x22
          chunk 1 text run 1 at (3800.00,720.00) startOffset 0 endOffset 11 width 75.00: "just a text"
      RenderSVGText {text} at (3900,720) size 75x22 contains 1 chunk(s)
        RenderSVGInlineText {#text} at (0,-17) size 75x22
          chunk 1 text run 1 at (3900.00,720.00) startOffset 0 endOffset 11 width 75.00: "just a text"
      RenderSVGText {text} at (4000,720) size 75x22 contains 1 chunk(s)
        RenderSVGInlineText {#text} at (0,-17) size 75x22
          chunk 1 text run 1 at (4000.00,720.00) startOffset 0 endOffset 11 width 75.00: "just a text"
      RenderSVGText {text} at (4100,720) size 75x22 contains 1 chunk(s)
        RenderSVGInlineText {#text} at (0,-17) size 75x22
          chunk 1 text run 1 at (4100.00,720.00) startOffset 0 endOffset 11 width 75.00: "just a text"
      RenderSVGText {text} at (4200,720) size 75x22 contains 1 chunk(s)
        RenderSVGInlineText {#text} at (0,-17) size 75x22
          chunk 1 text run 1 at (4200.00,720.00) startOffset 0 endOffset 11 width 75.00: "just a text"
      RenderSVGText {text} at (4300,720) size 75x22 contains 1 chunk(s)
        RenderSVGInlineText {#text} at (0,-17) size 75x22
          chunk 1 text run 1 at (4300.00,720.00) startOffset 0 endOffset 11 width 75.00: "just a text"
      RenderSVGText {text} at (4400,720) size 75x22 contains 1 chunk(s)
        RenderSVGInlineText {#text} at (0,-17) size 75x22
          chunk 1 text run 1 at (4400.00,720.00) startOffset 0 endOffset 11 width 75.00: "just a text"
      RenderSVGText {text} at (4500,720) size 75x22 contains 1 chunk(s)
        RenderSVGInlineText {#text} at (0,-17) size 75x22
          chunk 1 text run 1 at (4500.00,720.00) startOffset 0 endOffset 11 width 75.00: "just a text"
      RenderSVGText {text} at (4600,720) size 75x22 contains 1 chunk(s)
        RenderSVGInlineText {#text} at (0,-17) size 75x22
          chunk 1 text run 1 at (4600.00,720.00) startOffset 0 endOffset 11 width 75.00: "just a text"
      RenderSVGText {text} at (4700,720) size 75x22 contains 1 chunk(s)
        RenderSVGInlineText {#text} at (0,-17) size 75x22
          chunk 1 text run 1 at (4700.00,720.00) startOffset 0 endOffset 11 width 75.00: "just a text"
      RenderSVGText {text} at (4800,720) size 75x22 contains 1 chunk(s)
        RenderSVGInlineText {#text} at (0,-17) size 75x22
          chunk 1 text run 1 at (4800.00,720.00) startOffset 0 endOffset 11 width 75.00: "just a text"
      RenderSVGText {text} at (4900,720) size 75x22 contains 1 chunk(s)
        RenderSVGInlineText {#text} at (0,-17) size 75x22
          chunk 1 text run 1 at (4900.00,720.00) startOffset 0 endOffset 11 width 75.00: "just a text"
      RenderSVGText {text} at (0,820) size 75x22 contains 1 chunk(s)
        RenderSVGInlineText {#text} at (0,-17) size 75x22
          chunk 1 text run 1 at (0.00,820.00) startOffset 0 endOffset 11 width 75.00: "just a text"
      RenderSVGText {text} at (100,820) size 75x22 contains 1 chunk(s)
        RenderSVGInlineText {#text} at (0,-17) size 75x22
          chunk 1 text run 1 at (100.00,820.00) startOffset 0 endOffset 11 width 75.00: "just a text"
      RenderSVGText {text} at (200,820) size 75x22 contains 1 chunk(s)
        RenderSVGInlineText {#text} at (0,-17) size 75x22
          chunk 1 text run 1 at (200.00,820.00) startOffset 0 endOffset 11 width 75.00: "just a text"
      RenderSVGText {text} at (300,820) size 75x22 contains 1 chunk(s)
        RenderSVGInlineText {#text} at (0,-17) size 75x22
          chunk 1 text run 1 at (300.00,820.00) startOffset 0 endOffset 11 width 75.00: "just a text"
      RenderSVGText {text} at (400,820) size 75x22 contains 1 chunk(s)
        RenderSVGInlineText {#text} at (0,-17) size 75x22
          chunk 1 text run 1 at (400.00,820.00) startOffset 0 endOffset 11 width 75.00: "just a text"
      RenderSVGText {text} at (500,820) size 75x22 contains 1 chunk(s)
        RenderSVGInlineText {#text} at (0,-17) size 75x22
          chunk 1 text run 1 at (500.00,820.00) startOffset 0 endOffset 11 width 75.00: "just a text"
      RenderSVGText {text} at (600,820) size 75x22 contains 1 chunk(s)
        RenderSVGInlineText {#text} at (0,-17) size 75x22
          chunk 1 text run 1 at (600.00,820.00) startOffset 0 endOffset 11 width 75.00: "just a text"
      RenderSVGText {text} at (700,820) size 75x22 contains 1 chunk(s)
        RenderSVGInlineText {#text} at (0,-17) size 75x22
          chunk 1 text run 1 at (700.00,820.00) startOffset 0 endOffset 11 width 75.00: "just a text"
      RenderSVGText {text} at (800,820) size 75x22 contains 1 chunk(s)
        RenderSVGInlineText {#text} at (0,-17) size 75x22
          chunk 1 text run 1 at (800.00,820.00) startOffset 0 endOffset 11 width 75.00: "just a text"
      RenderSVGText {text} at (900,820) size 75x22 contains 1 chunk(s)
        RenderSVGInlineText {#text} at (0,-17) size 75x22
          chunk 1 text run 1 at (900.00,820.00) startOffset 0 endOffset 11 width 75.00: "just a text"
      RenderSVGText {text} at (1000,820) size 75x22 contains 1 chunk(s)
        RenderSVGInlineText {#text} at (0,-17) size 75x22
          chunk 1 text run 1 at (1000.00,820.00) startOffset 0 endOffset 11 width 75.00: "just a text"
      RenderSVGText {text} at (1100,820) size 75x22 contains 1 chunk(s)
        RenderSVGInlineText {#text} at (0,-17) size 75x22
          chunk 1 text run 1 at (1100.00,820.00) startOffset 0 endOffset 11 width 75.00: "just a text"
      RenderSVGText {text} at (1200,820) size 75x22 contains 1 chunk(s)
        RenderSVGInlineText {#text} at (0,-17) size 75x22
          chunk 1 text run 1 at (1200.00,820.00) startOffset 0 endOffset 11 width 75.00: "just a text"
      RenderSVGText {text} at (1300,820) size 75x22 contains 1 chunk(s)
        RenderSVGInlineText {#text} at (0,-17) size 75x22
          chunk 1 text run 1 at (1300.00,820.00) startOffset 0 endOffset 11 width 75.00: "just a text"
      RenderSVGText {text} at (1400,820) size 75x22 contains 1 chunk(s)
        RenderSVGInlineText {#text} at (0,-17) size 75x22
          chunk 1 text run 1 at (1400.00,820.00) startOffset 0 endOffset 11 width 75.00: "just a text"
      RenderSVGText {text} at (1500,820) size 75x22 contains 1 chunk(s)
        RenderSVGInlineText {#text} at (0,-17) size 75x22
          chunk 1 text run 1 at (1500.00,820.00) startOffset 0 endOffset 11 width 75.00: "just a text"
      RenderSVGText {text} at (1600,820) size 75x22 contains 1 chunk(s)
        RenderSVGInlineText {#text} at (0,-17) size 75x22
          chunk 1 text run 1 at (1600.00,820.00) startOffset 0 endOffset 11 width 75.00: "just a text"
      RenderSVGText {text} at (1700,820) size 75x22 contains 1 chunk(s)
        RenderSVGInlineText {#text} at (0,-17) size 75x22
          chunk 1 text run 1 at (1700.00,820.00) startOffset 0 endOffset 11 width 75.00: "just a text"
      RenderSVGText {text} at (1800,820) size 75x22 contains 1 chunk(s)
        RenderSVGInlineText {#text} at (0,-17) size 75x22
          chunk 1 text run 1 at (1800.00,820.00) startOffset 0 endOffset 11 width 75.00: "just a text"
      RenderSVGText {text} at (1900,820) size 75x22 contains 1 chunk(s)
        RenderSVGInlineText {#text} at (0,-17) size 75x22
          chunk 1 text run 1 at (1900.00,820.00) startOffset 0 endOffset 11 width 75.00: "just a text"
      RenderSVGText {text} at (2000,820) size 75x22 contains 1 chunk(s)
        RenderSVGInlineText {#text} at (0,-17) size 75x22
          chunk 1 text run 1 at (2000.00,820.00) startOffset 0 endOffset 11 width 75.00: "just a text"
      RenderSVGText {text} at (2100,820) size 75x22 contains 1 chunk(s)
        RenderSVGInlineText {#text} at (0,-17) size 75x22
          chunk 1 text run 1 at (2100.00,820.00) startOffset 0 endOffset 11 width 75.00: "just a text"
      RenderSVGText {text} at (2200,820) size 75x22 contains 1 chunk(s)
        RenderSVGInlineText {#text} at (0,-17) size 75x22
          chunk 1 text run 1 at (2200.00,820.00) startOffset 0 endOffset 11 width 75.00: "just a text"
      RenderSVGText {text} at (2300,820) size 75x22 contains 1 chunk(s)
        RenderSVGInlineText {#text} at (0,-17) size 75x22
          chunk 1 text run 1 at (2300.00,820.00) startOffset 0 endOffset 11 width 75.00: "just a text"
      RenderSVGText {text} at (2400,820) size 75x22 contains 1 chunk(s)
        RenderSVGInlineText {#text} at (0,-17) size 75x22
          chunk 1 text run 1 at (2400.00,820.00) startOffset 0 endOffset 11 width 75.00: "just a text"
      RenderSVGText {text} at (2500,820) size 75x22 contains 1 chunk(s)
        RenderSVGInlineText {#text} at (0,-17) size 75x22
          chunk 1 text run 1 at (2500.00,820.00) startOffset 0 endOffset 11 width 75.00: "just a text"
      RenderSVGText {text} at (2600,820) size 75x22 contains 1 chunk(s)
        RenderSVGInlineText {#text} at (0,-17) size 75x22
          chunk 1 text run 1 at (2600.00,820.00) startOffset 0 endOffset 11 width 75.00: "just a text"
      RenderSVGText {text} at (2700,820) size 75x22 contains 1 chunk(s)
        RenderSVGInlineText {#text} at (0,-17) size 75x22
          chunk 1 text run 1 at (2700.00,820.00) startOffset 0 endOffset 11 width 75.00: "just a text"
      RenderSVGText {text} at (2800,820) size 75x22 contains 1 chunk(s)
        RenderSVGInlineText {#text} at (0,-17) size 75x22
          chunk 1 text run 1 at (2800.00,820.00) startOffset 0 endOffset 11 width 75.00: "just a text"
      RenderSVGText {text} at (2900,820) size 75x22 contains 1 chunk(s)
        RenderSVGInlineText {#text} at (0,-17) size 75x22
          chunk 1 text run 1 at (2900.00,820.00) startOffset 0 endOffset 11 width 75.00: "just a text"
      RenderSVGText {text} at (3000,820) size 75x22 contains 1 chunk(s)
        RenderSVGInlineText {#text} at (0,-17) size 75x22
          chunk 1 text run 1 at (3000.00,820.00) startOffset 0 endOffset 11 width 75.00: "just a text"
      RenderSVGText {text} at (3100,820) size 75x22 contains 1 chunk(s)
        RenderSVGInlineText {#text} at (0,-17) size 75x22
          chunk 1 text run 1 at (3100.00,820.00) startOffset 0 endOffset 11 width 75.00: "just a text"
      RenderSVGText {text} at (3200,820) size 75x22 contains 1 chunk(s)
        RenderSVGInlineText {#text} at (0,-17) size 75x22
          chunk 1 text run 1 at (3200.00,820.00) startOffset 0 endOffset 11 width 75.00: "just a text"
      RenderSVGText {text} at (3300,820) size 75x22 contains 1 chunk(s)
        RenderSVGInlineText {#text} at (0,-17) size 75x22
          chunk 1 text run 1 at (3300.00,820.00) startOffset 0 endOffset 11 width 75.00: "just a text"
      RenderSVGText {text} at (3400,820) size 75x22 contains 1 chunk(s)
        RenderSVGInlineText {#text} at (0,-17) size 75x22
          chunk 1 text run 1 at (3400.00,820.00) startOffset 0 endOffset 11 width 75.00: "just a text"
      RenderSVGText {text} at (3500,820) size 75x22 contains 1 chunk(s)
        RenderSVGInlineText {#text} at (0,-17) size 75x22
          chunk 1 text run 1 at (3500.00,820.00) startOffset 0 endOffset 11 width 75.00: "just a text"
      RenderSVGText {text} at (3600,820) size 75x22 contains 1 chunk(s)
        RenderSVGInlineText {#text} at (0,-17) size 75x22
          chunk 1 text run 1 at (3600.00,820.00) startOffset 0 endOffset 11 width 75.00: "just a text"
      RenderSVGText {text} at (3700,820) size 75x22 contains 1 chunk(s)
        RenderSVGInlineText {#text} at (0,-17) size 75x22
          chunk 1 text run 1 at (3700.00,820.00) startOffset 0 endOffset 11 width 75.00: "just a text"
      RenderSVGText {text} at (3800,820) size 75x22 contains 1 chunk(s)
        RenderSVGInlineText {#text} at (0,-17) size 75x22
          chunk 1 text run 1 at (3800.00,820.00) startOffset 0 endOffset 11 width 75.00: "just a text"
      RenderSVGText {text} at (3900,820) size 75x22 contains 1 chunk(s)
        RenderSVGInlineText {#text} at (0,-17) size 75x22
          chunk 1 text run 1 at (3900.00,820.00) startOffset 0 endOffset 11 width 75.00: "just a text"
      RenderSVGText {text} at (4000,820) size 75x22 contains 1 chunk(s)
        RenderSVGInlineText {#text} at (0,-17) size 75x22
          chunk 1 text run 1 at (4000.00,820.00) startOffset 0 endOffset 11 width 75.00: "just a text"
      RenderSVGText {text} at (4100,820) size 75x22 contains 1 chunk(s)
        RenderSVGInlineText {#text} at (0,-17) size 75x22
          chunk 1 text run 1 at (4100.00,820.00) startOffset 0 endOffset 11 width 75.00: "just a text"
      RenderSVGText {text} at (4200,820) size 75x22 contains 1 chunk(s)
        RenderSVGInlineText {#text} at (0,-17) size 75x22
          chunk 1 text run 1 at (4200.00,820.00) startOffset 0 endOffset 11 width 75.00: "just a text"
      RenderSVGText {text} at (4300,820) size 75x22 contains 1 chunk(s)
        RenderSVGInlineText {#text} at (0,-17) size 75x22
          chunk 1 text run 1 at (4300.00,820.00) startOffset 0 endOffset 11 width 75.00: "just a text"
      RenderSVGText {text} at (4400,820) size 75x22 contains 1 chunk(s)
        RenderSVGInlineText {#text} at (0,-17) size 75x22
          chunk 1 text run 1 at (4400.00,820.00) startOffset 0 endOffset 11 width 75.00: "just a text"
      RenderSVGText {text} at (4500,820) size 75x22 contains 1 chunk(s)
        RenderSVGInlineText {#text} at (0,-17) size 75x22
          chunk 1 text run 1 at (4500.00,820.00) startOffset 0 endOffset 11 width 75.00: "just a text"
      RenderSVGText {text} at (4600,820) size 75x22 contains 1 chunk(s)
        RenderSVGInlineText {#text} at (0,-17) size 75x22
          chunk 1 text run 1 at (4600.00,820.00) startOffset 0 endOffset 11 width 75.00: "just a text"
      RenderSVGText {text} at (4700,820) size 75x22 contains 1 chunk(s)
        RenderSVGInlineText {#text} at (0,-17) size 75x22
          chunk 1 text run 1 at (4700.00,820.00) startOffset 0 endOffset 11 width 75.00: "just a text"
      RenderSVGText {text} at (4800,820) size 75x22 contains 1 chunk(s)
        RenderSVGInlineText {#text} at (0,-17) size 75x22
          chunk 1 text run 1 at (4800.00,820.00) startOffset 0 endOffset 11 width 75.00: "just a text"
      RenderSVGText {text} at (4900,820) size 75x22 contains 1 chunk(s)
        RenderSVGInlineText {#text} at (0,-17) size 75x22
          chunk 1 text run 1 at (4900.00,820.00) startOffset 0 endOffset 11 width 75.00: "just a text"
      RenderSVGText {text} at (0,920) size 75x22 contains 1 chunk(s)
        RenderSVGInlineText {#text} at (0,-17) size 75x22
          chunk 1 text run 1 at (0.00,920.00) startOffset 0 endOffset 11 width 75.00: "just a text"
      RenderSVGText {text} at (100,920) size 75x22 contains 1 chunk(s)
        RenderSVGInlineText {#text} at (0,-17) size 75x22
          chunk 1 text run 1 at (100.00,920.00) startOffset 0 endOffset 11 width 75.00: "just a text"
      RenderSVGText {text} at (200,920) size 75x22 contains 1 chunk(s)
        RenderSVGInlineText {#text} at (0,-17) size 75x22
          chunk 1 text run 1 at (200.00,920.00) startOffset 0 endOffset 11 width 75.00: "just a text"
      RenderSVGText {text} at (300,920) size 75x22 contains 1 chunk(s)
        RenderSVGInlineText {#text} at (0,-17) size 75x22
          chunk 1 text run 1 at (300.00,920.00) startOffset 0 endOffset 11 width 75.00: "just a text"
      RenderSVGText {text} at (400,920) size 75x22 contains 1 chunk(s)
        RenderSVGInlineText {#text} at (0,-17) size 75x22
          chunk 1 text run 1 at (400.00,920.00) startOffset 0 endOffset 11 width 75.00: "just a text"
      RenderSVGText {text} at (500,920) size 75x22 contains 1 chunk(s)
        RenderSVGInlineText {#text} at (0,-17) size 75x22
          chunk 1 text run 1 at (500.00,920.00) startOffset 0 endOffset 11 width 75.00: "just a text"
      RenderSVGText {text} at (600,920) size 75x22 contains 1 chunk(s)
        RenderSVGInlineText {#text} at (0,-17) size 75x22
          chunk 1 text run 1 at (600.00,920.00) startOffset 0 endOffset 11 width 75.00: "just a text"
      RenderSVGText {text} at (700,920) size 75x22 contains 1 chunk(s)
        RenderSVGInlineText {#text} at (0,-17) size 75x22
          chunk 1 text run 1 at (700.00,920.00) startOffset 0 endOffset 11 width 75.00: "just a text"
      RenderSVGText {text} at (800,920) size 75x22 contains 1 chunk(s)
        RenderSVGInlineText {#text} at (0,-17) size 75x22
          chunk 1 text run 1 at (800.00,920.00) startOffset 0 endOffset 11 width 75.00: "just a text"
      RenderSVGText {text} at (900,920) size 75x22 contains 1 chunk(s)
        RenderSVGInlineText {#text} at (0,-17) size 75x22
          chunk 1 text run 1 at (900.00,920.00) startOffset 0 endOffset 11 width 75.00: "just a text"
      RenderSVGText {text} at (1000,920) size 75x22 contains 1 chunk(s)
        RenderSVGInlineText {#text} at (0,-17) size 75x22
          chunk 1 text run 1 at (1000.00,920.00) startOffset 0 endOffset 11 width 75.00: "just a text"
      RenderSVGText {text} at (1100,920) size 75x22 contains 1 chunk(s)
        RenderSVGInlineText {#text} at (0,-17) size 75x22
          chunk 1 text run 1 at (1100.00,920.00) startOffset 0 endOffset 11 width 75.00: "just a text"
      RenderSVGText {text} at (1200,920) size 75x22 contains 1 chunk(s)
        RenderSVGInlineText {#text} at (0,-17) size 75x22
          chunk 1 text run 1 at (1200.00,920.00) startOffset 0 endOffset 11 width 75.00: "just a text"
      RenderSVGText {text} at (1300,920) size 75x22 contains 1 chunk(s)
        RenderSVGInlineText {#text} at (0,-17) size 75x22
          chunk 1 text run 1 at (1300.00,920.00) startOffset 0 endOffset 11 width 75.00: "just a text"
      RenderSVGText {text} at (1400,920) size 75x22 contains 1 chunk(s)
        RenderSVGInlineText {#text} at (0,-17) size 75x22
          chunk 1 text run 1 at (1400.00,920.00) startOffset 0 endOffset 11 width 75.00: "just a text"
      RenderSVGText {text} at (1500,920) size 75x22 contains 1 chunk(s)
        RenderSVGInlineText {#text} at (0,-17) size 75x22
          chunk 1 text run 1 at (1500.00,920.00) startOffset 0 endOffset 11 width 75.00: "just a text"
      RenderSVGText {text} at (1600,920) size 75x22 contains 1 chunk(s)
        RenderSVGInlineText {#text} at (0,-17) size 75x22
          chunk 1 text run 1 at (1600.00,920.00) startOffset 0 endOffset 11 width 75.00: "just a text"
      RenderSVGText {text} at (1700,920) size 75x22 contains 1 chunk(s)
        RenderSVGInlineText {#text} at (0,-17) size 75x22
          chunk 1 text run 1 at (1700.00,920.00) startOffset 0 endOffset 11 width 75.00: "just a text"
      RenderSVGText {text} at (1800,920) size 75x22 contains 1 chunk(s)
        RenderSVGInlineText {#text} at (0,-17) size 75x22
          chunk 1 text run 1 at (1800.00,920.00) startOffset 0 endOffset 11 width 75.00: "just a text"
      RenderSVGText {text} at (1900,920) size 75x22 contains 1 chunk(s)
        RenderSVGInlineText {#text} at (0,-17) size 75x22
          chunk 1 text run 1 at (1900.00,920.00) startOffset 0 endOffset 11 width 75.00: "just a text"
      RenderSVGText {text} at (2000,920) size 75x22 contains 1 chunk(s)
        RenderSVGInlineText {#text} at (0,-17) size 75x22
          chunk 1 text run 1 at (2000.00,920.00) startOffset 0 endOffset 11 width 75.00: "just a text"
      RenderSVGText {text} at (2100,920) size 75x22 contains 1 chunk(s)
        RenderSVGInlineText {#text} at (0,-17) size 75x22
          chunk 1 text run 1 at (2100.00,920.00) startOffset 0 endOffset 11 width 75.00: "just a text"
      RenderSVGText {text} at (2200,920) size 75x22 contains 1 chunk(s)
        RenderSVGInlineText {#text} at (0,-17) size 75x22
          chunk 1 text run 1 at (2200.00,920.00) startOffset 0 endOffset 11 width 75.00: "just a text"
      RenderSVGText {text} at (2300,920) size 75x22 contains 1 chunk(s)
        RenderSVGInlineText {#text} at (0,-17) size 75x22
          chunk 1 text run 1 at (2300.00,920.00) startOffset 0 endOffset 11 width 75.00: "just a text"
      RenderSVGText {text} at (2400,920) size 75x22 contains 1 chunk(s)
        RenderSVGInlineText {#text} at (0,-17) size 75x22
          chunk 1 text run 1 at (2400.00,920.00) startOffset 0 endOffset 11 width 75.00: "just a text"
      RenderSVGText {text} at (2500,920) size 75x22 contains 1 chunk(s)
        RenderSVGInlineText {#text} at (0,-17) size 75x22
          chunk 1 text run 1 at (2500.00,920.00) startOffset 0 endOffset 11 width 75.00: "just a text"
      RenderSVGText {text} at (2600,920) size 75x22 contains 1 chunk(s)
        RenderSVGInlineText {#text} at (0,-17) size 75x22
          chunk 1 text run 1 at (2600.00,920.00) startOffset 0 endOffset 11 width 75.00: "just a text"
      RenderSVGText {text} at (2700,920) size 75x22 contains 1 chunk(s)
        RenderSVGInlineText {#text} at (0,-17) size 75x22
          chunk 1 text run 1 at (2700.00,920.00) startOffset 0 endOffset 11 width 75.00: "just a text"
      RenderSVGText {text} at (2800,920) size 75x22 contains 1 chunk(s)
        RenderSVGInlineText {#text} at (0,-17) size 75x22
          chunk 1 text run 1 at (2800.00,920.00) startOffset 0 endOffset 11 width 75.00: "just a text"
      RenderSVGText {text} at (2900,920) size 75x22 contains 1 chunk(s)
        RenderSVGInlineText {#text} at (0,-17) size 75x22
          chunk 1 text run 1 at (2900.00,920.00) startOffset 0 endOffset 11 width 75.00: "just a text"
      RenderSVGText {text} at (3000,920) size 75x22 contains 1 chunk(s)
        RenderSVGInlineText {#text} at (0,-17) size 75x22
          chunk 1 text run 1 at (3000.00,920.00) startOffset 0 endOffset 11 width 75.00: "just a text"
      RenderSVGText {text} at (3100,920) size 75x22 contains 1 chunk(s)
        RenderSVGInlineText {#text} at (0,-17) size 75x22
          chunk 1 text run 1 at (3100.00,920.00) startOffset 0 endOffset 11 width 75.00: "just a text"
      RenderSVGText {text} at (3200,920) size 75x22 contains 1 chunk(s)
        RenderSVGInlineText {#text} at (0,-17) size 75x22
          chunk 1 text run 1 at (3200.00,920.00) startOffset 0 endOffset 11 width 75.00: "just a text"
      RenderSVGText {text} at (3300,920) size 75x22 contains 1 chunk(s)
        RenderSVGInlineText {#text} at (0,-17) size 75x22
          chunk 1 text run 1 at (3300.00,920.00) startOffset 0 endOffset 11 width 75.00: "just a text"
      RenderSVGText {text} at (3400,920) size 75x22 contains 1 chunk(s)
        RenderSVGInlineText {#text} at (0,-17) size 75x22
          chunk 1 text run 1 at (3400.00,920.00) startOffset 0 endOffset 11 width 75.00: "just a text"
      RenderSVGText {text} at (3500,920) size 75x22 contains 1 chunk(s)
        RenderSVGInlineText {#text} at (0,-17) size 75x22
          chunk 1 text run 1 at (3500.00,920.00) startOffset 0 endOffset 11 width 75.00: "just a text"
      RenderSVGText {text} at (3600,920) size 75x22 contains 1 chunk(s)
        RenderSVGInlineText {#text} at (0,-17) size 75x22
          chunk 1 text run 1 at (3600.00,920.00) startOffset 0 endOffset 11 width 75.00: "just a text"
      RenderSVGText {text} at (3700,920) size 75x22 contains 1 chunk(s)
        RenderSVGInlineText {#text} at (0,-17) size 75x22
          chunk 1 text run 1 at (3700.00,920.00) startOffset 0 endOffset 11 width 75.00: "just a text"
      RenderSVGText {text} at (3800,920) size 75x22 contains 1 chunk(s)
        RenderSVGInlineText {#text} at (0,-17) size 75x22
          chunk 1 text run 1 at (3800.00,920.00) startOffset 0 endOffset 11 width 75.00: "just a text"
      RenderSVGText {text} at (3900,920) size 75x22 contains 1 chunk(s)
        RenderSVGInlineText {#text} at (0,-17) size 75x22
          chunk 1 text run 1 at (3900.00,920.00) startOffset 0 endOffset 11 width 75.00: "just a text"
      RenderSVGText {text} at (4000,920) size 75x22 contains 1 chunk(s)
        RenderSVGInlineText {#text} at (0,-17) size 75x22
          chunk 1 text run 1 at (4000.00,920.00) startOffset 0 endOffset 11 width 75.00: "just a text"
      RenderSVGText {text} at (4100,920) size 75x22 contains 1 chunk(s)
        RenderSVGInlineText {#text} at (0,-17) size 75x22
          chunk 1 text run 1 at (4100.00,920.00) startOffset 0 endOffset 11 width 75.00: "just a text"
      RenderSVGText {text} at (4200,920) size 75x22 contains 1 chunk(s)
        RenderSVGInlineText {#text} at (0,-17) size 75x22
          chunk 1 text run 1 at (4200.00,920.00) startOffset 0 endOffset 11 width 75.00: "just a text"
      RenderSVGText {text} at (4300,920) size 75x22 contains 1 chunk(s)
        RenderSVGInlineText {#text} at (0,-17) size 75x22
          chunk 1 text run 1 at (4300.00,920.00) startOffset 0 endOffset 11 width 75.00: "just a text"
      RenderSVGText {text} at (4400,920) size 75x22 contains 1 chunk(s)
        RenderSVGInlineText {#text} at (0,-17) size 75x22
          chunk 1 text run 1 at (4400.00,920.00) startOffset 0 endOffset 11 width 75.00: "just a text"
      RenderSVGText {text} at (4500,920) size 75x22 contains 1 chunk(s)
        RenderSVGInlineText {#text} at (0,-17) size 75x22
          chunk 1 text run 1 at (4500.00,920.00) startOffset 0 endOffset 11 width 75.00: "just a text"
      RenderSVGText {text} at (4600,920) size 75x22 contains 1 chunk(s)
        RenderSVGInlineText {#text} at (0,-17) size 75x22
          chunk 1 text run 1 at (4600.00,920.00) startOffset 0 endOffset 11 width 75.00: "just a text"
      RenderSVGText {text} at (4700,920) size 75x22 contains 1 chunk(s)
        RenderSVGInlineText {#text} at (0,-17) size 75x22
          chunk 1 text run 1 at (4700.00,920.00) startOffset 0 endOffset 11 width 75.00: "just a text"
      RenderSVGText {text} at (4800,920) size 75x22 contains 1 chunk(s)
        RenderSVGInlineText {#text} at (0,-17) size 75x22
          chunk 1 text run 1 at (4800.00,920.00) startOffset 0 endOffset 11 width 75.00: "just a text"
      RenderSVGText {text} at (4900,920) size 75x22 contains 1 chunk(s)
        RenderSVGInlineText {#text} at (0,-17) size 75x22
          chunk 1 text run 1 at (4900.00,920.00) startOffset 0 endOffset 11 width 75.00: "just a text"
      RenderSVGText {text} at (0,1020) size 75x22 contains 1 chunk(s)
        RenderSVGInlineText {#text} at (0,-17) size 75x22
          chunk 1 text run 1 at (0.00,1020.00) startOffset 0 endOffset 11 width 75.00: "just a text"
      RenderSVGText {text} at (100,1020) size 75x22 contains 1 chunk(s)
        RenderSVGInlineText {#text} at (0,-17) size 75x22
          chunk 1 text run 1 at (100.00,1020.00) startOffset 0 endOffset 11 width 75.00: "just a text"
      RenderSVGText {text} at (200,1020) size 75x22 contains 1 chunk(s)
        RenderSVGInlineText {#text} at (0,-17) size 75x22
          chunk 1 text run 1 at (200.00,1020.00) startOffset 0 endOffset 11 width 75.00: "just a text"
      RenderSVGText {text} at (300,1020) size 75x22 contains 1 chunk(s)
        RenderSVGInlineText {#text} at (0,-17) size 75x22
          chunk 1 text run 1 at (300.00,1020.00) startOffset 0 endOffset 11 width 75.00: "just a text"
      RenderSVGText {text} at (400,1020) size 75x22 contains 1 chunk(s)
        RenderSVGInlineText {#text} at (0,-17) size 75x22
          chunk 1 text run 1 at (400.00,1020.00) startOffset 0 endOffset 11 width 75.00: "just a text"
      RenderSVGText {text} at (500,1020) size 75x22 contains 1 chunk(s)
        RenderSVGInlineText {#text} at (0,-17) size 75x22
          chunk 1 text run 1 at (500.00,1020.00) startOffset 0 endOffset 11 width 75.00: "just a text"
      RenderSVGText {text} at (600,1020) size 75x22 contains 1 chunk(s)
        RenderSVGInlineText {#text} at (0,-17) size 75x22
          chunk 1 text run 1 at (600.00,1020.00) startOffset 0 endOffset 11 width 75.00: "just a text"
      RenderSVGText {text} at (700,1020) size 75x22 contains 1 chunk(s)
        RenderSVGInlineText {#text} at (0,-17) size 75x22
          chunk 1 text run 1 at (700.00,1020.00) startOffset 0 endOffset 11 width 75.00: "just a text"
      RenderSVGText {text} at (800,1020) size 75x22 contains 1 chunk(s)
        RenderSVGInlineText {#text} at (0,-17) size 75x22
          chunk 1 text run 1 at (800.00,1020.00) startOffset 0 endOffset 11 width 75.00: "just a text"
      RenderSVGText {text} at (900,1020) size 75x22 contains 1 chunk(s)
        RenderSVGInlineText {#text} at (0,-17) size 75x22
          chunk 1 text run 1 at (900.00,1020.00) startOffset 0 endOffset 11 width 75.00: "just a text"
      RenderSVGText {text} at (1000,1020) size 75x22 contains 1 chunk(s)
        RenderSVGInlineText {#text} at (0,-17) size 75x22
          chunk 1 text run 1 at (1000.00,1020.00) startOffset 0 endOffset 11 width 75.00: "just a text"
      RenderSVGText {text} at (1100,1020) size 75x22 contains 1 chunk(s)
        RenderSVGInlineText {#text} at (0,-17) size 75x22
          chunk 1 text run 1 at (1100.00,1020.00) startOffset 0 endOffset 11 width 75.00: "just a text"
      RenderSVGText {text} at (1200,1020) size 75x22 contains 1 chunk(s)
        RenderSVGInlineText {#text} at (0,-17) size 75x22
          chunk 1 text run 1 at (1200.00,1020.00) startOffset 0 endOffset 11 width 75.00: "just a text"
      RenderSVGText {text} at (1300,1020) size 75x22 contains 1 chunk(s)
        RenderSVGInlineText {#text} at (0,-17) size 75x22
          chunk 1 text run 1 at (1300.00,1020.00) startOffset 0 endOffset 11 width 75.00: "just a text"
      RenderSVGText {text} at (1400,1020) size 75x22 contains 1 chunk(s)
        RenderSVGInlineText {#text} at (0,-17) size 75x22
          chunk 1 text run 1 at (1400.00,1020.00) startOffset 0 endOffset 11 width 75.00: "just a text"
      RenderSVGText {text} at (1500,1020) size 75x22 contains 1 chunk(s)
        RenderSVGInlineText {#text} at (0,-17) size 75x22
          chunk 1 text run 1 at (1500.00,1020.00) startOffset 0 endOffset 11 width 75.00: "just a text"
      RenderSVGText {text} at (1600,1020) size 75x22 contains 1 chunk(s)
        RenderSVGInlineText {#text} at (0,-17) size 75x22
          chunk 1 text run 1 at (1600.00,1020.00) startOffset 0 endOffset 11 width 75.00: "just a text"
      RenderSVGText {text} at (1700,1020) size 75x22 contains 1 chunk(s)
        RenderSVGInlineText {#text} at (0,-17) size 75x22
          chunk 1 text run 1 at (1700.00,1020.00) startOffset 0 endOffset 11 width 75.00: "just a text"
      RenderSVGText {text} at (1800,1020) size 75x22 contains 1 chunk(s)
        RenderSVGInlineText {#text} at (0,-17) size 75x22
          chunk 1 text run 1 at (1800.00,1020.00) startOffset 0 endOffset 11 width 75.00: "just a text"
      RenderSVGText {text} at (1900,1020) size 75x22 contains 1 chunk(s)
        RenderSVGInlineText {#text} at (0,-17) size 75x22
          chunk 1 text run 1 at (1900.00,1020.00) startOffset 0 endOffset 11 width 75.00: "just a text"
      RenderSVGText {text} at (2000,1020) size 75x22 contains 1 chunk(s)
        RenderSVGInlineText {#text} at (0,-17) size 75x22
          chunk 1 text run 1 at (2000.00,1020.00) startOffset 0 endOffset 11 width 75.00: "just a text"
      RenderSVGText {text} at (2100,1020) size 75x22 contains 1 chunk(s)
        RenderSVGInlineText {#text} at (0,-17) size 75x22
          chunk 1 text run 1 at (2100.00,1020.00) startOffset 0 endOffset 11 width 75.00: "just a text"
      RenderSVGText {text} at (2200,1020) size 75x22 contains 1 chunk(s)
        RenderSVGInlineText {#text} at (0,-17) size 75x22
          chunk 1 text run 1 at (2200.00,1020.00) startOffset 0 endOffset 11 width 75.00: "just a text"
      RenderSVGText {text} at (2300,1020) size 75x22 contains 1 chunk(s)
        RenderSVGInlineText {#text} at (0,-17) size 75x22
          chunk 1 text run 1 at (2300.00,1020.00) startOffset 0 endOffset 11 width 75.00: "just a text"
      RenderSVGText {text} at (2400,1020) size 75x22 contains 1 chunk(s)
        RenderSVGInlineText {#text} at (0,-17) size 75x22
          chunk 1 text run 1 at (2400.00,1020.00) startOffset 0 endOffset 11 width 75.00: "just a text"
      RenderSVGText {text} at (2500,1020) size 75x22 contains 1 chunk(s)
        RenderSVGInlineText {#text} at (0,-17) size 75x22
          chunk 1 text run 1 at (2500.00,1020.00) startOffset 0 endOffset 11 width 75.00: "just a text"
      RenderSVGText {text} at (2600,1020) size 75x22 contains 1 chunk(s)
        RenderSVGInlineText {#text} at (0,-17) size 75x22
          chunk 1 text run 1 at (2600.00,1020.00) startOffset 0 endOffset 11 width 75.00: "just a text"
      RenderSVGText {text} at (2700,1020) size 75x22 contains 1 chunk(s)
        RenderSVGInlineText {#text} at (0,-17) size 75x22
          chunk 1 text run 1 at (2700.00,1020.00) startOffset 0 endOffset 11 width 75.00: "just a text"
      RenderSVGText {text} at (2800,1020) size 75x22 contains 1 chunk(s)
        RenderSVGInlineText {#text} at (0,-17) size 75x22
          chunk 1 text run 1 at (2800.00,1020.00) startOffset 0 endOffset 11 width 75.00: "just a text"
      RenderSVGText {text} at (2900,1020) size 75x22 contains 1 chunk(s)
        RenderSVGInlineText {#text} at (0,-17) size 75x22
          chunk 1 text run 1 at (2900.00,1020.00) startOffset 0 endOffset 11 width 75.00: "just a text"
      RenderSVGText {text} at (3000,1020) size 75x22 contains 1 chunk(s)
        RenderSVGInlineText {#text} at (0,-17) size 75x22
          chunk 1 text run 1 at (3000.00,1020.00) startOffset 0 endOffset 11 width 75.00: "just a text"
      RenderSVGText {text} at (3100,1020) size 75x22 contains 1 chunk(s)
        RenderSVGInlineText {#text} at (0,-17) size 75x22
          chunk 1 text run 1 at (3100.00,1020.00) startOffset 0 endOffset 11 width 75.00: "just a text"
      RenderSVGText {text} at (3200,1020) size 75x22 contains 1 chunk(s)
        RenderSVGInlineText {#text} at (0,-17) size 75x22
          chunk 1 text run 1 at (3200.00,1020.00) startOffset 0 endOffset 11 width 75.00: "just a text"
      RenderSVGText {text} at (3300,1020) size 75x22 contains 1 chunk(s)
        RenderSVGInlineText {#text} at (0,-17) size 75x22
          chunk 1 text run 1 at (3300.00,1020.00) startOffset 0 endOffset 11 width 75.00: "just a text"
      RenderSVGText {text} at (3400,1020) size 75x22 contains 1 chunk(s)
        RenderSVGInlineText {#text} at (0,-17) size 75x22
          chunk 1 text run 1 at (3400.00,1020.00) startOffset 0 endOffset 11 width 75.00: "just a text"
      RenderSVGText {text} at (3500,1020) size 75x22 contains 1 chunk(s)
        RenderSVGInlineText {#text} at (0,-17) size 75x22
          chunk 1 text run 1 at (3500.00,1020.00) startOffset 0 endOffset 11 width 75.00: "just a text"
      RenderSVGText {text} at (3600,1020) size 75x22 contains 1 chunk(s)
        RenderSVGInlineText {#text} at (0,-17) size 75x22
          chunk 1 text run 1 at (3600.00,1020.00) startOffset 0 endOffset 11 width 75.00: "just a text"
      RenderSVGText {text} at (3700,1020) size 75x22 contains 1 chunk(s)
        RenderSVGInlineText {#text} at (0,-17) size 75x22
          chunk 1 text run 1 at (3700.00,1020.00) startOffset 0 endOffset 11 width 75.00: "just a text"
      RenderSVGText {text} at (3800,1020) size 75x22 contains 1 chunk(s)
        RenderSVGInlineText {#text} at (0,-17) size 75x22
          chunk 1 text run 1 at (3800.00,1020.00) startOffset 0 endOffset 11 width 75.00: "just a text"
      RenderSVGText {text} at (3900,1020) size 75x22 contains 1 chunk(s)
        RenderSVGInlineText {#text} at (0,-17) size 75x22
          chunk 1 text run 1 at (3900.00,1020.00) startOffset 0 endOffset 11 width 75.00: "just a text"
      RenderSVGText {text} at (4000,1020) size 75x22 contains 1 chunk(s)
        RenderSVGInlineText {#text} at (0,-17) size 75x22
          chunk 1 text run 1 at (4000.00,1020.00) startOffset 0 endOffset 11 width 75.00: "just a text"
      RenderSVGText {text} at (4100,1020) size 75x22 contains 1 chunk(s)
        RenderSVGInlineText {#text} at (0,-17) size 75x22
          chunk 1 text run 1 at (4100.00,1020.00) startOffset 0 endOffset 11 width 75.00: "just a text"
      RenderSVGText {text} at (4200,1020) size 75x22 contains 1 chunk(s)
        RenderSVGInlineText {#text} at (0,-17) size 75x22
          chunk 1 text run 1 at (4200.00,1020.00) startOffset 0 endOffset 11 width 75.00: "just a text"
      RenderSVGText {text} at (4300,1020) size 75x22 contains 1 chunk(s)
        RenderSVGInlineText {#text} at (0,-17) size 75x22
          chunk 1 text run 1 at (4300.00,1020.00) startOffset 0 endOffset 11 width 75.00: "just a text"
      RenderSVGText {text} at (4400,1020) size 75x22 contains 1 chunk(s)
        RenderSVGInlineText {#text} at (0,-17) size 75x22
          chunk 1 text run 1 at (4400.00,1020.00) startOffset 0 endOffset 11 width 75.00: "just a text"
      RenderSVGText {text} at (4500,1020) size 75x22 contains 1 chunk(s)
        RenderSVGInlineText {#text} at (0,-17) size 75x22
          chunk 1 text run 1 at (4500.00,1020.00) startOffset 0 endOffset 11 width 75.00: "just a text"
      RenderSVGText {text} at (4600,1020) size 75x22 contains 1 chunk(s)
        RenderSVGInlineText {#text} at (0,-17) size 75x22
          chunk 1 text run 1 at (4600.00,1020.00) startOffset 0 endOffset 11 width 75.00: "just a text"
      RenderSVGText {text} at (4700,1020) size 75x22 contains 1 chunk(s)
        RenderSVGInlineText {#text} at (0,-17) size 75x22
          chunk 1 text run 1 at (4700.00,1020.00) startOffset 0 endOffset 11 width 75.00: "just a text"
      RenderSVGText {text} at (4800,1020) size 75x22 contains 1 chunk(s)
        RenderSVGInlineText {#text} at (0,-17) size 75x22
          chunk 1 text run 1 at (4800.00,1020.00) startOffset 0 endOffset 11 width 75.00: "just a text"
      RenderSVGText {text} at (4900,1020) size 75x22 contains 1 chunk(s)
        RenderSVGInlineText {#text} at (0,-17) size 75x22
          chunk 1 text run 1 at (4900.00,1020.00) startOffset 0 endOffset 11 width 75.00: "just a text"
      RenderSVGText {text} at (0,1120) size 75x22 contains 1 chunk(s)
        RenderSVGInlineText {#text} at (0,-17) size 75x22
          chunk 1 text run 1 at (0.00,1120.00) startOffset 0 endOffset 11 width 75.00: "just a text"
      RenderSVGText {text} at (100,1120) size 75x22 contains 1 chunk(s)
        RenderSVGInlineText {#text} at (0,-17) size 75x22
          chunk 1 text run 1 at (100.00,1120.00) startOffset 0 endOffset 11 width 75.00: "just a text"
      RenderSVGText {text} at (200,1120) size 75x22 contains 1 chunk(s)
        RenderSVGInlineText {#text} at (0,-17) size 75x22
          chunk 1 text run 1 at (200.00,1120.00) startOffset 0 endOffset 11 width 75.00: "just a text"
      RenderSVGText {text} at (300,1120) size 75x22 contains 1 chunk(s)
        RenderSVGInlineText {#text} at (0,-17) size 75x22
          chunk 1 text run 1 at (300.00,1120.00) startOffset 0 endOffset 11 width 75.00: "just a text"
      RenderSVGText {text} at (400,1120) size 75x22 contains 1 chunk(s)
        RenderSVGInlineText {#text} at (0,-17) size 75x22
          chunk 1 text run 1 at (400.00,1120.00) startOffset 0 endOffset 11 width 75.00: "just a text"
      RenderSVGText {text} at (500,1120) size 75x22 contains 1 chunk(s)
        RenderSVGInlineText {#text} at (0,-17) size 75x22
          chunk 1 text run 1 at (500.00,1120.00) startOffset 0 endOffset 11 width 75.00: "just a text"
      RenderSVGText {text} at (600,1120) size 75x22 contains 1 chunk(s)
        RenderSVGInlineText {#text} at (0,-17) size 75x22
          chunk 1 text run 1 at (600.00,1120.00) startOffset 0 endOffset 11 width 75.00: "just a text"
      RenderSVGText {text} at (700,1120) size 75x22 contains 1 chunk(s)
        RenderSVGInlineText {#text} at (0,-17) size 75x22
          chunk 1 text run 1 at (700.00,1120.00) startOffset 0 endOffset 11 width 75.00: "just a text"
      RenderSVGText {text} at (800,1120) size 75x22 contains 1 chunk(s)
        RenderSVGInlineText {#text} at (0,-17) size 75x22
          chunk 1 text run 1 at (800.00,1120.00) startOffset 0 endOffset 11 width 75.00: "just a text"
      RenderSVGText {text} at (900,1120) size 75x22 contains 1 chunk(s)
        RenderSVGInlineText {#text} at (0,-17) size 75x22
          chunk 1 text run 1 at (900.00,1120.00) startOffset 0 endOffset 11 width 75.00: "just a text"
      RenderSVGText {text} at (1000,1120) size 75x22 contains 1 chunk(s)
        RenderSVGInlineText {#text} at (0,-17) size 75x22
          chunk 1 text run 1 at (1000.00,1120.00) startOffset 0 endOffset 11 width 75.00: "just a text"
      RenderSVGText {text} at (1100,1120) size 75x22 contains 1 chunk(s)
        RenderSVGInlineText {#text} at (0,-17) size 75x22
          chunk 1 text run 1 at (1100.00,1120.00) startOffset 0 endOffset 11 width 75.00: "just a text"
      RenderSVGText {text} at (1200,1120) size 75x22 contains 1 chunk(s)
        RenderSVGInlineText {#text} at (0,-17) size 75x22
          chunk 1 text run 1 at (1200.00,1120.00) startOffset 0 endOffset 11 width 75.00: "just a text"
      RenderSVGText {text} at (1300,1120) size 75x22 contains 1 chunk(s)
        RenderSVGInlineText {#text} at (0,-17) size 75x22
          chunk 1 text run 1 at (1300.00,1120.00) startOffset 0 endOffset 11 width 75.00: "just a text"
      RenderSVGText {text} at (1400,1120) size 75x22 contains 1 chunk(s)
        RenderSVGInlineText {#text} at (0,-17) size 75x22
          chunk 1 text run 1 at (1400.00,1120.00) startOffset 0 endOffset 11 width 75.00: "just a text"
      RenderSVGText {text} at (1500,1120) size 75x22 contains 1 chunk(s)
        RenderSVGInlineText {#text} at (0,-17) size 75x22
          chunk 1 text run 1 at (1500.00,1120.00) startOffset 0 endOffset 11 width 75.00: "just a text"
      RenderSVGText {text} at (1600,1120) size 75x22 contains 1 chunk(s)
        RenderSVGInlineText {#text} at (0,-17) size 75x22
          chunk 1 text run 1 at (1600.00,1120.00) startOffset 0 endOffset 11 width 75.00: "just a text"
      RenderSVGText {text} at (1700,1120) size 75x22 contains 1 chunk(s)
        RenderSVGInlineText {#text} at (0,-17) size 75x22
          chunk 1 text run 1 at (1700.00,1120.00) startOffset 0 endOffset 11 width 75.00: "just a text"
      RenderSVGText {text} at (1800,1120) size 75x22 contains 1 chunk(s)
        RenderSVGInlineText {#text} at (0,-17) size 75x22
          chunk 1 text run 1 at (1800.00,1120.00) startOffset 0 endOffset 11 width 75.00: "just a text"
      RenderSVGText {text} at (1900,1120) size 75x22 contains 1 chunk(s)
        RenderSVGInlineText {#text} at (0,-17) size 75x22
          chunk 1 text run 1 at (1900.00,1120.00) startOffset 0 endOffset 11 width 75.00: "just a text"
      RenderSVGText {text} at (2000,1120) size 75x22 contains 1 chunk(s)
        RenderSVGInlineText {#text} at (0,-17) size 75x22
          chunk 1 text run 1 at (2000.00,1120.00) startOffset 0 endOffset 11 width 75.00: "just a text"
      RenderSVGText {text} at (2100,1120) size 75x22 contains 1 chunk(s)
        RenderSVGInlineText {#text} at (0,-17) size 75x22
          chunk 1 text run 1 at (2100.00,1120.00) startOffset 0 endOffset 11 width 75.00: "just a text"
      RenderSVGText {text} at (2200,1120) size 75x22 contains 1 chunk(s)
        RenderSVGInlineText {#text} at (0,-17) size 75x22
          chunk 1 text run 1 at (2200.00,1120.00) startOffset 0 endOffset 11 width 75.00: "just a text"
      RenderSVGText {text} at (2300,1120) size 75x22 contains 1 chunk(s)
        RenderSVGInlineText {#text} at (0,-17) size 75x22
          chunk 1 text run 1 at (2300.00,1120.00) startOffset 0 endOffset 11 width 75.00: "just a text"
      RenderSVGText {text} at (2400,1120) size 75x22 contains 1 chunk(s)
        RenderSVGInlineText {#text} at (0,-17) size 75x22
          chunk 1 text run 1 at (2400.00,1120.00) startOffset 0 endOffset 11 width 75.00: "just a text"
      RenderSVGText {text} at (2500,1120) size 75x22 contains 1 chunk(s)
        RenderSVGInlineText {#text} at (0,-17) size 75x22
          chunk 1 text run 1 at (2500.00,1120.00) startOffset 0 endOffset 11 width 75.00: "just a text"
      RenderSVGText {text} at (2600,1120) size 75x22 contains 1 chunk(s)
        RenderSVGInlineText {#text} at (0,-17) size 75x22
          chunk 1 text run 1 at (2600.00,1120.00) startOffset 0 endOffset 11 width 75.00: "just a text"
      RenderSVGText {text} at (2700,1120) size 75x22 contains 1 chunk(s)
        RenderSVGInlineText {#text} at (0,-17) size 75x22
          chunk 1 text run 1 at (2700.00,1120.00) startOffset 0 endOffset 11 width 75.00: "just a text"
      RenderSVGText {text} at (2800,1120) size 75x22 contains 1 chunk(s)
        RenderSVGInlineText {#text} at (0,-17) size 75x22
          chunk 1 text run 1 at (2800.00,1120.00) startOffset 0 endOffset 11 width 75.00: "just a text"
      RenderSVGText {text} at (2900,1120) size 75x22 contains 1 chunk(s)
        RenderSVGInlineText {#text} at (0,-17) size 75x22
          chunk 1 text run 1 at (2900.00,1120.00) startOffset 0 endOffset 11 width 75.00: "just a text"
      RenderSVGText {text} at (3000,1120) size 75x22 contains 1 chunk(s)
        RenderSVGInlineText {#text} at (0,-17) size 75x22
          chunk 1 text run 1 at (3000.00,1120.00) startOffset 0 endOffset 11 width 75.00: "just a text"
      RenderSVGText {text} at (3100,1120) size 75x22 contains 1 chunk(s)
        RenderSVGInlineText {#text} at (0,-17) size 75x22
          chunk 1 text run 1 at (3100.00,1120.00) startOffset 0 endOffset 11 width 75.00: "just a text"
      RenderSVGText {text} at (3200,1120) size 75x22 contains 1 chunk(s)
        RenderSVGInlineText {#text} at (0,-17) size 75x22
          chunk 1 text run 1 at (3200.00,1120.00) startOffset 0 endOffset 11 width 75.00: "just a text"
      RenderSVGText {text} at (3300,1120) size 75x22 contains 1 chunk(s)
        RenderSVGInlineText {#text} at (0,-17) size 75x22
          chunk 1 text run 1 at (3300.00,1120.00) startOffset 0 endOffset 11 width 75.00: "just a text"
      RenderSVGText {text} at (3400,1120) size 75x22 contains 1 chunk(s)
        RenderSVGInlineText {#text} at (0,-17) size 75x22
          chunk 1 text run 1 at (3400.00,1120.00) startOffset 0 endOffset 11 width 75.00: "just a text"
      RenderSVGText {text} at (3500,1120) size 75x22 contains 1 chunk(s)
        RenderSVGInlineText {#text} at (0,-17) size 75x22
          chunk 1 text run 1 at (3500.00,1120.00) startOffset 0 endOffset 11 width 75.00: "just a text"
      RenderSVGText {text} at (3600,1120) size 75x22 contains 1 chunk(s)
        RenderSVGInlineText {#text} at (0,-17) size 75x22
          chunk 1 text run 1 at (3600.00,1120.00) startOffset 0 endOffset 11 width 75.00: "just a text"
      RenderSVGText {text} at (3700,1120) size 75x22 contains 1 chunk(s)
        RenderSVGInlineText {#text} at (0,-17) size 75x22
          chunk 1 text run 1 at (3700.00,1120.00) startOffset 0 endOffset 11 width 75.00: "just a text"
      RenderSVGText {text} at (3800,1120) size 75x22 contains 1 chunk(s)
        RenderSVGInlineText {#text} at (0,-17) size 75x22
          chunk 1 text run 1 at (3800.00,1120.00) startOffset 0 endOffset 11 width 75.00: "just a text"
      RenderSVGText {text} at (3900,1120) size 75x22 contains 1 chunk(s)
        RenderSVGInlineText {#text} at (0,-17) size 75x22
          chunk 1 text run 1 at (3900.00,1120.00) startOffset 0 endOffset 11 width 75.00: "just a text"
      RenderSVGText {text} at (4000,1120) size 75x22 contains 1 chunk(s)
        RenderSVGInlineText {#text} at (0,-17) size 75x22
          chunk 1 text run 1 at (4000.00,1120.00) startOffset 0 endOffset 11 width 75.00: "just a text"
      RenderSVGText {text} at (4100,1120) size 75x22 contains 1 chunk(s)
        RenderSVGInlineText {#text} at (0,-17) size 75x22
          chunk 1 text run 1 at (4100.00,1120.00) startOffset 0 endOffset 11 width 75.00: "just a text"
      RenderSVGText {text} at (4200,1120) size 75x22 contains 1 chunk(s)
        RenderSVGInlineText {#text} at (0,-17) size 75x22
          chunk 1 text run 1 at (4200.00,1120.00) startOffset 0 endOffset 11 width 75.00: "just a text"
      RenderSVGText {text} at (4300,1120) size 75x22 contains 1 chunk(s)
        RenderSVGInlineText {#text} at (0,-17) size 75x22
          chunk 1 text run 1 at (4300.00,1120.00) startOffset 0 endOffset 11 width 75.00: "just a text"
      RenderSVGText {text} at (4400,1120) size 75x22 contains 1 chunk(s)
        RenderSVGInlineText {#text} at (0,-17) size 75x22
          chunk 1 text run 1 at (4400.00,1120.00) startOffset 0 endOffset 11 width 75.00: "just a text"
      RenderSVGText {text} at (4500,1120) size 75x22 contains 1 chunk(s)
        RenderSVGInlineText {#text} at (0,-17) size 75x22
          chunk 1 text run 1 at (4500.00,1120.00) startOffset 0 endOffset 11 width 75.00: "just a text"
      RenderSVGText {text} at (4600,1120) size 75x22 contains 1 chunk(s)
        RenderSVGInlineText {#text} at (0,-17) size 75x22
          chunk 1 text run 1 at (4600.00,1120.00) startOffset 0 endOffset 11 width 75.00: "just a text"
      RenderSVGText {text} at (4700,1120) size 75x22 contains 1 chunk(s)
        RenderSVGInlineText {#text} at (0,-17) size 75x22
          chunk 1 text run 1 at (4700.00,1120.00) startOffset 0 endOffset 11 width 75.00: "just a text"
      RenderSVGText {text} at (4800,1120) size 75x22 contains 1 chunk(s)
        RenderSVGInlineText {#text} at (0,-17) size 75x22
          chunk 1 text run 1 at (4800.00,1120.00) startOffset 0 endOffset 11 width 75.00: "just a text"
      RenderSVGText {text} at (4900,1120) size 75x22 contains 1 chunk(s)
        RenderSVGInlineText {#text} at (0,-17) size 75x22
          chunk 1 text run 1 at (4900.00,1120.00) startOffset 0 endOffset 11 width 75.00: "just a text"
      RenderSVGText {text} at (0,1220) size 75x22 contains 1 chunk(s)
        RenderSVGInlineText {#text} at (0,-17) size 75x22
          chunk 1 text run 1 at (0.00,1220.00) startOffset 0 endOffset 11 width 75.00: "just a text"
      RenderSVGText {text} at (100,1220) size 75x22 contains 1 chunk(s)
        RenderSVGInlineText {#text} at (0,-17) size 75x22
          chunk 1 text run 1 at (100.00,1220.00) startOffset 0 endOffset 11 width 75.00: "just a text"
      RenderSVGText {text} at (200,1220) size 75x22 contains 1 chunk(s)
        RenderSVGInlineText {#text} at (0,-17) size 75x22
          chunk 1 text run 1 at (200.00,1220.00) startOffset 0 endOffset 11 width 75.00: "just a text"
      RenderSVGText {text} at (300,1220) size 75x22 contains 1 chunk(s)
        RenderSVGInlineText {#text} at (0,-17) size 75x22
          chunk 1 text run 1 at (300.00,1220.00) startOffset 0 endOffset 11 width 75.00: "just a text"
      RenderSVGText {text} at (400,1220) size 75x22 contains 1 chunk(s)
        RenderSVGInlineText {#text} at (0,-17) size 75x22
          chunk 1 text run 1 at (400.00,1220.00) startOffset 0 endOffset 11 width 75.00: "just a text"
      RenderSVGText {text} at (500,1220) size 75x22 contains 1 chunk(s)
        RenderSVGInlineText {#text} at (0,-17) size 75x22
          chunk 1 text run 1 at (500.00,1220.00) startOffset 0 endOffset 11 width 75.00: "just a text"
      RenderSVGText {text} at (600,1220) size 75x22 contains 1 chunk(s)
        RenderSVGInlineText {#text} at (0,-17) size 75x22
          chunk 1 text run 1 at (600.00,1220.00) startOffset 0 endOffset 11 width 75.00: "just a text"
      RenderSVGText {text} at (700,1220) size 75x22 contains 1 chunk(s)
        RenderSVGInlineText {#text} at (0,-17) size 75x22
          chunk 1 text run 1 at (700.00,1220.00) startOffset 0 endOffset 11 width 75.00: "just a text"
      RenderSVGText {text} at (800,1220) size 75x22 contains 1 chunk(s)
        RenderSVGInlineText {#text} at (0,-17) size 75x22
          chunk 1 text run 1 at (800.00,1220.00) startOffset 0 endOffset 11 width 75.00: "just a text"
      RenderSVGText {text} at (900,1220) size 75x22 contains 1 chunk(s)
        RenderSVGInlineText {#text} at (0,-17) size 75x22
          chunk 1 text run 1 at (900.00,1220.00) startOffset 0 endOffset 11 width 75.00: "just a text"
      RenderSVGText {text} at (1000,1220) size 75x22 contains 1 chunk(s)
        RenderSVGInlineText {#text} at (0,-17) size 75x22
          chunk 1 text run 1 at (1000.00,1220.00) startOffset 0 endOffset 11 width 75.00: "just a text"
      RenderSVGText {text} at (1100,1220) size 75x22 contains 1 chunk(s)
        RenderSVGInlineText {#text} at (0,-17) size 75x22
          chunk 1 text run 1 at (1100.00,1220.00) startOffset 0 endOffset 11 width 75.00: "just a text"
      RenderSVGText {text} at (1200,1220) size 75x22 contains 1 chunk(s)
        RenderSVGInlineText {#text} at (0,-17) size 75x22
          chunk 1 text run 1 at (1200.00,1220.00) startOffset 0 endOffset 11 width 75.00: "just a text"
      RenderSVGText {text} at (1300,1220) size 75x22 contains 1 chunk(s)
        RenderSVGInlineText {#text} at (0,-17) size 75x22
          chunk 1 text run 1 at (1300.00,1220.00) startOffset 0 endOffset 11 width 75.00: "just a text"
      RenderSVGText {text} at (1400,1220) size 75x22 contains 1 chunk(s)
        RenderSVGInlineText {#text} at (0,-17) size 75x22
          chunk 1 text run 1 at (1400.00,1220.00) startOffset 0 endOffset 11 width 75.00: "just a text"
      RenderSVGText {text} at (1500,1220) size 75x22 contains 1 chunk(s)
        RenderSVGInlineText {#text} at (0,-17) size 75x22
          chunk 1 text run 1 at (1500.00,1220.00) startOffset 0 endOffset 11 width 75.00: "just a text"
      RenderSVGText {text} at (1600,1220) size 75x22 contains 1 chunk(s)
        RenderSVGInlineText {#text} at (0,-17) size 75x22
          chunk 1 text run 1 at (1600.00,1220.00) startOffset 0 endOffset 11 width 75.00: "just a text"
      RenderSVGText {text} at (1700,1220) size 75x22 contains 1 chunk(s)
        RenderSVGInlineText {#text} at (0,-17) size 75x22
          chunk 1 text run 1 at (1700.00,1220.00) startOffset 0 endOffset 11 width 75.00: "just a text"
      RenderSVGText {text} at (1800,1220) size 75x22 contains 1 chunk(s)
        RenderSVGInlineText {#text} at (0,-17) size 75x22
          chunk 1 text run 1 at (1800.00,1220.00) startOffset 0 endOffset 11 width 75.00: "just a text"
      RenderSVGText {text} at (1900,1220) size 75x22 contains 1 chunk(s)
        RenderSVGInlineText {#text} at (0,-17) size 75x22
          chunk 1 text run 1 at (1900.00,1220.00) startOffset 0 endOffset 11 width 75.00: "just a text"
      RenderSVGText {text} at (2000,1220) size 75x22 contains 1 chunk(s)
        RenderSVGInlineText {#text} at (0,-17) size 75x22
          chunk 1 text run 1 at (2000.00,1220.00) startOffset 0 endOffset 11 width 75.00: "just a text"
      RenderSVGText {text} at (2100,1220) size 75x22 contains 1 chunk(s)
        RenderSVGInlineText {#text} at (0,-17) size 75x22
          chunk 1 text run 1 at (2100.00,1220.00) startOffset 0 endOffset 11 width 75.00: "just a text"
      RenderSVGText {text} at (2200,1220) size 75x22 contains 1 chunk(s)
        RenderSVGInlineText {#text} at (0,-17) size 75x22
          chunk 1 text run 1 at (2200.00,1220.00) startOffset 0 endOffset 11 width 75.00: "just a text"
      RenderSVGText {text} at (2300,1220) size 75x22 contains 1 chunk(s)
        RenderSVGInlineText {#text} at (0,-17) size 75x22
          chunk 1 text run 1 at (2300.00,1220.00) startOffset 0 endOffset 11 width 75.00: "just a text"
      RenderSVGText {text} at (2400,1220) size 75x22 contains 1 chunk(s)
        RenderSVGInlineText {#text} at (0,-17) size 75x22
          chunk 1 text run 1 at (2400.00,1220.00) startOffset 0 endOffset 11 width 75.00: "just a text"
      RenderSVGText {text} at (2500,1220) size 75x22 contains 1 chunk(s)
        RenderSVGInlineText {#text} at (0,-17) size 75x22
          chunk 1 text run 1 at (2500.00,1220.00) startOffset 0 endOffset 11 width 75.00: "just a text"
      RenderSVGText {text} at (2600,1220) size 75x22 contains 1 chunk(s)
        RenderSVGInlineText {#text} at (0,-17) size 75x22
          chunk 1 text run 1 at (2600.00,1220.00) startOffset 0 endOffset 11 width 75.00: "just a text"
      RenderSVGText {text} at (2700,1220) size 75x22 contains 1 chunk(s)
        RenderSVGInlineText {#text} at (0,-17) size 75x22
          chunk 1 text run 1 at (2700.00,1220.00) startOffset 0 endOffset 11 width 75.00: "just a text"
      RenderSVGText {text} at (2800,1220) size 75x22 contains 1 chunk(s)
        RenderSVGInlineText {#text} at (0,-17) size 75x22
          chunk 1 text run 1 at (2800.00,1220.00) startOffset 0 endOffset 11 width 75.00: "just a text"
      RenderSVGText {text} at (2900,1220) size 75x22 contains 1 chunk(s)
        RenderSVGInlineText {#text} at (0,-17) size 75x22
          chunk 1 text run 1 at (2900.00,1220.00) startOffset 0 endOffset 11 width 75.00: "just a text"
      RenderSVGText {text} at (3000,1220) size 75x22 contains 1 chunk(s)
        RenderSVGInlineText {#text} at (0,-17) size 75x22
          chunk 1 text run 1 at (3000.00,1220.00) startOffset 0 endOffset 11 width 75.00: "just a text"
      RenderSVGText {text} at (3100,1220) size 75x22 contains 1 chunk(s)
        RenderSVGInlineText {#text} at (0,-17) size 75x22
          chunk 1 text run 1 at (3100.00,1220.00) startOffset 0 endOffset 11 width 75.00: "just a text"
      RenderSVGText {text} at (3200,1220) size 75x22 contains 1 chunk(s)
        RenderSVGInlineText {#text} at (0,-17) size 75x22
          chunk 1 text run 1 at (3200.00,1220.00) startOffset 0 endOffset 11 width 75.00: "just a text"
      RenderSVGText {text} at (3300,1220) size 75x22 contains 1 chunk(s)
        RenderSVGInlineText {#text} at (0,-17) size 75x22
          chunk 1 text run 1 at (3300.00,1220.00) startOffset 0 endOffset 11 width 75.00: "just a text"
      RenderSVGText {text} at (3400,1220) size 75x22 contains 1 chunk(s)
        RenderSVGInlineText {#text} at (0,-17) size 75x22
          chunk 1 text run 1 at (3400.00,1220.00) startOffset 0 endOffset 11 width 75.00: "just a text"
      RenderSVGText {text} at (3500,1220) size 75x22 contains 1 chunk(s)
        RenderSVGInlineText {#text} at (0,-17) size 75x22
          chunk 1 text run 1 at (3500.00,1220.00) startOffset 0 endOffset 11 width 75.00: "just a text"
      RenderSVGText {text} at (3600,1220) size 75x22 contains 1 chunk(s)
        RenderSVGInlineText {#text} at (0,-17) size 75x22
          chunk 1 text run 1 at (3600.00,1220.00) startOffset 0 endOffset 11 width 75.00: "just a text"
      RenderSVGText {text} at (3700,1220) size 75x22 contains 1 chunk(s)
        RenderSVGInlineText {#text} at (0,-17) size 75x22
          chunk 1 text run 1 at (3700.00,1220.00) startOffset 0 endOffset 11 width 75.00: "just a text"
      RenderSVGText {text} at (3800,1220) size 75x22 contains 1 chunk(s)
        RenderSVGInlineText {#text} at (0,-17) size 75x22
          chunk 1 text run 1 at (3800.00,1220.00) startOffset 0 endOffset 11 width 75.00: "just a text"
      RenderSVGText {text} at (3900,1220) size 75x22 contains 1 chunk(s)
        RenderSVGInlineText {#text} at (0,-17) size 75x22
          chunk 1 text run 1 at (3900.00,1220.00) startOffset 0 endOffset 11 width 75.00: "just a text"
      RenderSVGText {text} at (4000,1220) size 75x22 contains 1 chunk(s)
        RenderSVGInlineText {#text} at (0,-17) size 75x22
          chunk 1 text run 1 at (4000.00,1220.00) startOffset 0 endOffset 11 width 75.00: "just a text"
      RenderSVGText {text} at (4100,1220) size 75x22 contains 1 chunk(s)
        RenderSVGInlineText {#text} at (0,-17) size 75x22
          chunk 1 text run 1 at (4100.00,1220.00) startOffset 0 endOffset 11 width 75.00: "just a text"
      RenderSVGText {text} at (4200,1220) size 75x22 contains 1 chunk(s)
        RenderSVGInlineText {#text} at (0,-17) size 75x22
          chunk 1 text run 1 at (4200.00,1220.00) startOffset 0 endOffset 11 width 75.00: "just a text"
      RenderSVGText {text} at (4300,1220) size 75x22 contains 1 chunk(s)
        RenderSVGInlineText {#text} at (0,-17) size 75x22
          chunk 1 text run 1 at (4300.00,1220.00) startOffset 0 endOffset 11 width 75.00: "just a text"
      RenderSVGText {text} at (4400,1220) size 75x22 contains 1 chunk(s)
        RenderSVGInlineText {#text} at (0,-17) size 75x22
          chunk 1 text run 1 at (4400.00,1220.00) startOffset 0 endOffset 11 width 75.00: "just a text"
      RenderSVGText {text} at (4500,1220) size 75x22 contains 1 chunk(s)
        RenderSVGInlineText {#text} at (0,-17) size 75x22
          chunk 1 text run 1 at (4500.00,1220.00) startOffset 0 endOffset 11 width 75.00: "just a text"
      RenderSVGText {text} at (4600,1220) size 75x22 contains 1 chunk(s)
        RenderSVGInlineText {#text} at (0,-17) size 75x22
          chunk 1 text run 1 at (4600.00,1220.00) startOffset 0 endOffset 11 width 75.00: "just a text"
      RenderSVGText {text} at (4700,1220) size 75x22 contains 1 chunk(s)
        RenderSVGInlineText {#text} at (0,-17) size 75x22
          chunk 1 text run 1 at (4700.00,1220.00) startOffset 0 endOffset 11 width 75.00: "just a text"
      RenderSVGText {text} at (4800,1220) size 75x22 contains 1 chunk(s)
        RenderSVGInlineText {#text} at (0,-17) size 75x22
          chunk 1 text run 1 at (4800.00,1220.00) startOffset 0 endOffset 11 width 75.00: "just a text"
      RenderSVGText {text} at (4900,1220) size 75x22 contains 1 chunk(s)
        RenderSVGInlineText {#text} at (0,-17) size 75x22
          chunk 1 text run 1 at (4900.00,1220.00) startOffset 0 endOffset 11 width 75.00: "just a text"
      RenderSVGText {text} at (0,1320) size 75x22 contains 1 chunk(s)
        RenderSVGInlineText {#text} at (0,-17) size 75x22
          chunk 1 text run 1 at (0.00,1320.00) startOffset 0 endOffset 11 width 75.00: "just a text"
      RenderSVGText {text} at (100,1320) size 75x22 contains 1 chunk(s)
        RenderSVGInlineText {#text} at (0,-17) size 75x22
          chunk 1 text run 1 at (100.00,1320.00) startOffset 0 endOffset 11 width 75.00: "just a text"
      RenderSVGText {text} at (200,1320) size 75x22 contains 1 chunk(s)
        RenderSVGInlineText {#text} at (0,-17) size 75x22
          chunk 1 text run 1 at (200.00,1320.00) startOffset 0 endOffset 11 width 75.00: "just a text"
      RenderSVGText {text} at (300,1320) size 75x22 contains 1 chunk(s)
        RenderSVGInlineText {#text} at (0,-17) size 75x22
          chunk 1 text run 1 at (300.00,1320.00) startOffset 0 endOffset 11 width 75.00: "just a text"
      RenderSVGText {text} at (400,1320) size 75x22 contains 1 chunk(s)
        RenderSVGInlineText {#text} at (0,-17) size 75x22
          chunk 1 text run 1 at (400.00,1320.00) startOffset 0 endOffset 11 width 75.00: "just a text"
      RenderSVGText {text} at (500,1320) size 75x22 contains 1 chunk(s)
        RenderSVGInlineText {#text} at (0,-17) size 75x22
          chunk 1 text run 1 at (500.00,1320.00) startOffset 0 endOffset 11 width 75.00: "just a text"
      RenderSVGText {text} at (600,1320) size 75x22 contains 1 chunk(s)
        RenderSVGInlineText {#text} at (0,-17) size 75x22
          chunk 1 text run 1 at (600.00,1320.00) startOffset 0 endOffset 11 width 75.00: "just a text"
      RenderSVGText {text} at (700,1320) size 75x22 contains 1 chunk(s)
        RenderSVGInlineText {#text} at (0,-17) size 75x22
          chunk 1 text run 1 at (700.00,1320.00) startOffset 0 endOffset 11 width 75.00: "just a text"
      RenderSVGText {text} at (800,1320) size 75x22 contains 1 chunk(s)
        RenderSVGInlineText {#text} at (0,-17) size 75x22
          chunk 1 text run 1 at (800.00,1320.00) startOffset 0 endOffset 11 width 75.00: "just a text"
      RenderSVGText {text} at (900,1320) size 75x22 contains 1 chunk(s)
        RenderSVGInlineText {#text} at (0,-17) size 75x22
          chunk 1 text run 1 at (900.00,1320.00) startOffset 0 endOffset 11 width 75.00: "just a text"
      RenderSVGText {text} at (1000,1320) size 75x22 contains 1 chunk(s)
        RenderSVGInlineText {#text} at (0,-17) size 75x22
          chunk 1 text run 1 at (1000.00,1320.00) startOffset 0 endOffset 11 width 75.00: "just a text"
      RenderSVGText {text} at (1100,1320) size 75x22 contains 1 chunk(s)
        RenderSVGInlineText {#text} at (0,-17) size 75x22
          chunk 1 text run 1 at (1100.00,1320.00) startOffset 0 endOffset 11 width 75.00: "just a text"
      RenderSVGText {text} at (1200,1320) size 75x22 contains 1 chunk(s)
        RenderSVGInlineText {#text} at (0,-17) size 75x22
          chunk 1 text run 1 at (1200.00,1320.00) startOffset 0 endOffset 11 width 75.00: "just a text"
      RenderSVGText {text} at (1300,1320) size 75x22 contains 1 chunk(s)
        RenderSVGInlineText {#text} at (0,-17) size 75x22
          chunk 1 text run 1 at (1300.00,1320.00) startOffset 0 endOffset 11 width 75.00: "just a text"
      RenderSVGText {text} at (1400,1320) size 75x22 contains 1 chunk(s)
        RenderSVGInlineText {#text} at (0,-17) size 75x22
          chunk 1 text run 1 at (1400.00,1320.00) startOffset 0 endOffset 11 width 75.00: "just a text"
      RenderSVGText {text} at (1500,1320) size 75x22 contains 1 chunk(s)
        RenderSVGInlineText {#text} at (0,-17) size 75x22
          chunk 1 text run 1 at (1500.00,1320.00) startOffset 0 endOffset 11 width 75.00: "just a text"
      RenderSVGText {text} at (1600,1320) size 75x22 contains 1 chunk(s)
        RenderSVGInlineText {#text} at (0,-17) size 75x22
          chunk 1 text run 1 at (1600.00,1320.00) startOffset 0 endOffset 11 width 75.00: "just a text"
      RenderSVGText {text} at (1700,1320) size 75x22 contains 1 chunk(s)
        RenderSVGInlineText {#text} at (0,-17) size 75x22
          chunk 1 text run 1 at (1700.00,1320.00) startOffset 0 endOffset 11 width 75.00: "just a text"
      RenderSVGText {text} at (1800,1320) size 75x22 contains 1 chunk(s)
        RenderSVGInlineText {#text} at (0,-17) size 75x22
          chunk 1 text run 1 at (1800.00,1320.00) startOffset 0 endOffset 11 width 75.00: "just a text"
      RenderSVGText {text} at (1900,1320) size 75x22 contains 1 chunk(s)
        RenderSVGInlineText {#text} at (0,-17) size 75x22
          chunk 1 text run 1 at (1900.00,1320.00) startOffset 0 endOffset 11 width 75.00: "just a text"
      RenderSVGText {text} at (2000,1320) size 75x22 contains 1 chunk(s)
        RenderSVGInlineText {#text} at (0,-17) size 75x22
          chunk 1 text run 1 at (2000.00,1320.00) startOffset 0 endOffset 11 width 75.00: "just a text"
      RenderSVGText {text} at (2100,1320) size 75x22 contains 1 chunk(s)
        RenderSVGInlineText {#text} at (0,-17) size 75x22
          chunk 1 text run 1 at (2100.00,1320.00) startOffset 0 endOffset 11 width 75.00: "just a text"
      RenderSVGText {text} at (2200,1320) size 75x22 contains 1 chunk(s)
        RenderSVGInlineText {#text} at (0,-17) size 75x22
          chunk 1 text run 1 at (2200.00,1320.00) startOffset 0 endOffset 11 width 75.00: "just a text"
      RenderSVGText {text} at (2300,1320) size 75x22 contains 1 chunk(s)
        RenderSVGInlineText {#text} at (0,-17) size 75x22
          chunk 1 text run 1 at (2300.00,1320.00) startOffset 0 endOffset 11 width 75.00: "just a text"
      RenderSVGText {text} at (2400,1320) size 75x22 contains 1 chunk(s)
        RenderSVGInlineText {#text} at (0,-17) size 75x22
          chunk 1 text run 1 at (2400.00,1320.00) startOffset 0 endOffset 11 width 75.00: "just a text"
      RenderSVGText {text} at (2500,1320) size 75x22 contains 1 chunk(s)
        RenderSVGInlineText {#text} at (0,-17) size 75x22
          chunk 1 text run 1 at (2500.00,1320.00) startOffset 0 endOffset 11 width 75.00: "just a text"
      RenderSVGText {text} at (2600,1320) size 75x22 contains 1 chunk(s)
        RenderSVGInlineText {#text} at (0,-17) size 75x22
          chunk 1 text run 1 at (2600.00,1320.00) startOffset 0 endOffset 11 width 75.00: "just a text"
      RenderSVGText {text} at (2700,1320) size 75x22 contains 1 chunk(s)
        RenderSVGInlineText {#text} at (0,-17) size 75x22
          chunk 1 text run 1 at (2700.00,1320.00) startOffset 0 endOffset 11 width 75.00: "just a text"
      RenderSVGText {text} at (2800,1320) size 75x22 contains 1 chunk(s)
        RenderSVGInlineText {#text} at (0,-17) size 75x22
          chunk 1 text run 1 at (2800.00,1320.00) startOffset 0 endOffset 11 width 75.00: "just a text"
      RenderSVGText {text} at (2900,1320) size 75x22 contains 1 chunk(s)
        RenderSVGInlineText {#text} at (0,-17) size 75x22
          chunk 1 text run 1 at (2900.00,1320.00) startOffset 0 endOffset 11 width 75.00: "just a text"
      RenderSVGText {text} at (3000,1320) size 75x22 contains 1 chunk(s)
        RenderSVGInlineText {#text} at (0,-17) size 75x22
          chunk 1 text run 1 at (3000.00,1320.00) startOffset 0 endOffset 11 width 75.00: "just a text"
      RenderSVGText {text} at (3100,1320) size 75x22 contains 1 chunk(s)
        RenderSVGInlineText {#text} at (0,-17) size 75x22
          chunk 1 text run 1 at (3100.00,1320.00) startOffset 0 endOffset 11 width 75.00: "just a text"
      RenderSVGText {text} at (3200,1320) size 75x22 contains 1 chunk(s)
        RenderSVGInlineText {#text} at (0,-17) size 75x22
          chunk 1 text run 1 at (3200.00,1320.00) startOffset 0 endOffset 11 width 75.00: "just a text"
      RenderSVGText {text} at (3300,1320) size 75x22 contains 1 chunk(s)
        RenderSVGInlineText {#text} at (0,-17) size 75x22
          chunk 1 text run 1 at (3300.00,1320.00) startOffset 0 endOffset 11 width 75.00: "just a text"
      RenderSVGText {text} at (3400,1320) size 75x22 contains 1 chunk(s)
        RenderSVGInlineText {#text} at (0,-17) size 75x22
          chunk 1 text run 1 at (3400.00,1320.00) startOffset 0 endOffset 11 width 75.00: "just a text"
      RenderSVGText {text} at (3500,1320) size 75x22 contains 1 chunk(s)
        RenderSVGInlineText {#text} at (0,-17) size 75x22
          chunk 1 text run 1 at (3500.00,1320.00) startOffset 0 endOffset 11 width 75.00: "just a text"
      RenderSVGText {text} at (3600,1320) size 75x22 contains 1 chunk(s)
        RenderSVGInlineText {#text} at (0,-17) size 75x22
          chunk 1 text run 1 at (3600.00,1320.00) startOffset 0 endOffset 11 width 75.00: "just a text"
      RenderSVGText {text} at (3700,1320) size 75x22 contains 1 chunk(s)
        RenderSVGInlineText {#text} at (0,-17) size 75x22
          chunk 1 text run 1 at (3700.00,1320.00) startOffset 0 endOffset 11 width 75.00: "just a text"
      RenderSVGText {text} at (3800,1320) size 75x22 contains 1 chunk(s)
        RenderSVGInlineText {#text} at (0,-17) size 75x22
          chunk 1 text run 1 at (3800.00,1320.00) startOffset 0 endOffset 11 width 75.00: "just a text"
      RenderSVGText {text} at (3900,1320) size 75x22 contains 1 chunk(s)
        RenderSVGInlineText {#text} at (0,-17) size 75x22
          chunk 1 text run 1 at (3900.00,1320.00) startOffset 0 endOffset 11 width 75.00: "just a text"
      RenderSVGText {text} at (4000,1320) size 75x22 contains 1 chunk(s)
        RenderSVGInlineText {#text} at (0,-17) size 75x22
          chunk 1 text run 1 at (4000.00,1320.00) startOffset 0 endOffset 11 width 75.00: "just a text"
      RenderSVGText {text} at (4100,1320) size 75x22 contains 1 chunk(s)
        RenderSVGInlineText {#text} at (0,-17) size 75x22
          chunk 1 text run 1 at (4100.00,1320.00) startOffset 0 endOffset 11 width 75.00: "just a text"
      RenderSVGText {text} at (4200,1320) size 75x22 contains 1 chunk(s)
        RenderSVGInlineText {#text} at (0,-17) size 75x22
          chunk 1 text run 1 at (4200.00,1320.00) startOffset 0 endOffset 11 width 75.00: "just a text"
      RenderSVGText {text} at (4300,1320) size 75x22 contains 1 chunk(s)
        RenderSVGInlineText {#text} at (0,-17) size 75x22
          chunk 1 text run 1 at (4300.00,1320.00) startOffset 0 endOffset 11 width 75.00: "just a text"
      RenderSVGText {text} at (4400,1320) size 75x22 contains 1 chunk(s)
        RenderSVGInlineText {#text} at (0,-17) size 75x22
          chunk 1 text run 1 at (4400.00,1320.00) startOffset 0 endOffset 11 width 75.00: "just a text"
      RenderSVGText {text} at (4500,1320) size 75x22 contains 1 chunk(s)
        RenderSVGInlineText {#text} at (0,-17) size 75x22
          chunk 1 text run 1 at (4500.00,1320.00) startOffset 0 endOffset 11 width 75.00: "just a text"
      RenderSVGText {text} at (4600,1320) size 75x22 contains 1 chunk(s)
        RenderSVGInlineText {#text} at (0,-17) size 75x22
          chunk 1 text run 1 at (4600.00,1320.00) startOffset 0 endOffset 11 width 75.00: "just a text"
      RenderSVGText {text} at (4700,1320) size 75x22 contains 1 chunk(s)
        RenderSVGInlineText {#text} at (0,-17) size 75x22
          chunk 1 text run 1 at (4700.00,1320.00) startOffset 0 endOffset 11 width 75.00: "just a text"
      RenderSVGText {text} at (4800,1320) size 75x22 contains 1 chunk(s)
        RenderSVGInlineText {#text} at (0,-17) size 75x22
          chunk 1 text run 1 at (4800.00,1320.00) startOffset 0 endOffset 11 width 75.00: "just a text"
      RenderSVGText {text} at (4900,1320) size 75x22 contains 1 chunk(s)
        RenderSVGInlineText {#text} at (0,-17) size 75x22
          chunk 1 text run 1 at (4900.00,1320.00) startOffset 0 endOffset 11 width 75.00: "just a text"
      RenderSVGText {text} at (0,1420) size 75x22 contains 1 chunk(s)
        RenderSVGInlineText {#text} at (0,-17) size 75x22
          chunk 1 text run 1 at (0.00,1420.00) startOffset 0 endOffset 11 width 75.00: "just a text"
      RenderSVGText {text} at (100,1420) size 75x22 contains 1 chunk(s)
        RenderSVGInlineText {#text} at (0,-17) size 75x22
          chunk 1 text run 1 at (100.00,1420.00) startOffset 0 endOffset 11 width 75.00: "just a text"
      RenderSVGText {text} at (200,1420) size 75x22 contains 1 chunk(s)
        RenderSVGInlineText {#text} at (0,-17) size 75x22
          chunk 1 text run 1 at (200.00,1420.00) startOffset 0 endOffset 11 width 75.00: "just a text"
      RenderSVGText {text} at (300,1420) size 75x22 contains 1 chunk(s)
        RenderSVGInlineText {#text} at (0,-17) size 75x22
          chunk 1 text run 1 at (300.00,1420.00) startOffset 0 endOffset 11 width 75.00: "just a text"
      RenderSVGText {text} at (400,1420) size 75x22 contains 1 chunk(s)
        RenderSVGInlineText {#text} at (0,-17) size 75x22
          chunk 1 text run 1 at (400.00,1420.00) startOffset 0 endOffset 11 width 75.00: "just a text"
      RenderSVGText {text} at (500,1420) size 75x22 contains 1 chunk(s)
        RenderSVGInlineText {#text} at (0,-17) size 75x22
          chunk 1 text run 1 at (500.00,1420.00) startOffset 0 endOffset 11 width 75.00: "just a text"
      RenderSVGText {text} at (600,1420) size 75x22 contains 1 chunk(s)
        RenderSVGInlineText {#text} at (0,-17) size 75x22
          chunk 1 text run 1 at (600.00,1420.00) startOffset 0 endOffset 11 width 75.00: "just a text"
      RenderSVGText {text} at (700,1420) size 75x22 contains 1 chunk(s)
        RenderSVGInlineText {#text} at (0,-17) size 75x22
          chunk 1 text run 1 at (700.00,1420.00) startOffset 0 endOffset 11 width 75.00: "just a text"
      RenderSVGText {text} at (800,1420) size 75x22 contains 1 chunk(s)
        RenderSVGInlineText {#text} at (0,-17) size 75x22
          chunk 1 text run 1 at (800.00,1420.00) startOffset 0 endOffset 11 width 75.00: "just a text"
      RenderSVGText {text} at (900,1420) size 75x22 contains 1 chunk(s)
        RenderSVGInlineText {#text} at (0,-17) size 75x22
          chunk 1 text run 1 at (900.00,1420.00) startOffset 0 endOffset 11 width 75.00: "just a text"
      RenderSVGText {text} at (1000,1420) size 75x22 contains 1 chunk(s)
        RenderSVGInlineText {#text} at (0,-17) size 75x22
          chunk 1 text run 1 at (1000.00,1420.00) startOffset 0 endOffset 11 width 75.00: "just a text"
      RenderSVGText {text} at (1100,1420) size 75x22 contains 1 chunk(s)
        RenderSVGInlineText {#text} at (0,-17) size 75x22
          chunk 1 text run 1 at (1100.00,1420.00) startOffset 0 endOffset 11 width 75.00: "just a text"
      RenderSVGText {text} at (1200,1420) size 75x22 contains 1 chunk(s)
        RenderSVGInlineText {#text} at (0,-17) size 75x22
          chunk 1 text run 1 at (1200.00,1420.00) startOffset 0 endOffset 11 width 75.00: "just a text"
      RenderSVGText {text} at (1300,1420) size 75x22 contains 1 chunk(s)
        RenderSVGInlineText {#text} at (0,-17) size 75x22
          chunk 1 text run 1 at (1300.00,1420.00) startOffset 0 endOffset 11 width 75.00: "just a text"
      RenderSVGText {text} at (1400,1420) size 75x22 contains 1 chunk(s)
        RenderSVGInlineText {#text} at (0,-17) size 75x22
          chunk 1 text run 1 at (1400.00,1420.00) startOffset 0 endOffset 11 width 75.00: "just a text"
      RenderSVGText {text} at (1500,1420) size 75x22 contains 1 chunk(s)
        RenderSVGInlineText {#text} at (0,-17) size 75x22
          chunk 1 text run 1 at (1500.00,1420.00) startOffset 0 endOffset 11 width 75.00: "just a text"
      RenderSVGText {text} at (1600,1420) size 75x22 contains 1 chunk(s)
        RenderSVGInlineText {#text} at (0,-17) size 75x22
          chunk 1 text run 1 at (1600.00,1420.00) startOffset 0 endOffset 11 width 75.00: "just a text"
      RenderSVGText {text} at (1700,1420) size 75x22 contains 1 chunk(s)
        RenderSVGInlineText {#text} at (0,-17) size 75x22
          chunk 1 text run 1 at (1700.00,1420.00) startOffset 0 endOffset 11 width 75.00: "just a text"
      RenderSVGText {text} at (1800,1420) size 75x22 contains 1 chunk(s)
        RenderSVGInlineText {#text} at (0,-17) size 75x22
          chunk 1 text run 1 at (1800.00,1420.00) startOffset 0 endOffset 11 width 75.00: "just a text"
      RenderSVGText {text} at (1900,1420) size 75x22 contains 1 chunk(s)
        RenderSVGInlineText {#text} at (0,-17) size 75x22
          chunk 1 text run 1 at (1900.00,1420.00) startOffset 0 endOffset 11 width 75.00: "just a text"
      RenderSVGText {text} at (2000,1420) size 75x22 contains 1 chunk(s)
        RenderSVGInlineText {#text} at (0,-17) size 75x22
          chunk 1 text run 1 at (2000.00,1420.00) startOffset 0 endOffset 11 width 75.00: "just a text"
      RenderSVGText {text} at (2100,1420) size 75x22 contains 1 chunk(s)
        RenderSVGInlineText {#text} at (0,-17) size 75x22
          chunk 1 text run 1 at (2100.00,1420.00) startOffset 0 endOffset 11 width 75.00: "just a text"
      RenderSVGText {text} at (2200,1420) size 75x22 contains 1 chunk(s)
        RenderSVGInlineText {#text} at (0,-17) size 75x22
          chunk 1 text run 1 at (2200.00,1420.00) startOffset 0 endOffset 11 width 75.00: "just a text"
      RenderSVGText {text} at (2300,1420) size 75x22 contains 1 chunk(s)
        RenderSVGInlineText {#text} at (0,-17) size 75x22
          chunk 1 text run 1 at (2300.00,1420.00) startOffset 0 endOffset 11 width 75.00: "just a text"
      RenderSVGText {text} at (2400,1420) size 75x22 contains 1 chunk(s)
        RenderSVGInlineText {#text} at (0,-17) size 75x22
          chunk 1 text run 1 at (2400.00,1420.00) startOffset 0 endOffset 11 width 75.00: "just a text"
      RenderSVGText {text} at (2500,1420) size 75x22 contains 1 chunk(s)
        RenderSVGInlineText {#text} at (0,-17) size 75x22
          chunk 1 text run 1 at (2500.00,1420.00) startOffset 0 endOffset 11 width 75.00: "just a text"
      RenderSVGText {text} at (2600,1420) size 75x22 contains 1 chunk(s)
        RenderSVGInlineText {#text} at (0,-17) size 75x22
          chunk 1 text run 1 at (2600.00,1420.00) startOffset 0 endOffset 11 width 75.00: "just a text"
      RenderSVGText {text} at (2700,1420) size 75x22 contains 1 chunk(s)
        RenderSVGInlineText {#text} at (0,-17) size 75x22
          chunk 1 text run 1 at (2700.00,1420.00) startOffset 0 endOffset 11 width 75.00: "just a text"
      RenderSVGText {text} at (2800,1420) size 75x22 contains 1 chunk(s)
        RenderSVGInlineText {#text} at (0,-17) size 75x22
          chunk 1 text run 1 at (2800.00,1420.00) startOffset 0 endOffset 11 width 75.00: "just a text"
      RenderSVGText {text} at (2900,1420) size 75x22 contains 1 chunk(s)
        RenderSVGInlineText {#text} at (0,-17) size 75x22
          chunk 1 text run 1 at (2900.00,1420.00) startOffset 0 endOffset 11 width 75.00: "just a text"
      RenderSVGText {text} at (3000,1420) size 75x22 contains 1 chunk(s)
        RenderSVGInlineText {#text} at (0,-17) size 75x22
          chunk 1 text run 1 at (3000.00,1420.00) startOffset 0 endOffset 11 width 75.00: "just a text"
      RenderSVGText {text} at (3100,1420) size 75x22 contains 1 chunk(s)
        RenderSVGInlineText {#text} at (0,-17) size 75x22
          chunk 1 text run 1 at (3100.00,1420.00) startOffset 0 endOffset 11 width 75.00: "just a text"
      RenderSVGText {text} at (3200,1420) size 75x22 contains 1 chunk(s)
        RenderSVGInlineText {#text} at (0,-17) size 75x22
          chunk 1 text run 1 at (3200.00,1420.00) startOffset 0 endOffset 11 width 75.00: "just a text"
      RenderSVGText {text} at (3300,1420) size 75x22 contains 1 chunk(s)
        RenderSVGInlineText {#text} at (0,-17) size 75x22
          chunk 1 text run 1 at (3300.00,1420.00) startOffset 0 endOffset 11 width 75.00: "just a text"
      RenderSVGText {text} at (3400,1420) size 75x22 contains 1 chunk(s)
        RenderSVGInlineText {#text} at (0,-17) size 75x22
          chunk 1 text run 1 at (3400.00,1420.00) startOffset 0 endOffset 11 width 75.00: "just a text"
      RenderSVGText {text} at (3500,1420) size 75x22 contains 1 chunk(s)
        RenderSVGInlineText {#text} at (0,-17) size 75x22
          chunk 1 text run 1 at (3500.00,1420.00) startOffset 0 endOffset 11 width 75.00: "just a text"
      RenderSVGText {text} at (3600,1420) size 75x22 contains 1 chunk(s)
        RenderSVGInlineText {#text} at (0,-17) size 75x22
          chunk 1 text run 1 at (3600.00,1420.00) startOffset 0 endOffset 11 width 75.00: "just a text"
      RenderSVGText {text} at (3700,1420) size 75x22 contains 1 chunk(s)
        RenderSVGInlineText {#text} at (0,-17) size 75x22
          chunk 1 text run 1 at (3700.00,1420.00) startOffset 0 endOffset 11 width 75.00: "just a text"
      RenderSVGText {text} at (3800,1420) size 75x22 contains 1 chunk(s)
        RenderSVGInlineText {#text} at (0,-17) size 75x22
          chunk 1 text run 1 at (3800.00,1420.00) startOffset 0 endOffset 11 width 75.00: "just a text"
      RenderSVGText {text} at (3900,1420) size 75x22 contains 1 chunk(s)
        RenderSVGInlineText {#text} at (0,-17) size 75x22
          chunk 1 text run 1 at (3900.00,1420.00) startOffset 0 endOffset 11 width 75.00: "just a text"
      RenderSVGText {text} at (4000,1420) size 75x22 contains 1 chunk(s)
        RenderSVGInlineText {#text} at (0,-17) size 75x22
          chunk 1 text run 1 at (4000.00,1420.00) startOffset 0 endOffset 11 width 75.00: "just a text"
      RenderSVGText {text} at (4100,1420) size 75x22 contains 1 chunk(s)
        RenderSVGInlineText {#text} at (0,-17) size 75x22
          chunk 1 text run 1 at (4100.00,1420.00) startOffset 0 endOffset 11 width 75.00: "just a text"
      RenderSVGText {text} at (4200,1420) size 75x22 contains 1 chunk(s)
        RenderSVGInlineText {#text} at (0,-17) size 75x22
          chunk 1 text run 1 at (4200.00,1420.00) startOffset 0 endOffset 11 width 75.00: "just a text"
      RenderSVGText {text} at (4300,1420) size 75x22 contains 1 chunk(s)
        RenderSVGInlineText {#text} at (0,-17) size 75x22
          chunk 1 text run 1 at (4300.00,1420.00) startOffset 0 endOffset 11 width 75.00: "just a text"
      RenderSVGText {text} at (4400,1420) size 75x22 contains 1 chunk(s)
        RenderSVGInlineText {#text} at (0,-17) size 75x22
          chunk 1 text run 1 at (4400.00,1420.00) startOffset 0 endOffset 11 width 75.00: "just a text"
      RenderSVGText {text} at (4500,1420) size 75x22 contains 1 chunk(s)
        RenderSVGInlineText {#text} at (0,-17) size 75x22
          chunk 1 text run 1 at (4500.00,1420.00) startOffset 0 endOffset 11 width 75.00: "just a text"
      RenderSVGText {text} at (4600,1420) size 75x22 contains 1 chunk(s)
        RenderSVGInlineText {#text} at (0,-17) size 75x22
          chunk 1 text run 1 at (4600.00,1420.00) startOffset 0 endOffset 11 width 75.00: "just a text"
      RenderSVGText {text} at (4700,1420) size 75x22 contains 1 chunk(s)
        RenderSVGInlineText {#text} at (0,-17) size 75x22
          chunk 1 text run 1 at (4700.00,1420.00) startOffset 0 endOffset 11 width 75.00: "just a text"
      RenderSVGText {text} at (4800,1420) size 75x22 contains 1 chunk(s)
        RenderSVGInlineText {#text} at (0,-17) size 75x22
          chunk 1 text run 1 at (4800.00,1420.00) startOffset 0 endOffset 11 width 75.00: "just a text"
      RenderSVGText {text} at (4900,1420) size 75x22 contains 1 chunk(s)
        RenderSVGInlineText {#text} at (0,-17) size 75x22
          chunk 1 text run 1 at (4900.00,1420.00) startOffset 0 endOffset 11 width 75.00: "just a text"
      RenderSVGText {text} at (0,1520) size 75x22 contains 1 chunk(s)
        RenderSVGInlineText {#text} at (0,-17) size 75x22
          chunk 1 text run 1 at (0.00,1520.00) startOffset 0 endOffset 11 width 75.00: "just a text"
      RenderSVGText {text} at (100,1520) size 75x22 contains 1 chunk(s)
        RenderSVGInlineText {#text} at (0,-17) size 75x22
          chunk 1 text run 1 at (100.00,1520.00) startOffset 0 endOffset 11 width 75.00: "just a text"
      RenderSVGText {text} at (200,1520) size 75x22 contains 1 chunk(s)
        RenderSVGInlineText {#text} at (0,-17) size 75x22
          chunk 1 text run 1 at (200.00,1520.00) startOffset 0 endOffset 11 width 75.00: "just a text"
      RenderSVGText {text} at (300,1520) size 75x22 contains 1 chunk(s)
        RenderSVGInlineText {#text} at (0,-17) size 75x22
          chunk 1 text run 1 at (300.00,1520.00) startOffset 0 endOffset 11 width 75.00: "just a text"
      RenderSVGText {text} at (400,1520) size 75x22 contains 1 chunk(s)
        RenderSVGInlineText {#text} at (0,-17) size 75x22
          chunk 1 text run 1 at (400.00,1520.00) startOffset 0 endOffset 11 width 75.00: "just a text"
      RenderSVGText {text} at (500,1520) size 75x22 contains 1 chunk(s)
        RenderSVGInlineText {#text} at (0,-17) size 75x22
          chunk 1 text run 1 at (500.00,1520.00) startOffset 0 endOffset 11 width 75.00: "just a text"
      RenderSVGText {text} at (600,1520) size 75x22 contains 1 chunk(s)
        RenderSVGInlineText {#text} at (0,-17) size 75x22
          chunk 1 text run 1 at (600.00,1520.00) startOffset 0 endOffset 11 width 75.00: "just a text"
      RenderSVGText {text} at (700,1520) size 75x22 contains 1 chunk(s)
        RenderSVGInlineText {#text} at (0,-17) size 75x22
          chunk 1 text run 1 at (700.00,1520.00) startOffset 0 endOffset 11 width 75.00: "just a text"
      RenderSVGText {text} at (800,1520) size 75x22 contains 1 chunk(s)
        RenderSVGInlineText {#text} at (0,-17) size 75x22
          chunk 1 text run 1 at (800.00,1520.00) startOffset 0 endOffset 11 width 75.00: "just a text"
      RenderSVGText {text} at (900,1520) size 75x22 contains 1 chunk(s)
        RenderSVGInlineText {#text} at (0,-17) size 75x22
          chunk 1 text run 1 at (900.00,1520.00) startOffset 0 endOffset 11 width 75.00: "just a text"
      RenderSVGText {text} at (1000,1520) size 75x22 contains 1 chunk(s)
        RenderSVGInlineText {#text} at (0,-17) size 75x22
          chunk 1 text run 1 at (1000.00,1520.00) startOffset 0 endOffset 11 width 75.00: "just a text"
      RenderSVGText {text} at (1100,1520) size 75x22 contains 1 chunk(s)
        RenderSVGInlineText {#text} at (0,-17) size 75x22
          chunk 1 text run 1 at (1100.00,1520.00) startOffset 0 endOffset 11 width 75.00: "just a text"
      RenderSVGText {text} at (1200,1520) size 75x22 contains 1 chunk(s)
        RenderSVGInlineText {#text} at (0,-17) size 75x22
          chunk 1 text run 1 at (1200.00,1520.00) startOffset 0 endOffset 11 width 75.00: "just a text"
      RenderSVGText {text} at (1300,1520) size 75x22 contains 1 chunk(s)
        RenderSVGInlineText {#text} at (0,-17) size 75x22
          chunk 1 text run 1 at (1300.00,1520.00) startOffset 0 endOffset 11 width 75.00: "just a text"
      RenderSVGText {text} at (1400,1520) size 75x22 contains 1 chunk(s)
        RenderSVGInlineText {#text} at (0,-17) size 75x22
          chunk 1 text run 1 at (1400.00,1520.00) startOffset 0 endOffset 11 width 75.00: "just a text"
      RenderSVGText {text} at (1500,1520) size 75x22 contains 1 chunk(s)
        RenderSVGInlineText {#text} at (0,-17) size 75x22
          chunk 1 text run 1 at (1500.00,1520.00) startOffset 0 endOffset 11 width 75.00: "just a text"
      RenderSVGText {text} at (1600,1520) size 75x22 contains 1 chunk(s)
        RenderSVGInlineText {#text} at (0,-17) size 75x22
          chunk 1 text run 1 at (1600.00,1520.00) startOffset 0 endOffset 11 width 75.00: "just a text"
      RenderSVGText {text} at (1700,1520) size 75x22 contains 1 chunk(s)
        RenderSVGInlineText {#text} at (0,-17) size 75x22
          chunk 1 text run 1 at (1700.00,1520.00) startOffset 0 endOffset 11 width 75.00: "just a text"
      RenderSVGText {text} at (1800,1520) size 75x22 contains 1 chunk(s)
        RenderSVGInlineText {#text} at (0,-17) size 75x22
          chunk 1 text run 1 at (1800.00,1520.00) startOffset 0 endOffset 11 width 75.00: "just a text"
      RenderSVGText {text} at (1900,1520) size 75x22 contains 1 chunk(s)
        RenderSVGInlineText {#text} at (0,-17) size 75x22
          chunk 1 text run 1 at (1900.00,1520.00) startOffset 0 endOffset 11 width 75.00: "just a text"
      RenderSVGText {text} at (2000,1520) size 75x22 contains 1 chunk(s)
        RenderSVGInlineText {#text} at (0,-17) size 75x22
          chunk 1 text run 1 at (2000.00,1520.00) startOffset 0 endOffset 11 width 75.00: "just a text"
      RenderSVGText {text} at (2100,1520) size 75x22 contains 1 chunk(s)
        RenderSVGInlineText {#text} at (0,-17) size 75x22
          chunk 1 text run 1 at (2100.00,1520.00) startOffset 0 endOffset 11 width 75.00: "just a text"
      RenderSVGText {text} at (2200,1520) size 75x22 contains 1 chunk(s)
        RenderSVGInlineText {#text} at (0,-17) size 75x22
          chunk 1 text run 1 at (2200.00,1520.00) startOffset 0 endOffset 11 width 75.00: "just a text"
      RenderSVGText {text} at (2300,1520) size 75x22 contains 1 chunk(s)
        RenderSVGInlineText {#text} at (0,-17) size 75x22
          chunk 1 text run 1 at (2300.00,1520.00) startOffset 0 endOffset 11 width 75.00: "just a text"
      RenderSVGText {text} at (2400,1520) size 75x22 contains 1 chunk(s)
        RenderSVGInlineText {#text} at (0,-17) size 75x22
          chunk 1 text run 1 at (2400.00,1520.00) startOffset 0 endOffset 11 width 75.00: "just a text"
      RenderSVGText {text} at (2500,1520) size 75x22 contains 1 chunk(s)
        RenderSVGInlineText {#text} at (0,-17) size 75x22
          chunk 1 text run 1 at (2500.00,1520.00) startOffset 0 endOffset 11 width 75.00: "just a text"
      RenderSVGText {text} at (2600,1520) size 75x22 contains 1 chunk(s)
        RenderSVGInlineText {#text} at (0,-17) size 75x22
          chunk 1 text run 1 at (2600.00,1520.00) startOffset 0 endOffset 11 width 75.00: "just a text"
      RenderSVGText {text} at (2700,1520) size 75x22 contains 1 chunk(s)
        RenderSVGInlineText {#text} at (0,-17) size 75x22
          chunk 1 text run 1 at (2700.00,1520.00) startOffset 0 endOffset 11 width 75.00: "just a text"
      RenderSVGText {text} at (2800,1520) size 75x22 contains 1 chunk(s)
        RenderSVGInlineText {#text} at (0,-17) size 75x22
          chunk 1 text run 1 at (2800.00,1520.00) startOffset 0 endOffset 11 width 75.00: "just a text"
      RenderSVGText {text} at (2900,1520) size 75x22 contains 1 chunk(s)
        RenderSVGInlineText {#text} at (0,-17) size 75x22
          chunk 1 text run 1 at (2900.00,1520.00) startOffset 0 endOffset 11 width 75.00: "just a text"
      RenderSVGText {text} at (3000,1520) size 75x22 contains 1 chunk(s)
        RenderSVGInlineText {#text} at (0,-17) size 75x22
          chunk 1 text run 1 at (3000.00,1520.00) startOffset 0 endOffset 11 width 75.00: "just a text"
      RenderSVGText {text} at (3100,1520) size 75x22 contains 1 chunk(s)
        RenderSVGInlineText {#text} at (0,-17) size 75x22
          chunk 1 text run 1 at (3100.00,1520.00) startOffset 0 endOffset 11 width 75.00: "just a text"
      RenderSVGText {text} at (3200,1520) size 75x22 contains 1 chunk(s)
        RenderSVGInlineText {#text} at (0,-17) size 75x22
          chunk 1 text run 1 at (3200.00,1520.00) startOffset 0 endOffset 11 width 75.00: "just a text"
      RenderSVGText {text} at (3300,1520) size 75x22 contains 1 chunk(s)
        RenderSVGInlineText {#text} at (0,-17) size 75x22
          chunk 1 text run 1 at (3300.00,1520.00) startOffset 0 endOffset 11 width 75.00: "just a text"
      RenderSVGText {text} at (3400,1520) size 75x22 contains 1 chunk(s)
        RenderSVGInlineText {#text} at (0,-17) size 75x22
          chunk 1 text run 1 at (3400.00,1520.00) startOffset 0 endOffset 11 width 75.00: "just a text"
      RenderSVGText {text} at (3500,1520) size 75x22 contains 1 chunk(s)
        RenderSVGInlineText {#text} at (0,-17) size 75x22
          chunk 1 text run 1 at (3500.00,1520.00) startOffset 0 endOffset 11 width 75.00: "just a text"
      RenderSVGText {text} at (3600,1520) size 75x22 contains 1 chunk(s)
        RenderSVGInlineText {#text} at (0,-17) size 75x22
          chunk 1 text run 1 at (3600.00,1520.00) startOffset 0 endOffset 11 width 75.00: "just a text"
      RenderSVGText {text} at (3700,1520) size 75x22 contains 1 chunk(s)
        RenderSVGInlineText {#text} at (0,-17) size 75x22
          chunk 1 text run 1 at (3700.00,1520.00) startOffset 0 endOffset 11 width 75.00: "just a text"
      RenderSVGText {text} at (3800,1520) size 75x22 contains 1 chunk(s)
        RenderSVGInlineText {#text} at (0,-17) size 75x22
          chunk 1 text run 1 at (3800.00,1520.00) startOffset 0 endOffset 11 width 75.00: "just a text"
      RenderSVGText {text} at (3900,1520) size 75x22 contains 1 chunk(s)
        RenderSVGInlineText {#text} at (0,-17) size 75x22
          chunk 1 text run 1 at (3900.00,1520.00) startOffset 0 endOffset 11 width 75.00: "just a text"
      RenderSVGText {text} at (4000,1520) size 75x22 contains 1 chunk(s)
        RenderSVGInlineText {#text} at (0,-17) size 75x22
          chunk 1 text run 1 at (4000.00,1520.00) startOffset 0 endOffset 11 width 75.00: "just a text"
      RenderSVGText {text} at (4100,1520) size 75x22 contains 1 chunk(s)
        RenderSVGInlineText {#text} at (0,-17) size 75x22
          chunk 1 text run 1 at (4100.00,1520.00) startOffset 0 endOffset 11 width 75.00: "just a text"
      RenderSVGText {text} at (4200,1520) size 75x22 contains 1 chunk(s)
        RenderSVGInlineText {#text} at (0,-17) size 75x22
          chunk 1 text run 1 at (4200.00,1520.00) startOffset 0 endOffset 11 width 75.00: "just a text"
      RenderSVGText {text} at (4300,1520) size 75x22 contains 1 chunk(s)
        RenderSVGInlineText {#text} at (0,-17) size 75x22
          chunk 1 text run 1 at (4300.00,1520.00) startOffset 0 endOffset 11 width 75.00: "just a text"
      RenderSVGText {text} at (4400,1520) size 75x22 contains 1 chunk(s)
        RenderSVGInlineText {#text} at (0,-17) size 75x22
          chunk 1 text run 1 at (4400.00,1520.00) startOffset 0 endOffset 11 width 75.00: "just a text"
      RenderSVGText {text} at (4500,1520) size 75x22 contains 1 chunk(s)
        RenderSVGInlineText {#text} at (0,-17) size 75x22
          chunk 1 text run 1 at (4500.00,1520.00) startOffset 0 endOffset 11 width 75.00: "just a text"
      RenderSVGText {text} at (4600,1520) size 75x22 contains 1 chunk(s)
        RenderSVGInlineText {#text} at (0,-17) size 75x22
          chunk 1 text run 1 at (4600.00,1520.00) startOffset 0 endOffset 11 width 75.00: "just a text"
      RenderSVGText {text} at (4700,1520) size 75x22 contains 1 chunk(s)
        RenderSVGInlineText {#text} at (0,-17) size 75x22
          chunk 1 text run 1 at (4700.00,1520.00) startOffset 0 endOffset 11 width 75.00: "just a text"
      RenderSVGText {text} at (4800,1520) size 75x22 contains 1 chunk(s)
        RenderSVGInlineText {#text} at (0,-17) size 75x22
          chunk 1 text run 1 at (4800.00,1520.00) startOffset 0 endOffset 11 width 75.00: "just a text"
      RenderSVGText {text} at (4900,1520) size 75x22 contains 1 chunk(s)
        RenderSVGInlineText {#text} at (0,-17) size 75x22
          chunk 1 text run 1 at (4900.00,1520.00) startOffset 0 endOffset 11 width 75.00: "just a text"
      RenderSVGText {text} at (0,1620) size 75x22 contains 1 chunk(s)
        RenderSVGInlineText {#text} at (0,-17) size 75x22
          chunk 1 text run 1 at (0.00,1620.00) startOffset 0 endOffset 11 width 75.00: "just a text"
      RenderSVGText {text} at (100,1620) size 75x22 contains 1 chunk(s)
        RenderSVGInlineText {#text} at (0,-17) size 75x22
          chunk 1 text run 1 at (100.00,1620.00) startOffset 0 endOffset 11 width 75.00: "just a text"
      RenderSVGText {text} at (200,1620) size 75x22 contains 1 chunk(s)
        RenderSVGInlineText {#text} at (0,-17) size 75x22
          chunk 1 text run 1 at (200.00,1620.00) startOffset 0 endOffset 11 width 75.00: "just a text"
      RenderSVGText {text} at (300,1620) size 75x22 contains 1 chunk(s)
        RenderSVGInlineText {#text} at (0,-17) size 75x22
          chunk 1 text run 1 at (300.00,1620.00) startOffset 0 endOffset 11 width 75.00: "just a text"
      RenderSVGText {text} at (400,1620) size 75x22 contains 1 chunk(s)
        RenderSVGInlineText {#text} at (0,-17) size 75x22
          chunk 1 text run 1 at (400.00,1620.00) startOffset 0 endOffset 11 width 75.00: "just a text"
      RenderSVGText {text} at (500,1620) size 75x22 contains 1 chunk(s)
        RenderSVGInlineText {#text} at (0,-17) size 75x22
          chunk 1 text run 1 at (500.00,1620.00) startOffset 0 endOffset 11 width 75.00: "just a text"
      RenderSVGText {text} at (600,1620) size 75x22 contains 1 chunk(s)
        RenderSVGInlineText {#text} at (0,-17) size 75x22
          chunk 1 text run 1 at (600.00,1620.00) startOffset 0 endOffset 11 width 75.00: "just a text"
      RenderSVGText {text} at (700,1620) size 75x22 contains 1 chunk(s)
        RenderSVGInlineText {#text} at (0,-17) size 75x22
          chunk 1 text run 1 at (700.00,1620.00) startOffset 0 endOffset 11 width 75.00: "just a text"
      RenderSVGText {text} at (800,1620) size 75x22 contains 1 chunk(s)
        RenderSVGInlineText {#text} at (0,-17) size 75x22
          chunk 1 text run 1 at (800.00,1620.00) startOffset 0 endOffset 11 width 75.00: "just a text"
      RenderSVGText {text} at (900,1620) size 75x22 contains 1 chunk(s)
        RenderSVGInlineText {#text} at (0,-17) size 75x22
          chunk 1 text run 1 at (900.00,1620.00) startOffset 0 endOffset 11 width 75.00: "just a text"
      RenderSVGText {text} at (1000,1620) size 75x22 contains 1 chunk(s)
        RenderSVGInlineText {#text} at (0,-17) size 75x22
          chunk 1 text run 1 at (1000.00,1620.00) startOffset 0 endOffset 11 width 75.00: "just a text"
      RenderSVGText {text} at (1100,1620) size 75x22 contains 1 chunk(s)
        RenderSVGInlineText {#text} at (0,-17) size 75x22
          chunk 1 text run 1 at (1100.00,1620.00) startOffset 0 endOffset 11 width 75.00: "just a text"
      RenderSVGText {text} at (1200,1620) size 75x22 contains 1 chunk(s)
        RenderSVGInlineText {#text} at (0,-17) size 75x22
          chunk 1 text run 1 at (1200.00,1620.00) startOffset 0 endOffset 11 width 75.00: "just a text"
      RenderSVGText {text} at (1300,1620) size 75x22 contains 1 chunk(s)
        RenderSVGInlineText {#text} at (0,-17) size 75x22
          chunk 1 text run 1 at (1300.00,1620.00) startOffset 0 endOffset 11 width 75.00: "just a text"
      RenderSVGText {text} at (1400,1620) size 75x22 contains 1 chunk(s)
        RenderSVGInlineText {#text} at (0,-17) size 75x22
          chunk 1 text run 1 at (1400.00,1620.00) startOffset 0 endOffset 11 width 75.00: "just a text"
      RenderSVGText {text} at (1500,1620) size 75x22 contains 1 chunk(s)
        RenderSVGInlineText {#text} at (0,-17) size 75x22
          chunk 1 text run 1 at (1500.00,1620.00) startOffset 0 endOffset 11 width 75.00: "just a text"
      RenderSVGText {text} at (1600,1620) size 75x22 contains 1 chunk(s)
        RenderSVGInlineText {#text} at (0,-17) size 75x22
          chunk 1 text run 1 at (1600.00,1620.00) startOffset 0 endOffset 11 width 75.00: "just a text"
      RenderSVGText {text} at (1700,1620) size 75x22 contains 1 chunk(s)
        RenderSVGInlineText {#text} at (0,-17) size 75x22
          chunk 1 text run 1 at (1700.00,1620.00) startOffset 0 endOffset 11 width 75.00: "just a text"
      RenderSVGText {text} at (1800,1620) size 75x22 contains 1 chunk(s)
        RenderSVGInlineText {#text} at (0,-17) size 75x22
          chunk 1 text run 1 at (1800.00,1620.00) startOffset 0 endOffset 11 width 75.00: "just a text"
      RenderSVGText {text} at (1900,1620) size 75x22 contains 1 chunk(s)
        RenderSVGInlineText {#text} at (0,-17) size 75x22
          chunk 1 text run 1 at (1900.00,1620.00) startOffset 0 endOffset 11 width 75.00: "just a text"
      RenderSVGText {text} at (2000,1620) size 75x22 contains 1 chunk(s)
        RenderSVGInlineText {#text} at (0,-17) size 75x22
          chunk 1 text run 1 at (2000.00,1620.00) startOffset 0 endOffset 11 width 75.00: "just a text"
      RenderSVGText {text} at (2100,1620) size 75x22 contains 1 chunk(s)
        RenderSVGInlineText {#text} at (0,-17) size 75x22
          chunk 1 text run 1 at (2100.00,1620.00) startOffset 0 endOffset 11 width 75.00: "just a text"
      RenderSVGText {text} at (2200,1620) size 75x22 contains 1 chunk(s)
        RenderSVGInlineText {#text} at (0,-17) size 75x22
          chunk 1 text run 1 at (2200.00,1620.00) startOffset 0 endOffset 11 width 75.00: "just a text"
      RenderSVGText {text} at (2300,1620) size 75x22 contains 1 chunk(s)
        RenderSVGInlineText {#text} at (0,-17) size 75x22
          chunk 1 text run 1 at (2300.00,1620.00) startOffset 0 endOffset 11 width 75.00: "just a text"
      RenderSVGText {text} at (2400,1620) size 75x22 contains 1 chunk(s)
        RenderSVGInlineText {#text} at (0,-17) size 75x22
          chunk 1 text run 1 at (2400.00,1620.00) startOffset 0 endOffset 11 width 75.00: "just a text"
      RenderSVGText {text} at (2500,1620) size 75x22 contains 1 chunk(s)
        RenderSVGInlineText {#text} at (0,-17) size 75x22
          chunk 1 text run 1 at (2500.00,1620.00) startOffset 0 endOffset 11 width 75.00: "just a text"
      RenderSVGText {text} at (2600,1620) size 75x22 contains 1 chunk(s)
        RenderSVGInlineText {#text} at (0,-17) size 75x22
          chunk 1 text run 1 at (2600.00,1620.00) startOffset 0 endOffset 11 width 75.00: "just a text"
      RenderSVGText {text} at (2700,1620) size 75x22 contains 1 chunk(s)
        RenderSVGInlineText {#text} at (0,-17) size 75x22
          chunk 1 text run 1 at (2700.00,1620.00) startOffset 0 endOffset 11 width 75.00: "just a text"
      RenderSVGText {text} at (2800,1620) size 75x22 contains 1 chunk(s)
        RenderSVGInlineText {#text} at (0,-17) size 75x22
          chunk 1 text run 1 at (2800.00,1620.00) startOffset 0 endOffset 11 width 75.00: "just a text"
      RenderSVGText {text} at (2900,1620) size 75x22 contains 1 chunk(s)
        RenderSVGInlineText {#text} at (0,-17) size 75x22
          chunk 1 text run 1 at (2900.00,1620.00) startOffset 0 endOffset 11 width 75.00: "just a text"
      RenderSVGText {text} at (3000,1620) size 75x22 contains 1 chunk(s)
        RenderSVGInlineText {#text} at (0,-17) size 75x22
          chunk 1 text run 1 at (3000.00,1620.00) startOffset 0 endOffset 11 width 75.00: "just a text"
      RenderSVGText {text} at (3100,1620) size 75x22 contains 1 chunk(s)
        RenderSVGInlineText {#text} at (0,-17) size 75x22
          chunk 1 text run 1 at (3100.00,1620.00) startOffset 0 endOffset 11 width 75.00: "just a text"
      RenderSVGText {text} at (3200,1620) size 75x22 contains 1 chunk(s)
        RenderSVGInlineText {#text} at (0,-17) size 75x22
          chunk 1 text run 1 at (3200.00,1620.00) startOffset 0 endOffset 11 width 75.00: "just a text"
      RenderSVGText {text} at (3300,1620) size 75x22 contains 1 chunk(s)
        RenderSVGInlineText {#text} at (0,-17) size 75x22
          chunk 1 text run 1 at (3300.00,1620.00) startOffset 0 endOffset 11 width 75.00: "just a text"
      RenderSVGText {text} at (3400,1620) size 75x22 contains 1 chunk(s)
        RenderSVGInlineText {#text} at (0,-17) size 75x22
          chunk 1 text run 1 at (3400.00,1620.00) startOffset 0 endOffset 11 width 75.00: "just a text"
      RenderSVGText {text} at (3500,1620) size 75x22 contains 1 chunk(s)
        RenderSVGInlineText {#text} at (0,-17) size 75x22
          chunk 1 text run 1 at (3500.00,1620.00) startOffset 0 endOffset 11 width 75.00: "just a text"
      RenderSVGText {text} at (3600,1620) size 75x22 contains 1 chunk(s)
        RenderSVGInlineText {#text} at (0,-17) size 75x22
          chunk 1 text run 1 at (3600.00,1620.00) startOffset 0 endOffset 11 width 75.00: "just a text"
      RenderSVGText {text} at (3700,1620) size 75x22 contains 1 chunk(s)
        RenderSVGInlineText {#text} at (0,-17) size 75x22
          chunk 1 text run 1 at (3700.00,1620.00) startOffset 0 endOffset 11 width 75.00: "just a text"
      RenderSVGText {text} at (3800,1620) size 75x22 contains 1 chunk(s)
        RenderSVGInlineText {#text} at (0,-17) size 75x22
          chunk 1 text run 1 at (3800.00,1620.00) startOffset 0 endOffset 11 width 75.00: "just a text"
      RenderSVGText {text} at (3900,1620) size 75x22 contains 1 chunk(s)
        RenderSVGInlineText {#text} at (0,-17) size 75x22
          chunk 1 text run 1 at (3900.00,1620.00) startOffset 0 endOffset 11 width 75.00: "just a text"
      RenderSVGText {text} at (4000,1620) size 75x22 contains 1 chunk(s)
        RenderSVGInlineText {#text} at (0,-17) size 75x22
          chunk 1 text run 1 at (4000.00,1620.00) startOffset 0 endOffset 11 width 75.00: "just a text"
      RenderSVGText {text} at (4100,1620) size 75x22 contains 1 chunk(s)
        RenderSVGInlineText {#text} at (0,-17) size 75x22
          chunk 1 text run 1 at (4100.00,1620.00) startOffset 0 endOffset 11 width 75.00: "just a text"
      RenderSVGText {text} at (4200,1620) size 75x22 contains 1 chunk(s)
        RenderSVGInlineText {#text} at (0,-17) size 75x22
          chunk 1 text run 1 at (4200.00,1620.00) startOffset 0 endOffset 11 width 75.00: "just a text"
      RenderSVGText {text} at (4300,1620) size 75x22 contains 1 chunk(s)
        RenderSVGInlineText {#text} at (0,-17) size 75x22
          chunk 1 text run 1 at (4300.00,1620.00) startOffset 0 endOffset 11 width 75.00: "just a text"
      RenderSVGText {text} at (4400,1620) size 75x22 contains 1 chunk(s)
        RenderSVGInlineText {#text} at (0,-17) size 75x22
          chunk 1 text run 1 at (4400.00,1620.00) startOffset 0 endOffset 11 width 75.00: "just a text"
      RenderSVGText {text} at (4500,1620) size 75x22 contains 1 chunk(s)
        RenderSVGInlineText {#text} at (0,-17) size 75x22
          chunk 1 text run 1 at (4500.00,1620.00) startOffset 0 endOffset 11 width 75.00: "just a text"
      RenderSVGText {text} at (4600,1620) size 75x22 contains 1 chunk(s)
        RenderSVGInlineText {#text} at (0,-17) size 75x22
          chunk 1 text run 1 at (4600.00,1620.00) startOffset 0 endOffset 11 width 75.00: "just a text"
      RenderSVGText {text} at (4700,1620) size 75x22 contains 1 chunk(s)
        RenderSVGInlineText {#text} at (0,-17) size 75x22
          chunk 1 text run 1 at (4700.00,1620.00) startOffset 0 endOffset 11 width 75.00: "just a text"
      RenderSVGText {text} at (4800,1620) size 75x22 contains 1 chunk(s)
        RenderSVGInlineText {#text} at (0,-17) size 75x22
          chunk 1 text run 1 at (4800.00,1620.00) startOffset 0 endOffset 11 width 75.00: "just a text"
      RenderSVGText {text} at (4900,1620) size 75x22 contains 1 chunk(s)
        RenderSVGInlineText {#text} at (0,-17) size 75x22
          chunk 1 text run 1 at (4900.00,1620.00) startOffset 0 endOffset 11 width 75.00: "just a text"
      RenderSVGText {text} at (0,1720) size 75x22 contains 1 chunk(s)
        RenderSVGInlineText {#text} at (0,-17) size 75x22
          chunk 1 text run 1 at (0.00,1720.00) startOffset 0 endOffset 11 width 75.00: "just a text"
      RenderSVGText {text} at (100,1720) size 75x22 contains 1 chunk(s)
        RenderSVGInlineText {#text} at (0,-17) size 75x22
          chunk 1 text run 1 at (100.00,1720.00) startOffset 0 endOffset 11 width 75.00: "just a text"
      RenderSVGText {text} at (200,1720) size 75x22 contains 1 chunk(s)
        RenderSVGInlineText {#text} at (0,-17) size 75x22
          chunk 1 text run 1 at (200.00,1720.00) startOffset 0 endOffset 11 width 75.00: "just a text"
      RenderSVGText {text} at (300,1720) size 75x22 contains 1 chunk(s)
        RenderSVGInlineText {#text} at (0,-17) size 75x22
          chunk 1 text run 1 at (300.00,1720.00) startOffset 0 endOffset 11 width 75.00: "just a text"
      RenderSVGText {text} at (400,1720) size 75x22 contains 1 chunk(s)
        RenderSVGInlineText {#text} at (0,-17) size 75x22
          chunk 1 text run 1 at (400.00,1720.00) startOffset 0 endOffset 11 width 75.00: "just a text"
      RenderSVGText {text} at (500,1720) size 75x22 contains 1 chunk(s)
        RenderSVGInlineText {#text} at (0,-17) size 75x22
          chunk 1 text run 1 at (500.00,1720.00) startOffset 0 endOffset 11 width 75.00: "just a text"
      RenderSVGText {text} at (600,1720) size 75x22 contains 1 chunk(s)
        RenderSVGInlineText {#text} at (0,-17) size 75x22
          chunk 1 text run 1 at (600.00,1720.00) startOffset 0 endOffset 11 width 75.00: "just a text"
      RenderSVGText {text} at (700,1720) size 75x22 contains 1 chunk(s)
        RenderSVGInlineText {#text} at (0,-17) size 75x22
          chunk 1 text run 1 at (700.00,1720.00) startOffset 0 endOffset 11 width 75.00: "just a text"
      RenderSVGText {text} at (800,1720) size 75x22 contains 1 chunk(s)
        RenderSVGInlineText {#text} at (0,-17) size 75x22
          chunk 1 text run 1 at (800.00,1720.00) startOffset 0 endOffset 11 width 75.00: "just a text"
      RenderSVGText {text} at (900,1720) size 75x22 contains 1 chunk(s)
        RenderSVGInlineText {#text} at (0,-17) size 75x22
          chunk 1 text run 1 at (900.00,1720.00) startOffset 0 endOffset 11 width 75.00: "just a text"
      RenderSVGText {text} at (1000,1720) size 75x22 contains 1 chunk(s)
        RenderSVGInlineText {#text} at (0,-17) size 75x22
          chunk 1 text run 1 at (1000.00,1720.00) startOffset 0 endOffset 11 width 75.00: "just a text"
      RenderSVGText {text} at (1100,1720) size 75x22 contains 1 chunk(s)
        RenderSVGInlineText {#text} at (0,-17) size 75x22
          chunk 1 text run 1 at (1100.00,1720.00) startOffset 0 endOffset 11 width 75.00: "just a text"
      RenderSVGText {text} at (1200,1720) size 75x22 contains 1 chunk(s)
        RenderSVGInlineText {#text} at (0,-17) size 75x22
          chunk 1 text run 1 at (1200.00,1720.00) startOffset 0 endOffset 11 width 75.00: "just a text"
      RenderSVGText {text} at (1300,1720) size 75x22 contains 1 chunk(s)
        RenderSVGInlineText {#text} at (0,-17) size 75x22
          chunk 1 text run 1 at (1300.00,1720.00) startOffset 0 endOffset 11 width 75.00: "just a text"
      RenderSVGText {text} at (1400,1720) size 75x22 contains 1 chunk(s)
        RenderSVGInlineText {#text} at (0,-17) size 75x22
          chunk 1 text run 1 at (1400.00,1720.00) startOffset 0 endOffset 11 width 75.00: "just a text"
      RenderSVGText {text} at (1500,1720) size 75x22 contains 1 chunk(s)
        RenderSVGInlineText {#text} at (0,-17) size 75x22
          chunk 1 text run 1 at (1500.00,1720.00) startOffset 0 endOffset 11 width 75.00: "just a text"
      RenderSVGText {text} at (1600,1720) size 75x22 contains 1 chunk(s)
        RenderSVGInlineText {#text} at (0,-17) size 75x22
          chunk 1 text run 1 at (1600.00,1720.00) startOffset 0 endOffset 11 width 75.00: "just a text"
      RenderSVGText {text} at (1700,1720) size 75x22 contains 1 chunk(s)
        RenderSVGInlineText {#text} at (0,-17) size 75x22
          chunk 1 text run 1 at (1700.00,1720.00) startOffset 0 endOffset 11 width 75.00: "just a text"
      RenderSVGText {text} at (1800,1720) size 75x22 contains 1 chunk(s)
        RenderSVGInlineText {#text} at (0,-17) size 75x22
          chunk 1 text run 1 at (1800.00,1720.00) startOffset 0 endOffset 11 width 75.00: "just a text"
      RenderSVGText {text} at (1900,1720) size 75x22 contains 1 chunk(s)
        RenderSVGInlineText {#text} at (0,-17) size 75x22
          chunk 1 text run 1 at (1900.00,1720.00) startOffset 0 endOffset 11 width 75.00: "just a text"
      RenderSVGText {text} at (2000,1720) size 75x22 contains 1 chunk(s)
        RenderSVGInlineText {#text} at (0,-17) size 75x22
          chunk 1 text run 1 at (2000.00,1720.00) startOffset 0 endOffset 11 width 75.00: "just a text"
      RenderSVGText {text} at (2100,1720) size 75x22 contains 1 chunk(s)
        RenderSVGInlineText {#text} at (0,-17) size 75x22
          chunk 1 text run 1 at (2100.00,1720.00) startOffset 0 endOffset 11 width 75.00: "just a text"
      RenderSVGText {text} at (2200,1720) size 75x22 contains 1 chunk(s)
        RenderSVGInlineText {#text} at (0,-17) size 75x22
          chunk 1 text run 1 at (2200.00,1720.00) startOffset 0 endOffset 11 width 75.00: "just a text"
      RenderSVGText {text} at (2300,1720) size 75x22 contains 1 chunk(s)
        RenderSVGInlineText {#text} at (0,-17) size 75x22
          chunk 1 text run 1 at (2300.00,1720.00) startOffset 0 endOffset 11 width 75.00: "just a text"
      RenderSVGText {text} at (2400,1720) size 75x22 contains 1 chunk(s)
        RenderSVGInlineText {#text} at (0,-17) size 75x22
          chunk 1 text run 1 at (2400.00,1720.00) startOffset 0 endOffset 11 width 75.00: "just a text"
      RenderSVGText {text} at (2500,1720) size 75x22 contains 1 chunk(s)
        RenderSVGInlineText {#text} at (0,-17) size 75x22
          chunk 1 text run 1 at (2500.00,1720.00) startOffset 0 endOffset 11 width 75.00: "just a text"
      RenderSVGText {text} at (2600,1720) size 75x22 contains 1 chunk(s)
        RenderSVGInlineText {#text} at (0,-17) size 75x22
          chunk 1 text run 1 at (2600.00,1720.00) startOffset 0 endOffset 11 width 75.00: "just a text"
      RenderSVGText {text} at (2700,1720) size 75x22 contains 1 chunk(s)
        RenderSVGInlineText {#text} at (0,-17) size 75x22
          chunk 1 text run 1 at (2700.00,1720.00) startOffset 0 endOffset 11 width 75.00: "just a text"
      RenderSVGText {text} at (2800,1720) size 75x22 contains 1 chunk(s)
        RenderSVGInlineText {#text} at (0,-17) size 75x22
          chunk 1 text run 1 at (2800.00,1720.00) startOffset 0 endOffset 11 width 75.00: "just a text"
      RenderSVGText {text} at (2900,1720) size 75x22 contains 1 chunk(s)
        RenderSVGInlineText {#text} at (0,-17) size 75x22
          chunk 1 text run 1 at (2900.00,1720.00) startOffset 0 endOffset 11 width 75.00: "just a text"
      RenderSVGText {text} at (3000,1720) size 75x22 contains 1 chunk(s)
        RenderSVGInlineText {#text} at (0,-17) size 75x22
          chunk 1 text run 1 at (3000.00,1720.00) startOffset 0 endOffset 11 width 75.00: "just a text"
      RenderSVGText {text} at (3100,1720) size 75x22 contains 1 chunk(s)
        RenderSVGInlineText {#text} at (0,-17) size 75x22
          chunk 1 text run 1 at (3100.00,1720.00) startOffset 0 endOffset 11 width 75.00: "just a text"
      RenderSVGText {text} at (3200,1720) size 75x22 contains 1 chunk(s)
        RenderSVGInlineText {#text} at (0,-17) size 75x22
          chunk 1 text run 1 at (3200.00,1720.00) startOffset 0 endOffset 11 width 75.00: "just a text"
      RenderSVGText {text} at (3300,1720) size 75x22 contains 1 chunk(s)
        RenderSVGInlineText {#text} at (0,-17) size 75x22
          chunk 1 text run 1 at (3300.00,1720.00) startOffset 0 endOffset 11 width 75.00: "just a text"
      RenderSVGText {text} at (3400,1720) size 75x22 contains 1 chunk(s)
        RenderSVGInlineText {#text} at (0,-17) size 75x22
          chunk 1 text run 1 at (3400.00,1720.00) startOffset 0 endOffset 11 width 75.00: "just a text"
      RenderSVGText {text} at (3500,1720) size 75x22 contains 1 chunk(s)
        RenderSVGInlineText {#text} at (0,-17) size 75x22
          chunk 1 text run 1 at (3500.00,1720.00) startOffset 0 endOffset 11 width 75.00: "just a text"
      RenderSVGText {text} at (3600,1720) size 75x22 contains 1 chunk(s)
        RenderSVGInlineText {#text} at (0,-17) size 75x22
          chunk 1 text run 1 at (3600.00,1720.00) startOffset 0 endOffset 11 width 75.00: "just a text"
      RenderSVGText {text} at (3700,1720) size 75x22 contains 1 chunk(s)
        RenderSVGInlineText {#text} at (0,-17) size 75x22
          chunk 1 text run 1 at (3700.00,1720.00) startOffset 0 endOffset 11 width 75.00: "just a text"
      RenderSVGText {text} at (3800,1720) size 75x22 contains 1 chunk(s)
        RenderSVGInlineText {#text} at (0,-17) size 75x22
          chunk 1 text run 1 at (3800.00,1720.00) startOffset 0 endOffset 11 width 75.00: "just a text"
      RenderSVGText {text} at (3900,1720) size 75x22 contains 1 chunk(s)
        RenderSVGInlineText {#text} at (0,-17) size 75x22
          chunk 1 text run 1 at (3900.00,1720.00) startOffset 0 endOffset 11 width 75.00: "just a text"
      RenderSVGText {text} at (4000,1720) size 75x22 contains 1 chunk(s)
        RenderSVGInlineText {#text} at (0,-17) size 75x22
          chunk 1 text run 1 at (4000.00,1720.00) startOffset 0 endOffset 11 width 75.00: "just a text"
      RenderSVGText {text} at (4100,1720) size 75x22 contains 1 chunk(s)
        RenderSVGInlineText {#text} at (0,-17) size 75x22
          chunk 1 text run 1 at (4100.00,1720.00) startOffset 0 endOffset 11 width 75.00: "just a text"
      RenderSVGText {text} at (4200,1720) size 75x22 contains 1 chunk(s)
        RenderSVGInlineText {#text} at (0,-17) size 75x22
          chunk 1 text run 1 at (4200.00,1720.00) startOffset 0 endOffset 11 width 75.00: "just a text"
      RenderSVGText {text} at (4300,1720) size 75x22 contains 1 chunk(s)
        RenderSVGInlineText {#text} at (0,-17) size 75x22
          chunk 1 text run 1 at (4300.00,1720.00) startOffset 0 endOffset 11 width 75.00: "just a text"
      RenderSVGText {text} at (4400,1720) size 75x22 contains 1 chunk(s)
        RenderSVGInlineText {#text} at (0,-17) size 75x22
          chunk 1 text run 1 at (4400.00,1720.00) startOffset 0 endOffset 11 width 75.00: "just a text"
      RenderSVGText {text} at (4500,1720) size 75x22 contains 1 chunk(s)
        RenderSVGInlineText {#text} at (0,-17) size 75x22
          chunk 1 text run 1 at (4500.00,1720.00) startOffset 0 endOffset 11 width 75.00: "just a text"
      RenderSVGText {text} at (4600,1720) size 75x22 contains 1 chunk(s)
        RenderSVGInlineText {#text} at (0,-17) size 75x22
          chunk 1 text run 1 at (4600.00,1720.00) startOffset 0 endOffset 11 width 75.00: "just a text"
      RenderSVGText {text} at (4700,1720) size 75x22 contains 1 chunk(s)
        RenderSVGInlineText {#text} at (0,-17) size 75x22
          chunk 1 text run 1 at (4700.00,1720.00) startOffset 0 endOffset 11 width 75.00: "just a text"
      RenderSVGText {text} at (4800,1720) size 75x22 contains 1 chunk(s)
        RenderSVGInlineText {#text} at (0,-17) size 75x22
          chunk 1 text run 1 at (4800.00,1720.00) startOffset 0 endOffset 11 width 75.00: "just a text"
      RenderSVGText {text} at (4900,1720) size 75x22 contains 1 chunk(s)
        RenderSVGInlineText {#text} at (0,-17) size 75x22
          chunk 1 text run 1 at (4900.00,1720.00) startOffset 0 endOffset 11 width 75.00: "just a text"
      RenderSVGText {text} at (0,1820) size 75x22 contains 1 chunk(s)
        RenderSVGInlineText {#text} at (0,-17) size 75x22
          chunk 1 text run 1 at (0.00,1820.00) startOffset 0 endOffset 11 width 75.00: "just a text"
      RenderSVGText {text} at (100,1820) size 75x22 contains 1 chunk(s)
        RenderSVGInlineText {#text} at (0,-17) size 75x22
          chunk 1 text run 1 at (100.00,1820.00) startOffset 0 endOffset 11 width 75.00: "just a text"
      RenderSVGText {text} at (200,1820) size 75x22 contains 1 chunk(s)
        RenderSVGInlineText {#text} at (0,-17) size 75x22
          chunk 1 text run 1 at (200.00,1820.00) startOffset 0 endOffset 11 width 75.00: "just a text"
      RenderSVGText {text} at (300,1820) size 75x22 contains 1 chunk(s)
        RenderSVGInlineText {#text} at (0,-17) size 75x22
          chunk 1 text run 1 at (300.00,1820.00) startOffset 0 endOffset 11 width 75.00: "just a text"
      RenderSVGText {text} at (400,1820) size 75x22 contains 1 chunk(s)
        RenderSVGInlineText {#text} at (0,-17) size 75x22
          chunk 1 text run 1 at (400.00,1820.00) startOffset 0 endOffset 11 width 75.00: "just a text"
      RenderSVGText {text} at (500,1820) size 75x22 contains 1 chunk(s)
        RenderSVGInlineText {#text} at (0,-17) size 75x22
          chunk 1 text run 1 at (500.00,1820.00) startOffset 0 endOffset 11 width 75.00: "just a text"
      RenderSVGText {text} at (600,1820) size 75x22 contains 1 chunk(s)
        RenderSVGInlineText {#text} at (0,-17) size 75x22
          chunk 1 text run 1 at (600.00,1820.00) startOffset 0 endOffset 11 width 75.00: "just a text"
      RenderSVGText {text} at (700,1820) size 75x22 contains 1 chunk(s)
        RenderSVGInlineText {#text} at (0,-17) size 75x22
          chunk 1 text run 1 at (700.00,1820.00) startOffset 0 endOffset 11 width 75.00: "just a text"
      RenderSVGText {text} at (800,1820) size 75x22 contains 1 chunk(s)
        RenderSVGInlineText {#text} at (0,-17) size 75x22
          chunk 1 text run 1 at (800.00,1820.00) startOffset 0 endOffset 11 width 75.00: "just a text"
      RenderSVGText {text} at (900,1820) size 75x22 contains 1 chunk(s)
        RenderSVGInlineText {#text} at (0,-17) size 75x22
          chunk 1 text run 1 at (900.00,1820.00) startOffset 0 endOffset 11 width 75.00: "just a text"
      RenderSVGText {text} at (1000,1820) size 75x22 contains 1 chunk(s)
        RenderSVGInlineText {#text} at (0,-17) size 75x22
          chunk 1 text run 1 at (1000.00,1820.00) startOffset 0 endOffset 11 width 75.00: "just a text"
      RenderSVGText {text} at (1100,1820) size 75x22 contains 1 chunk(s)
        RenderSVGInlineText {#text} at (0,-17) size 75x22
          chunk 1 text run 1 at (1100.00,1820.00) startOffset 0 endOffset 11 width 75.00: "just a text"
      RenderSVGText {text} at (1200,1820) size 75x22 contains 1 chunk(s)
        RenderSVGInlineText {#text} at (0,-17) size 75x22
          chunk 1 text run 1 at (1200.00,1820.00) startOffset 0 endOffset 11 width 75.00: "just a text"
      RenderSVGText {text} at (1300,1820) size 75x22 contains 1 chunk(s)
        RenderSVGInlineText {#text} at (0,-17) size 75x22
          chunk 1 text run 1 at (1300.00,1820.00) startOffset 0 endOffset 11 width 75.00: "just a text"
      RenderSVGText {text} at (1400,1820) size 75x22 contains 1 chunk(s)
        RenderSVGInlineText {#text} at (0,-17) size 75x22
          chunk 1 text run 1 at (1400.00,1820.00) startOffset 0 endOffset 11 width 75.00: "just a text"
      RenderSVGText {text} at (1500,1820) size 75x22 contains 1 chunk(s)
        RenderSVGInlineText {#text} at (0,-17) size 75x22
          chunk 1 text run 1 at (1500.00,1820.00) startOffset 0 endOffset 11 width 75.00: "just a text"
      RenderSVGText {text} at (1600,1820) size 75x22 contains 1 chunk(s)
        RenderSVGInlineText {#text} at (0,-17) size 75x22
          chunk 1 text run 1 at (1600.00,1820.00) startOffset 0 endOffset 11 width 75.00: "just a text"
      RenderSVGText {text} at (1700,1820) size 75x22 contains 1 chunk(s)
        RenderSVGInlineText {#text} at (0,-17) size 75x22
          chunk 1 text run 1 at (1700.00,1820.00) startOffset 0 endOffset 11 width 75.00: "just a text"
      RenderSVGText {text} at (1800,1820) size 75x22 contains 1 chunk(s)
        RenderSVGInlineText {#text} at (0,-17) size 75x22
          chunk 1 text run 1 at (1800.00,1820.00) startOffset 0 endOffset 11 width 75.00: "just a text"
      RenderSVGText {text} at (1900,1820) size 75x22 contains 1 chunk(s)
        RenderSVGInlineText {#text} at (0,-17) size 75x22
          chunk 1 text run 1 at (1900.00,1820.00) startOffset 0 endOffset 11 width 75.00: "just a text"
      RenderSVGText {text} at (2000,1820) size 75x22 contains 1 chunk(s)
        RenderSVGInlineText {#text} at (0,-17) size 75x22
          chunk 1 text run 1 at (2000.00,1820.00) startOffset 0 endOffset 11 width 75.00: "just a text"
      RenderSVGText {text} at (2100,1820) size 75x22 contains 1 chunk(s)
        RenderSVGInlineText {#text} at (0,-17) size 75x22
          chunk 1 text run 1 at (2100.00,1820.00) startOffset 0 endOffset 11 width 75.00: "just a text"
      RenderSVGText {text} at (2200,1820) size 75x22 contains 1 chunk(s)
        RenderSVGInlineText {#text} at (0,-17) size 75x22
          chunk 1 text run 1 at (2200.00,1820.00) startOffset 0 endOffset 11 width 75.00: "just a text"
      RenderSVGText {text} at (2300,1820) size 75x22 contains 1 chunk(s)
        RenderSVGInlineText {#text} at (0,-17) size 75x22
          chunk 1 text run 1 at (2300.00,1820.00) startOffset 0 endOffset 11 width 75.00: "just a text"
      RenderSVGText {text} at (2400,1820) size 75x22 contains 1 chunk(s)
        RenderSVGInlineText {#text} at (0,-17) size 75x22
          chunk 1 text run 1 at (2400.00,1820.00) startOffset 0 endOffset 11 width 75.00: "just a text"
      RenderSVGText {text} at (2500,1820) size 75x22 contains 1 chunk(s)
        RenderSVGInlineText {#text} at (0,-17) size 75x22
          chunk 1 text run 1 at (2500.00,1820.00) startOffset 0 endOffset 11 width 75.00: "just a text"
      RenderSVGText {text} at (2600,1820) size 75x22 contains 1 chunk(s)
        RenderSVGInlineText {#text} at (0,-17) size 75x22
          chunk 1 text run 1 at (2600.00,1820.00) startOffset 0 endOffset 11 width 75.00: "just a text"
      RenderSVGText {text} at (2700,1820) size 75x22 contains 1 chunk(s)
        RenderSVGInlineText {#text} at (0,-17) size 75x22
          chunk 1 text run 1 at (2700.00,1820.00) startOffset 0 endOffset 11 width 75.00: "just a text"
      RenderSVGText {text} at (2800,1820) size 75x22 contains 1 chunk(s)
        RenderSVGInlineText {#text} at (0,-17) size 75x22
          chunk 1 text run 1 at (2800.00,1820.00) startOffset 0 endOffset 11 width 75.00: "just a text"
      RenderSVGText {text} at (2900,1820) size 75x22 contains 1 chunk(s)
        RenderSVGInlineText {#text} at (0,-17) size 75x22
          chunk 1 text run 1 at (2900.00,1820.00) startOffset 0 endOffset 11 width 75.00: "just a text"
      RenderSVGText {text} at (3000,1820) size 75x22 contains 1 chunk(s)
        RenderSVGInlineText {#text} at (0,-17) size 75x22
          chunk 1 text run 1 at (3000.00,1820.00) startOffset 0 endOffset 11 width 75.00: "just a text"
      RenderSVGText {text} at (3100,1820) size 75x22 contains 1 chunk(s)
        RenderSVGInlineText {#text} at (0,-17) size 75x22
          chunk 1 text run 1 at (3100.00,1820.00) startOffset 0 endOffset 11 width 75.00: "just a text"
      RenderSVGText {text} at (3200,1820) size 75x22 contains 1 chunk(s)
        RenderSVGInlineText {#text} at (0,-17) size 75x22
          chunk 1 text run 1 at (3200.00,1820.00) startOffset 0 endOffset 11 width 75.00: "just a text"
      RenderSVGText {text} at (3300,1820) size 75x22 contains 1 chunk(s)
        RenderSVGInlineText {#text} at (0,-17) size 75x22
          chunk 1 text run 1 at (3300.00,1820.00) startOffset 0 endOffset 11 width 75.00: "just a text"
      RenderSVGText {text} at (3400,1820) size 75x22 contains 1 chunk(s)
        RenderSVGInlineText {#text} at (0,-17) size 75x22
          chunk 1 text run 1 at (3400.00,1820.00) startOffset 0 endOffset 11 width 75.00: "just a text"
      RenderSVGText {text} at (3500,1820) size 75x22 contains 1 chunk(s)
        RenderSVGInlineText {#text} at (0,-17) size 75x22
          chunk 1 text run 1 at (3500.00,1820.00) startOffset 0 endOffset 11 width 75.00: "just a text"
      RenderSVGText {text} at (3600,1820) size 75x22 contains 1 chunk(s)
        RenderSVGInlineText {#text} at (0,-17) size 75x22
          chunk 1 text run 1 at (3600.00,1820.00) startOffset 0 endOffset 11 width 75.00: "just a text"
      RenderSVGText {text} at (3700,1820) size 75x22 contains 1 chunk(s)
        RenderSVGInlineText {#text} at (0,-17) size 75x22
          chunk 1 text run 1 at (3700.00,1820.00) startOffset 0 endOffset 11 width 75.00: "just a text"
      RenderSVGText {text} at (3800,1820) size 75x22 contains 1 chunk(s)
        RenderSVGInlineText {#text} at (0,-17) size 75x22
          chunk 1 text run 1 at (3800.00,1820.00) startOffset 0 endOffset 11 width 75.00: "just a text"
      RenderSVGText {text} at (3900,1820) size 75x22 contains 1 chunk(s)
        RenderSVGInlineText {#text} at (0,-17) size 75x22
          chunk 1 text run 1 at (3900.00,1820.00) startOffset 0 endOffset 11 width 75.00: "just a text"
      RenderSVGText {text} at (4000,1820) size 75x22 contains 1 chunk(s)
        RenderSVGInlineText {#text} at (0,-17) size 75x22
          chunk 1 text run 1 at (4000.00,1820.00) startOffset 0 endOffset 11 width 75.00: "just a text"
      RenderSVGText {text} at (4100,1820) size 75x22 contains 1 chunk(s)
        RenderSVGInlineText {#text} at (0,-17) size 75x22
          chunk 1 text run 1 at (4100.00,1820.00) startOffset 0 endOffset 11 width 75.00: "just a text"
      RenderSVGText {text} at (4200,1820) size 75x22 contains 1 chunk(s)
        RenderSVGInlineText {#text} at (0,-17) size 75x22
          chunk 1 text run 1 at (4200.00,1820.00) startOffset 0 endOffset 11 width 75.00: "just a text"
      RenderSVGText {text} at (4300,1820) size 75x22 contains 1 chunk(s)
        RenderSVGInlineText {#text} at (0,-17) size 75x22
          chunk 1 text run 1 at (4300.00,1820.00) startOffset 0 endOffset 11 width 75.00: "just a text"
      RenderSVGText {text} at (4400,1820) size 75x22 contains 1 chunk(s)
        RenderSVGInlineText {#text} at (0,-17) size 75x22
          chunk 1 text run 1 at (4400.00,1820.00) startOffset 0 endOffset 11 width 75.00: "just a text"
      RenderSVGText {text} at (4500,1820) size 75x22 contains 1 chunk(s)
        RenderSVGInlineText {#text} at (0,-17) size 75x22
          chunk 1 text run 1 at (4500.00,1820.00) startOffset 0 endOffset 11 width 75.00: "just a text"
      RenderSVGText {text} at (4600,1820) size 75x22 contains 1 chunk(s)
        RenderSVGInlineText {#text} at (0,-17) size 75x22
          chunk 1 text run 1 at (4600.00,1820.00) startOffset 0 endOffset 11 width 75.00: "just a text"
      RenderSVGText {text} at (4700,1820) size 75x22 contains 1 chunk(s)
        RenderSVGInlineText {#text} at (0,-17) size 75x22
          chunk 1 text run 1 at (4700.00,1820.00) startOffset 0 endOffset 11 width 75.00: "just a text"
      RenderSVGText {text} at (4800,1820) size 75x22 contains 1 chunk(s)
        RenderSVGInlineText {#text} at (0,-17) size 75x22
          chunk 1 text run 1 at (4800.00,1820.00) startOffset 0 endOffset 11 width 75.00: "just a text"
      RenderSVGText {text} at (4900,1820) size 75x22 contains 1 chunk(s)
        RenderSVGInlineText {#text} at (0,-17) size 75x22
          chunk 1 text run 1 at (4900.00,1820.00) startOffset 0 endOffset 11 width 75.00: "just a text"
      RenderSVGText {text} at (0,1920) size 75x22 contains 1 chunk(s)
        RenderSVGInlineText {#text} at (0,-17) size 75x22
          chunk 1 text run 1 at (0.00,1920.00) startOffset 0 endOffset 11 width 75.00: "just a text"
      RenderSVGText {text} at (100,1920) size 75x22 contains 1 chunk(s)
        RenderSVGInlineText {#text} at (0,-17) size 75x22
          chunk 1 text run 1 at (100.00,1920.00) startOffset 0 endOffset 11 width 75.00: "just a text"
      RenderSVGText {text} at (200,1920) size 75x22 contains 1 chunk(s)
        RenderSVGInlineText {#text} at (0,-17) size 75x22
          chunk 1 text run 1 at (200.00,1920.00) startOffset 0 endOffset 11 width 75.00: "just a text"
      RenderSVGText {text} at (300,1920) size 75x22 contains 1 chunk(s)
        RenderSVGInlineText {#text} at (0,-17) size 75x22
          chunk 1 text run 1 at (300.00,1920.00) startOffset 0 endOffset 11 width 75.00: "just a text"
      RenderSVGText {text} at (400,1920) size 75x22 contains 1 chunk(s)
        RenderSVGInlineText {#text} at (0,-17) size 75x22
          chunk 1 text run 1 at (400.00,1920.00) startOffset 0 endOffset 11 width 75.00: "just a text"
      RenderSVGText {text} at (500,1920) size 75x22 contains 1 chunk(s)
        RenderSVGInlineText {#text} at (0,-17) size 75x22
          chunk 1 text run 1 at (500.00,1920.00) startOffset 0 endOffset 11 width 75.00: "just a text"
      RenderSVGText {text} at (600,1920) size 75x22 contains 1 chunk(s)
        RenderSVGInlineText {#text} at (0,-17) size 75x22
          chunk 1 text run 1 at (600.00,1920.00) startOffset 0 endOffset 11 width 75.00: "just a text"
      RenderSVGText {text} at (700,1920) size 75x22 contains 1 chunk(s)
        RenderSVGInlineText {#text} at (0,-17) size 75x22
          chunk 1 text run 1 at (700.00,1920.00) startOffset 0 endOffset 11 width 75.00: "just a text"
      RenderSVGText {text} at (800,1920) size 75x22 contains 1 chunk(s)
        RenderSVGInlineText {#text} at (0,-17) size 75x22
          chunk 1 text run 1 at (800.00,1920.00) startOffset 0 endOffset 11 width 75.00: "just a text"
      RenderSVGText {text} at (900,1920) size 75x22 contains 1 chunk(s)
        RenderSVGInlineText {#text} at (0,-17) size 75x22
          chunk 1 text run 1 at (900.00,1920.00) startOffset 0 endOffset 11 width 75.00: "just a text"
      RenderSVGText {text} at (1000,1920) size 75x22 contains 1 chunk(s)
        RenderSVGInlineText {#text} at (0,-17) size 75x22
          chunk 1 text run 1 at (1000.00,1920.00) startOffset 0 endOffset 11 width 75.00: "just a text"
      RenderSVGText {text} at (1100,1920) size 75x22 contains 1 chunk(s)
        RenderSVGInlineText {#text} at (0,-17) size 75x22
          chunk 1 text run 1 at (1100.00,1920.00) startOffset 0 endOffset 11 width 75.00: "just a text"
      RenderSVGText {text} at (1200,1920) size 75x22 contains 1 chunk(s)
        RenderSVGInlineText {#text} at (0,-17) size 75x22
          chunk 1 text run 1 at (1200.00,1920.00) startOffset 0 endOffset 11 width 75.00: "just a text"
      RenderSVGText {text} at (1300,1920) size 75x22 contains 1 chunk(s)
        RenderSVGInlineText {#text} at (0,-17) size 75x22
          chunk 1 text run 1 at (1300.00,1920.00) startOffset 0 endOffset 11 width 75.00: "just a text"
      RenderSVGText {text} at (1400,1920) size 75x22 contains 1 chunk(s)
        RenderSVGInlineText {#text} at (0,-17) size 75x22
          chunk 1 text run 1 at (1400.00,1920.00) startOffset 0 endOffset 11 width 75.00: "just a text"
      RenderSVGText {text} at (1500,1920) size 75x22 contains 1 chunk(s)
        RenderSVGInlineText {#text} at (0,-17) size 75x22
          chunk 1 text run 1 at (1500.00,1920.00) startOffset 0 endOffset 11 width 75.00: "just a text"
      RenderSVGText {text} at (1600,1920) size 75x22 contains 1 chunk(s)
        RenderSVGInlineText {#text} at (0,-17) size 75x22
          chunk 1 text run 1 at (1600.00,1920.00) startOffset 0 endOffset 11 width 75.00: "just a text"
      RenderSVGText {text} at (1700,1920) size 75x22 contains 1 chunk(s)
        RenderSVGInlineText {#text} at (0,-17) size 75x22
          chunk 1 text run 1 at (1700.00,1920.00) startOffset 0 endOffset 11 width 75.00: "just a text"
      RenderSVGText {text} at (1800,1920) size 75x22 contains 1 chunk(s)
        RenderSVGInlineText {#text} at (0,-17) size 75x22
          chunk 1 text run 1 at (1800.00,1920.00) startOffset 0 endOffset 11 width 75.00: "just a text"
      RenderSVGText {text} at (1900,1920) size 75x22 contains 1 chunk(s)
        RenderSVGInlineText {#text} at (0,-17) size 75x22
          chunk 1 text run 1 at (1900.00,1920.00) startOffset 0 endOffset 11 width 75.00: "just a text"
      RenderSVGText {text} at (2000,1920) size 75x22 contains 1 chunk(s)
        RenderSVGInlineText {#text} at (0,-17) size 75x22
          chunk 1 text run 1 at (2000.00,1920.00) startOffset 0 endOffset 11 width 75.00: "just a text"
      RenderSVGText {text} at (2100,1920) size 75x22 contains 1 chunk(s)
        RenderSVGInlineText {#text} at (0,-17) size 75x22
          chunk 1 text run 1 at (2100.00,1920.00) startOffset 0 endOffset 11 width 75.00: "just a text"
      RenderSVGText {text} at (2200,1920) size 75x22 contains 1 chunk(s)
        RenderSVGInlineText {#text} at (0,-17) size 75x22
          chunk 1 text run 1 at (2200.00,1920.00) startOffset 0 endOffset 11 width 75.00: "just a text"
      RenderSVGText {text} at (2300,1920) size 75x22 contains 1 chunk(s)
        RenderSVGInlineText {#text} at (0,-17) size 75x22
          chunk 1 text run 1 at (2300.00,1920.00) startOffset 0 endOffset 11 width 75.00: "just a text"
      RenderSVGText {text} at (2400,1920) size 75x22 contains 1 chunk(s)
        RenderSVGInlineText {#text} at (0,-17) size 75x22
          chunk 1 text run 1 at (2400.00,1920.00) startOffset 0 endOffset 11 width 75.00: "just a text"
      RenderSVGText {text} at (2500,1920) size 75x22 contains 1 chunk(s)
        RenderSVGInlineText {#text} at (0,-17) size 75x22
          chunk 1 text run 1 at (2500.00,1920.00) startOffset 0 endOffset 11 width 75.00: "just a text"
      RenderSVGText {text} at (2600,1920) size 75x22 contains 1 chunk(s)
        RenderSVGInlineText {#text} at (0,-17) size 75x22
          chunk 1 text run 1 at (2600.00,1920.00) startOffset 0 endOffset 11 width 75.00: "just a text"
      RenderSVGText {text} at (2700,1920) size 75x22 contains 1 chunk(s)
        RenderSVGInlineText {#text} at (0,-17) size 75x22
          chunk 1 text run 1 at (2700.00,1920.00) startOffset 0 endOffset 11 width 75.00: "just a text"
      RenderSVGText {text} at (2800,1920) size 75x22 contains 1 chunk(s)
        RenderSVGInlineText {#text} at (0,-17) size 75x22
          chunk 1 text run 1 at (2800.00,1920.00) startOffset 0 endOffset 11 width 75.00: "just a text"
      RenderSVGText {text} at (2900,1920) size 75x22 contains 1 chunk(s)
        RenderSVGInlineText {#text} at (0,-17) size 75x22
          chunk 1 text run 1 at (2900.00,1920.00) startOffset 0 endOffset 11 width 75.00: "just a text"
      RenderSVGText {text} at (3000,1920) size 75x22 contains 1 chunk(s)
        RenderSVGInlineText {#text} at (0,-17) size 75x22
          chunk 1 text run 1 at (3000.00,1920.00) startOffset 0 endOffset 11 width 75.00: "just a text"
      RenderSVGText {text} at (3100,1920) size 75x22 contains 1 chunk(s)
        RenderSVGInlineText {#text} at (0,-17) size 75x22
          chunk 1 text run 1 at (3100.00,1920.00) startOffset 0 endOffset 11 width 75.00: "just a text"
      RenderSVGText {text} at (3200,1920) size 75x22 contains 1 chunk(s)
        RenderSVGInlineText {#text} at (0,-17) size 75x22
          chunk 1 text run 1 at (3200.00,1920.00) startOffset 0 endOffset 11 width 75.00: "just a text"
      RenderSVGText {text} at (3300,1920) size 75x22 contains 1 chunk(s)
        RenderSVGInlineText {#text} at (0,-17) size 75x22
          chunk 1 text run 1 at (3300.00,1920.00) startOffset 0 endOffset 11 width 75.00: "just a text"
      RenderSVGText {text} at (3400,1920) size 75x22 contains 1 chunk(s)
        RenderSVGInlineText {#text} at (0,-17) size 75x22
          chunk 1 text run 1 at (3400.00,1920.00) startOffset 0 endOffset 11 width 75.00: "just a text"
      RenderSVGText {text} at (3500,1920) size 75x22 contains 1 chunk(s)
        RenderSVGInlineText {#text} at (0,-17) size 75x22
          chunk 1 text run 1 at (3500.00,1920.00) startOffset 0 endOffset 11 width 75.00: "just a text"
      RenderSVGText {text} at (3600,1920) size 75x22 contains 1 chunk(s)
        RenderSVGInlineText {#text} at (0,-17) size 75x22
          chunk 1 text run 1 at (3600.00,1920.00) startOffset 0 endOffset 11 width 75.00: "just a text"
      RenderSVGText {text} at (3700,1920) size 75x22 contains 1 chunk(s)
        RenderSVGInlineText {#text} at (0,-17) size 75x22
          chunk 1 text run 1 at (3700.00,1920.00) startOffset 0 endOffset 11 width 75.00: "just a text"
      RenderSVGText {text} at (3800,1920) size 75x22 contains 1 chunk(s)
        RenderSVGInlineText {#text} at (0,-17) size 75x22
          chunk 1 text run 1 at (3800.00,1920.00) startOffset 0 endOffset 11 width 75.00: "just a text"
      RenderSVGText {text} at (3900,1920) size 75x22 contains 1 chunk(s)
        RenderSVGInlineText {#text} at (0,-17) size 75x22
          chunk 1 text run 1 at (3900.00,1920.00) startOffset 0 endOffset 11 width 75.00: "just a text"
      RenderSVGText {text} at (4000,1920) size 75x22 contains 1 chunk(s)
        RenderSVGInlineText {#text} at (0,-17) size 75x22
          chunk 1 text run 1 at (4000.00,1920.00) startOffset 0 endOffset 11 width 75.00: "just a text"
      RenderSVGText {text} at (4100,1920) size 75x22 contains 1 chunk(s)
        RenderSVGInlineText {#text} at (0,-17) size 75x22
          chunk 1 text run 1 at (4100.00,1920.00) startOffset 0 endOffset 11 width 75.00: "just a text"
      RenderSVGText {text} at (4200,1920) size 75x22 contains 1 chunk(s)
        RenderSVGInlineText {#text} at (0,-17) size 75x22
          chunk 1 text run 1 at (4200.00,1920.00) startOffset 0 endOffset 11 width 75.00: "just a text"
      RenderSVGText {text} at (4300,1920) size 75x22 contains 1 chunk(s)
        RenderSVGInlineText {#text} at (0,-17) size 75x22
          chunk 1 text run 1 at (4300.00,1920.00) startOffset 0 endOffset 11 width 75.00: "just a text"
      RenderSVGText {text} at (4400,1920) size 75x22 contains 1 chunk(s)
        RenderSVGInlineText {#text} at (0,-17) size 75x22
          chunk 1 text run 1 at (4400.00,1920.00) startOffset 0 endOffset 11 width 75.00: "just a text"
      RenderSVGText {text} at (4500,1920) size 75x22 contains 1 chunk(s)
        RenderSVGInlineText {#text} at (0,-17) size 75x22
          chunk 1 text run 1 at (4500.00,1920.00) startOffset 0 endOffset 11 width 75.00: "just a text"
      RenderSVGText {text} at (4600,1920) size 75x22 contains 1 chunk(s)
        RenderSVGInlineText {#text} at (0,-17) size 75x22
          chunk 1 text run 1 at (4600.00,1920.00) startOffset 0 endOffset 11 width 75.00: "just a text"
      RenderSVGText {text} at (4700,1920) size 75x22 contains 1 chunk(s)
        RenderSVGInlineText {#text} at (0,-17) size 75x22
          chunk 1 text run 1 at (4700.00,1920.00) startOffset 0 endOffset 11 width 75.00: "just a text"
      RenderSVGText {text} at (4800,1920) size 75x22 contains 1 chunk(s)
        RenderSVGInlineText {#text} at (0,-17) size 75x22
          chunk 1 text run 1 at (4800.00,1920.00) startOffset 0 endOffset 11 width 75.00: "just a text"
      RenderSVGText {text} at (4900,1920) size 75x22 contains 1 chunk(s)
        RenderSVGInlineText {#text} at (0,-17) size 75x22
          chunk 1 text run 1 at (4900.00,1920.00) startOffset 0 endOffset 11 width 75.00: "just a text"
      RenderSVGText {text} at (0,2020) size 75x22 contains 1 chunk(s)
        RenderSVGInlineText {#text} at (0,-17) size 75x22
          chunk 1 text run 1 at (0.00,2020.00) startOffset 0 endOffset 11 width 75.00: "just a text"
      RenderSVGText {text} at (100,2020) size 75x22 contains 1 chunk(s)
        RenderSVGInlineText {#text} at (0,-17) size 75x22
          chunk 1 text run 1 at (100.00,2020.00) startOffset 0 endOffset 11 width 75.00: "just a text"
      RenderSVGText {text} at (200,2020) size 75x22 contains 1 chunk(s)
        RenderSVGInlineText {#text} at (0,-17) size 75x22
          chunk 1 text run 1 at (200.00,2020.00) startOffset 0 endOffset 11 width 75.00: "just a text"
      RenderSVGText {text} at (300,2020) size 75x22 contains 1 chunk(s)
        RenderSVGInlineText {#text} at (0,-17) size 75x22
          chunk 1 text run 1 at (300.00,2020.00) startOffset 0 endOffset 11 width 75.00: "just a text"
      RenderSVGText {text} at (400,2020) size 75x22 contains 1 chunk(s)
        RenderSVGInlineText {#text} at (0,-17) size 75x22
          chunk 1 text run 1 at (400.00,2020.00) startOffset 0 endOffset 11 width 75.00: "just a text"
      RenderSVGText {text} at (500,2020) size 75x22 contains 1 chunk(s)
        RenderSVGInlineText {#text} at (0,-17) size 75x22
          chunk 1 text run 1 at (500.00,2020.00) startOffset 0 endOffset 11 width 75.00: "just a text"
      RenderSVGText {text} at (600,2020) size 75x22 contains 1 chunk(s)
        RenderSVGInlineText {#text} at (0,-17) size 75x22
          chunk 1 text run 1 at (600.00,2020.00) startOffset 0 endOffset 11 width 75.00: "just a text"
      RenderSVGText {text} at (700,2020) size 75x22 contains 1 chunk(s)
        RenderSVGInlineText {#text} at (0,-17) size 75x22
          chunk 1 text run 1 at (700.00,2020.00) startOffset 0 endOffset 11 width 75.00: "just a text"
      RenderSVGText {text} at (800,2020) size 75x22 contains 1 chunk(s)
        RenderSVGInlineText {#text} at (0,-17) size 75x22
          chunk 1 text run 1 at (800.00,2020.00) startOffset 0 endOffset 11 width 75.00: "just a text"
      RenderSVGText {text} at (900,2020) size 75x22 contains 1 chunk(s)
        RenderSVGInlineText {#text} at (0,-17) size 75x22
          chunk 1 text run 1 at (900.00,2020.00) startOffset 0 endOffset 11 width 75.00: "just a text"
      RenderSVGText {text} at (1000,2020) size 75x22 contains 1 chunk(s)
        RenderSVGInlineText {#text} at (0,-17) size 75x22
          chunk 1 text run 1 at (1000.00,2020.00) startOffset 0 endOffset 11 width 75.00: "just a text"
      RenderSVGText {text} at (1100,2020) size 75x22 contains 1 chunk(s)
        RenderSVGInlineText {#text} at (0,-17) size 75x22
          chunk 1 text run 1 at (1100.00,2020.00) startOffset 0 endOffset 11 width 75.00: "just a text"
      RenderSVGText {text} at (1200,2020) size 75x22 contains 1 chunk(s)
        RenderSVGInlineText {#text} at (0,-17) size 75x22
          chunk 1 text run 1 at (1200.00,2020.00) startOffset 0 endOffset 11 width 75.00: "just a text"
      RenderSVGText {text} at (1300,2020) size 75x22 contains 1 chunk(s)
        RenderSVGInlineText {#text} at (0,-17) size 75x22
          chunk 1 text run 1 at (1300.00,2020.00) startOffset 0 endOffset 11 width 75.00: "just a text"
      RenderSVGText {text} at (1400,2020) size 75x22 contains 1 chunk(s)
        RenderSVGInlineText {#text} at (0,-17) size 75x22
          chunk 1 text run 1 at (1400.00,2020.00) startOffset 0 endOffset 11 width 75.00: "just a text"
      RenderSVGText {text} at (1500,2020) size 75x22 contains 1 chunk(s)
        RenderSVGInlineText {#text} at (0,-17) size 75x22
          chunk 1 text run 1 at (1500.00,2020.00) startOffset 0 endOffset 11 width 75.00: "just a text"
      RenderSVGText {text} at (1600,2020) size 75x22 contains 1 chunk(s)
        RenderSVGInlineText {#text} at (0,-17) size 75x22
          chunk 1 text run 1 at (1600.00,2020.00) startOffset 0 endOffset 11 width 75.00: "just a text"
      RenderSVGText {text} at (1700,2020) size 75x22 contains 1 chunk(s)
        RenderSVGInlineText {#text} at (0,-17) size 75x22
          chunk 1 text run 1 at (1700.00,2020.00) startOffset 0 endOffset 11 width 75.00: "just a text"
      RenderSVGText {text} at (1800,2020) size 75x22 contains 1 chunk(s)
        RenderSVGInlineText {#text} at (0,-17) size 75x22
          chunk 1 text run 1 at (1800.00,2020.00) startOffset 0 endOffset 11 width 75.00: "just a text"
      RenderSVGText {text} at (1900,2020) size 75x22 contains 1 chunk(s)
        RenderSVGInlineText {#text} at (0,-17) size 75x22
          chunk 1 text run 1 at (1900.00,2020.00) startOffset 0 endOffset 11 width 75.00: "just a text"
      RenderSVGText {text} at (2000,2020) size 75x22 contains 1 chunk(s)
        RenderSVGInlineText {#text} at (0,-17) size 75x22
          chunk 1 text run 1 at (2000.00,2020.00) startOffset 0 endOffset 11 width 75.00: "just a text"
      RenderSVGText {text} at (2100,2020) size 75x22 contains 1 chunk(s)
        RenderSVGInlineText {#text} at (0,-17) size 75x22
          chunk 1 text run 1 at (2100.00,2020.00) startOffset 0 endOffset 11 width 75.00: "just a text"
      RenderSVGText {text} at (2200,2020) size 75x22 contains 1 chunk(s)
        RenderSVGInlineText {#text} at (0,-17) size 75x22
          chunk 1 text run 1 at (2200.00,2020.00) startOffset 0 endOffset 11 width 75.00: "just a text"
      RenderSVGText {text} at (2300,2020) size 75x22 contains 1 chunk(s)
        RenderSVGInlineText {#text} at (0,-17) size 75x22
          chunk 1 text run 1 at (2300.00,2020.00) startOffset 0 endOffset 11 width 75.00: "just a text"
      RenderSVGText {text} at (2400,2020) size 75x22 contains 1 chunk(s)
        RenderSVGInlineText {#text} at (0,-17) size 75x22
          chunk 1 text run 1 at (2400.00,2020.00) startOffset 0 endOffset 11 width 75.00: "just a text"
      RenderSVGText {text} at (2500,2020) size 75x22 contains 1 chunk(s)
        RenderSVGInlineText {#text} at (0,-17) size 75x22
          chunk 1 text run 1 at (2500.00,2020.00) startOffset 0 endOffset 11 width 75.00: "just a text"
      RenderSVGText {text} at (2600,2020) size 75x22 contains 1 chunk(s)
        RenderSVGInlineText {#text} at (0,-17) size 75x22
          chunk 1 text run 1 at (2600.00,2020.00) startOffset 0 endOffset 11 width 75.00: "just a text"
      RenderSVGText {text} at (2700,2020) size 75x22 contains 1 chunk(s)
        RenderSVGInlineText {#text} at (0,-17) size 75x22
          chunk 1 text run 1 at (2700.00,2020.00) startOffset 0 endOffset 11 width 75.00: "just a text"
      RenderSVGText {text} at (2800,2020) size 75x22 contains 1 chunk(s)
        RenderSVGInlineText {#text} at (0,-17) size 75x22
          chunk 1 text run 1 at (2800.00,2020.00) startOffset 0 endOffset 11 width 75.00: "just a text"
      RenderSVGText {text} at (2900,2020) size 75x22 contains 1 chunk(s)
        RenderSVGInlineText {#text} at (0,-17) size 75x22
          chunk 1 text run 1 at (2900.00,2020.00) startOffset 0 endOffset 11 width 75.00: "just a text"
      RenderSVGText {text} at (3000,2020) size 75x22 contains 1 chunk(s)
        RenderSVGInlineText {#text} at (0,-17) size 75x22
          chunk 1 text run 1 at (3000.00,2020.00) startOffset 0 endOffset 11 width 75.00: "just a text"
      RenderSVGText {text} at (3100,2020) size 75x22 contains 1 chunk(s)
        RenderSVGInlineText {#text} at (0,-17) size 75x22
          chunk 1 text run 1 at (3100.00,2020.00) startOffset 0 endOffset 11 width 75.00: "just a text"
      RenderSVGText {text} at (3200,2020) size 75x22 contains 1 chunk(s)
        RenderSVGInlineText {#text} at (0,-17) size 75x22
          chunk 1 text run 1 at (3200.00,2020.00) startOffset 0 endOffset 11 width 75.00: "just a text"
      RenderSVGText {text} at (3300,2020) size 75x22 contains 1 chunk(s)
        RenderSVGInlineText {#text} at (0,-17) size 75x22
          chunk 1 text run 1 at (3300.00,2020.00) startOffset 0 endOffset 11 width 75.00: "just a text"
      RenderSVGText {text} at (3400,2020) size 75x22 contains 1 chunk(s)
        RenderSVGInlineText {#text} at (0,-17) size 75x22
          chunk 1 text run 1 at (3400.00,2020.00) startOffset 0 endOffset 11 width 75.00: "just a text"
      RenderSVGText {text} at (3500,2020) size 75x22 contains 1 chunk(s)
        RenderSVGInlineText {#text} at (0,-17) size 75x22
          chunk 1 text run 1 at (3500.00,2020.00) startOffset 0 endOffset 11 width 75.00: "just a text"
      RenderSVGText {text} at (3600,2020) size 75x22 contains 1 chunk(s)
        RenderSVGInlineText {#text} at (0,-17) size 75x22
          chunk 1 text run 1 at (3600.00,2020.00) startOffset 0 endOffset 11 width 75.00: "just a text"
      RenderSVGText {text} at (3700,2020) size 75x22 contains 1 chunk(s)
        RenderSVGInlineText {#text} at (0,-17) size 75x22
          chunk 1 text run 1 at (3700.00,2020.00) startOffset 0 endOffset 11 width 75.00: "just a text"
      RenderSVGText {text} at (3800,2020) size 75x22 contains 1 chunk(s)
        RenderSVGInlineText {#text} at (0,-17) size 75x22
          chunk 1 text run 1 at (3800.00,2020.00) startOffset 0 endOffset 11 width 75.00: "just a text"
      RenderSVGText {text} at (3900,2020) size 75x22 contains 1 chunk(s)
        RenderSVGInlineText {#text} at (0,-17) size 75x22
          chunk 1 text run 1 at (3900.00,2020.00) startOffset 0 endOffset 11 width 75.00: "just a text"
      RenderSVGText {text} at (4000,2020) size 75x22 contains 1 chunk(s)
        RenderSVGInlineText {#text} at (0,-17) size 75x22
          chunk 1 text run 1 at (4000.00,2020.00) startOffset 0 endOffset 11 width 75.00: "just a text"
      RenderSVGText {text} at (4100,2020) size 75x22 contains 1 chunk(s)
        RenderSVGInlineText {#text} at (0,-17) size 75x22
          chunk 1 text run 1 at (4100.00,2020.00) startOffset 0 endOffset 11 width 75.00: "just a text"
      RenderSVGText {text} at (4200,2020) size 75x22 contains 1 chunk(s)
        RenderSVGInlineText {#text} at (0,-17) size 75x22
          chunk 1 text run 1 at (4200.00,2020.00) startOffset 0 endOffset 11 width 75.00: "just a text"
      RenderSVGText {text} at (4300,2020) size 75x22 contains 1 chunk(s)
        RenderSVGInlineText {#text} at (0,-17) size 75x22
          chunk 1 text run 1 at (4300.00,2020.00) startOffset 0 endOffset 11 width 75.00: "just a text"
      RenderSVGText {text} at (4400,2020) size 75x22 contains 1 chunk(s)
        RenderSVGInlineText {#text} at (0,-17) size 75x22
          chunk 1 text run 1 at (4400.00,2020.00) startOffset 0 endOffset 11 width 75.00: "just a text"
      RenderSVGText {text} at (4500,2020) size 75x22 contains 1 chunk(s)
        RenderSVGInlineText {#text} at (0,-17) size 75x22
          chunk 1 text run 1 at (4500.00,2020.00) startOffset 0 endOffset 11 width 75.00: "just a text"
      RenderSVGText {text} at (4600,2020) size 75x22 contains 1 chunk(s)
        RenderSVGInlineText {#text} at (0,-17) size 75x22
          chunk 1 text run 1 at (4600.00,2020.00) startOffset 0 endOffset 11 width 75.00: "just a text"
      RenderSVGText {text} at (4700,2020) size 75x22 contains 1 chunk(s)
        RenderSVGInlineText {#text} at (0,-17) size 75x22
          chunk 1 text run 1 at (4700.00,2020.00) startOffset 0 endOffset 11 width 75.00: "just a text"
      RenderSVGText {text} at (4800,2020) size 75x22 contains 1 chunk(s)
        RenderSVGInlineText {#text} at (0,-17) size 75x22
          chunk 1 text run 1 at (4800.00,2020.00) startOffset 0 endOffset 11 width 75.00: "just a text"
      RenderSVGText {text} at (4900,2020) size 75x22 contains 1 chunk(s)
        RenderSVGInlineText {#text} at (0,-17) size 75x22
          chunk 1 text run 1 at (4900.00,2020.00) startOffset 0 endOffset 11 width 75.00: "just a text"
      RenderSVGText {text} at (0,2120) size 75x22 contains 1 chunk(s)
        RenderSVGInlineText {#text} at (0,-17) size 75x22
          chunk 1 text run 1 at (0.00,2120.00) startOffset 0 endOffset 11 width 75.00: "just a text"
      RenderSVGText {text} at (100,2120) size 75x22 contains 1 chunk(s)
        RenderSVGInlineText {#text} at (0,-17) size 75x22
          chunk 1 text run 1 at (100.00,2120.00) startOffset 0 endOffset 11 width 75.00: "just a text"
      RenderSVGText {text} at (200,2120) size 75x22 contains 1 chunk(s)
        RenderSVGInlineText {#text} at (0,-17) size 75x22
          chunk 1 text run 1 at (200.00,2120.00) startOffset 0 endOffset 11 width 75.00: "just a text"
      RenderSVGText {text} at (300,2120) size 75x22 contains 1 chunk(s)
        RenderSVGInlineText {#text} at (0,-17) size 75x22
          chunk 1 text run 1 at (300.00,2120.00) startOffset 0 endOffset 11 width 75.00: "just a text"
      RenderSVGText {text} at (400,2120) size 75x22 contains 1 chunk(s)
        RenderSVGInlineText {#text} at (0,-17) size 75x22
          chunk 1 text run 1 at (400.00,2120.00) startOffset 0 endOffset 11 width 75.00: "just a text"
      RenderSVGText {text} at (500,2120) size 75x22 contains 1 chunk(s)
        RenderSVGInlineText {#text} at (0,-17) size 75x22
          chunk 1 text run 1 at (500.00,2120.00) startOffset 0 endOffset 11 width 75.00: "just a text"
      RenderSVGText {text} at (600,2120) size 75x22 contains 1 chunk(s)
        RenderSVGInlineText {#text} at (0,-17) size 75x22
          chunk 1 text run 1 at (600.00,2120.00) startOffset 0 endOffset 11 width 75.00: "just a text"
      RenderSVGText {text} at (700,2120) size 75x22 contains 1 chunk(s)
        RenderSVGInlineText {#text} at (0,-17) size 75x22
          chunk 1 text run 1 at (700.00,2120.00) startOffset 0 endOffset 11 width 75.00: "just a text"
      RenderSVGText {text} at (800,2120) size 75x22 contains 1 chunk(s)
        RenderSVGInlineText {#text} at (0,-17) size 75x22
          chunk 1 text run 1 at (800.00,2120.00) startOffset 0 endOffset 11 width 75.00: "just a text"
      RenderSVGText {text} at (900,2120) size 75x22 contains 1 chunk(s)
        RenderSVGInlineText {#text} at (0,-17) size 75x22
          chunk 1 text run 1 at (900.00,2120.00) startOffset 0 endOffset 11 width 75.00: "just a text"
      RenderSVGText {text} at (1000,2120) size 75x22 contains 1 chunk(s)
        RenderSVGInlineText {#text} at (0,-17) size 75x22
          chunk 1 text run 1 at (1000.00,2120.00) startOffset 0 endOffset 11 width 75.00: "just a text"
      RenderSVGText {text} at (1100,2120) size 75x22 contains 1 chunk(s)
        RenderSVGInlineText {#text} at (0,-17) size 75x22
          chunk 1 text run 1 at (1100.00,2120.00) startOffset 0 endOffset 11 width 75.00: "just a text"
      RenderSVGText {text} at (1200,2120) size 75x22 contains 1 chunk(s)
        RenderSVGInlineText {#text} at (0,-17) size 75x22
          chunk 1 text run 1 at (1200.00,2120.00) startOffset 0 endOffset 11 width 75.00: "just a text"
      RenderSVGText {text} at (1300,2120) size 75x22 contains 1 chunk(s)
        RenderSVGInlineText {#text} at (0,-17) size 75x22
          chunk 1 text run 1 at (1300.00,2120.00) startOffset 0 endOffset 11 width 75.00: "just a text"
      RenderSVGText {text} at (1400,2120) size 75x22 contains 1 chunk(s)
        RenderSVGInlineText {#text} at (0,-17) size 75x22
          chunk 1 text run 1 at (1400.00,2120.00) startOffset 0 endOffset 11 width 75.00: "just a text"
      RenderSVGText {text} at (1500,2120) size 75x22 contains 1 chunk(s)
        RenderSVGInlineText {#text} at (0,-17) size 75x22
          chunk 1 text run 1 at (1500.00,2120.00) startOffset 0 endOffset 11 width 75.00: "just a text"
      RenderSVGText {text} at (1600,2120) size 75x22 contains 1 chunk(s)
        RenderSVGInlineText {#text} at (0,-17) size 75x22
          chunk 1 text run 1 at (1600.00,2120.00) startOffset 0 endOffset 11 width 75.00: "just a text"
      RenderSVGText {text} at (1700,2120) size 75x22 contains 1 chunk(s)
        RenderSVGInlineText {#text} at (0,-17) size 75x22
          chunk 1 text run 1 at (1700.00,2120.00) startOffset 0 endOffset 11 width 75.00: "just a text"
      RenderSVGText {text} at (1800,2120) size 75x22 contains 1 chunk(s)
        RenderSVGInlineText {#text} at (0,-17) size 75x22
          chunk 1 text run 1 at (1800.00,2120.00) startOffset 0 endOffset 11 width 75.00: "just a text"
      RenderSVGText {text} at (1900,2120) size 75x22 contains 1 chunk(s)
        RenderSVGInlineText {#text} at (0,-17) size 75x22
          chunk 1 text run 1 at (1900.00,2120.00) startOffset 0 endOffset 11 width 75.00: "just a text"
      RenderSVGText {text} at (2000,2120) size 75x22 contains 1 chunk(s)
        RenderSVGInlineText {#text} at (0,-17) size 75x22
          chunk 1 text run 1 at (2000.00,2120.00) startOffset 0 endOffset 11 width 75.00: "just a text"
      RenderSVGText {text} at (2100,2120) size 75x22 contains 1 chunk(s)
        RenderSVGInlineText {#text} at (0,-17) size 75x22
          chunk 1 text run 1 at (2100.00,2120.00) startOffset 0 endOffset 11 width 75.00: "just a text"
      RenderSVGText {text} at (2200,2120) size 75x22 contains 1 chunk(s)
        RenderSVGInlineText {#text} at (0,-17) size 75x22
          chunk 1 text run 1 at (2200.00,2120.00) startOffset 0 endOffset 11 width 75.00: "just a text"
      RenderSVGText {text} at (2300,2120) size 75x22 contains 1 chunk(s)
        RenderSVGInlineText {#text} at (0,-17) size 75x22
          chunk 1 text run 1 at (2300.00,2120.00) startOffset 0 endOffset 11 width 75.00: "just a text"
      RenderSVGText {text} at (2400,2120) size 75x22 contains 1 chunk(s)
        RenderSVGInlineText {#text} at (0,-17) size 75x22
          chunk 1 text run 1 at (2400.00,2120.00) startOffset 0 endOffset 11 width 75.00: "just a text"
      RenderSVGText {text} at (2500,2120) size 75x22 contains 1 chunk(s)
        RenderSVGInlineText {#text} at (0,-17) size 75x22
          chunk 1 text run 1 at (2500.00,2120.00) startOffset 0 endOffset 11 width 75.00: "just a text"
      RenderSVGText {text} at (2600,2120) size 75x22 contains 1 chunk(s)
        RenderSVGInlineText {#text} at (0,-17) size 75x22
          chunk 1 text run 1 at (2600.00,2120.00) startOffset 0 endOffset 11 width 75.00: "just a text"
      RenderSVGText {text} at (2700,2120) size 75x22 contains 1 chunk(s)
        RenderSVGInlineText {#text} at (0,-17) size 75x22
          chunk 1 text run 1 at (2700.00,2120.00) startOffset 0 endOffset 11 width 75.00: "just a text"
      RenderSVGText {text} at (2800,2120) size 75x22 contains 1 chunk(s)
        RenderSVGInlineText {#text} at (0,-17) size 75x22
          chunk 1 text run 1 at (2800.00,2120.00) startOffset 0 endOffset 11 width 75.00: "just a text"
      RenderSVGText {text} at (2900,2120) size 75x22 contains 1 chunk(s)
        RenderSVGInlineText {#text} at (0,-17) size 75x22
          chunk 1 text run 1 at (2900.00,2120.00) startOffset 0 endOffset 11 width 75.00: "just a text"
      RenderSVGText {text} at (3000,2120) size 75x22 contains 1 chunk(s)
        RenderSVGInlineText {#text} at (0,-17) size 75x22
          chunk 1 text run 1 at (3000.00,2120.00) startOffset 0 endOffset 11 width 75.00: "just a text"
      RenderSVGText {text} at (3100,2120) size 75x22 contains 1 chunk(s)
        RenderSVGInlineText {#text} at (0,-17) size 75x22
          chunk 1 text run 1 at (3100.00,2120.00) startOffset 0 endOffset 11 width 75.00: "just a text"
      RenderSVGText {text} at (3200,2120) size 75x22 contains 1 chunk(s)
        RenderSVGInlineText {#text} at (0,-17) size 75x22
          chunk 1 text run 1 at (3200.00,2120.00) startOffset 0 endOffset 11 width 75.00: "just a text"
      RenderSVGText {text} at (3300,2120) size 75x22 contains 1 chunk(s)
        RenderSVGInlineText {#text} at (0,-17) size 75x22
          chunk 1 text run 1 at (3300.00,2120.00) startOffset 0 endOffset 11 width 75.00: "just a text"
      RenderSVGText {text} at (3400,2120) size 75x22 contains 1 chunk(s)
        RenderSVGInlineText {#text} at (0,-17) size 75x22
          chunk 1 text run 1 at (3400.00,2120.00) startOffset 0 endOffset 11 width 75.00: "just a text"
      RenderSVGText {text} at (3500,2120) size 75x22 contains 1 chunk(s)
        RenderSVGInlineText {#text} at (0,-17) size 75x22
          chunk 1 text run 1 at (3500.00,2120.00) startOffset 0 endOffset 11 width 75.00: "just a text"
      RenderSVGText {text} at (3600,2120) size 75x22 contains 1 chunk(s)
        RenderSVGInlineText {#text} at (0,-17) size 75x22
          chunk 1 text run 1 at (3600.00,2120.00) startOffset 0 endOffset 11 width 75.00: "just a text"
      RenderSVGText {text} at (3700,2120) size 75x22 contains 1 chunk(s)
        RenderSVGInlineText {#text} at (0,-17) size 75x22
          chunk 1 text run 1 at (3700.00,2120.00) startOffset 0 endOffset 11 width 75.00: "just a text"
      RenderSVGText {text} at (3800,2120) size 75x22 contains 1 chunk(s)
        RenderSVGInlineText {#text} at (0,-17) size 75x22
          chunk 1 text run 1 at (3800.00,2120.00) startOffset 0 endOffset 11 width 75.00: "just a text"
      RenderSVGText {text} at (3900,2120) size 75x22 contains 1 chunk(s)
        RenderSVGInlineText {#text} at (0,-17) size 75x22
          chunk 1 text run 1 at (3900.00,2120.00) startOffset 0 endOffset 11 width 75.00: "just a text"
      RenderSVGText {text} at (4000,2120) size 75x22 contains 1 chunk(s)
        RenderSVGInlineText {#text} at (0,-17) size 75x22
          chunk 1 text run 1 at (4000.00,2120.00) startOffset 0 endOffset 11 width 75.00: "just a text"
      RenderSVGText {text} at (4100,2120) size 75x22 contains 1 chunk(s)
        RenderSVGInlineText {#text} at (0,-17) size 75x22
          chunk 1 text run 1 at (4100.00,2120.00) startOffset 0 endOffset 11 width 75.00: "just a text"
      RenderSVGText {text} at (4200,2120) size 75x22 contains 1 chunk(s)
        RenderSVGInlineText {#text} at (0,-17) size 75x22
          chunk 1 text run 1 at (4200.00,2120.00) startOffset 0 endOffset 11 width 75.00: "just a text"
      RenderSVGText {text} at (4300,2120) size 75x22 contains 1 chunk(s)
        RenderSVGInlineText {#text} at (0,-17) size 75x22
          chunk 1 text run 1 at (4300.00,2120.00) startOffset 0 endOffset 11 width 75.00: "just a text"
      RenderSVGText {text} at (4400,2120) size 75x22 contains 1 chunk(s)
        RenderSVGInlineText {#text} at (0,-17) size 75x22
          chunk 1 text run 1 at (4400.00,2120.00) startOffset 0 endOffset 11 width 75.00: "just a text"
      RenderSVGText {text} at (4500,2120) size 75x22 contains 1 chunk(s)
        RenderSVGInlineText {#text} at (0,-17) size 75x22
          chunk 1 text run 1 at (4500.00,2120.00) startOffset 0 endOffset 11 width 75.00: "just a text"
      RenderSVGText {text} at (4600,2120) size 75x22 contains 1 chunk(s)
        RenderSVGInlineText {#text} at (0,-17) size 75x22
          chunk 1 text run 1 at (4600.00,2120.00) startOffset 0 endOffset 11 width 75.00: "just a text"
      RenderSVGText {text} at (4700,2120) size 75x22 contains 1 chunk(s)
        RenderSVGInlineText {#text} at (0,-17) size 75x22
          chunk 1 text run 1 at (4700.00,2120.00) startOffset 0 endOffset 11 width 75.00: "just a text"
      RenderSVGText {text} at (4800,2120) size 75x22 contains 1 chunk(s)
        RenderSVGInlineText {#text} at (0,-17) size 75x22
          chunk 1 text run 1 at (4800.00,2120.00) startOffset 0 endOffset 11 width 75.00: "just a text"
      RenderSVGText {text} at (4900,2120) size 75x22 contains 1 chunk(s)
        RenderSVGInlineText {#text} at (0,-17) size 75x22
          chunk 1 text run 1 at (4900.00,2120.00) startOffset 0 endOffset 11 width 75.00: "just a text"
      RenderSVGText {text} at (0,2220) size 75x22 contains 1 chunk(s)
        RenderSVGInlineText {#text} at (0,-17) size 75x22
          chunk 1 text run 1 at (0.00,2220.00) startOffset 0 endOffset 11 width 75.00: "just a text"
      RenderSVGText {text} at (100,2220) size 75x22 contains 1 chunk(s)
        RenderSVGInlineText {#text} at (0,-17) size 75x22
          chunk 1 text run 1 at (100.00,2220.00) startOffset 0 endOffset 11 width 75.00: "just a text"
      RenderSVGText {text} at (200,2220) size 75x22 contains 1 chunk(s)
        RenderSVGInlineText {#text} at (0,-17) size 75x22
          chunk 1 text run 1 at (200.00,2220.00) startOffset 0 endOffset 11 width 75.00: "just a text"
      RenderSVGText {text} at (300,2220) size 75x22 contains 1 chunk(s)
        RenderSVGInlineText {#text} at (0,-17) size 75x22
          chunk 1 text run 1 at (300.00,2220.00) startOffset 0 endOffset 11 width 75.00: "just a text"
      RenderSVGText {text} at (400,2220) size 75x22 contains 1 chunk(s)
        RenderSVGInlineText {#text} at (0,-17) size 75x22
          chunk 1 text run 1 at (400.00,2220.00) startOffset 0 endOffset 11 width 75.00: "just a text"
      RenderSVGText {text} at (500,2220) size 75x22 contains 1 chunk(s)
        RenderSVGInlineText {#text} at (0,-17) size 75x22
          chunk 1 text run 1 at (500.00,2220.00) startOffset 0 endOffset 11 width 75.00: "just a text"
      RenderSVGText {text} at (600,2220) size 75x22 contains 1 chunk(s)
        RenderSVGInlineText {#text} at (0,-17) size 75x22
          chunk 1 text run 1 at (600.00,2220.00) startOffset 0 endOffset 11 width 75.00: "just a text"
      RenderSVGText {text} at (700,2220) size 75x22 contains 1 chunk(s)
        RenderSVGInlineText {#text} at (0,-17) size 75x22
          chunk 1 text run 1 at (700.00,2220.00) startOffset 0 endOffset 11 width 75.00: "just a text"
      RenderSVGText {text} at (800,2220) size 75x22 contains 1 chunk(s)
        RenderSVGInlineText {#text} at (0,-17) size 75x22
          chunk 1 text run 1 at (800.00,2220.00) startOffset 0 endOffset 11 width 75.00: "just a text"
      RenderSVGText {text} at (900,2220) size 75x22 contains 1 chunk(s)
        RenderSVGInlineText {#text} at (0,-17) size 75x22
          chunk 1 text run 1 at (900.00,2220.00) startOffset 0 endOffset 11 width 75.00: "just a text"
      RenderSVGText {text} at (1000,2220) size 75x22 contains 1 chunk(s)
        RenderSVGInlineText {#text} at (0,-17) size 75x22
          chunk 1 text run 1 at (1000.00,2220.00) startOffset 0 endOffset 11 width 75.00: "just a text"
      RenderSVGText {text} at (1100,2220) size 75x22 contains 1 chunk(s)
        RenderSVGInlineText {#text} at (0,-17) size 75x22
          chunk 1 text run 1 at (1100.00,2220.00) startOffset 0 endOffset 11 width 75.00: "just a text"
      RenderSVGText {text} at (1200,2220) size 75x22 contains 1 chunk(s)
        RenderSVGInlineText {#text} at (0,-17) size 75x22
          chunk 1 text run 1 at (1200.00,2220.00) startOffset 0 endOffset 11 width 75.00: "just a text"
      RenderSVGText {text} at (1300,2220) size 75x22 contains 1 chunk(s)
        RenderSVGInlineText {#text} at (0,-17) size 75x22
          chunk 1 text run 1 at (1300.00,2220.00) startOffset 0 endOffset 11 width 75.00: "just a text"
      RenderSVGText {text} at (1400,2220) size 75x22 contains 1 chunk(s)
        RenderSVGInlineText {#text} at (0,-17) size 75x22
          chunk 1 text run 1 at (1400.00,2220.00) startOffset 0 endOffset 11 width 75.00: "just a text"
      RenderSVGText {text} at (1500,2220) size 75x22 contains 1 chunk(s)
        RenderSVGInlineText {#text} at (0,-17) size 75x22
          chunk 1 text run 1 at (1500.00,2220.00) startOffset 0 endOffset 11 width 75.00: "just a text"
      RenderSVGText {text} at (1600,2220) size 75x22 contains 1 chunk(s)
        RenderSVGInlineText {#text} at (0,-17) size 75x22
          chunk 1 text run 1 at (1600.00,2220.00) startOffset 0 endOffset 11 width 75.00: "just a text"
      RenderSVGText {text} at (1700,2220) size 75x22 contains 1 chunk(s)
        RenderSVGInlineText {#text} at (0,-17) size 75x22
          chunk 1 text run 1 at (1700.00,2220.00) startOffset 0 endOffset 11 width 75.00: "just a text"
      RenderSVGText {text} at (1800,2220) size 75x22 contains 1 chunk(s)
        RenderSVGInlineText {#text} at (0,-17) size 75x22
          chunk 1 text run 1 at (1800.00,2220.00) startOffset 0 endOffset 11 width 75.00: "just a text"
      RenderSVGText {text} at (1900,2220) size 75x22 contains 1 chunk(s)
        RenderSVGInlineText {#text} at (0,-17) size 75x22
          chunk 1 text run 1 at (1900.00,2220.00) startOffset 0 endOffset 11 width 75.00: "just a text"
      RenderSVGText {text} at (2000,2220) size 75x22 contains 1 chunk(s)
        RenderSVGInlineText {#text} at (0,-17) size 75x22
          chunk 1 text run 1 at (2000.00,2220.00) startOffset 0 endOffset 11 width 75.00: "just a text"
      RenderSVGText {text} at (2100,2220) size 75x22 contains 1 chunk(s)
        RenderSVGInlineText {#text} at (0,-17) size 75x22
          chunk 1 text run 1 at (2100.00,2220.00) startOffset 0 endOffset 11 width 75.00: "just a text"
      RenderSVGText {text} at (2200,2220) size 75x22 contains 1 chunk(s)
        RenderSVGInlineText {#text} at (0,-17) size 75x22
          chunk 1 text run 1 at (2200.00,2220.00) startOffset 0 endOffset 11 width 75.00: "just a text"
      RenderSVGText {text} at (2300,2220) size 75x22 contains 1 chunk(s)
        RenderSVGInlineText {#text} at (0,-17) size 75x22
          chunk 1 text run 1 at (2300.00,2220.00) startOffset 0 endOffset 11 width 75.00: "just a text"
      RenderSVGText {text} at (2400,2220) size 75x22 contains 1 chunk(s)
        RenderSVGInlineText {#text} at (0,-17) size 75x22
          chunk 1 text run 1 at (2400.00,2220.00) startOffset 0 endOffset 11 width 75.00: "just a text"
      RenderSVGText {text} at (2500,2220) size 75x22 contains 1 chunk(s)
        RenderSVGInlineText {#text} at (0,-17) size 75x22
          chunk 1 text run 1 at (2500.00,2220.00) startOffset 0 endOffset 11 width 75.00: "just a text"
      RenderSVGText {text} at (2600,2220) size 75x22 contains 1 chunk(s)
        RenderSVGInlineText {#text} at (0,-17) size 75x22
          chunk 1 text run 1 at (2600.00,2220.00) startOffset 0 endOffset 11 width 75.00: "just a text"
      RenderSVGText {text} at (2700,2220) size 75x22 contains 1 chunk(s)
        RenderSVGInlineText {#text} at (0,-17) size 75x22
          chunk 1 text run 1 at (2700.00,2220.00) startOffset 0 endOffset 11 width 75.00: "just a text"
      RenderSVGText {text} at (2800,2220) size 75x22 contains 1 chunk(s)
        RenderSVGInlineText {#text} at (0,-17) size 75x22
          chunk 1 text run 1 at (2800.00,2220.00) startOffset 0 endOffset 11 width 75.00: "just a text"
      RenderSVGText {text} at (2900,2220) size 75x22 contains 1 chunk(s)
        RenderSVGInlineText {#text} at (0,-17) size 75x22
          chunk 1 text run 1 at (2900.00,2220.00) startOffset 0 endOffset 11 width 75.00: "just a text"
      RenderSVGText {text} at (3000,2220) size 75x22 contains 1 chunk(s)
        RenderSVGInlineText {#text} at (0,-17) size 75x22
          chunk 1 text run 1 at (3000.00,2220.00) startOffset 0 endOffset 11 width 75.00: "just a text"
      RenderSVGText {text} at (3100,2220) size 75x22 contains 1 chunk(s)
        RenderSVGInlineText {#text} at (0,-17) size 75x22
          chunk 1 text run 1 at (3100.00,2220.00) startOffset 0 endOffset 11 width 75.00: "just a text"
      RenderSVGText {text} at (3200,2220) size 75x22 contains 1 chunk(s)
        RenderSVGInlineText {#text} at (0,-17) size 75x22
          chunk 1 text run 1 at (3200.00,2220.00) startOffset 0 endOffset 11 width 75.00: "just a text"
      RenderSVGText {text} at (3300,2220) size 75x22 contains 1 chunk(s)
        RenderSVGInlineText {#text} at (0,-17) size 75x22
          chunk 1 text run 1 at (3300.00,2220.00) startOffset 0 endOffset 11 width 75.00: "just a text"
      RenderSVGText {text} at (3400,2220) size 75x22 contains 1 chunk(s)
        RenderSVGInlineText {#text} at (0,-17) size 75x22
          chunk 1 text run 1 at (3400.00,2220.00) startOffset 0 endOffset 11 width 75.00: "just a text"
      RenderSVGText {text} at (3500,2220) size 75x22 contains 1 chunk(s)
        RenderSVGInlineText {#text} at (0,-17) size 75x22
          chunk 1 text run 1 at (3500.00,2220.00) startOffset 0 endOffset 11 width 75.00: "just a text"
      RenderSVGText {text} at (3600,2220) size 75x22 contains 1 chunk(s)
        RenderSVGInlineText {#text} at (0,-17) size 75x22
          chunk 1 text run 1 at (3600.00,2220.00) startOffset 0 endOffset 11 width 75.00: "just a text"
      RenderSVGText {text} at (3700,2220) size 75x22 contains 1 chunk(s)
        RenderSVGInlineText {#text} at (0,-17) size 75x22
          chunk 1 text run 1 at (3700.00,2220.00) startOffset 0 endOffset 11 width 75.00: "just a text"
      RenderSVGText {text} at (3800,2220) size 75x22 contains 1 chunk(s)
        RenderSVGInlineText {#text} at (0,-17) size 75x22
          chunk 1 text run 1 at (3800.00,2220.00) startOffset 0 endOffset 11 width 75.00: "just a text"
      RenderSVGText {text} at (3900,2220) size 75x22 contains 1 chunk(s)
        RenderSVGInlineText {#text} at (0,-17) size 75x22
          chunk 1 text run 1 at (3900.00,2220.00) startOffset 0 endOffset 11 width 75.00: "just a text"
      RenderSVGText {text} at (4000,2220) size 75x22 contains 1 chunk(s)
        RenderSVGInlineText {#text} at (0,-17) size 75x22
          chunk 1 text run 1 at (4000.00,2220.00) startOffset 0 endOffset 11 width 75.00: "just a text"
      RenderSVGText {text} at (4100,2220) size 75x22 contains 1 chunk(s)
        RenderSVGInlineText {#text} at (0,-17) size 75x22
          chunk 1 text run 1 at (4100.00,2220.00) startOffset 0 endOffset 11 width 75.00: "just a text"
      RenderSVGText {text} at (4200,2220) size 75x22 contains 1 chunk(s)
        RenderSVGInlineText {#text} at (0,-17) size 75x22
          chunk 1 text run 1 at (4200.00,2220.00) startOffset 0 endOffset 11 width 75.00: "just a text"
      RenderSVGText {text} at (4300,2220) size 75x22 contains 1 chunk(s)
        RenderSVGInlineText {#text} at (0,-17) size 75x22
          chunk 1 text run 1 at (4300.00,2220.00) startOffset 0 endOffset 11 width 75.00: "just a text"
      RenderSVGText {text} at (4400,2220) size 75x22 contains 1 chunk(s)
        RenderSVGInlineText {#text} at (0,-17) size 75x22
          chunk 1 text run 1 at (4400.00,2220.00) startOffset 0 endOffset 11 width 75.00: "just a text"
      RenderSVGText {text} at (4500,2220) size 75x22 contains 1 chunk(s)
        RenderSVGInlineText {#text} at (0,-17) size 75x22
          chunk 1 text run 1 at (4500.00,2220.00) startOffset 0 endOffset 11 width 75.00: "just a text"
      RenderSVGText {text} at (4600,2220) size 75x22 contains 1 chunk(s)
        RenderSVGInlineText {#text} at (0,-17) size 75x22
          chunk 1 text run 1 at (4600.00,2220.00) startOffset 0 endOffset 11 width 75.00: "just a text"
      RenderSVGText {text} at (4700,2220) size 75x22 contains 1 chunk(s)
        RenderSVGInlineText {#text} at (0,-17) size 75x22
          chunk 1 text run 1 at (4700.00,2220.00) startOffset 0 endOffset 11 width 75.00: "just a text"
      RenderSVGText {text} at (4800,2220) size 75x22 contains 1 chunk(s)
        RenderSVGInlineText {#text} at (0,-17) size 75x22
          chunk 1 text run 1 at (4800.00,2220.00) startOffset 0 endOffset 11 width 75.00: "just a text"
      RenderSVGText {text} at (4900,2220) size 75x22 contains 1 chunk(s)
        RenderSVGInlineText {#text} at (0,-17) size 75x22
          chunk 1 text run 1 at (4900.00,2220.00) startOffset 0 endOffset 11 width 75.00: "just a text"
      RenderSVGText {text} at (0,2320) size 75x22 contains 1 chunk(s)
        RenderSVGInlineText {#text} at (0,-17) size 75x22
          chunk 1 text run 1 at (0.00,2320.00) startOffset 0 endOffset 11 width 75.00: "just a text"
      RenderSVGText {text} at (100,2320) size 75x22 contains 1 chunk(s)
        RenderSVGInlineText {#text} at (0,-17) size 75x22
          chunk 1 text run 1 at (100.00,2320.00) startOffset 0 endOffset 11 width 75.00: "just a text"
      RenderSVGText {text} at (200,2320) size 75x22 contains 1 chunk(s)
        RenderSVGInlineText {#text} at (0,-17) size 75x22
          chunk 1 text run 1 at (200.00,2320.00) startOffset 0 endOffset 11 width 75.00: "just a text"
      RenderSVGText {text} at (300,2320) size 75x22 contains 1 chunk(s)
        RenderSVGInlineText {#text} at (0,-17) size 75x22
          chunk 1 text run 1 at (300.00,2320.00) startOffset 0 endOffset 11 width 75.00: "just a text"
      RenderSVGText {text} at (400,2320) size 75x22 contains 1 chunk(s)
        RenderSVGInlineText {#text} at (0,-17) size 75x22
          chunk 1 text run 1 at (400.00,2320.00) startOffset 0 endOffset 11 width 75.00: "just a text"
      RenderSVGText {text} at (500,2320) size 75x22 contains 1 chunk(s)
        RenderSVGInlineText {#text} at (0,-17) size 75x22
          chunk 1 text run 1 at (500.00,2320.00) startOffset 0 endOffset 11 width 75.00: "just a text"
      RenderSVGText {text} at (600,2320) size 75x22 contains 1 chunk(s)
        RenderSVGInlineText {#text} at (0,-17) size 75x22
          chunk 1 text run 1 at (600.00,2320.00) startOffset 0 endOffset 11 width 75.00: "just a text"
      RenderSVGText {text} at (700,2320) size 75x22 contains 1 chunk(s)
        RenderSVGInlineText {#text} at (0,-17) size 75x22
          chunk 1 text run 1 at (700.00,2320.00) startOffset 0 endOffset 11 width 75.00: "just a text"
      RenderSVGText {text} at (800,2320) size 75x22 contains 1 chunk(s)
        RenderSVGInlineText {#text} at (0,-17) size 75x22
          chunk 1 text run 1 at (800.00,2320.00) startOffset 0 endOffset 11 width 75.00: "just a text"
      RenderSVGText {text} at (900,2320) size 75x22 contains 1 chunk(s)
        RenderSVGInlineText {#text} at (0,-17) size 75x22
          chunk 1 text run 1 at (900.00,2320.00) startOffset 0 endOffset 11 width 75.00: "just a text"
      RenderSVGText {text} at (1000,2320) size 75x22 contains 1 chunk(s)
        RenderSVGInlineText {#text} at (0,-17) size 75x22
          chunk 1 text run 1 at (1000.00,2320.00) startOffset 0 endOffset 11 width 75.00: "just a text"
      RenderSVGText {text} at (1100,2320) size 75x22 contains 1 chunk(s)
        RenderSVGInlineText {#text} at (0,-17) size 75x22
          chunk 1 text run 1 at (1100.00,2320.00) startOffset 0 endOffset 11 width 75.00: "just a text"
      RenderSVGText {text} at (1200,2320) size 75x22 contains 1 chunk(s)
        RenderSVGInlineText {#text} at (0,-17) size 75x22
          chunk 1 text run 1 at (1200.00,2320.00) startOffset 0 endOffset 11 width 75.00: "just a text"
      RenderSVGText {text} at (1300,2320) size 75x22 contains 1 chunk(s)
        RenderSVGInlineText {#text} at (0,-17) size 75x22
          chunk 1 text run 1 at (1300.00,2320.00) startOffset 0 endOffset 11 width 75.00: "just a text"
      RenderSVGText {text} at (1400,2320) size 75x22 contains 1 chunk(s)
        RenderSVGInlineText {#text} at (0,-17) size 75x22
          chunk 1 text run 1 at (1400.00,2320.00) startOffset 0 endOffset 11 width 75.00: "just a text"
      RenderSVGText {text} at (1500,2320) size 75x22 contains 1 chunk(s)
        RenderSVGInlineText {#text} at (0,-17) size 75x22
          chunk 1 text run 1 at (1500.00,2320.00) startOffset 0 endOffset 11 width 75.00: "just a text"
      RenderSVGText {text} at (1600,2320) size 75x22 contains 1 chunk(s)
        RenderSVGInlineText {#text} at (0,-17) size 75x22
          chunk 1 text run 1 at (1600.00,2320.00) startOffset 0 endOffset 11 width 75.00: "just a text"
      RenderSVGText {text} at (1700,2320) size 75x22 contains 1 chunk(s)
        RenderSVGInlineText {#text} at (0,-17) size 75x22
          chunk 1 text run 1 at (1700.00,2320.00) startOffset 0 endOffset 11 width 75.00: "just a text"
      RenderSVGText {text} at (1800,2320) size 75x22 contains 1 chunk(s)
        RenderSVGInlineText {#text} at (0,-17) size 75x22
          chunk 1 text run 1 at (1800.00,2320.00) startOffset 0 endOffset 11 width 75.00: "just a text"
      RenderSVGText {text} at (1900,2320) size 75x22 contains 1 chunk(s)
        RenderSVGInlineText {#text} at (0,-17) size 75x22
          chunk 1 text run 1 at (1900.00,2320.00) startOffset 0 endOffset 11 width 75.00: "just a text"
      RenderSVGText {text} at (2000,2320) size 75x22 contains 1 chunk(s)
        RenderSVGInlineText {#text} at (0,-17) size 75x22
          chunk 1 text run 1 at (2000.00,2320.00) startOffset 0 endOffset 11 width 75.00: "just a text"
      RenderSVGText {text} at (2100,2320) size 75x22 contains 1 chunk(s)
        RenderSVGInlineText {#text} at (0,-17) size 75x22
          chunk 1 text run 1 at (2100.00,2320.00) startOffset 0 endOffset 11 width 75.00: "just a text"
      RenderSVGText {text} at (2200,2320) size 75x22 contains 1 chunk(s)
        RenderSVGInlineText {#text} at (0,-17) size 75x22
          chunk 1 text run 1 at (2200.00,2320.00) startOffset 0 endOffset 11 width 75.00: "just a text"
      RenderSVGText {text} at (2300,2320) size 75x22 contains 1 chunk(s)
        RenderSVGInlineText {#text} at (0,-17) size 75x22
          chunk 1 text run 1 at (2300.00,2320.00) startOffset 0 endOffset 11 width 75.00: "just a text"
      RenderSVGText {text} at (2400,2320) size 75x22 contains 1 chunk(s)
        RenderSVGInlineText {#text} at (0,-17) size 75x22
          chunk 1 text run 1 at (2400.00,2320.00) startOffset 0 endOffset 11 width 75.00: "just a text"
      RenderSVGText {text} at (2500,2320) size 75x22 contains 1 chunk(s)
        RenderSVGInlineText {#text} at (0,-17) size 75x22
          chunk 1 text run 1 at (2500.00,2320.00) startOffset 0 endOffset 11 width 75.00: "just a text"
      RenderSVGText {text} at (2600,2320) size 75x22 contains 1 chunk(s)
        RenderSVGInlineText {#text} at (0,-17) size 75x22
          chunk 1 text run 1 at (2600.00,2320.00) startOffset 0 endOffset 11 width 75.00: "just a text"
      RenderSVGText {text} at (2700,2320) size 75x22 contains 1 chunk(s)
        RenderSVGInlineText {#text} at (0,-17) size 75x22
          chunk 1 text run 1 at (2700.00,2320.00) startOffset 0 endOffset 11 width 75.00: "just a text"
      RenderSVGText {text} at (2800,2320) size 75x22 contains 1 chunk(s)
        RenderSVGInlineText {#text} at (0,-17) size 75x22
          chunk 1 text run 1 at (2800.00,2320.00) startOffset 0 endOffset 11 width 75.00: "just a text"
      RenderSVGText {text} at (2900,2320) size 75x22 contains 1 chunk(s)
        RenderSVGInlineText {#text} at (0,-17) size 75x22
          chunk 1 text run 1 at (2900.00,2320.00) startOffset 0 endOffset 11 width 75.00: "just a text"
      RenderSVGText {text} at (3000,2320) size 75x22 contains 1 chunk(s)
        RenderSVGInlineText {#text} at (0,-17) size 75x22
          chunk 1 text run 1 at (3000.00,2320.00) startOffset 0 endOffset 11 width 75.00: "just a text"
      RenderSVGText {text} at (3100,2320) size 75x22 contains 1 chunk(s)
        RenderSVGInlineText {#text} at (0,-17) size 75x22
          chunk 1 text run 1 at (3100.00,2320.00) startOffset 0 endOffset 11 width 75.00: "just a text"
      RenderSVGText {text} at (3200,2320) size 75x22 contains 1 chunk(s)
        RenderSVGInlineText {#text} at (0,-17) size 75x22
          chunk 1 text run 1 at (3200.00,2320.00) startOffset 0 endOffset 11 width 75.00: "just a text"
      RenderSVGText {text} at (3300,2320) size 75x22 contains 1 chunk(s)
        RenderSVGInlineText {#text} at (0,-17) size 75x22
          chunk 1 text run 1 at (3300.00,2320.00) startOffset 0 endOffset 11 width 75.00: "just a text"
      RenderSVGText {text} at (3400,2320) size 75x22 contains 1 chunk(s)
        RenderSVGInlineText {#text} at (0,-17) size 75x22
          chunk 1 text run 1 at (3400.00,2320.00) startOffset 0 endOffset 11 width 75.00: "just a text"
      RenderSVGText {text} at (3500,2320) size 75x22 contains 1 chunk(s)
        RenderSVGInlineText {#text} at (0,-17) size 75x22
          chunk 1 text run 1 at (3500.00,2320.00) startOffset 0 endOffset 11 width 75.00: "just a text"
      RenderSVGText {text} at (3600,2320) size 75x22 contains 1 chunk(s)
        RenderSVGInlineText {#text} at (0,-17) size 75x22
          chunk 1 text run 1 at (3600.00,2320.00) startOffset 0 endOffset 11 width 75.00: "just a text"
      RenderSVGText {text} at (3700,2320) size 75x22 contains 1 chunk(s)
        RenderSVGInlineText {#text} at (0,-17) size 75x22
          chunk 1 text run 1 at (3700.00,2320.00) startOffset 0 endOffset 11 width 75.00: "just a text"
      RenderSVGText {text} at (3800,2320) size 75x22 contains 1 chunk(s)
        RenderSVGInlineText {#text} at (0,-17) size 75x22
          chunk 1 text run 1 at (3800.00,2320.00) startOffset 0 endOffset 11 width 75.00: "just a text"
      RenderSVGText {text} at (3900,2320) size 75x22 contains 1 chunk(s)
        RenderSVGInlineText {#text} at (0,-17) size 75x22
          chunk 1 text run 1 at (3900.00,2320.00) startOffset 0 endOffset 11 width 75.00: "just a text"
      RenderSVGText {text} at (4000,2320) size 75x22 contains 1 chunk(s)
        RenderSVGInlineText {#text} at (0,-17) size 75x22
          chunk 1 text run 1 at (4000.00,2320.00) startOffset 0 endOffset 11 width 75.00: "just a text"
      RenderSVGText {text} at (4100,2320) size 75x22 contains 1 chunk(s)
        RenderSVGInlineText {#text} at (0,-17) size 75x22
          chunk 1 text run 1 at (4100.00,2320.00) startOffset 0 endOffset 11 width 75.00: "just a text"
      RenderSVGText {text} at (4200,2320) size 75x22 contains 1 chunk(s)
        RenderSVGInlineText {#text} at (0,-17) size 75x22
          chunk 1 text run 1 at (4200.00,2320.00) startOffset 0 endOffset 11 width 75.00: "just a text"
      RenderSVGText {text} at (4300,2320) size 75x22 contains 1 chunk(s)
        RenderSVGInlineText {#text} at (0,-17) size 75x22
          chunk 1 text run 1 at (4300.00,2320.00) startOffset 0 endOffset 11 width 75.00: "just a text"
      RenderSVGText {text} at (4400,2320) size 75x22 contains 1 chunk(s)
        RenderSVGInlineText {#text} at (0,-17) size 75x22
          chunk 1 text run 1 at (4400.00,2320.00) startOffset 0 endOffset 11 width 75.00: "just a text"
      RenderSVGText {text} at (4500,2320) size 75x22 contains 1 chunk(s)
        RenderSVGInlineText {#text} at (0,-17) size 75x22
          chunk 1 text run 1 at (4500.00,2320.00) startOffset 0 endOffset 11 width 75.00: "just a text"
      RenderSVGText {text} at (4600,2320) size 75x22 contains 1 chunk(s)
        RenderSVGInlineText {#text} at (0,-17) size 75x22
          chunk 1 text run 1 at (4600.00,2320.00) startOffset 0 endOffset 11 width 75.00: "just a text"
      RenderSVGText {text} at (4700,2320) size 75x22 contains 1 chunk(s)
        RenderSVGInlineText {#text} at (0,-17) size 75x22
          chunk 1 text run 1 at (4700.00,2320.00) startOffset 0 endOffset 11 width 75.00: "just a text"
      RenderSVGText {text} at (4800,2320) size 75x22 contains 1 chunk(s)
        RenderSVGInlineText {#text} at (0,-17) size 75x22
          chunk 1 text run 1 at (4800.00,2320.00) startOffset 0 endOffset 11 width 75.00: "just a text"
      RenderSVGText {text} at (4900,2320) size 75x22 contains 1 chunk(s)
        RenderSVGInlineText {#text} at (0,-17) size 75x22
          chunk 1 text run 1 at (4900.00,2320.00) startOffset 0 endOffset 11 width 75.00: "just a text"
      RenderSVGText {text} at (0,2420) size 75x22 contains 1 chunk(s)
        RenderSVGInlineText {#text} at (0,-17) size 75x22
          chunk 1 text run 1 at (0.00,2420.00) startOffset 0 endOffset 11 width 75.00: "just a text"
      RenderSVGText {text} at (100,2420) size 75x22 contains 1 chunk(s)
        RenderSVGInlineText {#text} at (0,-17) size 75x22
          chunk 1 text run 1 at (100.00,2420.00) startOffset 0 endOffset 11 width 75.00: "just a text"
      RenderSVGText {text} at (200,2420) size 75x22 contains 1 chunk(s)
        RenderSVGInlineText {#text} at (0,-17) size 75x22
          chunk 1 text run 1 at (200.00,2420.00) startOffset 0 endOffset 11 width 75.00: "just a text"
      RenderSVGText {text} at (300,2420) size 75x22 contains 1 chunk(s)
        RenderSVGInlineText {#text} at (0,-17) size 75x22
          chunk 1 text run 1 at (300.00,2420.00) startOffset 0 endOffset 11 width 75.00: "just a text"
      RenderSVGText {text} at (400,2420) size 75x22 contains 1 chunk(s)
        RenderSVGInlineText {#text} at (0,-17) size 75x22
          chunk 1 text run 1 at (400.00,2420.00) startOffset 0 endOffset 11 width 75.00: "just a text"
      RenderSVGText {text} at (500,2420) size 75x22 contains 1 chunk(s)
        RenderSVGInlineText {#text} at (0,-17) size 75x22
          chunk 1 text run 1 at (500.00,2420.00) startOffset 0 endOffset 11 width 75.00: "just a text"
      RenderSVGText {text} at (600,2420) size 75x22 contains 1 chunk(s)
        RenderSVGInlineText {#text} at (0,-17) size 75x22
          chunk 1 text run 1 at (600.00,2420.00) startOffset 0 endOffset 11 width 75.00: "just a text"
      RenderSVGText {text} at (700,2420) size 75x22 contains 1 chunk(s)
        RenderSVGInlineText {#text} at (0,-17) size 75x22
          chunk 1 text run 1 at (700.00,2420.00) startOffset 0 endOffset 11 width 75.00: "just a text"
      RenderSVGText {text} at (800,2420) size 75x22 contains 1 chunk(s)
        RenderSVGInlineText {#text} at (0,-17) size 75x22
          chunk 1 text run 1 at (800.00,2420.00) startOffset 0 endOffset 11 width 75.00: "just a text"
      RenderSVGText {text} at (900,2420) size 75x22 contains 1 chunk(s)
        RenderSVGInlineText {#text} at (0,-17) size 75x22
          chunk 1 text run 1 at (900.00,2420.00) startOffset 0 endOffset 11 width 75.00: "just a text"
      RenderSVGText {text} at (1000,2420) size 75x22 contains 1 chunk(s)
        RenderSVGInlineText {#text} at (0,-17) size 75x22
          chunk 1 text run 1 at (1000.00,2420.00) startOffset 0 endOffset 11 width 75.00: "just a text"
      RenderSVGText {text} at (1100,2420) size 75x22 contains 1 chunk(s)
        RenderSVGInlineText {#text} at (0,-17) size 75x22
          chunk 1 text run 1 at (1100.00,2420.00) startOffset 0 endOffset 11 width 75.00: "just a text"
      RenderSVGText {text} at (1200,2420) size 75x22 contains 1 chunk(s)
        RenderSVGInlineText {#text} at (0,-17) size 75x22
          chunk 1 text run 1 at (1200.00,2420.00) startOffset 0 endOffset 11 width 75.00: "just a text"
      RenderSVGText {text} at (1300,2420) size 75x22 contains 1 chunk(s)
        RenderSVGInlineText {#text} at (0,-17) size 75x22
          chunk 1 text run 1 at (1300.00,2420.00) startOffset 0 endOffset 11 width 75.00: "just a text"
      RenderSVGText {text} at (1400,2420) size 75x22 contains 1 chunk(s)
        RenderSVGInlineText {#text} at (0,-17) size 75x22
          chunk 1 text run 1 at (1400.00,2420.00) startOffset 0 endOffset 11 width 75.00: "just a text"
      RenderSVGText {text} at (1500,2420) size 75x22 contains 1 chunk(s)
        RenderSVGInlineText {#text} at (0,-17) size 75x22
          chunk 1 text run 1 at (1500.00,2420.00) startOffset 0 endOffset 11 width 75.00: "just a text"
      RenderSVGText {text} at (1600,2420) size 75x22 contains 1 chunk(s)
        RenderSVGInlineText {#text} at (0,-17) size 75x22
          chunk 1 text run 1 at (1600.00,2420.00) startOffset 0 endOffset 11 width 75.00: "just a text"
      RenderSVGText {text} at (1700,2420) size 75x22 contains 1 chunk(s)
        RenderSVGInlineText {#text} at (0,-17) size 75x22
          chunk 1 text run 1 at (1700.00,2420.00) startOffset 0 endOffset 11 width 75.00: "just a text"
      RenderSVGText {text} at (1800,2420) size 75x22 contains 1 chunk(s)
        RenderSVGInlineText {#text} at (0,-17) size 75x22
          chunk 1 text run 1 at (1800.00,2420.00) startOffset 0 endOffset 11 width 75.00: "just a text"
      RenderSVGText {text} at (1900,2420) size 75x22 contains 1 chunk(s)
        RenderSVGInlineText {#text} at (0,-17) size 75x22
          chunk 1 text run 1 at (1900.00,2420.00) startOffset 0 endOffset 11 width 75.00: "just a text"
      RenderSVGText {text} at (2000,2420) size 75x22 contains 1 chunk(s)
        RenderSVGInlineText {#text} at (0,-17) size 75x22
          chunk 1 text run 1 at (2000.00,2420.00) startOffset 0 endOffset 11 width 75.00: "just a text"
      RenderSVGText {text} at (2100,2420) size 75x22 contains 1 chunk(s)
        RenderSVGInlineText {#text} at (0,-17) size 75x22
          chunk 1 text run 1 at (2100.00,2420.00) startOffset 0 endOffset 11 width 75.00: "just a text"
      RenderSVGText {text} at (2200,2420) size 75x22 contains 1 chunk(s)
        RenderSVGInlineText {#text} at (0,-17) size 75x22
          chunk 1 text run 1 at (2200.00,2420.00) startOffset 0 endOffset 11 width 75.00: "just a text"
      RenderSVGText {text} at (2300,2420) size 75x22 contains 1 chunk(s)
        RenderSVGInlineText {#text} at (0,-17) size 75x22
          chunk 1 text run 1 at (2300.00,2420.00) startOffset 0 endOffset 11 width 75.00: "just a text"
      RenderSVGText {text} at (2400,2420) size 75x22 contains 1 chunk(s)
        RenderSVGInlineText {#text} at (0,-17) size 75x22
          chunk 1 text run 1 at (2400.00,2420.00) startOffset 0 endOffset 11 width 75.00: "just a text"
      RenderSVGText {text} at (2500,2420) size 75x22 contains 1 chunk(s)
        RenderSVGInlineText {#text} at (0,-17) size 75x22
          chunk 1 text run 1 at (2500.00,2420.00) startOffset 0 endOffset 11 width 75.00: "just a text"
      RenderSVGText {text} at (2600,2420) size 75x22 contains 1 chunk(s)
        RenderSVGInlineText {#text} at (0,-17) size 75x22
          chunk 1 text run 1 at (2600.00,2420.00) startOffset 0 endOffset 11 width 75.00: "just a text"
      RenderSVGText {text} at (2700,2420) size 75x22 contains 1 chunk(s)
        RenderSVGInlineText {#text} at (0,-17) size 75x22
          chunk 1 text run 1 at (2700.00,2420.00) startOffset 0 endOffset 11 width 75.00: "just a text"
      RenderSVGText {text} at (2800,2420) size 75x22 contains 1 chunk(s)
        RenderSVGInlineText {#text} at (0,-17) size 75x22
          chunk 1 text run 1 at (2800.00,2420.00) startOffset 0 endOffset 11 width 75.00: "just a text"
      RenderSVGText {text} at (2900,2420) size 75x22 contains 1 chunk(s)
        RenderSVGInlineText {#text} at (0,-17) size 75x22
          chunk 1 text run 1 at (2900.00,2420.00) startOffset 0 endOffset 11 width 75.00: "just a text"
      RenderSVGText {text} at (3000,2420) size 75x22 contains 1 chunk(s)
        RenderSVGInlineText {#text} at (0,-17) size 75x22
          chunk 1 text run 1 at (3000.00,2420.00) startOffset 0 endOffset 11 width 75.00: "just a text"
      RenderSVGText {text} at (3100,2420) size 75x22 contains 1 chunk(s)
        RenderSVGInlineText {#text} at (0,-17) size 75x22
          chunk 1 text run 1 at (3100.00,2420.00) startOffset 0 endOffset 11 width 75.00: "just a text"
      RenderSVGText {text} at (3200,2420) size 75x22 contains 1 chunk(s)
        RenderSVGInlineText {#text} at (0,-17) size 75x22
          chunk 1 text run 1 at (3200.00,2420.00) startOffset 0 endOffset 11 width 75.00: "just a text"
      RenderSVGText {text} at (3300,2420) size 75x22 contains 1 chunk(s)
        RenderSVGInlineText {#text} at (0,-17) size 75x22
          chunk 1 text run 1 at (3300.00,2420.00) startOffset 0 endOffset 11 width 75.00: "just a text"
      RenderSVGText {text} at (3400,2420) size 75x22 contains 1 chunk(s)
        RenderSVGInlineText {#text} at (0,-17) size 75x22
          chunk 1 text run 1 at (3400.00,2420.00) startOffset 0 endOffset 11 width 75.00: "just a text"
      RenderSVGText {text} at (3500,2420) size 75x22 contains 1 chunk(s)
        RenderSVGInlineText {#text} at (0,-17) size 75x22
          chunk 1 text run 1 at (3500.00,2420.00) startOffset 0 endOffset 11 width 75.00: "just a text"
      RenderSVGText {text} at (3600,2420) size 75x22 contains 1 chunk(s)
        RenderSVGInlineText {#text} at (0,-17) size 75x22
          chunk 1 text run 1 at (3600.00,2420.00) startOffset 0 endOffset 11 width 75.00: "just a text"
      RenderSVGText {text} at (3700,2420) size 75x22 contains 1 chunk(s)
        RenderSVGInlineText {#text} at (0,-17) size 75x22
          chunk 1 text run 1 at (3700.00,2420.00) startOffset 0 endOffset 11 width 75.00: "just a text"
      RenderSVGText {text} at (3800,2420) size 75x22 contains 1 chunk(s)
        RenderSVGInlineText {#text} at (0,-17) size 75x22
          chunk 1 text run 1 at (3800.00,2420.00) startOffset 0 endOffset 11 width 75.00: "just a text"
      RenderSVGText {text} at (3900,2420) size 75x22 contains 1 chunk(s)
        RenderSVGInlineText {#text} at (0,-17) size 75x22
          chunk 1 text run 1 at (3900.00,2420.00) startOffset 0 endOffset 11 width 75.00: "just a text"
      RenderSVGText {text} at (4000,2420) size 75x22 contains 1 chunk(s)
        RenderSVGInlineText {#text} at (0,-17) size 75x22
          chunk 1 text run 1 at (4000.00,2420.00) startOffset 0 endOffset 11 width 75.00: "just a text"
      RenderSVGText {text} at (4100,2420) size 75x22 contains 1 chunk(s)
        RenderSVGInlineText {#text} at (0,-17) size 75x22
          chunk 1 text run 1 at (4100.00,2420.00) startOffset 0 endOffset 11 width 75.00: "just a text"
      RenderSVGText {text} at (4200,2420) size 75x22 contains 1 chunk(s)
        RenderSVGInlineText {#text} at (0,-17) size 75x22
          chunk 1 text run 1 at (4200.00,2420.00) startOffset 0 endOffset 11 width 75.00: "just a text"
      RenderSVGText {text} at (4300,2420) size 75x22 contains 1 chunk(s)
        RenderSVGInlineText {#text} at (0,-17) size 75x22
          chunk 1 text run 1 at (4300.00,2420.00) startOffset 0 endOffset 11 width 75.00: "just a text"
      RenderSVGText {text} at (4400,2420) size 75x22 contains 1 chunk(s)
        RenderSVGInlineText {#text} at (0,-17) size 75x22
          chunk 1 text run 1 at (4400.00,2420.00) startOffset 0 endOffset 11 width 75.00: "just a text"
      RenderSVGText {text} at (4500,2420) size 75x22 contains 1 chunk(s)
        RenderSVGInlineText {#text} at (0,-17) size 75x22
          chunk 1 text run 1 at (4500.00,2420.00) startOffset 0 endOffset 11 width 75.00: "just a text"
      RenderSVGText {text} at (4600,2420) size 75x22 contains 1 chunk(s)
        RenderSVGInlineText {#text} at (0,-17) size 75x22
          chunk 1 text run 1 at (4600.00,2420.00) startOffset 0 endOffset 11 width 75.00: "just a text"
      RenderSVGText {text} at (4700,2420) size 75x22 contains 1 chunk(s)
        RenderSVGInlineText {#text} at (0,-17) size 75x22
          chunk 1 text run 1 at (4700.00,2420.00) startOffset 0 endOffset 11 width 75.00: "just a text"
      RenderSVGText {text} at (4800,2420) size 75x22 contains 1 chunk(s)
        RenderSVGInlineText {#text} at (0,-17) size 75x22
          chunk 1 text run 1 at (4800.00,2420.00) startOffset 0 endOffset 11 width 75.00: "just a text"
      RenderSVGText {text} at (4900,2420) size 75x22 contains 1 chunk(s)
        RenderSVGInlineText {#text} at (0,-17) size 75x22
          chunk 1 text run 1 at (4900.00,2420.00) startOffset 0 endOffset 11 width 75.00: "just a text"
      RenderSVGText {text} at (0,2520) size 75x22 contains 1 chunk(s)
        RenderSVGInlineText {#text} at (0,-17) size 75x22
          chunk 1 text run 1 at (0.00,2520.00) startOffset 0 endOffset 11 width 75.00: "just a text"
      RenderSVGText {text} at (100,2520) size 75x22 contains 1 chunk(s)
        RenderSVGInlineText {#text} at (0,-17) size 75x22
          chunk 1 text run 1 at (100.00,2520.00) startOffset 0 endOffset 11 width 75.00: "just a text"
      RenderSVGText {text} at (200,2520) size 75x22 contains 1 chunk(s)
        RenderSVGInlineText {#text} at (0,-17) size 75x22
          chunk 1 text run 1 at (200.00,2520.00) startOffset 0 endOffset 11 width 75.00: "just a text"
      RenderSVGText {text} at (300,2520) size 75x22 contains 1 chunk(s)
        RenderSVGInlineText {#text} at (0,-17) size 75x22
          chunk 1 text run 1 at (300.00,2520.00) startOffset 0 endOffset 11 width 75.00: "just a text"
      RenderSVGText {text} at (400,2520) size 75x22 contains 1 chunk(s)
        RenderSVGInlineText {#text} at (0,-17) size 75x22
          chunk 1 text run 1 at (400.00,2520.00) startOffset 0 endOffset 11 width 75.00: "just a text"
      RenderSVGText {text} at (500,2520) size 75x22 contains 1 chunk(s)
        RenderSVGInlineText {#text} at (0,-17) size 75x22
          chunk 1 text run 1 at (500.00,2520.00) startOffset 0 endOffset 11 width 75.00: "just a text"
      RenderSVGText {text} at (600,2520) size 75x22 contains 1 chunk(s)
        RenderSVGInlineText {#text} at (0,-17) size 75x22
          chunk 1 text run 1 at (600.00,2520.00) startOffset 0 endOffset 11 width 75.00: "just a text"
      RenderSVGText {text} at (700,2520) size 75x22 contains 1 chunk(s)
        RenderSVGInlineText {#text} at (0,-17) size 75x22
          chunk 1 text run 1 at (700.00,2520.00) startOffset 0 endOffset 11 width 75.00: "just a text"
      RenderSVGText {text} at (800,2520) size 75x22 contains 1 chunk(s)
        RenderSVGInlineText {#text} at (0,-17) size 75x22
          chunk 1 text run 1 at (800.00,2520.00) startOffset 0 endOffset 11 width 75.00: "just a text"
      RenderSVGText {text} at (900,2520) size 75x22 contains 1 chunk(s)
        RenderSVGInlineText {#text} at (0,-17) size 75x22
          chunk 1 text run 1 at (900.00,2520.00) startOffset 0 endOffset 11 width 75.00: "just a text"
      RenderSVGText {text} at (1000,2520) size 75x22 contains 1 chunk(s)
        RenderSVGInlineText {#text} at (0,-17) size 75x22
          chunk 1 text run 1 at (1000.00,2520.00) startOffset 0 endOffset 11 width 75.00: "just a text"
      RenderSVGText {text} at (1100,2520) size 75x22 contains 1 chunk(s)
        RenderSVGInlineText {#text} at (0,-17) size 75x22
          chunk 1 text run 1 at (1100.00,2520.00) startOffset 0 endOffset 11 width 75.00: "just a text"
      RenderSVGText {text} at (1200,2520) size 75x22 contains 1 chunk(s)
        RenderSVGInlineText {#text} at (0,-17) size 75x22
          chunk 1 text run 1 at (1200.00,2520.00) startOffset 0 endOffset 11 width 75.00: "just a text"
      RenderSVGText {text} at (1300,2520) size 75x22 contains 1 chunk(s)
        RenderSVGInlineText {#text} at (0,-17) size 75x22
          chunk 1 text run 1 at (1300.00,2520.00) startOffset 0 endOffset 11 width 75.00: "just a text"
      RenderSVGText {text} at (1400,2520) size 75x22 contains 1 chunk(s)
        RenderSVGInlineText {#text} at (0,-17) size 75x22
          chunk 1 text run 1 at (1400.00,2520.00) startOffset 0 endOffset 11 width 75.00: "just a text"
      RenderSVGText {text} at (1500,2520) size 75x22 contains 1 chunk(s)
        RenderSVGInlineText {#text} at (0,-17) size 75x22
          chunk 1 text run 1 at (1500.00,2520.00) startOffset 0 endOffset 11 width 75.00: "just a text"
      RenderSVGText {text} at (1600,2520) size 75x22 contains 1 chunk(s)
        RenderSVGInlineText {#text} at (0,-17) size 75x22
          chunk 1 text run 1 at (1600.00,2520.00) startOffset 0 endOffset 11 width 75.00: "just a text"
      RenderSVGText {text} at (1700,2520) size 75x22 contains 1 chunk(s)
        RenderSVGInlineText {#text} at (0,-17) size 75x22
          chunk 1 text run 1 at (1700.00,2520.00) startOffset 0 endOffset 11 width 75.00: "just a text"
      RenderSVGText {text} at (1800,2520) size 75x22 contains 1 chunk(s)
        RenderSVGInlineText {#text} at (0,-17) size 75x22
          chunk 1 text run 1 at (1800.00,2520.00) startOffset 0 endOffset 11 width 75.00: "just a text"
      RenderSVGText {text} at (1900,2520) size 75x22 contains 1 chunk(s)
        RenderSVGInlineText {#text} at (0,-17) size 75x22
          chunk 1 text run 1 at (1900.00,2520.00) startOffset 0 endOffset 11 width 75.00: "just a text"
      RenderSVGText {text} at (2000,2520) size 75x22 contains 1 chunk(s)
        RenderSVGInlineText {#text} at (0,-17) size 75x22
          chunk 1 text run 1 at (2000.00,2520.00) startOffset 0 endOffset 11 width 75.00: "just a text"
      RenderSVGText {text} at (2100,2520) size 75x22 contains 1 chunk(s)
        RenderSVGInlineText {#text} at (0,-17) size 75x22
          chunk 1 text run 1 at (2100.00,2520.00) startOffset 0 endOffset 11 width 75.00: "just a text"
      RenderSVGText {text} at (2200,2520) size 75x22 contains 1 chunk(s)
        RenderSVGInlineText {#text} at (0,-17) size 75x22
          chunk 1 text run 1 at (2200.00,2520.00) startOffset 0 endOffset 11 width 75.00: "just a text"
      RenderSVGText {text} at (2300,2520) size 75x22 contains 1 chunk(s)
        RenderSVGInlineText {#text} at (0,-17) size 75x22
          chunk 1 text run 1 at (2300.00,2520.00) startOffset 0 endOffset 11 width 75.00: "just a text"
      RenderSVGText {text} at (2400,2520) size 75x22 contains 1 chunk(s)
        RenderSVGInlineText {#text} at (0,-17) size 75x22
          chunk 1 text run 1 at (2400.00,2520.00) startOffset 0 endOffset 11 width 75.00: "just a text"
      RenderSVGText {text} at (2500,2520) size 75x22 contains 1 chunk(s)
        RenderSVGInlineText {#text} at (0,-17) size 75x22
          chunk 1 text run 1 at (2500.00,2520.00) startOffset 0 endOffset 11 width 75.00: "just a text"
      RenderSVGText {text} at (2600,2520) size 75x22 contains 1 chunk(s)
        RenderSVGInlineText {#text} at (0,-17) size 75x22
          chunk 1 text run 1 at (2600.00,2520.00) startOffset 0 endOffset 11 width 75.00: "just a text"
      RenderSVGText {text} at (2700,2520) size 75x22 contains 1 chunk(s)
        RenderSVGInlineText {#text} at (0,-17) size 75x22
          chunk 1 text run 1 at (2700.00,2520.00) startOffset 0 endOffset 11 width 75.00: "just a text"
      RenderSVGText {text} at (2800,2520) size 75x22 contains 1 chunk(s)
        RenderSVGInlineText {#text} at (0,-17) size 75x22
          chunk 1 text run 1 at (2800.00,2520.00) startOffset 0 endOffset 11 width 75.00: "just a text"
      RenderSVGText {text} at (2900,2520) size 75x22 contains 1 chunk(s)
        RenderSVGInlineText {#text} at (0,-17) size 75x22
          chunk 1 text run 1 at (2900.00,2520.00) startOffset 0 endOffset 11 width 75.00: "just a text"
      RenderSVGText {text} at (3000,2520) size 75x22 contains 1 chunk(s)
        RenderSVGInlineText {#text} at (0,-17) size 75x22
          chunk 1 text run 1 at (3000.00,2520.00) startOffset 0 endOffset 11 width 75.00: "just a text"
      RenderSVGText {text} at (3100,2520) size 75x22 contains 1 chunk(s)
        RenderSVGInlineText {#text} at (0,-17) size 75x22
          chunk 1 text run 1 at (3100.00,2520.00) startOffset 0 endOffset 11 width 75.00: "just a text"
      RenderSVGText {text} at (3200,2520) size 75x22 contains 1 chunk(s)
        RenderSVGInlineText {#text} at (0,-17) size 75x22
          chunk 1 text run 1 at (3200.00,2520.00) startOffset 0 endOffset 11 width 75.00: "just a text"
      RenderSVGText {text} at (3300,2520) size 75x22 contains 1 chunk(s)
        RenderSVGInlineText {#text} at (0,-17) size 75x22
          chunk 1 text run 1 at (3300.00,2520.00) startOffset 0 endOffset 11 width 75.00: "just a text"
      RenderSVGText {text} at (3400,2520) size 75x22 contains 1 chunk(s)
        RenderSVGInlineText {#text} at (0,-17) size 75x22
          chunk 1 text run 1 at (3400.00,2520.00) startOffset 0 endOffset 11 width 75.00: "just a text"
      RenderSVGText {text} at (3500,2520) size 75x22 contains 1 chunk(s)
        RenderSVGInlineText {#text} at (0,-17) size 75x22
          chunk 1 text run 1 at (3500.00,2520.00) startOffset 0 endOffset 11 width 75.00: "just a text"
      RenderSVGText {text} at (3600,2520) size 75x22 contains 1 chunk(s)
        RenderSVGInlineText {#text} at (0,-17) size 75x22
          chunk 1 text run 1 at (3600.00,2520.00) startOffset 0 endOffset 11 width 75.00: "just a text"
      RenderSVGText {text} at (3700,2520) size 75x22 contains 1 chunk(s)
        RenderSVGInlineText {#text} at (0,-17) size 75x22
          chunk 1 text run 1 at (3700.00,2520.00) startOffset 0 endOffset 11 width 75.00: "just a text"
      RenderSVGText {text} at (3800,2520) size 75x22 contains 1 chunk(s)
        RenderSVGInlineText {#text} at (0,-17) size 75x22
          chunk 1 text run 1 at (3800.00,2520.00) startOffset 0 endOffset 11 width 75.00: "just a text"
      RenderSVGText {text} at (3900,2520) size 75x22 contains 1 chunk(s)
        RenderSVGInlineText {#text} at (0,-17) size 75x22
          chunk 1 text run 1 at (3900.00,2520.00) startOffset 0 endOffset 11 width 75.00: "just a text"
      RenderSVGText {text} at (4000,2520) size 75x22 contains 1 chunk(s)
        RenderSVGInlineText {#text} at (0,-17) size 75x22
          chunk 1 text run 1 at (4000.00,2520.00) startOffset 0 endOffset 11 width 75.00: "just a text"
      RenderSVGText {text} at (4100,2520) size 75x22 contains 1 chunk(s)
        RenderSVGInlineText {#text} at (0,-17) size 75x22
          chunk 1 text run 1 at (4100.00,2520.00) startOffset 0 endOffset 11 width 75.00: "just a text"
      RenderSVGText {text} at (4200,2520) size 75x22 contains 1 chunk(s)
        RenderSVGInlineText {#text} at (0,-17) size 75x22
          chunk 1 text run 1 at (4200.00,2520.00) startOffset 0 endOffset 11 width 75.00: "just a text"
      RenderSVGText {text} at (4300,2520) size 75x22 contains 1 chunk(s)
        RenderSVGInlineText {#text} at (0,-17) size 75x22
          chunk 1 text run 1 at (4300.00,2520.00) startOffset 0 endOffset 11 width 75.00: "just a text"
      RenderSVGText {text} at (4400,2520) size 75x22 contains 1 chunk(s)
        RenderSVGInlineText {#text} at (0,-17) size 75x22
          chunk 1 text run 1 at (4400.00,2520.00) startOffset 0 endOffset 11 width 75.00: "just a text"
      RenderSVGText {text} at (4500,2520) size 75x22 contains 1 chunk(s)
        RenderSVGInlineText {#text} at (0,-17) size 75x22
          chunk 1 text run 1 at (4500.00,2520.00) startOffset 0 endOffset 11 width 75.00: "just a text"
      RenderSVGText {text} at (4600,2520) size 75x22 contains 1 chunk(s)
        RenderSVGInlineText {#text} at (0,-17) size 75x22
          chunk 1 text run 1 at (4600.00,2520.00) startOffset 0 endOffset 11 width 75.00: "just a text"
      RenderSVGText {text} at (4700,2520) size 75x22 contains 1 chunk(s)
        RenderSVGInlineText {#text} at (0,-17) size 75x22
          chunk 1 text run 1 at (4700.00,2520.00) startOffset 0 endOffset 11 width 75.00: "just a text"
      RenderSVGText {text} at (4800,2520) size 75x22 contains 1 chunk(s)
        RenderSVGInlineText {#text} at (0,-17) size 75x22
          chunk 1 text run 1 at (4800.00,2520.00) startOffset 0 endOffset 11 width 75.00: "just a text"
      RenderSVGText {text} at (4900,2520) size 75x22 contains 1 chunk(s)
        RenderSVGInlineText {#text} at (0,-17) size 75x22
          chunk 1 text run 1 at (4900.00,2520.00) startOffset 0 endOffset 11 width 75.00: "just a text"
      RenderSVGText {text} at (0,2620) size 75x22 contains 1 chunk(s)
        RenderSVGInlineText {#text} at (0,-17) size 75x22
          chunk 1 text run 1 at (0.00,2620.00) startOffset 0 endOffset 11 width 75.00: "just a text"
      RenderSVGText {text} at (100,2620) size 75x22 contains 1 chunk(s)
        RenderSVGInlineText {#text} at (0,-17) size 75x22
          chunk 1 text run 1 at (100.00,2620.00) startOffset 0 endOffset 11 width 75.00: "just a text"
      RenderSVGText {text} at (200,2620) size 75x22 contains 1 chunk(s)
        RenderSVGInlineText {#text} at (0,-17) size 75x22
          chunk 1 text run 1 at (200.00,2620.00) startOffset 0 endOffset 11 width 75.00: "just a text"
      RenderSVGText {text} at (300,2620) size 75x22 contains 1 chunk(s)
        RenderSVGInlineText {#text} at (0,-17) size 75x22
          chunk 1 text run 1 at (300.00,2620.00) startOffset 0 endOffset 11 width 75.00: "just a text"
      RenderSVGText {text} at (400,2620) size 75x22 contains 1 chunk(s)
        RenderSVGInlineText {#text} at (0,-17) size 75x22
          chunk 1 text run 1 at (400.00,2620.00) startOffset 0 endOffset 11 width 75.00: "just a text"
      RenderSVGText {text} at (500,2620) size 75x22 contains 1 chunk(s)
        RenderSVGInlineText {#text} at (0,-17) size 75x22
          chunk 1 text run 1 at (500.00,2620.00) startOffset 0 endOffset 11 width 75.00: "just a text"
      RenderSVGText {text} at (600,2620) size 75x22 contains 1 chunk(s)
        RenderSVGInlineText {#text} at (0,-17) size 75x22
          chunk 1 text run 1 at (600.00,2620.00) startOffset 0 endOffset 11 width 75.00: "just a text"
      RenderSVGText {text} at (700,2620) size 75x22 contains 1 chunk(s)
        RenderSVGInlineText {#text} at (0,-17) size 75x22
          chunk 1 text run 1 at (700.00,2620.00) startOffset 0 endOffset 11 width 75.00: "just a text"
      RenderSVGText {text} at (800,2620) size 75x22 contains 1 chunk(s)
        RenderSVGInlineText {#text} at (0,-17) size 75x22
          chunk 1 text run 1 at (800.00,2620.00) startOffset 0 endOffset 11 width 75.00: "just a text"
      RenderSVGText {text} at (900,2620) size 75x22 contains 1 chunk(s)
        RenderSVGInlineText {#text} at (0,-17) size 75x22
          chunk 1 text run 1 at (900.00,2620.00) startOffset 0 endOffset 11 width 75.00: "just a text"
      RenderSVGText {text} at (1000,2620) size 75x22 contains 1 chunk(s)
        RenderSVGInlineText {#text} at (0,-17) size 75x22
          chunk 1 text run 1 at (1000.00,2620.00) startOffset 0 endOffset 11 width 75.00: "just a text"
      RenderSVGText {text} at (1100,2620) size 75x22 contains 1 chunk(s)
        RenderSVGInlineText {#text} at (0,-17) size 75x22
          chunk 1 text run 1 at (1100.00,2620.00) startOffset 0 endOffset 11 width 75.00: "just a text"
      RenderSVGText {text} at (1200,2620) size 75x22 contains 1 chunk(s)
        RenderSVGInlineText {#text} at (0,-17) size 75x22
          chunk 1 text run 1 at (1200.00,2620.00) startOffset 0 endOffset 11 width 75.00: "just a text"
      RenderSVGText {text} at (1300,2620) size 75x22 contains 1 chunk(s)
        RenderSVGInlineText {#text} at (0,-17) size 75x22
          chunk 1 text run 1 at (1300.00,2620.00) startOffset 0 endOffset 11 width 75.00: "just a text"
      RenderSVGText {text} at (1400,2620) size 75x22 contains 1 chunk(s)
        RenderSVGInlineText {#text} at (0,-17) size 75x22
          chunk 1 text run 1 at (1400.00,2620.00) startOffset 0 endOffset 11 width 75.00: "just a text"
      RenderSVGText {text} at (1500,2620) size 75x22 contains 1 chunk(s)
        RenderSVGInlineText {#text} at (0,-17) size 75x22
          chunk 1 text run 1 at (1500.00,2620.00) startOffset 0 endOffset 11 width 75.00: "just a text"
      RenderSVGText {text} at (1600,2620) size 75x22 contains 1 chunk(s)
        RenderSVGInlineText {#text} at (0,-17) size 75x22
          chunk 1 text run 1 at (1600.00,2620.00) startOffset 0 endOffset 11 width 75.00: "just a text"
      RenderSVGText {text} at (1700,2620) size 75x22 contains 1 chunk(s)
        RenderSVGInlineText {#text} at (0,-17) size 75x22
          chunk 1 text run 1 at (1700.00,2620.00) startOffset 0 endOffset 11 width 75.00: "just a text"
      RenderSVGText {text} at (1800,2620) size 75x22 contains 1 chunk(s)
        RenderSVGInlineText {#text} at (0,-17) size 75x22
          chunk 1 text run 1 at (1800.00,2620.00) startOffset 0 endOffset 11 width 75.00: "just a text"
      RenderSVGText {text} at (1900,2620) size 75x22 contains 1 chunk(s)
        RenderSVGInlineText {#text} at (0,-17) size 75x22
          chunk 1 text run 1 at (1900.00,2620.00) startOffset 0 endOffset 11 width 75.00: "just a text"
      RenderSVGText {text} at (2000,2620) size 75x22 contains 1 chunk(s)
        RenderSVGInlineText {#text} at (0,-17) size 75x22
          chunk 1 text run 1 at (2000.00,2620.00) startOffset 0 endOffset 11 width 75.00: "just a text"
      RenderSVGText {text} at (2100,2620) size 75x22 contains 1 chunk(s)
        RenderSVGInlineText {#text} at (0,-17) size 75x22
          chunk 1 text run 1 at (2100.00,2620.00) startOffset 0 endOffset 11 width 75.00: "just a text"
      RenderSVGText {text} at (2200,2620) size 75x22 contains 1 chunk(s)
        RenderSVGInlineText {#text} at (0,-17) size 75x22
          chunk 1 text run 1 at (2200.00,2620.00) startOffset 0 endOffset 11 width 75.00: "just a text"
      RenderSVGText {text} at (2300,2620) size 75x22 contains 1 chunk(s)
        RenderSVGInlineText {#text} at (0,-17) size 75x22
          chunk 1 text run 1 at (2300.00,2620.00) startOffset 0 endOffset 11 width 75.00: "just a text"
      RenderSVGText {text} at (2400,2620) size 75x22 contains 1 chunk(s)
        RenderSVGInlineText {#text} at (0,-17) size 75x22
          chunk 1 text run 1 at (2400.00,2620.00) startOffset 0 endOffset 11 width 75.00: "just a text"
      RenderSVGText {text} at (2500,2620) size 75x22 contains 1 chunk(s)
        RenderSVGInlineText {#text} at (0,-17) size 75x22
          chunk 1 text run 1 at (2500.00,2620.00) startOffset 0 endOffset 11 width 75.00: "just a text"
      RenderSVGText {text} at (2600,2620) size 75x22 contains 1 chunk(s)
        RenderSVGInlineText {#text} at (0,-17) size 75x22
          chunk 1 text run 1 at (2600.00,2620.00) startOffset 0 endOffset 11 width 75.00: "just a text"
      RenderSVGText {text} at (2700,2620) size 75x22 contains 1 chunk(s)
        RenderSVGInlineText {#text} at (0,-17) size 75x22
          chunk 1 text run 1 at (2700.00,2620.00) startOffset 0 endOffset 11 width 75.00: "just a text"
      RenderSVGText {text} at (2800,2620) size 75x22 contains 1 chunk(s)
        RenderSVGInlineText {#text} at (0,-17) size 75x22
          chunk 1 text run 1 at (2800.00,2620.00) startOffset 0 endOffset 11 width 75.00: "just a text"
      RenderSVGText {text} at (2900,2620) size 75x22 contains 1 chunk(s)
        RenderSVGInlineText {#text} at (0,-17) size 75x22
          chunk 1 text run 1 at (2900.00,2620.00) startOffset 0 endOffset 11 width 75.00: "just a text"
      RenderSVGText {text} at (3000,2620) size 75x22 contains 1 chunk(s)
        RenderSVGInlineText {#text} at (0,-17) size 75x22
          chunk 1 text run 1 at (3000.00,2620.00) startOffset 0 endOffset 11 width 75.00: "just a text"
      RenderSVGText {text} at (3100,2620) size 75x22 contains 1 chunk(s)
        RenderSVGInlineText {#text} at (0,-17) size 75x22
          chunk 1 text run 1 at (3100.00,2620.00) startOffset 0 endOffset 11 width 75.00: "just a text"
      RenderSVGText {text} at (3200,2620) size 75x22 contains 1 chunk(s)
        RenderSVGInlineText {#text} at (0,-17) size 75x22
          chunk 1 text run 1 at (3200.00,2620.00) startOffset 0 endOffset 11 width 75.00: "just a text"
      RenderSVGText {text} at (3300,2620) size 75x22 contains 1 chunk(s)
        RenderSVGInlineText {#text} at (0,-17) size 75x22
          chunk 1 text run 1 at (3300.00,2620.00) startOffset 0 endOffset 11 width 75.00: "just a text"
      RenderSVGText {text} at (3400,2620) size 75x22 contains 1 chunk(s)
        RenderSVGInlineText {#text} at (0,-17) size 75x22
          chunk 1 text run 1 at (3400.00,2620.00) startOffset 0 endOffset 11 width 75.00: "just a text"
      RenderSVGText {text} at (3500,2620) size 75x22 contains 1 chunk(s)
        RenderSVGInlineText {#text} at (0,-17) size 75x22
          chunk 1 text run 1 at (3500.00,2620.00) startOffset 0 endOffset 11 width 75.00: "just a text"
      RenderSVGText {text} at (3600,2620) size 75x22 contains 1 chunk(s)
        RenderSVGInlineText {#text} at (0,-17) size 75x22
          chunk 1 text run 1 at (3600.00,2620.00) startOffset 0 endOffset 11 width 75.00: "just a text"
      RenderSVGText {text} at (3700,2620) size 75x22 contains 1 chunk(s)
        RenderSVGInlineText {#text} at (0,-17) size 75x22
          chunk 1 text run 1 at (3700.00,2620.00) startOffset 0 endOffset 11 width 75.00: "just a text"
      RenderSVGText {text} at (3800,2620) size 75x22 contains 1 chunk(s)
        RenderSVGInlineText {#text} at (0,-17) size 75x22
          chunk 1 text run 1 at (3800.00,2620.00) startOffset 0 endOffset 11 width 75.00: "just a text"
      RenderSVGText {text} at (3900,2620) size 75x22 contains 1 chunk(s)
        RenderSVGInlineText {#text} at (0,-17) size 75x22
          chunk 1 text run 1 at (3900.00,2620.00) startOffset 0 endOffset 11 width 75.00: "just a text"
      RenderSVGText {text} at (4000,2620) size 75x22 contains 1 chunk(s)
        RenderSVGInlineText {#text} at (0,-17) size 75x22
          chunk 1 text run 1 at (4000.00,2620.00) startOffset 0 endOffset 11 width 75.00: "just a text"
      RenderSVGText {text} at (4100,2620) size 75x22 contains 1 chunk(s)
        RenderSVGInlineText {#text} at (0,-17) size 75x22
          chunk 1 text run 1 at (4100.00,2620.00) startOffset 0 endOffset 11 width 75.00: "just a text"
      RenderSVGText {text} at (4200,2620) size 75x22 contains 1 chunk(s)
        RenderSVGInlineText {#text} at (0,-17) size 75x22
          chunk 1 text run 1 at (4200.00,2620.00) startOffset 0 endOffset 11 width 75.00: "just a text"
      RenderSVGText {text} at (4300,2620) size 75x22 contains 1 chunk(s)
        RenderSVGInlineText {#text} at (0,-17) size 75x22
          chunk 1 text run 1 at (4300.00,2620.00) startOffset 0 endOffset 11 width 75.00: "just a text"
      RenderSVGText {text} at (4400,2620) size 75x22 contains 1 chunk(s)
        RenderSVGInlineText {#text} at (0,-17) size 75x22
          chunk 1 text run 1 at (4400.00,2620.00) startOffset 0 endOffset 11 width 75.00: "just a text"
      RenderSVGText {text} at (4500,2620) size 75x22 contains 1 chunk(s)
        RenderSVGInlineText {#text} at (0,-17) size 75x22
          chunk 1 text run 1 at (4500.00,2620.00) startOffset 0 endOffset 11 width 75.00: "just a text"
      RenderSVGText {text} at (4600,2620) size 75x22 contains 1 chunk(s)
        RenderSVGInlineText {#text} at (0,-17) size 75x22
          chunk 1 text run 1 at (4600.00,2620.00) startOffset 0 endOffset 11 width 75.00: "just a text"
      RenderSVGText {text} at (4700,2620) size 75x22 contains 1 chunk(s)
        RenderSVGInlineText {#text} at (0,-17) size 75x22
          chunk 1 text run 1 at (4700.00,2620.00) startOffset 0 endOffset 11 width 75.00: "just a text"
      RenderSVGText {text} at (4800,2620) size 75x22 contains 1 chunk(s)
        RenderSVGInlineText {#text} at (0,-17) size 75x22
          chunk 1 text run 1 at (4800.00,2620.00) startOffset 0 endOffset 11 width 75.00: "just a text"
      RenderSVGText {text} at (4900,2620) size 75x22 contains 1 chunk(s)
        RenderSVGInlineText {#text} at (0,-17) size 75x22
          chunk 1 text run 1 at (4900.00,2620.00) startOffset 0 endOffset 11 width 75.00: "just a text"
      RenderSVGText {text} at (0,2720) size 75x22 contains 1 chunk(s)
        RenderSVGInlineText {#text} at (0,-17) size 75x22
          chunk 1 text run 1 at (0.00,2720.00) startOffset 0 endOffset 11 width 75.00: "just a text"
      RenderSVGText {text} at (100,2720) size 75x22 contains 1 chunk(s)
        RenderSVGInlineText {#text} at (0,-17) size 75x22
          chunk 1 text run 1 at (100.00,2720.00) startOffset 0 endOffset 11 width 75.00: "just a text"
      RenderSVGText {text} at (200,2720) size 75x22 contains 1 chunk(s)
        RenderSVGInlineText {#text} at (0,-17) size 75x22
          chunk 1 text run 1 at (200.00,2720.00) startOffset 0 endOffset 11 width 75.00: "just a text"
      RenderSVGText {text} at (300,2720) size 75x22 contains 1 chunk(s)
        RenderSVGInlineText {#text} at (0,-17) size 75x22
          chunk 1 text run 1 at (300.00,2720.00) startOffset 0 endOffset 11 width 75.00: "just a text"
      RenderSVGText {text} at (400,2720) size 75x22 contains 1 chunk(s)
        RenderSVGInlineText {#text} at (0,-17) size 75x22
          chunk 1 text run 1 at (400.00,2720.00) startOffset 0 endOffset 11 width 75.00: "just a text"
      RenderSVGText {text} at (500,2720) size 75x22 contains 1 chunk(s)
        RenderSVGInlineText {#text} at (0,-17) size 75x22
          chunk 1 text run 1 at (500.00,2720.00) startOffset 0 endOffset 11 width 75.00: "just a text"
      RenderSVGText {text} at (600,2720) size 75x22 contains 1 chunk(s)
        RenderSVGInlineText {#text} at (0,-17) size 75x22
          chunk 1 text run 1 at (600.00,2720.00) startOffset 0 endOffset 11 width 75.00: "just a text"
      RenderSVGText {text} at (700,2720) size 75x22 contains 1 chunk(s)
        RenderSVGInlineText {#text} at (0,-17) size 75x22
          chunk 1 text run 1 at (700.00,2720.00) startOffset 0 endOffset 11 width 75.00: "just a text"
      RenderSVGText {text} at (800,2720) size 75x22 contains 1 chunk(s)
        RenderSVGInlineText {#text} at (0,-17) size 75x22
          chunk 1 text run 1 at (800.00,2720.00) startOffset 0 endOffset 11 width 75.00: "just a text"
      RenderSVGText {text} at (900,2720) size 75x22 contains 1 chunk(s)
        RenderSVGInlineText {#text} at (0,-17) size 75x22
          chunk 1 text run 1 at (900.00,2720.00) startOffset 0 endOffset 11 width 75.00: "just a text"
      RenderSVGText {text} at (1000,2720) size 75x22 contains 1 chunk(s)
        RenderSVGInlineText {#text} at (0,-17) size 75x22
          chunk 1 text run 1 at (1000.00,2720.00) startOffset 0 endOffset 11 width 75.00: "just a text"
      RenderSVGText {text} at (1100,2720) size 75x22 contains 1 chunk(s)
        RenderSVGInlineText {#text} at (0,-17) size 75x22
          chunk 1 text run 1 at (1100.00,2720.00) startOffset 0 endOffset 11 width 75.00: "just a text"
      RenderSVGText {text} at (1200,2720) size 75x22 contains 1 chunk(s)
        RenderSVGInlineText {#text} at (0,-17) size 75x22
          chunk 1 text run 1 at (1200.00,2720.00) startOffset 0 endOffset 11 width 75.00: "just a text"
      RenderSVGText {text} at (1300,2720) size 75x22 contains 1 chunk(s)
        RenderSVGInlineText {#text} at (0,-17) size 75x22
          chunk 1 text run 1 at (1300.00,2720.00) startOffset 0 endOffset 11 width 75.00: "just a text"
      RenderSVGText {text} at (1400,2720) size 75x22 contains 1 chunk(s)
        RenderSVGInlineText {#text} at (0,-17) size 75x22
          chunk 1 text run 1 at (1400.00,2720.00) startOffset 0 endOffset 11 width 75.00: "just a text"
      RenderSVGText {text} at (1500,2720) size 75x22 contains 1 chunk(s)
        RenderSVGInlineText {#text} at (0,-17) size 75x22
          chunk 1 text run 1 at (1500.00,2720.00) startOffset 0 endOffset 11 width 75.00: "just a text"
      RenderSVGText {text} at (1600,2720) size 75x22 contains 1 chunk(s)
        RenderSVGInlineText {#text} at (0,-17) size 75x22
          chunk 1 text run 1 at (1600.00,2720.00) startOffset 0 endOffset 11 width 75.00: "just a text"
      RenderSVGText {text} at (1700,2720) size 75x22 contains 1 chunk(s)
        RenderSVGInlineText {#text} at (0,-17) size 75x22
          chunk 1 text run 1 at (1700.00,2720.00) startOffset 0 endOffset 11 width 75.00: "just a text"
      RenderSVGText {text} at (1800,2720) size 75x22 contains 1 chunk(s)
        RenderSVGInlineText {#text} at (0,-17) size 75x22
          chunk 1 text run 1 at (1800.00,2720.00) startOffset 0 endOffset 11 width 75.00: "just a text"
      RenderSVGText {text} at (1900,2720) size 75x22 contains 1 chunk(s)
        RenderSVGInlineText {#text} at (0,-17) size 75x22
          chunk 1 text run 1 at (1900.00,2720.00) startOffset 0 endOffset 11 width 75.00: "just a text"
      RenderSVGText {text} at (2000,2720) size 75x22 contains 1 chunk(s)
        RenderSVGInlineText {#text} at (0,-17) size 75x22
          chunk 1 text run 1 at (2000.00,2720.00) startOffset 0 endOffset 11 width 75.00: "just a text"
      RenderSVGText {text} at (2100,2720) size 75x22 contains 1 chunk(s)
        RenderSVGInlineText {#text} at (0,-17) size 75x22
          chunk 1 text run 1 at (2100.00,2720.00) startOffset 0 endOffset 11 width 75.00: "just a text"
      RenderSVGText {text} at (2200,2720) size 75x22 contains 1 chunk(s)
        RenderSVGInlineText {#text} at (0,-17) size 75x22
          chunk 1 text run 1 at (2200.00,2720.00) startOffset 0 endOffset 11 width 75.00: "just a text"
      RenderSVGText {text} at (2300,2720) size 75x22 contains 1 chunk(s)
        RenderSVGInlineText {#text} at (0,-17) size 75x22
          chunk 1 text run 1 at (2300.00,2720.00) startOffset 0 endOffset 11 width 75.00: "just a text"
      RenderSVGText {text} at (2400,2720) size 75x22 contains 1 chunk(s)
        RenderSVGInlineText {#text} at (0,-17) size 75x22
          chunk 1 text run 1 at (2400.00,2720.00) startOffset 0 endOffset 11 width 75.00: "just a text"
      RenderSVGText {text} at (2500,2720) size 75x22 contains 1 chunk(s)
        RenderSVGInlineText {#text} at (0,-17) size 75x22
          chunk 1 text run 1 at (2500.00,2720.00) startOffset 0 endOffset 11 width 75.00: "just a text"
      RenderSVGText {text} at (2600,2720) size 75x22 contains 1 chunk(s)
        RenderSVGInlineText {#text} at (0,-17) size 75x22
          chunk 1 text run 1 at (2600.00,2720.00) startOffset 0 endOffset 11 width 75.00: "just a text"
      RenderSVGText {text} at (2700,2720) size 75x22 contains 1 chunk(s)
        RenderSVGInlineText {#text} at (0,-17) size 75x22
          chunk 1 text run 1 at (2700.00,2720.00) startOffset 0 endOffset 11 width 75.00: "just a text"
      RenderSVGText {text} at (2800,2720) size 75x22 contains 1 chunk(s)
        RenderSVGInlineText {#text} at (0,-17) size 75x22
          chunk 1 text run 1 at (2800.00,2720.00) startOffset 0 endOffset 11 width 75.00: "just a text"
      RenderSVGText {text} at (2900,2720) size 75x22 contains 1 chunk(s)
        RenderSVGInlineText {#text} at (0,-17) size 75x22
          chunk 1 text run 1 at (2900.00,2720.00) startOffset 0 endOffset 11 width 75.00: "just a text"
      RenderSVGText {text} at (3000,2720) size 75x22 contains 1 chunk(s)
        RenderSVGInlineText {#text} at (0,-17) size 75x22
          chunk 1 text run 1 at (3000.00,2720.00) startOffset 0 endOffset 11 width 75.00: "just a text"
      RenderSVGText {text} at (3100,2720) size 75x22 contains 1 chunk(s)
        RenderSVGInlineText {#text} at (0,-17) size 75x22
          chunk 1 text run 1 at (3100.00,2720.00) startOffset 0 endOffset 11 width 75.00: "just a text"
      RenderSVGText {text} at (3200,2720) size 75x22 contains 1 chunk(s)
        RenderSVGInlineText {#text} at (0,-17) size 75x22
          chunk 1 text run 1 at (3200.00,2720.00) startOffset 0 endOffset 11 width 75.00: "just a text"
      RenderSVGText {text} at (3300,2720) size 75x22 contains 1 chunk(s)
        RenderSVGInlineText {#text} at (0,-17) size 75x22
          chunk 1 text run 1 at (3300.00,2720.00) startOffset 0 endOffset 11 width 75.00: "just a text"
      RenderSVGText {text} at (3400,2720) size 75x22 contains 1 chunk(s)
        RenderSVGInlineText {#text} at (0,-17) size 75x22
          chunk 1 text run 1 at (3400.00,2720.00) startOffset 0 endOffset 11 width 75.00: "just a text"
      RenderSVGText {text} at (3500,2720) size 75x22 contains 1 chunk(s)
        RenderSVGInlineText {#text} at (0,-17) size 75x22
          chunk 1 text run 1 at (3500.00,2720.00) startOffset 0 endOffset 11 width 75.00: "just a text"
      RenderSVGText {text} at (3600,2720) size 75x22 contains 1 chunk(s)
        RenderSVGInlineText {#text} at (0,-17) size 75x22
          chunk 1 text run 1 at (3600.00,2720.00) startOffset 0 endOffset 11 width 75.00: "just a text"
      RenderSVGText {text} at (3700,2720) size 75x22 contains 1 chunk(s)
        RenderSVGInlineText {#text} at (0,-17) size 75x22
          chunk 1 text run 1 at (3700.00,2720.00) startOffset 0 endOffset 11 width 75.00: "just a text"
      RenderSVGText {text} at (3800,2720) size 75x22 contains 1 chunk(s)
        RenderSVGInlineText {#text} at (0,-17) size 75x22
          chunk 1 text run 1 at (3800.00,2720.00) startOffset 0 endOffset 11 width 75.00: "just a text"
      RenderSVGText {text} at (3900,2720) size 75x22 contains 1 chunk(s)
        RenderSVGInlineText {#text} at (0,-17) size 75x22
          chunk 1 text run 1 at (3900.00,2720.00) startOffset 0 endOffset 11 width 75.00: "just a text"
      RenderSVGText {text} at (4000,2720) size 75x22 contains 1 chunk(s)
        RenderSVGInlineText {#text} at (0,-17) size 75x22
          chunk 1 text run 1 at (4000.00,2720.00) startOffset 0 endOffset 11 width 75.00: "just a text"
      RenderSVGText {text} at (4100,2720) size 75x22 contains 1 chunk(s)
        RenderSVGInlineText {#text} at (0,-17) size 75x22
          chunk 1 text run 1 at (4100.00,2720.00) startOffset 0 endOffset 11 width 75.00: "just a text"
      RenderSVGText {text} at (4200,2720) size 75x22 contains 1 chunk(s)
        RenderSVGInlineText {#text} at (0,-17) size 75x22
          chunk 1 text run 1 at (4200.00,2720.00) startOffset 0 endOffset 11 width 75.00: "just a text"
      RenderSVGText {text} at (4300,2720) size 75x22 contains 1 chunk(s)
        RenderSVGInlineText {#text} at (0,-17) size 75x22
          chunk 1 text run 1 at (4300.00,2720.00) startOffset 0 endOffset 11 width 75.00: "just a text"
      RenderSVGText {text} at (4400,2720) size 75x22 contains 1 chunk(s)
        RenderSVGInlineText {#text} at (0,-17) size 75x22
          chunk 1 text run 1 at (4400.00,2720.00) startOffset 0 endOffset 11 width 75.00: "just a text"
      RenderSVGText {text} at (4500,2720) size 75x22 contains 1 chunk(s)
        RenderSVGInlineText {#text} at (0,-17) size 75x22
          chunk 1 text run 1 at (4500.00,2720.00) startOffset 0 endOffset 11 width 75.00: "just a text"
      RenderSVGText {text} at (4600,2720) size 75x22 contains 1 chunk(s)
        RenderSVGInlineText {#text} at (0,-17) size 75x22
          chunk 1 text run 1 at (4600.00,2720.00) startOffset 0 endOffset 11 width 75.00: "just a text"
      RenderSVGText {text} at (4700,2720) size 75x22 contains 1 chunk(s)
        RenderSVGInlineText {#text} at (0,-17) size 75x22
          chunk 1 text run 1 at (4700.00,2720.00) startOffset 0 endOffset 11 width 75.00: "just a text"
      RenderSVGText {text} at (4800,2720) size 75x22 contains 1 chunk(s)
        RenderSVGInlineText {#text} at (0,-17) size 75x22
          chunk 1 text run 1 at (4800.00,2720.00) startOffset 0 endOffset 11 width 75.00: "just a text"
      RenderSVGText {text} at (4900,2720) size 75x22 contains 1 chunk(s)
        RenderSVGInlineText {#text} at (0,-17) size 75x22
          chunk 1 text run 1 at (4900.00,2720.00) startOffset 0 endOffset 11 width 75.00: "just a text"
      RenderSVGText {text} at (0,2820) size 75x22 contains 1 chunk(s)
        RenderSVGInlineText {#text} at (0,-17) size 75x22
          chunk 1 text run 1 at (0.00,2820.00) startOffset 0 endOffset 11 width 75.00: "just a text"
      RenderSVGText {text} at (100,2820) size 75x22 contains 1 chunk(s)
        RenderSVGInlineText {#text} at (0,-17) size 75x22
          chunk 1 text run 1 at (100.00,2820.00) startOffset 0 endOffset 11 width 75.00: "just a text"
      RenderSVGText {text} at (200,2820) size 75x22 contains 1 chunk(s)
        RenderSVGInlineText {#text} at (0,-17) size 75x22
          chunk 1 text run 1 at (200.00,2820.00) startOffset 0 endOffset 11 width 75.00: "just a text"
      RenderSVGText {text} at (300,2820) size 75x22 contains 1 chunk(s)
        RenderSVGInlineText {#text} at (0,-17) size 75x22
          chunk 1 text run 1 at (300.00,2820.00) startOffset 0 endOffset 11 width 75.00: "just a text"
      RenderSVGText {text} at (400,2820) size 75x22 contains 1 chunk(s)
        RenderSVGInlineText {#text} at (0,-17) size 75x22
          chunk 1 text run 1 at (400.00,2820.00) startOffset 0 endOffset 11 width 75.00: "just a text"
      RenderSVGText {text} at (500,2820) size 75x22 contains 1 chunk(s)
        RenderSVGInlineText {#text} at (0,-17) size 75x22
          chunk 1 text run 1 at (500.00,2820.00) startOffset 0 endOffset 11 width 75.00: "just a text"
      RenderSVGText {text} at (600,2820) size 75x22 contains 1 chunk(s)
        RenderSVGInlineText {#text} at (0,-17) size 75x22
          chunk 1 text run 1 at (600.00,2820.00) startOffset 0 endOffset 11 width 75.00: "just a text"
      RenderSVGText {text} at (700,2820) size 75x22 contains 1 chunk(s)
        RenderSVGInlineText {#text} at (0,-17) size 75x22
          chunk 1 text run 1 at (700.00,2820.00) startOffset 0 endOffset 11 width 75.00: "just a text"
      RenderSVGText {text} at (800,2820) size 75x22 contains 1 chunk(s)
        RenderSVGInlineText {#text} at (0,-17) size 75x22
          chunk 1 text run 1 at (800.00,2820.00) startOffset 0 endOffset 11 width 75.00: "just a text"
      RenderSVGText {text} at (900,2820) size 75x22 contains 1 chunk(s)
        RenderSVGInlineText {#text} at (0,-17) size 75x22
          chunk 1 text run 1 at (900.00,2820.00) startOffset 0 endOffset 11 width 75.00: "just a text"
      RenderSVGText {text} at (1000,2820) size 75x22 contains 1 chunk(s)
        RenderSVGInlineText {#text} at (0,-17) size 75x22
          chunk 1 text run 1 at (1000.00,2820.00) startOffset 0 endOffset 11 width 75.00: "just a text"
      RenderSVGText {text} at (1100,2820) size 75x22 contains 1 chunk(s)
        RenderSVGInlineText {#text} at (0,-17) size 75x22
          chunk 1 text run 1 at (1100.00,2820.00) startOffset 0 endOffset 11 width 75.00: "just a text"
      RenderSVGText {text} at (1200,2820) size 75x22 contains 1 chunk(s)
        RenderSVGInlineText {#text} at (0,-17) size 75x22
          chunk 1 text run 1 at (1200.00,2820.00) startOffset 0 endOffset 11 width 75.00: "just a text"
      RenderSVGText {text} at (1300,2820) size 75x22 contains 1 chunk(s)
        RenderSVGInlineText {#text} at (0,-17) size 75x22
          chunk 1 text run 1 at (1300.00,2820.00) startOffset 0 endOffset 11 width 75.00: "just a text"
      RenderSVGText {text} at (1400,2820) size 75x22 contains 1 chunk(s)
        RenderSVGInlineText {#text} at (0,-17) size 75x22
          chunk 1 text run 1 at (1400.00,2820.00) startOffset 0 endOffset 11 width 75.00: "just a text"
      RenderSVGText {text} at (1500,2820) size 75x22 contains 1 chunk(s)
        RenderSVGInlineText {#text} at (0,-17) size 75x22
          chunk 1 text run 1 at (1500.00,2820.00) startOffset 0 endOffset 11 width 75.00: "just a text"
      RenderSVGText {text} at (1600,2820) size 75x22 contains 1 chunk(s)
        RenderSVGInlineText {#text} at (0,-17) size 75x22
          chunk 1 text run 1 at (1600.00,2820.00) startOffset 0 endOffset 11 width 75.00: "just a text"
      RenderSVGText {text} at (1700,2820) size 75x22 contains 1 chunk(s)
        RenderSVGInlineText {#text} at (0,-17) size 75x22
          chunk 1 text run 1 at (1700.00,2820.00) startOffset 0 endOffset 11 width 75.00: "just a text"
      RenderSVGText {text} at (1800,2820) size 75x22 contains 1 chunk(s)
        RenderSVGInlineText {#text} at (0,-17) size 75x22
          chunk 1 text run 1 at (1800.00,2820.00) startOffset 0 endOffset 11 width 75.00: "just a text"
      RenderSVGText {text} at (1900,2820) size 75x22 contains 1 chunk(s)
        RenderSVGInlineText {#text} at (0,-17) size 75x22
          chunk 1 text run 1 at (1900.00,2820.00) startOffset 0 endOffset 11 width 75.00: "just a text"
      RenderSVGText {text} at (2000,2820) size 75x22 contains 1 chunk(s)
        RenderSVGInlineText {#text} at (0,-17) size 75x22
          chunk 1 text run 1 at (2000.00,2820.00) startOffset 0 endOffset 11 width 75.00: "just a text"
      RenderSVGText {text} at (2100,2820) size 75x22 contains 1 chunk(s)
        RenderSVGInlineText {#text} at (0,-17) size 75x22
          chunk 1 text run 1 at (2100.00,2820.00) startOffset 0 endOffset 11 width 75.00: "just a text"
      RenderSVGText {text} at (2200,2820) size 75x22 contains 1 chunk(s)
        RenderSVGInlineText {#text} at (0,-17) size 75x22
          chunk 1 text run 1 at (2200.00,2820.00) startOffset 0 endOffset 11 width 75.00: "just a text"
      RenderSVGText {text} at (2300,2820) size 75x22 contains 1 chunk(s)
        RenderSVGInlineText {#text} at (0,-17) size 75x22
          chunk 1 text run 1 at (2300.00,2820.00) startOffset 0 endOffset 11 width 75.00: "just a text"
      RenderSVGText {text} at (2400,2820) size 75x22 contains 1 chunk(s)
        RenderSVGInlineText {#text} at (0,-17) size 75x22
          chunk 1 text run 1 at (2400.00,2820.00) startOffset 0 endOffset 11 width 75.00: "just a text"
      RenderSVGText {text} at (2500,2820) size 75x22 contains 1 chunk(s)
        RenderSVGInlineText {#text} at (0,-17) size 75x22
          chunk 1 text run 1 at (2500.00,2820.00) startOffset 0 endOffset 11 width 75.00: "just a text"
      RenderSVGText {text} at (2600,2820) size 75x22 contains 1 chunk(s)
        RenderSVGInlineText {#text} at (0,-17) size 75x22
          chunk 1 text run 1 at (2600.00,2820.00) startOffset 0 endOffset 11 width 75.00: "just a text"
      RenderSVGText {text} at (2700,2820) size 75x22 contains 1 chunk(s)
        RenderSVGInlineText {#text} at (0,-17) size 75x22
          chunk 1 text run 1 at (2700.00,2820.00) startOffset 0 endOffset 11 width 75.00: "just a text"
      RenderSVGText {text} at (2800,2820) size 75x22 contains 1 chunk(s)
        RenderSVGInlineText {#text} at (0,-17) size 75x22
          chunk 1 text run 1 at (2800.00,2820.00) startOffset 0 endOffset 11 width 75.00: "just a text"
      RenderSVGText {text} at (2900,2820) size 75x22 contains 1 chunk(s)
        RenderSVGInlineText {#text} at (0,-17) size 75x22
          chunk 1 text run 1 at (2900.00,2820.00) startOffset 0 endOffset 11 width 75.00: "just a text"
      RenderSVGText {text} at (3000,2820) size 75x22 contains 1 chunk(s)
        RenderSVGInlineText {#text} at (0,-17) size 75x22
          chunk 1 text run 1 at (3000.00,2820.00) startOffset 0 endOffset 11 width 75.00: "just a text"
      RenderSVGText {text} at (3100,2820) size 75x22 contains 1 chunk(s)
        RenderSVGInlineText {#text} at (0,-17) size 75x22
          chunk 1 text run 1 at (3100.00,2820.00) startOffset 0 endOffset 11 width 75.00: "just a text"
      RenderSVGText {text} at (3200,2820) size 75x22 contains 1 chunk(s)
        RenderSVGInlineText {#text} at (0,-17) size 75x22
          chunk 1 text run 1 at (3200.00,2820.00) startOffset 0 endOffset 11 width 75.00: "just a text"
      RenderSVGText {text} at (3300,2820) size 75x22 contains 1 chunk(s)
        RenderSVGInlineText {#text} at (0,-17) size 75x22
          chunk 1 text run 1 at (3300.00,2820.00) startOffset 0 endOffset 11 width 75.00: "just a text"
      RenderSVGText {text} at (3400,2820) size 75x22 contains 1 chunk(s)
        RenderSVGInlineText {#text} at (0,-17) size 75x22
          chunk 1 text run 1 at (3400.00,2820.00) startOffset 0 endOffset 11 width 75.00: "just a text"
      RenderSVGText {text} at (3500,2820) size 75x22 contains 1 chunk(s)
        RenderSVGInlineText {#text} at (0,-17) size 75x22
          chunk 1 text run 1 at (3500.00,2820.00) startOffset 0 endOffset 11 width 75.00: "just a text"
      RenderSVGText {text} at (3600,2820) size 75x22 contains 1 chunk(s)
        RenderSVGInlineText {#text} at (0,-17) size 75x22
          chunk 1 text run 1 at (3600.00,2820.00) startOffset 0 endOffset 11 width 75.00: "just a text"
      RenderSVGText {text} at (3700,2820) size 75x22 contains 1 chunk(s)
        RenderSVGInlineText {#text} at (0,-17) size 75x22
          chunk 1 text run 1 at (3700.00,2820.00) startOffset 0 endOffset 11 width 75.00: "just a text"
      RenderSVGText {text} at (3800,2820) size 75x22 contains 1 chunk(s)
        RenderSVGInlineText {#text} at (0,-17) size 75x22
          chunk 1 text run 1 at (3800.00,2820.00) startOffset 0 endOffset 11 width 75.00: "just a text"
      RenderSVGText {text} at (3900,2820) size 75x22 contains 1 chunk(s)
        RenderSVGInlineText {#text} at (0,-17) size 75x22
          chunk 1 text run 1 at (3900.00,2820.00) startOffset 0 endOffset 11 width 75.00: "just a text"
      RenderSVGText {text} at (4000,2820) size 75x22 contains 1 chunk(s)
        RenderSVGInlineText {#text} at (0,-17) size 75x22
          chunk 1 text run 1 at (4000.00,2820.00) startOffset 0 endOffset 11 width 75.00: "just a text"
      RenderSVGText {text} at (4100,2820) size 75x22 contains 1 chunk(s)
        RenderSVGInlineText {#text} at (0,-17) size 75x22
          chunk 1 text run 1 at (4100.00,2820.00) startOffset 0 endOffset 11 width 75.00: "just a text"
      RenderSVGText {text} at (4200,2820) size 75x22 contains 1 chunk(s)
        RenderSVGInlineText {#text} at (0,-17) size 75x22
          chunk 1 text run 1 at (4200.00,2820.00) startOffset 0 endOffset 11 width 75.00: "just a text"
      RenderSVGText {text} at (4300,2820) size 75x22 contains 1 chunk(s)
        RenderSVGInlineText {#text} at (0,-17) size 75x22
          chunk 1 text run 1 at (4300.00,2820.00) startOffset 0 endOffset 11 width 75.00: "just a text"
      RenderSVGText {text} at (4400,2820) size 75x22 contains 1 chunk(s)
        RenderSVGInlineText {#text} at (0,-17) size 75x22
          chunk 1 text run 1 at (4400.00,2820.00) startOffset 0 endOffset 11 width 75.00: "just a text"
      RenderSVGText {text} at (4500,2820) size 75x22 contains 1 chunk(s)
        RenderSVGInlineText {#text} at (0,-17) size 75x22
          chunk 1 text run 1 at (4500.00,2820.00) startOffset 0 endOffset 11 width 75.00: "just a text"
      RenderSVGText {text} at (4600,2820) size 75x22 contains 1 chunk(s)
        RenderSVGInlineText {#text} at (0,-17) size 75x22
          chunk 1 text run 1 at (4600.00,2820.00) startOffset 0 endOffset 11 width 75.00: "just a text"
      RenderSVGText {text} at (4700,2820) size 75x22 contains 1 chunk(s)
        RenderSVGInlineText {#text} at (0,-17) size 75x22
          chunk 1 text run 1 at (4700.00,2820.00) startOffset 0 endOffset 11 width 75.00: "just a text"
      RenderSVGText {text} at (4800,2820) size 75x22 contains 1 chunk(s)
        RenderSVGInlineText {#text} at (0,-17) size 75x22
          chunk 1 text run 1 at (4800.00,2820.00) startOffset 0 endOffset 11 width 75.00: "just a text"
      RenderSVGText {text} at (4900,2820) size 75x22 contains 1 chunk(s)
        RenderSVGInlineText {#text} at (0,-17) size 75x22
          chunk 1 text run 1 at (4900.00,2820.00) startOffset 0 endOffset 11 width 75.00: "just a text"
      RenderSVGText {text} at (0,2920) size 75x22 contains 1 chunk(s)
        RenderSVGInlineText {#text} at (0,-17) size 75x22
          chunk 1 text run 1 at (0.00,2920.00) startOffset 0 endOffset 11 width 75.00: "just a text"
      RenderSVGText {text} at (100,2920) size 75x22 contains 1 chunk(s)
        RenderSVGInlineText {#text} at (0,-17) size 75x22
          chunk 1 text run 1 at (100.00,2920.00) startOffset 0 endOffset 11 width 75.00: "just a text"
      RenderSVGText {text} at (200,2920) size 75x22 contains 1 chunk(s)
        RenderSVGInlineText {#text} at (0,-17) size 75x22
          chunk 1 text run 1 at (200.00,2920.00) startOffset 0 endOffset 11 width 75.00: "just a text"
      RenderSVGText {text} at (300,2920) size 75x22 contains 1 chunk(s)
        RenderSVGInlineText {#text} at (0,-17) size 75x22
          chunk 1 text run 1 at (300.00,2920.00) startOffset 0 endOffset 11 width 75.00: "just a text"
      RenderSVGText {text} at (400,2920) size 75x22 contains 1 chunk(s)
        RenderSVGInlineText {#text} at (0,-17) size 75x22
          chunk 1 text run 1 at (400.00,2920.00) startOffset 0 endOffset 11 width 75.00: "just a text"
      RenderSVGText {text} at (500,2920) size 75x22 contains 1 chunk(s)
        RenderSVGInlineText {#text} at (0,-17) size 75x22
          chunk 1 text run 1 at (500.00,2920.00) startOffset 0 endOffset 11 width 75.00: "just a text"
      RenderSVGText {text} at (600,2920) size 75x22 contains 1 chunk(s)
        RenderSVGInlineText {#text} at (0,-17) size 75x22
          chunk 1 text run 1 at (600.00,2920.00) startOffset 0 endOffset 11 width 75.00: "just a text"
      RenderSVGText {text} at (700,2920) size 75x22 contains 1 chunk(s)
        RenderSVGInlineText {#text} at (0,-17) size 75x22
          chunk 1 text run 1 at (700.00,2920.00) startOffset 0 endOffset 11 width 75.00: "just a text"
      RenderSVGText {text} at (800,2920) size 75x22 contains 1 chunk(s)
        RenderSVGInlineText {#text} at (0,-17) size 75x22
          chunk 1 text run 1 at (800.00,2920.00) startOffset 0 endOffset 11 width 75.00: "just a text"
      RenderSVGText {text} at (900,2920) size 75x22 contains 1 chunk(s)
        RenderSVGInlineText {#text} at (0,-17) size 75x22
          chunk 1 text run 1 at (900.00,2920.00) startOffset 0 endOffset 11 width 75.00: "just a text"
      RenderSVGText {text} at (1000,2920) size 75x22 contains 1 chunk(s)
        RenderSVGInlineText {#text} at (0,-17) size 75x22
          chunk 1 text run 1 at (1000.00,2920.00) startOffset 0 endOffset 11 width 75.00: "just a text"
      RenderSVGText {text} at (1100,2920) size 75x22 contains 1 chunk(s)
        RenderSVGInlineText {#text} at (0,-17) size 75x22
          chunk 1 text run 1 at (1100.00,2920.00) startOffset 0 endOffset 11 width 75.00: "just a text"
      RenderSVGText {text} at (1200,2920) size 75x22 contains 1 chunk(s)
        RenderSVGInlineText {#text} at (0,-17) size 75x22
          chunk 1 text run 1 at (1200.00,2920.00) startOffset 0 endOffset 11 width 75.00: "just a text"
      RenderSVGText {text} at (1300,2920) size 75x22 contains 1 chunk(s)
        RenderSVGInlineText {#text} at (0,-17) size 75x22
          chunk 1 text run 1 at (1300.00,2920.00) startOffset 0 endOffset 11 width 75.00: "just a text"
      RenderSVGText {text} at (1400,2920) size 75x22 contains 1 chunk(s)
        RenderSVGInlineText {#text} at (0,-17) size 75x22
          chunk 1 text run 1 at (1400.00,2920.00) startOffset 0 endOffset 11 width 75.00: "just a text"
      RenderSVGText {text} at (1500,2920) size 75x22 contains 1 chunk(s)
        RenderSVGInlineText {#text} at (0,-17) size 75x22
          chunk 1 text run 1 at (1500.00,2920.00) startOffset 0 endOffset 11 width 75.00: "just a text"
      RenderSVGText {text} at (1600,2920) size 75x22 contains 1 chunk(s)
        RenderSVGInlineText {#text} at (0,-17) size 75x22
          chunk 1 text run 1 at (1600.00,2920.00) startOffset 0 endOffset 11 width 75.00: "just a text"
      RenderSVGText {text} at (1700,2920) size 75x22 contains 1 chunk(s)
        RenderSVGInlineText {#text} at (0,-17) size 75x22
          chunk 1 text run 1 at (1700.00,2920.00) startOffset 0 endOffset 11 width 75.00: "just a text"
      RenderSVGText {text} at (1800,2920) size 75x22 contains 1 chunk(s)
        RenderSVGInlineText {#text} at (0,-17) size 75x22
          chunk 1 text run 1 at (1800.00,2920.00) startOffset 0 endOffset 11 width 75.00: "just a text"
      RenderSVGText {text} at (1900,2920) size 75x22 contains 1 chunk(s)
        RenderSVGInlineText {#text} at (0,-17) size 75x22
          chunk 1 text run 1 at (1900.00,2920.00) startOffset 0 endOffset 11 width 75.00: "just a text"
      RenderSVGText {text} at (2000,2920) size 75x22 contains 1 chunk(s)
        RenderSVGInlineText {#text} at (0,-17) size 75x22
          chunk 1 text run 1 at (2000.00,2920.00) startOffset 0 endOffset 11 width 75.00: "just a text"
      RenderSVGText {text} at (2100,2920) size 75x22 contains 1 chunk(s)
        RenderSVGInlineText {#text} at (0,-17) size 75x22
          chunk 1 text run 1 at (2100.00,2920.00) startOffset 0 endOffset 11 width 75.00: "just a text"
      RenderSVGText {text} at (2200,2920) size 75x22 contains 1 chunk(s)
        RenderSVGInlineText {#text} at (0,-17) size 75x22
          chunk 1 text run 1 at (2200.00,2920.00) startOffset 0 endOffset 11 width 75.00: "just a text"
      RenderSVGText {text} at (2300,2920) size 75x22 contains 1 chunk(s)
        RenderSVGInlineText {#text} at (0,-17) size 75x22
          chunk 1 text run 1 at (2300.00,2920.00) startOffset 0 endOffset 11 width 75.00: "just a text"
      RenderSVGText {text} at (2400,2920) size 75x22 contains 1 chunk(s)
        RenderSVGInlineText {#text} at (0,-17) size 75x22
          chunk 1 text run 1 at (2400.00,2920.00) startOffset 0 endOffset 11 width 75.00: "just a text"
      RenderSVGText {text} at (2500,2920) size 75x22 contains 1 chunk(s)
        RenderSVGInlineText {#text} at (0,-17) size 75x22
          chunk 1 text run 1 at (2500.00,2920.00) startOffset 0 endOffset 11 width 75.00: "just a text"
      RenderSVGText {text} at (2600,2920) size 75x22 contains 1 chunk(s)
        RenderSVGInlineText {#text} at (0,-17) size 75x22
          chunk 1 text run 1 at (2600.00,2920.00) startOffset 0 endOffset 11 width 75.00: "just a text"
      RenderSVGText {text} at (2700,2920) size 75x22 contains 1 chunk(s)
        RenderSVGInlineText {#text} at (0,-17) size 75x22
          chunk 1 text run 1 at (2700.00,2920.00) startOffset 0 endOffset 11 width 75.00: "just a text"
      RenderSVGText {text} at (2800,2920) size 75x22 contains 1 chunk(s)
        RenderSVGInlineText {#text} at (0,-17) size 75x22
          chunk 1 text run 1 at (2800.00,2920.00) startOffset 0 endOffset 11 width 75.00: "just a text"
      RenderSVGText {text} at (2900,2920) size 75x22 contains 1 chunk(s)
        RenderSVGInlineText {#text} at (0,-17) size 75x22
          chunk 1 text run 1 at (2900.00,2920.00) startOffset 0 endOffset 11 width 75.00: "just a text"
      RenderSVGText {text} at (3000,2920) size 75x22 contains 1 chunk(s)
        RenderSVGInlineText {#text} at (0,-17) size 75x22
          chunk 1 text run 1 at (3000.00,2920.00) startOffset 0 endOffset 11 width 75.00: "just a text"
      RenderSVGText {text} at (3100,2920) size 75x22 contains 1 chunk(s)
        RenderSVGInlineText {#text} at (0,-17) size 75x22
          chunk 1 text run 1 at (3100.00,2920.00) startOffset 0 endOffset 11 width 75.00: "just a text"
      RenderSVGText {text} at (3200,2920) size 75x22 contains 1 chunk(s)
        RenderSVGInlineText {#text} at (0,-17) size 75x22
          chunk 1 text run 1 at (3200.00,2920.00) startOffset 0 endOffset 11 width 75.00: "just a text"
      RenderSVGText {text} at (3300,2920) size 75x22 contains 1 chunk(s)
        RenderSVGInlineText {#text} at (0,-17) size 75x22
          chunk 1 text run 1 at (3300.00,2920.00) startOffset 0 endOffset 11 width 75.00: "just a text"
      RenderSVGText {text} at (3400,2920) size 75x22 contains 1 chunk(s)
        RenderSVGInlineText {#text} at (0,-17) size 75x22
          chunk 1 text run 1 at (3400.00,2920.00) startOffset 0 endOffset 11 width 75.00: "just a text"
      RenderSVGText {text} at (3500,2920) size 75x22 contains 1 chunk(s)
        RenderSVGInlineText {#text} at (0,-17) size 75x22
          chunk 1 text run 1 at (3500.00,2920.00) startOffset 0 endOffset 11 width 75.00: "just a text"
      RenderSVGText {text} at (3600,2920) size 75x22 contains 1 chunk(s)
        RenderSVGInlineText {#text} at (0,-17) size 75x22
          chunk 1 text run 1 at (3600.00,2920.00) startOffset 0 endOffset 11 width 75.00: "just a text"
      RenderSVGText {text} at (3700,2920) size 75x22 contains 1 chunk(s)
        RenderSVGInlineText {#text} at (0,-17) size 75x22
          chunk 1 text run 1 at (3700.00,2920.00) startOffset 0 endOffset 11 width 75.00: "just a text"
      RenderSVGText {text} at (3800,2920) size 75x22 contains 1 chunk(s)
        RenderSVGInlineText {#text} at (0,-17) size 75x22
          chunk 1 text run 1 at (3800.00,2920.00) startOffset 0 endOffset 11 width 75.00: "just a text"
      RenderSVGText {text} at (3900,2920) size 75x22 contains 1 chunk(s)
        RenderSVGInlineText {#text} at (0,-17) size 75x22
          chunk 1 text run 1 at (3900.00,2920.00) startOffset 0 endOffset 11 width 75.00: "just a text"
      RenderSVGText {text} at (4000,2920) size 75x22 contains 1 chunk(s)
        RenderSVGInlineText {#text} at (0,-17) size 75x22
          chunk 1 text run 1 at (4000.00,2920.00) startOffset 0 endOffset 11 width 75.00: "just a text"
      RenderSVGText {text} at (4100,2920) size 75x22 contains 1 chunk(s)
        RenderSVGInlineText {#text} at (0,-17) size 75x22
          chunk 1 text run 1 at (4100.00,2920.00) startOffset 0 endOffset 11 width 75.00: "just a text"
      RenderSVGText {text} at (4200,2920) size 75x22 contains 1 chunk(s)
        RenderSVGInlineText {#text} at (0,-17) size 75x22
          chunk 1 text run 1 at (4200.00,2920.00) startOffset 0 endOffset 11 width 75.00: "just a text"
      RenderSVGText {text} at (4300,2920) size 75x22 contains 1 chunk(s)
        RenderSVGInlineText {#text} at (0,-17) size 75x22
          chunk 1 text run 1 at (4300.00,2920.00) startOffset 0 endOffset 11 width 75.00: "just a text"
      RenderSVGText {text} at (4400,2920) size 75x22 contains 1 chunk(s)
        RenderSVGInlineText {#text} at (0,-17) size 75x22
          chunk 1 text run 1 at (4400.00,2920.00) startOffset 0 endOffset 11 width 75.00: "just a text"
      RenderSVGText {text} at (4500,2920) size 75x22 contains 1 chunk(s)
        RenderSVGInlineText {#text} at (0,-17) size 75x22
          chunk 1 text run 1 at (4500.00,2920.00) startOffset 0 endOffset 11 width 75.00: "just a text"
      RenderSVGText {text} at (4600,2920) size 75x22 contains 1 chunk(s)
        RenderSVGInlineText {#text} at (0,-17) size 75x22
          chunk 1 text run 1 at (4600.00,2920.00) startOffset 0 endOffset 11 width 75.00: "just a text"
      RenderSVGText {text} at (4700,2920) size 75x22 contains 1 chunk(s)
        RenderSVGInlineText {#text} at (0,-17) size 75x22
          chunk 1 text run 1 at (4700.00,2920.00) startOffset 0 endOffset 11 width 75.00: "just a text"
      RenderSVGText {text} at (4800,2920) size 75x22 contains 1 chunk(s)
        RenderSVGInlineText {#text} at (0,-17) size 75x22
          chunk 1 text run 1 at (4800.00,2920.00) startOffset 0 endOffset 11 width 75.00: "just a text"
      RenderSVGText {text} at (4900,2920) size 75x22 contains 1 chunk(s)
        RenderSVGInlineText {#text} at (0,-17) size 75x22
          chunk 1 text run 1 at (4900.00,2920.00) startOffset 0 endOffset 11 width 75.00: "just a text"
      RenderSVGText {text} at (0,3020) size 75x22 contains 1 chunk(s)
        RenderSVGInlineText {#text} at (0,-17) size 75x22
          chunk 1 text run 1 at (0.00,3020.00) startOffset 0 endOffset 11 width 75.00: "just a text"
      RenderSVGText {text} at (100,3020) size 75x22 contains 1 chunk(s)
        RenderSVGInlineText {#text} at (0,-17) size 75x22
          chunk 1 text run 1 at (100.00,3020.00) startOffset 0 endOffset 11 width 75.00: "just a text"
      RenderSVGText {text} at (200,3020) size 75x22 contains 1 chunk(s)
        RenderSVGInlineText {#text} at (0,-17) size 75x22
          chunk 1 text run 1 at (200.00,3020.00) startOffset 0 endOffset 11 width 75.00: "just a text"
      RenderSVGText {text} at (300,3020) size 75x22 contains 1 chunk(s)
        RenderSVGInlineText {#text} at (0,-17) size 75x22
          chunk 1 text run 1 at (300.00,3020.00) startOffset 0 endOffset 11 width 75.00: "just a text"
      RenderSVGText {text} at (400,3020) size 75x22 contains 1 chunk(s)
        RenderSVGInlineText {#text} at (0,-17) size 75x22
          chunk 1 text run 1 at (400.00,3020.00) startOffset 0 endOffset 11 width 75.00: "just a text"
      RenderSVGText {text} at (500,3020) size 75x22 contains 1 chunk(s)
        RenderSVGInlineText {#text} at (0,-17) size 75x22
          chunk 1 text run 1 at (500.00,3020.00) startOffset 0 endOffset 11 width 75.00: "just a text"
      RenderSVGText {text} at (600,3020) size 75x22 contains 1 chunk(s)
        RenderSVGInlineText {#text} at (0,-17) size 75x22
          chunk 1 text run 1 at (600.00,3020.00) startOffset 0 endOffset 11 width 75.00: "just a text"
      RenderSVGText {text} at (700,3020) size 75x22 contains 1 chunk(s)
        RenderSVGInlineText {#text} at (0,-17) size 75x22
          chunk 1 text run 1 at (700.00,3020.00) startOffset 0 endOffset 11 width 75.00: "just a text"
      RenderSVGText {text} at (800,3020) size 75x22 contains 1 chunk(s)
        RenderSVGInlineText {#text} at (0,-17) size 75x22
          chunk 1 text run 1 at (800.00,3020.00) startOffset 0 endOffset 11 width 75.00: "just a text"
      RenderSVGText {text} at (900,3020) size 75x22 contains 1 chunk(s)
        RenderSVGInlineText {#text} at (0,-17) size 75x22
          chunk 1 text run 1 at (900.00,3020.00) startOffset 0 endOffset 11 width 75.00: "just a text"
      RenderSVGText {text} at (1000,3020) size 75x22 contains 1 chunk(s)
        RenderSVGInlineText {#text} at (0,-17) size 75x22
          chunk 1 text run 1 at (1000.00,3020.00) startOffset 0 endOffset 11 width 75.00: "just a text"
      RenderSVGText {text} at (1100,3020) size 75x22 contains 1 chunk(s)
        RenderSVGInlineText {#text} at (0,-17) size 75x22
          chunk 1 text run 1 at (1100.00,3020.00) startOffset 0 endOffset 11 width 75.00: "just a text"
      RenderSVGText {text} at (1200,3020) size 75x22 contains 1 chunk(s)
        RenderSVGInlineText {#text} at (0,-17) size 75x22
          chunk 1 text run 1 at (1200.00,3020.00) startOffset 0 endOffset 11 width 75.00: "just a text"
      RenderSVGText {text} at (1300,3020) size 75x22 contains 1 chunk(s)
        RenderSVGInlineText {#text} at (0,-17) size 75x22
          chunk 1 text run 1 at (1300.00,3020.00) startOffset 0 endOffset 11 width 75.00: "just a text"
      RenderSVGText {text} at (1400,3020) size 75x22 contains 1 chunk(s)
        RenderSVGInlineText {#text} at (0,-17) size 75x22
          chunk 1 text run 1 at (1400.00,3020.00) startOffset 0 endOffset 11 width 75.00: "just a text"
      RenderSVGText {text} at (1500,3020) size 75x22 contains 1 chunk(s)
        RenderSVGInlineText {#text} at (0,-17) size 75x22
          chunk 1 text run 1 at (1500.00,3020.00) startOffset 0 endOffset 11 width 75.00: "just a text"
      RenderSVGText {text} at (1600,3020) size 75x22 contains 1 chunk(s)
        RenderSVGInlineText {#text} at (0,-17) size 75x22
          chunk 1 text run 1 at (1600.00,3020.00) startOffset 0 endOffset 11 width 75.00: "just a text"
      RenderSVGText {text} at (1700,3020) size 75x22 contains 1 chunk(s)
        RenderSVGInlineText {#text} at (0,-17) size 75x22
          chunk 1 text run 1 at (1700.00,3020.00) startOffset 0 endOffset 11 width 75.00: "just a text"
      RenderSVGText {text} at (1800,3020) size 75x22 contains 1 chunk(s)
        RenderSVGInlineText {#text} at (0,-17) size 75x22
          chunk 1 text run 1 at (1800.00,3020.00) startOffset 0 endOffset 11 width 75.00: "just a text"
      RenderSVGText {text} at (1900,3020) size 75x22 contains 1 chunk(s)
        RenderSVGInlineText {#text} at (0,-17) size 75x22
          chunk 1 text run 1 at (1900.00,3020.00) startOffset 0 endOffset 11 width 75.00: "just a text"
      RenderSVGText {text} at (2000,3020) size 75x22 contains 1 chunk(s)
        RenderSVGInlineText {#text} at (0,-17) size 75x22
          chunk 1 text run 1 at (2000.00,3020.00) startOffset 0 endOffset 11 width 75.00: "just a text"
      RenderSVGText {text} at (2100,3020) size 75x22 contains 1 chunk(s)
        RenderSVGInlineText {#text} at (0,-17) size 75x22
          chunk 1 text run 1 at (2100.00,3020.00) startOffset 0 endOffset 11 width 75.00: "just a text"
      RenderSVGText {text} at (2200,3020) size 75x22 contains 1 chunk(s)
        RenderSVGInlineText {#text} at (0,-17) size 75x22
          chunk 1 text run 1 at (2200.00,3020.00) startOffset 0 endOffset 11 width 75.00: "just a text"
      RenderSVGText {text} at (2300,3020) size 75x22 contains 1 chunk(s)
        RenderSVGInlineText {#text} at (0,-17) size 75x22
          chunk 1 text run 1 at (2300.00,3020.00) startOffset 0 endOffset 11 width 75.00: "just a text"
      RenderSVGText {text} at (2400,3020) size 75x22 contains 1 chunk(s)
        RenderSVGInlineText {#text} at (0,-17) size 75x22
          chunk 1 text run 1 at (2400.00,3020.00) startOffset 0 endOffset 11 width 75.00: "just a text"
      RenderSVGText {text} at (2500,3020) size 75x22 contains 1 chunk(s)
        RenderSVGInlineText {#text} at (0,-17) size 75x22
          chunk 1 text run 1 at (2500.00,3020.00) startOffset 0 endOffset 11 width 75.00: "just a text"
      RenderSVGText {text} at (2600,3020) size 75x22 contains 1 chunk(s)
        RenderSVGInlineText {#text} at (0,-17) size 75x22
          chunk 1 text run 1 at (2600.00,3020.00) startOffset 0 endOffset 11 width 75.00: "just a text"
      RenderSVGText {text} at (2700,3020) size 75x22 contains 1 chunk(s)
        RenderSVGInlineText {#text} at (0,-17) size 75x22
          chunk 1 text run 1 at (2700.00,3020.00) startOffset 0 endOffset 11 width 75.00: "just a text"
      RenderSVGText {text} at (2800,3020) size 75x22 contains 1 chunk(s)
        RenderSVGInlineText {#text} at (0,-17) size 75x22
          chunk 1 text run 1 at (2800.00,3020.00) startOffset 0 endOffset 11 width 75.00: "just a text"
      RenderSVGText {text} at (2900,3020) size 75x22 contains 1 chunk(s)
        RenderSVGInlineText {#text} at (0,-17) size 75x22
          chunk 1 text run 1 at (2900.00,3020.00) startOffset 0 endOffset 11 width 75.00: "just a text"
      RenderSVGText {text} at (3000,3020) size 75x22 contains 1 chunk(s)
        RenderSVGInlineText {#text} at (0,-17) size 75x22
          chunk 1 text run 1 at (3000.00,3020.00) startOffset 0 endOffset 11 width 75.00: "just a text"
      RenderSVGText {text} at (3100,3020) size 75x22 contains 1 chunk(s)
        RenderSVGInlineText {#text} at (0,-17) size 75x22
          chunk 1 text run 1 at (3100.00,3020.00) startOffset 0 endOffset 11 width 75.00: "just a text"
      RenderSVGText {text} at (3200,3020) size 75x22 contains 1 chunk(s)
        RenderSVGInlineText {#text} at (0,-17) size 75x22
          chunk 1 text run 1 at (3200.00,3020.00) startOffset 0 endOffset 11 width 75.00: "just a text"
      RenderSVGText {text} at (3300,3020) size 75x22 contains 1 chunk(s)
        RenderSVGInlineText {#text} at (0,-17) size 75x22
          chunk 1 text run 1 at (3300.00,3020.00) startOffset 0 endOffset 11 width 75.00: "just a text"
      RenderSVGText {text} at (3400,3020) size 75x22 contains 1 chunk(s)
        RenderSVGInlineText {#text} at (0,-17) size 75x22
          chunk 1 text run 1 at (3400.00,3020.00) startOffset 0 endOffset 11 width 75.00: "just a text"
      RenderSVGText {text} at (3500,3020) size 75x22 contains 1 chunk(s)
        RenderSVGInlineText {#text} at (0,-17) size 75x22
          chunk 1 text run 1 at (3500.00,3020.00) startOffset 0 endOffset 11 width 75.00: "just a text"
      RenderSVGText {text} at (3600,3020) size 75x22 contains 1 chunk(s)
        RenderSVGInlineText {#text} at (0,-17) size 75x22
          chunk 1 text run 1 at (3600.00,3020.00) startOffset 0 endOffset 11 width 75.00: "just a text"
      RenderSVGText {text} at (3700,3020) size 75x22 contains 1 chunk(s)
        RenderSVGInlineText {#text} at (0,-17) size 75x22
          chunk 1 text run 1 at (3700.00,3020.00) startOffset 0 endOffset 11 width 75.00: "just a text"
      RenderSVGText {text} at (3800,3020) size 75x22 contains 1 chunk(s)
        RenderSVGInlineText {#text} at (0,-17) size 75x22
          chunk 1 text run 1 at (3800.00,3020.00) startOffset 0 endOffset 11 width 75.00: "just a text"
      RenderSVGText {text} at (3900,3020) size 75x22 contains 1 chunk(s)
        RenderSVGInlineText {#text} at (0,-17) size 75x22
          chunk 1 text run 1 at (3900.00,3020.00) startOffset 0 endOffset 11 width 75.00: "just a text"
      RenderSVGText {text} at (4000,3020) size 75x22 contains 1 chunk(s)
        RenderSVGInlineText {#text} at (0,-17) size 75x22
          chunk 1 text run 1 at (4000.00,3020.00) startOffset 0 endOffset 11 width 75.00: "just a text"
      RenderSVGText {text} at (4100,3020) size 75x22 contains 1 chunk(s)
        RenderSVGInlineText {#text} at (0,-17) size 75x22
          chunk 1 text run 1 at (4100.00,3020.00) startOffset 0 endOffset 11 width 75.00: "just a text"
      RenderSVGText {text} at (4200,3020) size 75x22 contains 1 chunk(s)
        RenderSVGInlineText {#text} at (0,-17) size 75x22
          chunk 1 text run 1 at (4200.00,3020.00) startOffset 0 endOffset 11 width 75.00: "just a text"
      RenderSVGText {text} at (4300,3020) size 75x22 contains 1 chunk(s)
        RenderSVGInlineText {#text} at (0,-17) size 75x22
          chunk 1 text run 1 at (4300.00,3020.00) startOffset 0 endOffset 11 width 75.00: "just a text"
      RenderSVGText {text} at (4400,3020) size 75x22 contains 1 chunk(s)
        RenderSVGInlineText {#text} at (0,-17) size 75x22
          chunk 1 text run 1 at (4400.00,3020.00) startOffset 0 endOffset 11 width 75.00: "just a text"
      RenderSVGText {text} at (4500,3020) size 75x22 contains 1 chunk(s)
        RenderSVGInlineText {#text} at (0,-17) size 75x22
          chunk 1 text run 1 at (4500.00,3020.00) startOffset 0 endOffset 11 width 75.00: "just a text"
      RenderSVGText {text} at (4600,3020) size 75x22 contains 1 chunk(s)
        RenderSVGInlineText {#text} at (0,-17) size 75x22
          chunk 1 text run 1 at (4600.00,3020.00) startOffset 0 endOffset 11 width 75.00: "just a text"
      RenderSVGText {text} at (4700,3020) size 75x22 contains 1 chunk(s)
        RenderSVGInlineText {#text} at (0,-17) size 75x22
          chunk 1 text run 1 at (4700.00,3020.00) startOffset 0 endOffset 11 width 75.00: "just a text"
      RenderSVGText {text} at (4800,3020) size 75x22 contains 1 chunk(s)
        RenderSVGInlineText {#text} at (0,-17) size 75x22
          chunk 1 text run 1 at (4800.00,3020.00) startOffset 0 endOffset 11 width 75.00: "just a text"
      RenderSVGText {text} at (4900,3020) size 75x22 contains 1 chunk(s)
        RenderSVGInlineText {#text} at (0,-17) size 75x22
          chunk 1 text run 1 at (4900.00,3020.00) startOffset 0 endOffset 11 width 75.00: "just a text"
      RenderSVGText {text} at (0,3120) size 75x22 contains 1 chunk(s)
        RenderSVGInlineText {#text} at (0,-17) size 75x22
          chunk 1 text run 1 at (0.00,3120.00) startOffset 0 endOffset 11 width 75.00: "just a text"
      RenderSVGText {text} at (100,3120) size 75x22 contains 1 chunk(s)
        RenderSVGInlineText {#text} at (0,-17) size 75x22
          chunk 1 text run 1 at (100.00,3120.00) startOffset 0 endOffset 11 width 75.00: "just a text"
      RenderSVGText {text} at (200,3120) size 75x22 contains 1 chunk(s)
        RenderSVGInlineText {#text} at (0,-17) size 75x22
          chunk 1 text run 1 at (200.00,3120.00) startOffset 0 endOffset 11 width 75.00: "just a text"
      RenderSVGText {text} at (300,3120) size 75x22 contains 1 chunk(s)
        RenderSVGInlineText {#text} at (0,-17) size 75x22
          chunk 1 text run 1 at (300.00,3120.00) startOffset 0 endOffset 11 width 75.00: "just a text"
      RenderSVGText {text} at (400,3120) size 75x22 contains 1 chunk(s)
        RenderSVGInlineText {#text} at (0,-17) size 75x22
          chunk 1 text run 1 at (400.00,3120.00) startOffset 0 endOffset 11 width 75.00: "just a text"
      RenderSVGText {text} at (500,3120) size 75x22 contains 1 chunk(s)
        RenderSVGInlineText {#text} at (0,-17) size 75x22
          chunk 1 text run 1 at (500.00,3120.00) startOffset 0 endOffset 11 width 75.00: "just a text"
      RenderSVGText {text} at (600,3120) size 75x22 contains 1 chunk(s)
        RenderSVGInlineText {#text} at (0,-17) size 75x22
          chunk 1 text run 1 at (600.00,3120.00) startOffset 0 endOffset 11 width 75.00: "just a text"
      RenderSVGText {text} at (700,3120) size 75x22 contains 1 chunk(s)
        RenderSVGInlineText {#text} at (0,-17) size 75x22
          chunk 1 text run 1 at (700.00,3120.00) startOffset 0 endOffset 11 width 75.00: "just a text"
      RenderSVGText {text} at (800,3120) size 75x22 contains 1 chunk(s)
        RenderSVGInlineText {#text} at (0,-17) size 75x22
          chunk 1 text run 1 at (800.00,3120.00) startOffset 0 endOffset 11 width 75.00: "just a text"
      RenderSVGText {text} at (900,3120) size 75x22 contains 1 chunk(s)
        RenderSVGInlineText {#text} at (0,-17) size 75x22
          chunk 1 text run 1 at (900.00,3120.00) startOffset 0 endOffset 11 width 75.00: "just a text"
      RenderSVGText {text} at (1000,3120) size 75x22 contains 1 chunk(s)
        RenderSVGInlineText {#text} at (0,-17) size 75x22
          chunk 1 text run 1 at (1000.00,3120.00) startOffset 0 endOffset 11 width 75.00: "just a text"
      RenderSVGText {text} at (1100,3120) size 75x22 contains 1 chunk(s)
        RenderSVGInlineText {#text} at (0,-17) size 75x22
          chunk 1 text run 1 at (1100.00,3120.00) startOffset 0 endOffset 11 width 75.00: "just a text"
      RenderSVGText {text} at (1200,3120) size 75x22 contains 1 chunk(s)
        RenderSVGInlineText {#text} at (0,-17) size 75x22
          chunk 1 text run 1 at (1200.00,3120.00) startOffset 0 endOffset 11 width 75.00: "just a text"
      RenderSVGText {text} at (1300,3120) size 75x22 contains 1 chunk(s)
        RenderSVGInlineText {#text} at (0,-17) size 75x22
          chunk 1 text run 1 at (1300.00,3120.00) startOffset 0 endOffset 11 width 75.00: "just a text"
      RenderSVGText {text} at (1400,3120) size 75x22 contains 1 chunk(s)
        RenderSVGInlineText {#text} at (0,-17) size 75x22
          chunk 1 text run 1 at (1400.00,3120.00) startOffset 0 endOffset 11 width 75.00: "just a text"
      RenderSVGText {text} at (1500,3120) size 75x22 contains 1 chunk(s)
        RenderSVGInlineText {#text} at (0,-17) size 75x22
          chunk 1 text run 1 at (1500.00,3120.00) startOffset 0 endOffset 11 width 75.00: "just a text"
      RenderSVGText {text} at (1600,3120) size 75x22 contains 1 chunk(s)
        RenderSVGInlineText {#text} at (0,-17) size 75x22
          chunk 1 text run 1 at (1600.00,3120.00) startOffset 0 endOffset 11 width 75.00: "just a text"
      RenderSVGText {text} at (1700,3120) size 75x22 contains 1 chunk(s)
        RenderSVGInlineText {#text} at (0,-17) size 75x22
          chunk 1 text run 1 at (1700.00,3120.00) startOffset 0 endOffset 11 width 75.00: "just a text"
      RenderSVGText {text} at (1800,3120) size 75x22 contains 1 chunk(s)
        RenderSVGInlineText {#text} at (0,-17) size 75x22
          chunk 1 text run 1 at (1800.00,3120.00) startOffset 0 endOffset 11 width 75.00: "just a text"
      RenderSVGText {text} at (1900,3120) size 75x22 contains 1 chunk(s)
        RenderSVGInlineText {#text} at (0,-17) size 75x22
          chunk 1 text run 1 at (1900.00,3120.00) startOffset 0 endOffset 11 width 75.00: "just a text"
      RenderSVGText {text} at (2000,3120) size 75x22 contains 1 chunk(s)
        RenderSVGInlineText {#text} at (0,-17) size 75x22
          chunk 1 text run 1 at (2000.00,3120.00) startOffset 0 endOffset 11 width 75.00: "just a text"
      RenderSVGText {text} at (2100,3120) size 75x22 contains 1 chunk(s)
        RenderSVGInlineText {#text} at (0,-17) size 75x22
          chunk 1 text run 1 at (2100.00,3120.00) startOffset 0 endOffset 11 width 75.00: "just a text"
      RenderSVGText {text} at (2200,3120) size 75x22 contains 1 chunk(s)
        RenderSVGInlineText {#text} at (0,-17) size 75x22
          chunk 1 text run 1 at (2200.00,3120.00) startOffset 0 endOffset 11 width 75.00: "just a text"
      RenderSVGText {text} at (2300,3120) size 75x22 contains 1 chunk(s)
        RenderSVGInlineText {#text} at (0,-17) size 75x22
          chunk 1 text run 1 at (2300.00,3120.00) startOffset 0 endOffset 11 width 75.00: "just a text"
      RenderSVGText {text} at (2400,3120) size 75x22 contains 1 chunk(s)
        RenderSVGInlineText {#text} at (0,-17) size 75x22
          chunk 1 text run 1 at (2400.00,3120.00) startOffset 0 endOffset 11 width 75.00: "just a text"
      RenderSVGText {text} at (2500,3120) size 75x22 contains 1 chunk(s)
        RenderSVGInlineText {#text} at (0,-17) size 75x22
          chunk 1 text run 1 at (2500.00,3120.00) startOffset 0 endOffset 11 width 75.00: "just a text"
      RenderSVGText {text} at (2600,3120) size 75x22 contains 1 chunk(s)
        RenderSVGInlineText {#text} at (0,-17) size 75x22
          chunk 1 text run 1 at (2600.00,3120.00) startOffset 0 endOffset 11 width 75.00: "just a text"
      RenderSVGText {text} at (2700,3120) size 75x22 contains 1 chunk(s)
        RenderSVGInlineText {#text} at (0,-17) size 75x22
          chunk 1 text run 1 at (2700.00,3120.00) startOffset 0 endOffset 11 width 75.00: "just a text"
      RenderSVGText {text} at (2800,3120) size 75x22 contains 1 chunk(s)
        RenderSVGInlineText {#text} at (0,-17) size 75x22
          chunk 1 text run 1 at (2800.00,3120.00) startOffset 0 endOffset 11 width 75.00: "just a text"
      RenderSVGText {text} at (2900,3120) size 75x22 contains 1 chunk(s)
        RenderSVGInlineText {#text} at (0,-17) size 75x22
          chunk 1 text run 1 at (2900.00,3120.00) startOffset 0 endOffset 11 width 75.00: "just a text"
      RenderSVGText {text} at (3000,3120) size 75x22 contains 1 chunk(s)
        RenderSVGInlineText {#text} at (0,-17) size 75x22
          chunk 1 text run 1 at (3000.00,3120.00) startOffset 0 endOffset 11 width 75.00: "just a text"
      RenderSVGText {text} at (3100,3120) size 75x22 contains 1 chunk(s)
        RenderSVGInlineText {#text} at (0,-17) size 75x22
          chunk 1 text run 1 at (3100.00,3120.00) startOffset 0 endOffset 11 width 75.00: "just a text"
      RenderSVGText {text} at (3200,3120) size 75x22 contains 1 chunk(s)
        RenderSVGInlineText {#text} at (0,-17) size 75x22
          chunk 1 text run 1 at (3200.00,3120.00) startOffset 0 endOffset 11 width 75.00: "just a text"
      RenderSVGText {text} at (3300,3120) size 75x22 contains 1 chunk(s)
        RenderSVGInlineText {#text} at (0,-17) size 75x22
          chunk 1 text run 1 at (3300.00,3120.00) startOffset 0 endOffset 11 width 75.00: "just a text"
      RenderSVGText {text} at (3400,3120) size 75x22 contains 1 chunk(s)
        RenderSVGInlineText {#text} at (0,-17) size 75x22
          chunk 1 text run 1 at (3400.00,3120.00) startOffset 0 endOffset 11 width 75.00: "just a text"
      RenderSVGText {text} at (3500,3120) size 75x22 contains 1 chunk(s)
        RenderSVGInlineText {#text} at (0,-17) size 75x22
          chunk 1 text run 1 at (3500.00,3120.00) startOffset 0 endOffset 11 width 75.00: "just a text"
      RenderSVGText {text} at (3600,3120) size 75x22 contains 1 chunk(s)
        RenderSVGInlineText {#text} at (0,-17) size 75x22
          chunk 1 text run 1 at (3600.00,3120.00) startOffset 0 endOffset 11 width 75.00: "just a text"
      RenderSVGText {text} at (3700,3120) size 75x22 contains 1 chunk(s)
        RenderSVGInlineText {#text} at (0,-17) size 75x22
          chunk 1 text run 1 at (3700.00,3120.00) startOffset 0 endOffset 11 width 75.00: "just a text"
      RenderSVGText {text} at (3800,3120) size 75x22 contains 1 chunk(s)
        RenderSVGInlineText {#text} at (0,-17) size 75x22
          chunk 1 text run 1 at (3800.00,3120.00) startOffset 0 endOffset 11 width 75.00: "just a text"
      RenderSVGText {text} at (3900,3120) size 75x22 contains 1 chunk(s)
        RenderSVGInlineText {#text} at (0,-17) size 75x22
          chunk 1 text run 1 at (3900.00,3120.00) startOffset 0 endOffset 11 width 75.00: "just a text"
      RenderSVGText {text} at (4000,3120) size 75x22 contains 1 chunk(s)
        RenderSVGInlineText {#text} at (0,-17) size 75x22
          chunk 1 text run 1 at (4000.00,3120.00) startOffset 0 endOffset 11 width 75.00: "just a text"
      RenderSVGText {text} at (4100,3120) size 75x22 contains 1 chunk(s)
        RenderSVGInlineText {#text} at (0,-17) size 75x22
          chunk 1 text run 1 at (4100.00,3120.00) startOffset 0 endOffset 11 width 75.00: "just a text"
      RenderSVGText {text} at (4200,3120) size 75x22 contains 1 chunk(s)
        RenderSVGInlineText {#text} at (0,-17) size 75x22
          chunk 1 text run 1 at (4200.00,3120.00) startOffset 0 endOffset 11 width 75.00: "just a text"
      RenderSVGText {text} at (4300,3120) size 75x22 contains 1 chunk(s)
        RenderSVGInlineText {#text} at (0,-17) size 75x22
          chunk 1 text run 1 at (4300.00,3120.00) startOffset 0 endOffset 11 width 75.00: "just a text"
      RenderSVGText {text} at (4400,3120) size 75x22 contains 1 chunk(s)
        RenderSVGInlineText {#text} at (0,-17) size 75x22
          chunk 1 text run 1 at (4400.00,3120.00) startOffset 0 endOffset 11 width 75.00: "just a text"
      RenderSVGText {text} at (4500,3120) size 75x22 contains 1 chunk(s)
        RenderSVGInlineText {#text} at (0,-17) size 75x22
          chunk 1 text run 1 at (4500.00,3120.00) startOffset 0 endOffset 11 width 75.00: "just a text"
      RenderSVGText {text} at (4600,3120) size 75x22 contains 1 chunk(s)
        RenderSVGInlineText {#text} at (0,-17) size 75x22
          chunk 1 text run 1 at (4600.00,3120.00) startOffset 0 endOffset 11 width 75.00: "just a text"
      RenderSVGText {text} at (4700,3120) size 75x22 contains 1 chunk(s)
        RenderSVGInlineText {#text} at (0,-17) size 75x22
          chunk 1 text run 1 at (4700.00,3120.00) startOffset 0 endOffset 11 width 75.00: "just a text"
      RenderSVGText {text} at (4800,3120) size 75x22 contains 1 chunk(s)
        RenderSVGInlineText {#text} at (0,-17) size 75x22
          chunk 1 text run 1 at (4800.00,3120.00) startOffset 0 endOffset 11 width 75.00: "just a text"
      RenderSVGText {text} at (4900,3120) size 75x22 contains 1 chunk(s)
        RenderSVGInlineText {#text} at (0,-17) size 75x22
          chunk 1 text run 1 at (4900.00,3120.00) startOffset 0 endOffset 11 width 75.00: "just a text"
      RenderSVGText {text} at (0,3220) size 75x22 contains 1 chunk(s)
        RenderSVGInlineText {#text} at (0,-17) size 75x22
          chunk 1 text run 1 at (0.00,3220.00) startOffset 0 endOffset 11 width 75.00: "just a text"
      RenderSVGText {text} at (100,3220) size 75x22 contains 1 chunk(s)
        RenderSVGInlineText {#text} at (0,-17) size 75x22
          chunk 1 text run 1 at (100.00,3220.00) startOffset 0 endOffset 11 width 75.00: "just a text"
      RenderSVGText {text} at (200,3220) size 75x22 contains 1 chunk(s)
        RenderSVGInlineText {#text} at (0,-17) size 75x22
          chunk 1 text run 1 at (200.00,3220.00) startOffset 0 endOffset 11 width 75.00: "just a text"
      RenderSVGText {text} at (300,3220) size 75x22 contains 1 chunk(s)
        RenderSVGInlineText {#text} at (0,-17) size 75x22
          chunk 1 text run 1 at (300.00,3220.00) startOffset 0 endOffset 11 width 75.00: "just a text"
      RenderSVGText {text} at (400,3220) size 75x22 contains 1 chunk(s)
        RenderSVGInlineText {#text} at (0,-17) size 75x22
          chunk 1 text run 1 at (400.00,3220.00) startOffset 0 endOffset 11 width 75.00: "just a text"
      RenderSVGText {text} at (500,3220) size 75x22 contains 1 chunk(s)
        RenderSVGInlineText {#text} at (0,-17) size 75x22
          chunk 1 text run 1 at (500.00,3220.00) startOffset 0 endOffset 11 width 75.00: "just a text"
      RenderSVGText {text} at (600,3220) size 75x22 contains 1 chunk(s)
        RenderSVGInlineText {#text} at (0,-17) size 75x22
          chunk 1 text run 1 at (600.00,3220.00) startOffset 0 endOffset 11 width 75.00: "just a text"
      RenderSVGText {text} at (700,3220) size 75x22 contains 1 chunk(s)
        RenderSVGInlineText {#text} at (0,-17) size 75x22
          chunk 1 text run 1 at (700.00,3220.00) startOffset 0 endOffset 11 width 75.00: "just a text"
      RenderSVGText {text} at (800,3220) size 75x22 contains 1 chunk(s)
        RenderSVGInlineText {#text} at (0,-17) size 75x22
          chunk 1 text run 1 at (800.00,3220.00) startOffset 0 endOffset 11 width 75.00: "just a text"
      RenderSVGText {text} at (900,3220) size 75x22 contains 1 chunk(s)
        RenderSVGInlineText {#text} at (0,-17) size 75x22
          chunk 1 text run 1 at (900.00,3220.00) startOffset 0 endOffset 11 width 75.00: "just a text"
      RenderSVGText {text} at (1000,3220) size 75x22 contains 1 chunk(s)
        RenderSVGInlineText {#text} at (0,-17) size 75x22
          chunk 1 text run 1 at (1000.00,3220.00) startOffset 0 endOffset 11 width 75.00: "just a text"
      RenderSVGText {text} at (1100,3220) size 75x22 contains 1 chunk(s)
        RenderSVGInlineText {#text} at (0,-17) size 75x22
          chunk 1 text run 1 at (1100.00,3220.00) startOffset 0 endOffset 11 width 75.00: "just a text"
      RenderSVGText {text} at (1200,3220) size 75x22 contains 1 chunk(s)
        RenderSVGInlineText {#text} at (0,-17) size 75x22
          chunk 1 text run 1 at (1200.00,3220.00) startOffset 0 endOffset 11 width 75.00: "just a text"
      RenderSVGText {text} at (1300,3220) size 75x22 contains 1 chunk(s)
        RenderSVGInlineText {#text} at (0,-17) size 75x22
          chunk 1 text run 1 at (1300.00,3220.00) startOffset 0 endOffset 11 width 75.00: "just a text"
      RenderSVGText {text} at (1400,3220) size 75x22 contains 1 chunk(s)
        RenderSVGInlineText {#text} at (0,-17) size 75x22
          chunk 1 text run 1 at (1400.00,3220.00) startOffset 0 endOffset 11 width 75.00: "just a text"
      RenderSVGText {text} at (1500,3220) size 75x22 contains 1 chunk(s)
        RenderSVGInlineText {#text} at (0,-17) size 75x22
          chunk 1 text run 1 at (1500.00,3220.00) startOffset 0 endOffset 11 width 75.00: "just a text"
      RenderSVGText {text} at (1600,3220) size 75x22 contains 1 chunk(s)
        RenderSVGInlineText {#text} at (0,-17) size 75x22
          chunk 1 text run 1 at (1600.00,3220.00) startOffset 0 endOffset 11 width 75.00: "just a text"
      RenderSVGText {text} at (1700,3220) size 75x22 contains 1 chunk(s)
        RenderSVGInlineText {#text} at (0,-17) size 75x22
          chunk 1 text run 1 at (1700.00,3220.00) startOffset 0 endOffset 11 width 75.00: "just a text"
      RenderSVGText {text} at (1800,3220) size 75x22 contains 1 chunk(s)
        RenderSVGInlineText {#text} at (0,-17) size 75x22
          chunk 1 text run 1 at (1800.00,3220.00) startOffset 0 endOffset 11 width 75.00: "just a text"
      RenderSVGText {text} at (1900,3220) size 75x22 contains 1 chunk(s)
        RenderSVGInlineText {#text} at (0,-17) size 75x22
          chunk 1 text run 1 at (1900.00,3220.00) startOffset 0 endOffset 11 width 75.00: "just a text"
      RenderSVGText {text} at (2000,3220) size 75x22 contains 1 chunk(s)
        RenderSVGInlineText {#text} at (0,-17) size 75x22
          chunk 1 text run 1 at (2000.00,3220.00) startOffset 0 endOffset 11 width 75.00: "just a text"
      RenderSVGText {text} at (2100,3220) size 75x22 contains 1 chunk(s)
        RenderSVGInlineText {#text} at (0,-17) size 75x22
          chunk 1 text run 1 at (2100.00,3220.00) startOffset 0 endOffset 11 width 75.00: "just a text"
      RenderSVGText {text} at (2200,3220) size 75x22 contains 1 chunk(s)
        RenderSVGInlineText {#text} at (0,-17) size 75x22
          chunk 1 text run 1 at (2200.00,3220.00) startOffset 0 endOffset 11 width 75.00: "just a text"
      RenderSVGText {text} at (2300,3220) size 75x22 contains 1 chunk(s)
        RenderSVGInlineText {#text} at (0,-17) size 75x22
          chunk 1 text run 1 at (2300.00,3220.00) startOffset 0 endOffset 11 width 75.00: "just a text"
      RenderSVGText {text} at (2400,3220) size 75x22 contains 1 chunk(s)
        RenderSVGInlineText {#text} at (0,-17) size 75x22
          chunk 1 text run 1 at (2400.00,3220.00) startOffset 0 endOffset 11 width 75.00: "just a text"
      RenderSVGText {text} at (2500,3220) size 75x22 contains 1 chunk(s)
        RenderSVGInlineText {#text} at (0,-17) size 75x22
          chunk 1 text run 1 at (2500.00,3220.00) startOffset 0 endOffset 11 width 75.00: "just a text"
      RenderSVGText {text} at (2600,3220) size 75x22 contains 1 chunk(s)
        RenderSVGInlineText {#text} at (0,-17) size 75x22
          chunk 1 text run 1 at (2600.00,3220.00) startOffset 0 endOffset 11 width 75.00: "just a text"
      RenderSVGText {text} at (2700,3220) size 75x22 contains 1 chunk(s)
        RenderSVGInlineText {#text} at (0,-17) size 75x22
          chunk 1 text run 1 at (2700.00,3220.00) startOffset 0 endOffset 11 width 75.00: "just a text"
      RenderSVGText {text} at (2800,3220) size 75x22 contains 1 chunk(s)
        RenderSVGInlineText {#text} at (0,-17) size 75x22
          chunk 1 text run 1 at (2800.00,3220.00) startOffset 0 endOffset 11 width 75.00: "just a text"
      RenderSVGText {text} at (2900,3220) size 75x22 contains 1 chunk(s)
        RenderSVGInlineText {#text} at (0,-17) size 75x22
          chunk 1 text run 1 at (2900.00,3220.00) startOffset 0 endOffset 11 width 75.00: "just a text"
      RenderSVGText {text} at (3000,3220) size 75x22 contains 1 chunk(s)
        RenderSVGInlineText {#text} at (0,-17) size 75x22
          chunk 1 text run 1 at (3000.00,3220.00) startOffset 0 endOffset 11 width 75.00: "just a text"
      RenderSVGText {text} at (3100,3220) size 75x22 contains 1 chunk(s)
        RenderSVGInlineText {#text} at (0,-17) size 75x22
          chunk 1 text run 1 at (3100.00,3220.00) startOffset 0 endOffset 11 width 75.00: "just a text"
      RenderSVGText {text} at (3200,3220) size 75x22 contains 1 chunk(s)
        RenderSVGInlineText {#text} at (0,-17) size 75x22
          chunk 1 text run 1 at (3200.00,3220.00) startOffset 0 endOffset 11 width 75.00: "just a text"
      RenderSVGText {text} at (3300,3220) size 75x22 contains 1 chunk(s)
        RenderSVGInlineText {#text} at (0,-17) size 75x22
          chunk 1 text run 1 at (3300.00,3220.00) startOffset 0 endOffset 11 width 75.00: "just a text"
      RenderSVGText {text} at (3400,3220) size 75x22 contains 1 chunk(s)
        RenderSVGInlineText {#text} at (0,-17) size 75x22
          chunk 1 text run 1 at (3400.00,3220.00) startOffset 0 endOffset 11 width 75.00: "just a text"
      RenderSVGText {text} at (3500,3220) size 75x22 contains 1 chunk(s)
        RenderSVGInlineText {#text} at (0,-17) size 75x22
          chunk 1 text run 1 at (3500.00,3220.00) startOffset 0 endOffset 11 width 75.00: "just a text"
      RenderSVGText {text} at (3600,3220) size 75x22 contains 1 chunk(s)
        RenderSVGInlineText {#text} at (0,-17) size 75x22
          chunk 1 text run 1 at (3600.00,3220.00) startOffset 0 endOffset 11 width 75.00: "just a text"
      RenderSVGText {text} at (3700,3220) size 75x22 contains 1 chunk(s)
        RenderSVGInlineText {#text} at (0,-17) size 75x22
          chunk 1 text run 1 at (3700.00,3220.00) startOffset 0 endOffset 11 width 75.00: "just a text"
      RenderSVGText {text} at (3800,3220) size 75x22 contains 1 chunk(s)
        RenderSVGInlineText {#text} at (0,-17) size 75x22
          chunk 1 text run 1 at (3800.00,3220.00) startOffset 0 endOffset 11 width 75.00: "just a text"
      RenderSVGText {text} at (3900,3220) size 75x22 contains 1 chunk(s)
        RenderSVGInlineText {#text} at (0,-17) size 75x22
          chunk 1 text run 1 at (3900.00,3220.00) startOffset 0 endOffset 11 width 75.00: "just a text"
      RenderSVGText {text} at (4000,3220) size 75x22 contains 1 chunk(s)
        RenderSVGInlineText {#text} at (0,-17) size 75x22
          chunk 1 text run 1 at (4000.00,3220.00) startOffset 0 endOffset 11 width 75.00: "just a text"
      RenderSVGText {text} at (4100,3220) size 75x22 contains 1 chunk(s)
        RenderSVGInlineText {#text} at (0,-17) size 75x22
          chunk 1 text run 1 at (4100.00,3220.00) startOffset 0 endOffset 11 width 75.00: "just a text"
      RenderSVGText {text} at (4200,3220) size 75x22 contains 1 chunk(s)
        RenderSVGInlineText {#text} at (0,-17) size 75x22
          chunk 1 text run 1 at (4200.00,3220.00) startOffset 0 endOffset 11 width 75.00: "just a text"
      RenderSVGText {text} at (4300,3220) size 75x22 contains 1 chunk(s)
        RenderSVGInlineText {#text} at (0,-17) size 75x22
          chunk 1 text run 1 at (4300.00,3220.00) startOffset 0 endOffset 11 width 75.00: "just a text"
      RenderSVGText {text} at (4400,3220) size 75x22 contains 1 chunk(s)
        RenderSVGInlineText {#text} at (0,-17) size 75x22
          chunk 1 text run 1 at (4400.00,3220.00) startOffset 0 endOffset 11 width 75.00: "just a text"
      RenderSVGText {text} at (4500,3220) size 75x22 contains 1 chunk(s)
        RenderSVGInlineText {#text} at (0,-17) size 75x22
          chunk 1 text run 1 at (4500.00,3220.00) startOffset 0 endOffset 11 width 75.00: "just a text"
      RenderSVGText {text} at (4600,3220) size 75x22 contains 1 chunk(s)
        RenderSVGInlineText {#text} at (0,-17) size 75x22
          chunk 1 text run 1 at (4600.00,3220.00) startOffset 0 endOffset 11 width 75.00: "just a text"
      RenderSVGText {text} at (4700,3220) size 75x22 contains 1 chunk(s)
        RenderSVGInlineText {#text} at (0,-17) size 75x22
          chunk 1 text run 1 at (4700.00,3220.00) startOffset 0 endOffset 11 width 75.00: "just a text"
      RenderSVGText {text} at (4800,3220) size 75x22 contains 1 chunk(s)
        RenderSVGInlineText {#text} at (0,-17) size 75x22
          chunk 1 text run 1 at (4800.00,3220.00) startOffset 0 endOffset 11 width 75.00: "just a text"
      RenderSVGText {text} at (4900,3220) size 75x22 contains 1 chunk(s)
        RenderSVGInlineText {#text} at (0,-17) size 75x22
          chunk 1 text run 1 at (4900.00,3220.00) startOffset 0 endOffset 11 width 75.00: "just a text"
      RenderSVGText {text} at (0,3320) size 75x22 contains 1 chunk(s)
        RenderSVGInlineText {#text} at (0,-17) size 75x22
          chunk 1 text run 1 at (0.00,3320.00) startOffset 0 endOffset 11 width 75.00: "just a text"
      RenderSVGText {text} at (100,3320) size 75x22 contains 1 chunk(s)
        RenderSVGInlineText {#text} at (0,-17) size 75x22
          chunk 1 text run 1 at (100.00,3320.00) startOffset 0 endOffset 11 width 75.00: "just a text"
      RenderSVGText {text} at (200,3320) size 75x22 contains 1 chunk(s)
        RenderSVGInlineText {#text} at (0,-17) size 75x22
          chunk 1 text run 1 at (200.00,3320.00) startOffset 0 endOffset 11 width 75.00: "just a text"
      RenderSVGText {text} at (300,3320) size 75x22 contains 1 chunk(s)
        RenderSVGInlineText {#text} at (0,-17) size 75x22
          chunk 1 text run 1 at (300.00,3320.00) startOffset 0 endOffset 11 width 75.00: "just a text"
      RenderSVGText {text} at (400,3320) size 75x22 contains 1 chunk(s)
        RenderSVGInlineText {#text} at (0,-17) size 75x22
          chunk 1 text run 1 at (400.00,3320.00) startOffset 0 endOffset 11 width 75.00: "just a text"
      RenderSVGText {text} at (500,3320) size 75x22 contains 1 chunk(s)
        RenderSVGInlineText {#text} at (0,-17) size 75x22
          chunk 1 text run 1 at (500.00,3320.00) startOffset 0 endOffset 11 width 75.00: "just a text"
      RenderSVGText {text} at (600,3320) size 75x22 contains 1 chunk(s)
        RenderSVGInlineText {#text} at (0,-17) size 75x22
          chunk 1 text run 1 at (600.00,3320.00) startOffset 0 endOffset 11 width 75.00: "just a text"
      RenderSVGText {text} at (700,3320) size 75x22 contains 1 chunk(s)
        RenderSVGInlineText {#text} at (0,-17) size 75x22
          chunk 1 text run 1 at (700.00,3320.00) startOffset 0 endOffset 11 width 75.00: "just a text"
      RenderSVGText {text} at (800,3320) size 75x22 contains 1 chunk(s)
        RenderSVGInlineText {#text} at (0,-17) size 75x22
          chunk 1 text run 1 at (800.00,3320.00) startOffset 0 endOffset 11 width 75.00: "just a text"
      RenderSVGText {text} at (900,3320) size 75x22 contains 1 chunk(s)
        RenderSVGInlineText {#text} at (0,-17) size 75x22
          chunk 1 text run 1 at (900.00,3320.00) startOffset 0 endOffset 11 width 75.00: "just a text"
      RenderSVGText {text} at (1000,3320) size 75x22 contains 1 chunk(s)
        RenderSVGInlineText {#text} at (0,-17) size 75x22
          chunk 1 text run 1 at (1000.00,3320.00) startOffset 0 endOffset 11 width 75.00: "just a text"
      RenderSVGText {text} at (1100,3320) size 75x22 contains 1 chunk(s)
        RenderSVGInlineText {#text} at (0,-17) size 75x22
          chunk 1 text run 1 at (1100.00,3320.00) startOffset 0 endOffset 11 width 75.00: "just a text"
      RenderSVGText {text} at (1200,3320) size 75x22 contains 1 chunk(s)
        RenderSVGInlineText {#text} at (0,-17) size 75x22
          chunk 1 text run 1 at (1200.00,3320.00) startOffset 0 endOffset 11 width 75.00: "just a text"
      RenderSVGText {text} at (1300,3320) size 75x22 contains 1 chunk(s)
        RenderSVGInlineText {#text} at (0,-17) size 75x22
          chunk 1 text run 1 at (1300.00,3320.00) startOffset 0 endOffset 11 width 75.00: "just a text"
      RenderSVGText {text} at (1400,3320) size 75x22 contains 1 chunk(s)
        RenderSVGInlineText {#text} at (0,-17) size 75x22
          chunk 1 text run 1 at (1400.00,3320.00) startOffset 0 endOffset 11 width 75.00: "just a text"
      RenderSVGText {text} at (1500,3320) size 75x22 contains 1 chunk(s)
        RenderSVGInlineText {#text} at (0,-17) size 75x22
          chunk 1 text run 1 at (1500.00,3320.00) startOffset 0 endOffset 11 width 75.00: "just a text"
      RenderSVGText {text} at (1600,3320) size 75x22 contains 1 chunk(s)
        RenderSVGInlineText {#text} at (0,-17) size 75x22
          chunk 1 text run 1 at (1600.00,3320.00) startOffset 0 endOffset 11 width 75.00: "just a text"
      RenderSVGText {text} at (1700,3320) size 75x22 contains 1 chunk(s)
        RenderSVGInlineText {#text} at (0,-17) size 75x22
          chunk 1 text run 1 at (1700.00,3320.00) startOffset 0 endOffset 11 width 75.00: "just a text"
      RenderSVGText {text} at (1800,3320) size 75x22 contains 1 chunk(s)
        RenderSVGInlineText {#text} at (0,-17) size 75x22
          chunk 1 text run 1 at (1800.00,3320.00) startOffset 0 endOffset 11 width 75.00: "just a text"
      RenderSVGText {text} at (1900,3320) size 75x22 contains 1 chunk(s)
        RenderSVGInlineText {#text} at (0,-17) size 75x22
          chunk 1 text run 1 at (1900.00,3320.00) startOffset 0 endOffset 11 width 75.00: "just a text"
      RenderSVGText {text} at (2000,3320) size 75x22 contains 1 chunk(s)
        RenderSVGInlineText {#text} at (0,-17) size 75x22
          chunk 1 text run 1 at (2000.00,3320.00) startOffset 0 endOffset 11 width 75.00: "just a text"
      RenderSVGText {text} at (2100,3320) size 75x22 contains 1 chunk(s)
        RenderSVGInlineText {#text} at (0,-17) size 75x22
          chunk 1 text run 1 at (2100.00,3320.00) startOffset 0 endOffset 11 width 75.00: "just a text"
      RenderSVGText {text} at (2200,3320) size 75x22 contains 1 chunk(s)
        RenderSVGInlineText {#text} at (0,-17) size 75x22
          chunk 1 text run 1 at (2200.00,3320.00) startOffset 0 endOffset 11 width 75.00: "just a text"
      RenderSVGText {text} at (2300,3320) size 75x22 contains 1 chunk(s)
        RenderSVGInlineText {#text} at (0,-17) size 75x22
          chunk 1 text run 1 at (2300.00,3320.00) startOffset 0 endOffset 11 width 75.00: "just a text"
      RenderSVGText {text} at (2400,3320) size 75x22 contains 1 chunk(s)
        RenderSVGInlineText {#text} at (0,-17) size 75x22
          chunk 1 text run 1 at (2400.00,3320.00) startOffset 0 endOffset 11 width 75.00: "just a text"
      RenderSVGText {text} at (2500,3320) size 75x22 contains 1 chunk(s)
        RenderSVGInlineText {#text} at (0,-17) size 75x22
          chunk 1 text run 1 at (2500.00,3320.00) startOffset 0 endOffset 11 width 75.00: "just a text"
      RenderSVGText {text} at (2600,3320) size 75x22 contains 1 chunk(s)
        RenderSVGInlineText {#text} at (0,-17) size 75x22
          chunk 1 text run 1 at (2600.00,3320.00) startOffset 0 endOffset 11 width 75.00: "just a text"
      RenderSVGText {text} at (2700,3320) size 75x22 contains 1 chunk(s)
        RenderSVGInlineText {#text} at (0,-17) size 75x22
          chunk 1 text run 1 at (2700.00,3320.00) startOffset 0 endOffset 11 width 75.00: "just a text"
      RenderSVGText {text} at (2800,3320) size 75x22 contains 1 chunk(s)
        RenderSVGInlineText {#text} at (0,-17) size 75x22
          chunk 1 text run 1 at (2800.00,3320.00) startOffset 0 endOffset 11 width 75.00: "just a text"
      RenderSVGText {text} at (2900,3320) size 75x22 contains 1 chunk(s)
        RenderSVGInlineText {#text} at (0,-17) size 75x22
          chunk 1 text run 1 at (2900.00,3320.00) startOffset 0 endOffset 11 width 75.00: "just a text"
      RenderSVGText {text} at (3000,3320) size 75x22 contains 1 chunk(s)
        RenderSVGInlineText {#text} at (0,-17) size 75x22
          chunk 1 text run 1 at (3000.00,3320.00) startOffset 0 endOffset 11 width 75.00: "just a text"
      RenderSVGText {text} at (3100,3320) size 75x22 contains 1 chunk(s)
        RenderSVGInlineText {#text} at (0,-17) size 75x22
          chunk 1 text run 1 at (3100.00,3320.00) startOffset 0 endOffset 11 width 75.00: "just a text"
      RenderSVGText {text} at (3200,3320) size 75x22 contains 1 chunk(s)
        RenderSVGInlineText {#text} at (0,-17) size 75x22
          chunk 1 text run 1 at (3200.00,3320.00) startOffset 0 endOffset 11 width 75.00: "just a text"
      RenderSVGText {text} at (3300,3320) size 75x22 contains 1 chunk(s)
        RenderSVGInlineText {#text} at (0,-17) size 75x22
          chunk 1 text run 1 at (3300.00,3320.00) startOffset 0 endOffset 11 width 75.00: "just a text"
      RenderSVGText {text} at (3400,3320) size 75x22 contains 1 chunk(s)
        RenderSVGInlineText {#text} at (0,-17) size 75x22
          chunk 1 text run 1 at (3400.00,3320.00) startOffset 0 endOffset 11 width 75.00: "just a text"
      RenderSVGText {text} at (3500,3320) size 75x22 contains 1 chunk(s)
        RenderSVGInlineText {#text} at (0,-17) size 75x22
          chunk 1 text run 1 at (3500.00,3320.00) startOffset 0 endOffset 11 width 75.00: "just a text"
      RenderSVGText {text} at (3600,3320) size 75x22 contains 1 chunk(s)
        RenderSVGInlineText {#text} at (0,-17) size 75x22
          chunk 1 text run 1 at (3600.00,3320.00) startOffset 0 endOffset 11 width 75.00: "just a text"
      RenderSVGText {text} at (3700,3320) size 75x22 contains 1 chunk(s)
        RenderSVGInlineText {#text} at (0,-17) size 75x22
          chunk 1 text run 1 at (3700.00,3320.00) startOffset 0 endOffset 11 width 75.00: "just a text"
      RenderSVGText {text} at (3800,3320) size 75x22 contains 1 chunk(s)
        RenderSVGInlineText {#text} at (0,-17) size 75x22
          chunk 1 text run 1 at (3800.00,3320.00) startOffset 0 endOffset 11 width 75.00: "just a text"
      RenderSVGText {text} at (3900,3320) size 75x22 contains 1 chunk(s)
        RenderSVGInlineText {#text} at (0,-17) size 75x22
          chunk 1 text run 1 at (3900.00,3320.00) startOffset 0 endOffset 11 width 75.00: "just a text"
      RenderSVGText {text} at (4000,3320) size 75x22 contains 1 chunk(s)
        RenderSVGInlineText {#text} at (0,-17) size 75x22
          chunk 1 text run 1 at (4000.00,3320.00) startOffset 0 endOffset 11 width 75.00: "just a text"
      RenderSVGText {text} at (4100,3320) size 75x22 contains 1 chunk(s)
        RenderSVGInlineText {#text} at (0,-17) size 75x22
          chunk 1 text run 1 at (4100.00,3320.00) startOffset 0 endOffset 11 width 75.00: "just a text"
      RenderSVGText {text} at (4200,3320) size 75x22 contains 1 chunk(s)
        RenderSVGInlineText {#text} at (0,-17) size 75x22
          chunk 1 text run 1 at (4200.00,3320.00) startOffset 0 endOffset 11 width 75.00: "just a text"
      RenderSVGText {text} at (4300,3320) size 75x22 contains 1 chunk(s)
        RenderSVGInlineText {#text} at (0,-17) size 75x22
          chunk 1 text run 1 at (4300.00,3320.00) startOffset 0 endOffset 11 width 75.00: "just a text"
      RenderSVGText {text} at (4400,3320) size 75x22 contains 1 chunk(s)
        RenderSVGInlineText {#text} at (0,-17) size 75x22
          chunk 1 text run 1 at (4400.00,3320.00) startOffset 0 endOffset 11 width 75.00: "just a text"
      RenderSVGText {text} at (4500,3320) size 75x22 contains 1 chunk(s)
        RenderSVGInlineText {#text} at (0,-17) size 75x22
          chunk 1 text run 1 at (4500.00,3320.00) startOffset 0 endOffset 11 width 75.00: "just a text"
      RenderSVGText {text} at (4600,3320) size 75x22 contains 1 chunk(s)
        RenderSVGInlineText {#text} at (0,-17) size 75x22
          chunk 1 text run 1 at (4600.00,3320.00) startOffset 0 endOffset 11 width 75.00: "just a text"
      RenderSVGText {text} at (4700,3320) size 75x22 contains 1 chunk(s)
        RenderSVGInlineText {#text} at (0,-17) size 75x22
          chunk 1 text run 1 at (4700.00,3320.00) startOffset 0 endOffset 11 width 75.00: "just a text"
      RenderSVGText {text} at (4800,3320) size 75x22 contains 1 chunk(s)
        RenderSVGInlineText {#text} at (0,-17) size 75x22
          chunk 1 text run 1 at (4800.00,3320.00) startOffset 0 endOffset 11 width 75.00: "just a text"
      RenderSVGText {text} at (4900,3320) size 75x22 contains 1 chunk(s)
        RenderSVGInlineText {#text} at (0,-17) size 75x22
          chunk 1 text run 1 at (4900.00,3320.00) startOffset 0 endOffset 11 width 75.00: "just a text"
      RenderSVGText {text} at (0,3420) size 75x22 contains 1 chunk(s)
        RenderSVGInlineText {#text} at (0,-17) size 75x22
          chunk 1 text run 1 at (0.00,3420.00) startOffset 0 endOffset 11 width 75.00: "just a text"
      RenderSVGText {text} at (100,3420) size 75x22 contains 1 chunk(s)
        RenderSVGInlineText {#text} at (0,-17) size 75x22
          chunk 1 text run 1 at (100.00,3420.00) startOffset 0 endOffset 11 width 75.00: "just a text"
      RenderSVGText {text} at (200,3420) size 75x22 contains 1 chunk(s)
        RenderSVGInlineText {#text} at (0,-17) size 75x22
          chunk 1 text run 1 at (200.00,3420.00) startOffset 0 endOffset 11 width 75.00: "just a text"
      RenderSVGText {text} at (300,3420) size 75x22 contains 1 chunk(s)
        RenderSVGInlineText {#text} at (0,-17) size 75x22
          chunk 1 text run 1 at (300.00,3420.00) startOffset 0 endOffset 11 width 75.00: "just a text"
      RenderSVGText {text} at (400,3420) size 75x22 contains 1 chunk(s)
        RenderSVGInlineText {#text} at (0,-17) size 75x22
          chunk 1 text run 1 at (400.00,3420.00) startOffset 0 endOffset 11 width 75.00: "just a text"
      RenderSVGText {text} at (500,3420) size 75x22 contains 1 chunk(s)
        RenderSVGInlineText {#text} at (0,-17) size 75x22
          chunk 1 text run 1 at (500.00,3420.00) startOffset 0 endOffset 11 width 75.00: "just a text"
      RenderSVGText {text} at (600,3420) size 75x22 contains 1 chunk(s)
        RenderSVGInlineText {#text} at (0,-17) size 75x22
          chunk 1 text run 1 at (600.00,3420.00) startOffset 0 endOffset 11 width 75.00: "just a text"
      RenderSVGText {text} at (700,3420) size 75x22 contains 1 chunk(s)
        RenderSVGInlineText {#text} at (0,-17) size 75x22
          chunk 1 text run 1 at (700.00,3420.00) startOffset 0 endOffset 11 width 75.00: "just a text"
      RenderSVGText {text} at (800,3420) size 75x22 contains 1 chunk(s)
        RenderSVGInlineText {#text} at (0,-17) size 75x22
          chunk 1 text run 1 at (800.00,3420.00) startOffset 0 endOffset 11 width 75.00: "just a text"
      RenderSVGText {text} at (900,3420) size 75x22 contains 1 chunk(s)
        RenderSVGInlineText {#text} at (0,-17) size 75x22
          chunk 1 text run 1 at (900.00,3420.00) startOffset 0 endOffset 11 width 75.00: "just a text"
      RenderSVGText {text} at (1000,3420) size 75x22 contains 1 chunk(s)
        RenderSVGInlineText {#text} at (0,-17) size 75x22
          chunk 1 text run 1 at (1000.00,3420.00) startOffset 0 endOffset 11 width 75.00: "just a text"
      RenderSVGText {text} at (1100,3420) size 75x22 contains 1 chunk(s)
        RenderSVGInlineText {#text} at (0,-17) size 75x22
          chunk 1 text run 1 at (1100.00,3420.00) startOffset 0 endOffset 11 width 75.00: "just a text"
      RenderSVGText {text} at (1200,3420) size 75x22 contains 1 chunk(s)
        RenderSVGInlineText {#text} at (0,-17) size 75x22
          chunk 1 text run 1 at (1200.00,3420.00) startOffset 0 endOffset 11 width 75.00: "just a text"
      RenderSVGText {text} at (1300,3420) size 75x22 contains 1 chunk(s)
        RenderSVGInlineText {#text} at (0,-17) size 75x22
          chunk 1 text run 1 at (1300.00,3420.00) startOffset 0 endOffset 11 width 75.00: "just a text"
      RenderSVGText {text} at (1400,3420) size 75x22 contains 1 chunk(s)
        RenderSVGInlineText {#text} at (0,-17) size 75x22
          chunk 1 text run 1 at (1400.00,3420.00) startOffset 0 endOffset 11 width 75.00: "just a text"
      RenderSVGText {text} at (1500,3420) size 75x22 contains 1 chunk(s)
        RenderSVGInlineText {#text} at (0,-17) size 75x22
          chunk 1 text run 1 at (1500.00,3420.00) startOffset 0 endOffset 11 width 75.00: "just a text"
      RenderSVGText {text} at (1600,3420) size 75x22 contains 1 chunk(s)
        RenderSVGInlineText {#text} at (0,-17) size 75x22
          chunk 1 text run 1 at (1600.00,3420.00) startOffset 0 endOffset 11 width 75.00: "just a text"
      RenderSVGText {text} at (1700,3420) size 75x22 contains 1 chunk(s)
        RenderSVGInlineText {#text} at (0,-17) size 75x22
          chunk 1 text run 1 at (1700.00,3420.00) startOffset 0 endOffset 11 width 75.00: "just a text"
      RenderSVGText {text} at (1800,3420) size 75x22 contains 1 chunk(s)
        RenderSVGInlineText {#text} at (0,-17) size 75x22
          chunk 1 text run 1 at (1800.00,3420.00) startOffset 0 endOffset 11 width 75.00: "just a text"
      RenderSVGText {text} at (1900,3420) size 75x22 contains 1 chunk(s)
        RenderSVGInlineText {#text} at (0,-17) size 75x22
          chunk 1 text run 1 at (1900.00,3420.00) startOffset 0 endOffset 11 width 75.00: "just a text"
      RenderSVGText {text} at (2000,3420) size 75x22 contains 1 chunk(s)
        RenderSVGInlineText {#text} at (0,-17) size 75x22
          chunk 1 text run 1 at (2000.00,3420.00) startOffset 0 endOffset 11 width 75.00: "just a text"
      RenderSVGText {text} at (2100,3420) size 75x22 contains 1 chunk(s)
        RenderSVGInlineText {#text} at (0,-17) size 75x22
          chunk 1 text run 1 at (2100.00,3420.00) startOffset 0 endOffset 11 width 75.00: "just a text"
      RenderSVGText {text} at (2200,3420) size 75x22 contains 1 chunk(s)
        RenderSVGInlineText {#text} at (0,-17) size 75x22
          chunk 1 text run 1 at (2200.00,3420.00) startOffset 0 endOffset 11 width 75.00: "just a text"
      RenderSVGText {text} at (2300,3420) size 75x22 contains 1 chunk(s)
        RenderSVGInlineText {#text} at (0,-17) size 75x22
          chunk 1 text run 1 at (2300.00,3420.00) startOffset 0 endOffset 11 width 75.00: "just a text"
      RenderSVGText {text} at (2400,3420) size 75x22 contains 1 chunk(s)
        RenderSVGInlineText {#text} at (0,-17) size 75x22
          chunk 1 text run 1 at (2400.00,3420.00) startOffset 0 endOffset 11 width 75.00: "just a text"
      RenderSVGText {text} at (2500,3420) size 75x22 contains 1 chunk(s)
        RenderSVGInlineText {#text} at (0,-17) size 75x22
          chunk 1 text run 1 at (2500.00,3420.00) startOffset 0 endOffset 11 width 75.00: "just a text"
      RenderSVGText {text} at (2600,3420) size 75x22 contains 1 chunk(s)
        RenderSVGInlineText {#text} at (0,-17) size 75x22
          chunk 1 text run 1 at (2600.00,3420.00) startOffset 0 endOffset 11 width 75.00: "just a text"
      RenderSVGText {text} at (2700,3420) size 75x22 contains 1 chunk(s)
        RenderSVGInlineText {#text} at (0,-17) size 75x22
          chunk 1 text run 1 at (2700.00,3420.00) startOffset 0 endOffset 11 width 75.00: "just a text"
      RenderSVGText {text} at (2800,3420) size 75x22 contains 1 chunk(s)
        RenderSVGInlineText {#text} at (0,-17) size 75x22
          chunk 1 text run 1 at (2800.00,3420.00) startOffset 0 endOffset 11 width 75.00: "just a text"
      RenderSVGText {text} at (2900,3420) size 75x22 contains 1 chunk(s)
        RenderSVGInlineText {#text} at (0,-17) size 75x22
          chunk 1 text run 1 at (2900.00,3420.00) startOffset 0 endOffset 11 width 75.00: "just a text"
      RenderSVGText {text} at (3000,3420) size 75x22 contains 1 chunk(s)
        RenderSVGInlineText {#text} at (0,-17) size 75x22
          chunk 1 text run 1 at (3000.00,3420.00) startOffset 0 endOffset 11 width 75.00: "just a text"
      RenderSVGText {text} at (3100,3420) size 75x22 contains 1 chunk(s)
        RenderSVGInlineText {#text} at (0,-17) size 75x22
          chunk 1 text run 1 at (3100.00,3420.00) startOffset 0 endOffset 11 width 75.00: "just a text"
      RenderSVGText {text} at (3200,3420) size 75x22 contains 1 chunk(s)
        RenderSVGInlineText {#text} at (0,-17) size 75x22
          chunk 1 text run 1 at (3200.00,3420.00) startOffset 0 endOffset 11 width 75.00: "just a text"
      RenderSVGText {text} at (3300,3420) size 75x22 contains 1 chunk(s)
        RenderSVGInlineText {#text} at (0,-17) size 75x22
          chunk 1 text run 1 at (3300.00,3420.00) startOffset 0 endOffset 11 width 75.00: "just a text"
      RenderSVGText {text} at (3400,3420) size 75x22 contains 1 chunk(s)
        RenderSVGInlineText {#text} at (0,-17) size 75x22
          chunk 1 text run 1 at (3400.00,3420.00) startOffset 0 endOffset 11 width 75.00: "just a text"
      RenderSVGText {text} at (3500,3420) size 75x22 contains 1 chunk(s)
        RenderSVGInlineText {#text} at (0,-17) size 75x22
          chunk 1 text run 1 at (3500.00,3420.00) startOffset 0 endOffset 11 width 75.00: "just a text"
      RenderSVGText {text} at (3600,3420) size 75x22 contains 1 chunk(s)
        RenderSVGInlineText {#text} at (0,-17) size 75x22
          chunk 1 text run 1 at (3600.00,3420.00) startOffset 0 endOffset 11 width 75.00: "just a text"
      RenderSVGText {text} at (3700,3420) size 75x22 contains 1 chunk(s)
        RenderSVGInlineText {#text} at (0,-17) size 75x22
          chunk 1 text run 1 at (3700.00,3420.00) startOffset 0 endOffset 11 width 75.00: "just a text"
      RenderSVGText {text} at (3800,3420) size 75x22 contains 1 chunk(s)
        RenderSVGInlineText {#text} at (0,-17) size 75x22
          chunk 1 text run 1 at (3800.00,3420.00) startOffset 0 endOffset 11 width 75.00: "just a text"
      RenderSVGText {text} at (3900,3420) size 75x22 contains 1 chunk(s)
        RenderSVGInlineText {#text} at (0,-17) size 75x22
          chunk 1 text run 1 at (3900.00,3420.00) startOffset 0 endOffset 11 width 75.00: "just a text"
      RenderSVGText {text} at (4000,3420) size 75x22 contains 1 chunk(s)
        RenderSVGInlineText {#text} at (0,-17) size 75x22
          chunk 1 text run 1 at (4000.00,3420.00) startOffset 0 endOffset 11 width 75.00: "just a text"
      RenderSVGText {text} at (4100,3420) size 75x22 contains 1 chunk(s)
        RenderSVGInlineText {#text} at (0,-17) size 75x22
          chunk 1 text run 1 at (4100.00,3420.00) startOffset 0 endOffset 11 width 75.00: "just a text"
      RenderSVGText {text} at (4200,3420) size 75x22 contains 1 chunk(s)
        RenderSVGInlineText {#text} at (0,-17) size 75x22
          chunk 1 text run 1 at (4200.00,3420.00) startOffset 0 endOffset 11 width 75.00: "just a text"
      RenderSVGText {text} at (4300,3420) size 75x22 contains 1 chunk(s)
        RenderSVGInlineText {#text} at (0,-17) size 75x22
          chunk 1 text run 1 at (4300.00,3420.00) startOffset 0 endOffset 11 width 75.00: "just a text"
      RenderSVGText {text} at (4400,3420) size 75x22 contains 1 chunk(s)
        RenderSVGInlineText {#text} at (0,-17) size 75x22
          chunk 1 text run 1 at (4400.00,3420.00) startOffset 0 endOffset 11 width 75.00: "just a text"
      RenderSVGText {text} at (4500,3420) size 75x22 contains 1 chunk(s)
        RenderSVGInlineText {#text} at (0,-17) size 75x22
          chunk 1 text run 1 at (4500.00,3420.00) startOffset 0 endOffset 11 width 75.00: "just a text"
      RenderSVGText {text} at (4600,3420) size 75x22 contains 1 chunk(s)
        RenderSVGInlineText {#text} at (0,-17) size 75x22
          chunk 1 text run 1 at (4600.00,3420.00) startOffset 0 endOffset 11 width 75.00: "just a text"
      RenderSVGText {text} at (4700,3420) size 75x22 contains 1 chunk(s)
        RenderSVGInlineText {#text} at (0,-17) size 75x22
          chunk 1 text run 1 at (4700.00,3420.00) startOffset 0 endOffset 11 width 75.00: "just a text"
      RenderSVGText {text} at (4800,3420) size 75x22 contains 1 chunk(s)
        RenderSVGInlineText {#text} at (0,-17) size 75x22
          chunk 1 text run 1 at (4800.00,3420.00) startOffset 0 endOffset 11 width 75.00: "just a text"
      RenderSVGText {text} at (4900,3420) size 75x22 contains 1 chunk(s)
        RenderSVGInlineText {#text} at (0,-17) size 75x22
          chunk 1 text run 1 at (4900.00,3420.00) startOffset 0 endOffset 11 width 75.00: "just a text"
      RenderSVGText {text} at (0,3520) size 75x22 contains 1 chunk(s)
        RenderSVGInlineText {#text} at (0,-17) size 75x22
          chunk 1 text run 1 at (0.00,3520.00) startOffset 0 endOffset 11 width 75.00: "just a text"
      RenderSVGText {text} at (100,3520) size 75x22 contains 1 chunk(s)
        RenderSVGInlineText {#text} at (0,-17) size 75x22
          chunk 1 text run 1 at (100.00,3520.00) startOffset 0 endOffset 11 width 75.00: "just a text"
      RenderSVGText {text} at (200,3520) size 75x22 contains 1 chunk(s)
        RenderSVGInlineText {#text} at (0,-17) size 75x22
          chunk 1 text run 1 at (200.00,3520.00) startOffset 0 endOffset 11 width 75.00: "just a text"
      RenderSVGText {text} at (300,3520) size 75x22 contains 1 chunk(s)
        RenderSVGInlineText {#text} at (0,-17) size 75x22
          chunk 1 text run 1 at (300.00,3520.00) startOffset 0 endOffset 11 width 75.00: "just a text"
      RenderSVGText {text} at (400,3520) size 75x22 contains 1 chunk(s)
        RenderSVGInlineText {#text} at (0,-17) size 75x22
          chunk 1 text run 1 at (400.00,3520.00) startOffset 0 endOffset 11 width 75.00: "just a text"
      RenderSVGText {text} at (500,3520) size 75x22 contains 1 chunk(s)
        RenderSVGInlineText {#text} at (0,-17) size 75x22
          chunk 1 text run 1 at (500.00,3520.00) startOffset 0 endOffset 11 width 75.00: "just a text"
      RenderSVGText {text} at (600,3520) size 75x22 contains 1 chunk(s)
        RenderSVGInlineText {#text} at (0,-17) size 75x22
          chunk 1 text run 1 at (600.00,3520.00) startOffset 0 endOffset 11 width 75.00: "just a text"
      RenderSVGText {text} at (700,3520) size 75x22 contains 1 chunk(s)
        RenderSVGInlineText {#text} at (0,-17) size 75x22
          chunk 1 text run 1 at (700.00,3520.00) startOffset 0 endOffset 11 width 75.00: "just a text"
      RenderSVGText {text} at (800,3520) size 75x22 contains 1 chunk(s)
        RenderSVGInlineText {#text} at (0,-17) size 75x22
          chunk 1 text run 1 at (800.00,3520.00) startOffset 0 endOffset 11 width 75.00: "just a text"
      RenderSVGText {text} at (900,3520) size 75x22 contains 1 chunk(s)
        RenderSVGInlineText {#text} at (0,-17) size 75x22
          chunk 1 text run 1 at (900.00,3520.00) startOffset 0 endOffset 11 width 75.00: "just a text"
      RenderSVGText {text} at (1000,3520) size 75x22 contains 1 chunk(s)
        RenderSVGInlineText {#text} at (0,-17) size 75x22
          chunk 1 text run 1 at (1000.00,3520.00) startOffset 0 endOffset 11 width 75.00: "just a text"
      RenderSVGText {text} at (1100,3520) size 75x22 contains 1 chunk(s)
        RenderSVGInlineText {#text} at (0,-17) size 75x22
          chunk 1 text run 1 at (1100.00,3520.00) startOffset 0 endOffset 11 width 75.00: "just a text"
      RenderSVGText {text} at (1200,3520) size 75x22 contains 1 chunk(s)
        RenderSVGInlineText {#text} at (0,-17) size 75x22
          chunk 1 text run 1 at (1200.00,3520.00) startOffset 0 endOffset 11 width 75.00: "just a text"
      RenderSVGText {text} at (1300,3520) size 75x22 contains 1 chunk(s)
        RenderSVGInlineText {#text} at (0,-17) size 75x22
          chunk 1 text run 1 at (1300.00,3520.00) startOffset 0 endOffset 11 width 75.00: "just a text"
      RenderSVGText {text} at (1400,3520) size 75x22 contains 1 chunk(s)
        RenderSVGInlineText {#text} at (0,-17) size 75x22
          chunk 1 text run 1 at (1400.00,3520.00) startOffset 0 endOffset 11 width 75.00: "just a text"
      RenderSVGText {text} at (1500,3520) size 75x22 contains 1 chunk(s)
        RenderSVGInlineText {#text} at (0,-17) size 75x22
          chunk 1 text run 1 at (1500.00,3520.00) startOffset 0 endOffset 11 width 75.00: "just a text"
      RenderSVGText {text} at (1600,3520) size 75x22 contains 1 chunk(s)
        RenderSVGInlineText {#text} at (0,-17) size 75x22
          chunk 1 text run 1 at (1600.00,3520.00) startOffset 0 endOffset 11 width 75.00: "just a text"
      RenderSVGText {text} at (1700,3520) size 75x22 contains 1 chunk(s)
        RenderSVGInlineText {#text} at (0,-17) size 75x22
          chunk 1 text run 1 at (1700.00,3520.00) startOffset 0 endOffset 11 width 75.00: "just a text"
      RenderSVGText {text} at (1800,3520) size 75x22 contains 1 chunk(s)
        RenderSVGInlineText {#text} at (0,-17) size 75x22
          chunk 1 text run 1 at (1800.00,3520.00) startOffset 0 endOffset 11 width 75.00: "just a text"
      RenderSVGText {text} at (1900,3520) size 75x22 contains 1 chunk(s)
        RenderSVGInlineText {#text} at (0,-17) size 75x22
          chunk 1 text run 1 at (1900.00,3520.00) startOffset 0 endOffset 11 width 75.00: "just a text"
      RenderSVGText {text} at (2000,3520) size 75x22 contains 1 chunk(s)
        RenderSVGInlineText {#text} at (0,-17) size 75x22
          chunk 1 text run 1 at (2000.00,3520.00) startOffset 0 endOffset 11 width 75.00: "just a text"
      RenderSVGText {text} at (2100,3520) size 75x22 contains 1 chunk(s)
        RenderSVGInlineText {#text} at (0,-17) size 75x22
          chunk 1 text run 1 at (2100.00,3520.00) startOffset 0 endOffset 11 width 75.00: "just a text"
      RenderSVGText {text} at (2200,3520) size 75x22 contains 1 chunk(s)
        RenderSVGInlineText {#text} at (0,-17) size 75x22
          chunk 1 text run 1 at (2200.00,3520.00) startOffset 0 endOffset 11 width 75.00: "just a text"
      RenderSVGText {text} at (2300,3520) size 75x22 contains 1 chunk(s)
        RenderSVGInlineText {#text} at (0,-17) size 75x22
          chunk 1 text run 1 at (2300.00,3520.00) startOffset 0 endOffset 11 width 75.00: "just a text"
      RenderSVGText {text} at (2400,3520) size 75x22 contains 1 chunk(s)
        RenderSVGInlineText {#text} at (0,-17) size 75x22
          chunk 1 text run 1 at (2400.00,3520.00) startOffset 0 endOffset 11 width 75.00: "just a text"
      RenderSVGText {text} at (2500,3520) size 75x22 contains 1 chunk(s)
        RenderSVGInlineText {#text} at (0,-17) size 75x22
          chunk 1 text run 1 at (2500.00,3520.00) startOffset 0 endOffset 11 width 75.00: "just a text"
      RenderSVGText {text} at (2600,3520) size 75x22 contains 1 chunk(s)
        RenderSVGInlineText {#text} at (0,-17) size 75x22
          chunk 1 text run 1 at (2600.00,3520.00) startOffset 0 endOffset 11 width 75.00: "just a text"
      RenderSVGText {text} at (2700,3520) size 75x22 contains 1 chunk(s)
        RenderSVGInlineText {#text} at (0,-17) size 75x22
          chunk 1 text run 1 at (2700.00,3520.00) startOffset 0 endOffset 11 width 75.00: "just a text"
      RenderSVGText {text} at (2800,3520) size 75x22 contains 1 chunk(s)
        RenderSVGInlineText {#text} at (0,-17) size 75x22
          chunk 1 text run 1 at (2800.00,3520.00) startOffset 0 endOffset 11 width 75.00: "just a text"
      RenderSVGText {text} at (2900,3520) size 75x22 contains 1 chunk(s)
        RenderSVGInlineText {#text} at (0,-17) size 75x22
          chunk 1 text run 1 at (2900.00,3520.00) startOffset 0 endOffset 11 width 75.00: "just a text"
      RenderSVGText {text} at (3000,3520) size 75x22 contains 1 chunk(s)
        RenderSVGInlineText {#text} at (0,-17) size 75x22
          chunk 1 text run 1 at (3000.00,3520.00) startOffset 0 endOffset 11 width 75.00: "just a text"
      RenderSVGText {text} at (3100,3520) size 75x22 contains 1 chunk(s)
        RenderSVGInlineText {#text} at (0,-17) size 75x22
          chunk 1 text run 1 at (3100.00,3520.00) startOffset 0 endOffset 11 width 75.00: "just a text"
      RenderSVGText {text} at (3200,3520) size 75x22 contains 1 chunk(s)
        RenderSVGInlineText {#text} at (0,-17) size 75x22
          chunk 1 text run 1 at (3200.00,3520.00) startOffset 0 endOffset 11 width 75.00: "just a text"
      RenderSVGText {text} at (3300,3520) size 75x22 contains 1 chunk(s)
        RenderSVGInlineText {#text} at (0,-17) size 75x22
          chunk 1 text run 1 at (3300.00,3520.00) startOffset 0 endOffset 11 width 75.00: "just a text"
      RenderSVGText {text} at (3400,3520) size 75x22 contains 1 chunk(s)
        RenderSVGInlineText {#text} at (0,-17) size 75x22
          chunk 1 text run 1 at (3400.00,3520.00) startOffset 0 endOffset 11 width 75.00: "just a text"
      RenderSVGText {text} at (3500,3520) size 75x22 contains 1 chunk(s)
        RenderSVGInlineText {#text} at (0,-17) size 75x22
          chunk 1 text run 1 at (3500.00,3520.00) startOffset 0 endOffset 11 width 75.00: "just a text"
      RenderSVGText {text} at (3600,3520) size 75x22 contains 1 chunk(s)
        RenderSVGInlineText {#text} at (0,-17) size 75x22
          chunk 1 text run 1 at (3600.00,3520.00) startOffset 0 endOffset 11 width 75.00: "just a text"
      RenderSVGText {text} at (3700,3520) size 75x22 contains 1 chunk(s)
        RenderSVGInlineText {#text} at (0,-17) size 75x22
          chunk 1 text run 1 at (3700.00,3520.00) startOffset 0 endOffset 11 width 75.00: "just a text"
      RenderSVGText {text} at (3800,3520) size 75x22 contains 1 chunk(s)
        RenderSVGInlineText {#text} at (0,-17) size 75x22
          chunk 1 text run 1 at (3800.00,3520.00) startOffset 0 endOffset 11 width 75.00: "just a text"
      RenderSVGText {text} at (3900,3520) size 75x22 contains 1 chunk(s)
        RenderSVGInlineText {#text} at (0,-17) size 75x22
          chunk 1 text run 1 at (3900.00,3520.00) startOffset 0 endOffset 11 width 75.00: "just a text"
      RenderSVGText {text} at (4000,3520) size 75x22 contains 1 chunk(s)
        RenderSVGInlineText {#text} at (0,-17) size 75x22
          chunk 1 text run 1 at (4000.00,3520.00) startOffset 0 endOffset 11 width 75.00: "just a text"
      RenderSVGText {text} at (4100,3520) size 75x22 contains 1 chunk(s)
        RenderSVGInlineText {#text} at (0,-17) size 75x22
          chunk 1 text run 1 at (4100.00,3520.00) startOffset 0 endOffset 11 width 75.00: "just a text"
      RenderSVGText {text} at (4200,3520) size 75x22 contains 1 chunk(s)
        RenderSVGInlineText {#text} at (0,-17) size 75x22
          chunk 1 text run 1 at (4200.00,3520.00) startOffset 0 endOffset 11 width 75.00: "just a text"
      RenderSVGText {text} at (4300,3520) size 75x22 contains 1 chunk(s)
        RenderSVGInlineText {#text} at (0,-17) size 75x22
          chunk 1 text run 1 at (4300.00,3520.00) startOffset 0 endOffset 11 width 75.00: "just a text"
      RenderSVGText {text} at (4400,3520) size 75x22 contains 1 chunk(s)
        RenderSVGInlineText {#text} at (0,-17) size 75x22
          chunk 1 text run 1 at (4400.00,3520.00) startOffset 0 endOffset 11 width 75.00: "just a text"
      RenderSVGText {text} at (4500,3520) size 75x22 contains 1 chunk(s)
        RenderSVGInlineText {#text} at (0,-17) size 75x22
          chunk 1 text run 1 at (4500.00,3520.00) startOffset 0 endOffset 11 width 75.00: "just a text"
      RenderSVGText {text} at (4600,3520) size 75x22 contains 1 chunk(s)
        RenderSVGInlineText {#text} at (0,-17) size 75x22
          chunk 1 text run 1 at (4600.00,3520.00) startOffset 0 endOffset 11 width 75.00: "just a text"
      RenderSVGText {text} at (4700,3520) size 75x22 contains 1 chunk(s)
        RenderSVGInlineText {#text} at (0,-17) size 75x22
          chunk 1 text run 1 at (4700.00,3520.00) startOffset 0 endOffset 11 width 75.00: "just a text"
      RenderSVGText {text} at (4800,3520) size 75x22 contains 1 chunk(s)
        RenderSVGInlineText {#text} at (0,-17) size 75x22
          chunk 1 text run 1 at (4800.00,3520.00) startOffset 0 endOffset 11 width 75.00: "just a text"
      RenderSVGText {text} at (4900,3520) size 75x22 contains 1 chunk(s)
        RenderSVGInlineText {#text} at (0,-17) size 75x22
          chunk 1 text run 1 at (4900.00,3520.00) startOffset 0 endOffset 11 width 75.00: "just a text"
      RenderSVGText {text} at (0,3620) size 75x22 contains 1 chunk(s)
        RenderSVGInlineText {#text} at (0,-17) size 75x22
          chunk 1 text run 1 at (0.00,3620.00) startOffset 0 endOffset 11 width 75.00: "just a text"
      RenderSVGText {text} at (100,3620) size 75x22 contains 1 chunk(s)
        RenderSVGInlineText {#text} at (0,-17) size 75x22
          chunk 1 text run 1 at (100.00,3620.00) startOffset 0 endOffset 11 width 75.00: "just a text"
      RenderSVGText {text} at (200,3620) size 75x22 contains 1 chunk(s)
        RenderSVGInlineText {#text} at (0,-17) size 75x22
          chunk 1 text run 1 at (200.00,3620.00) startOffset 0 endOffset 11 width 75.00: "just a text"
      RenderSVGText {text} at (300,3620) size 75x22 contains 1 chunk(s)
        RenderSVGInlineText {#text} at (0,-17) size 75x22
          chunk 1 text run 1 at (300.00,3620.00) startOffset 0 endOffset 11 width 75.00: "just a text"
      RenderSVGText {text} at (400,3620) size 75x22 contains 1 chunk(s)
        RenderSVGInlineText {#text} at (0,-17) size 75x22
          chunk 1 text run 1 at (400.00,3620.00) startOffset 0 endOffset 11 width 75.00: "just a text"
      RenderSVGText {text} at (500,3620) size 75x22 contains 1 chunk(s)
        RenderSVGInlineText {#text} at (0,-17) size 75x22
          chunk 1 text run 1 at (500.00,3620.00) startOffset 0 endOffset 11 width 75.00: "just a text"
      RenderSVGText {text} at (600,3620) size 75x22 contains 1 chunk(s)
        RenderSVGInlineText {#text} at (0,-17) size 75x22
          chunk 1 text run 1 at (600.00,3620.00) startOffset 0 endOffset 11 width 75.00: "just a text"
      RenderSVGText {text} at (700,3620) size 75x22 contains 1 chunk(s)
        RenderSVGInlineText {#text} at (0,-17) size 75x22
          chunk 1 text run 1 at (700.00,3620.00) startOffset 0 endOffset 11 width 75.00: "just a text"
      RenderSVGText {text} at (800,3620) size 75x22 contains 1 chunk(s)
        RenderSVGInlineText {#text} at (0,-17) size 75x22
          chunk 1 text run 1 at (800.00,3620.00) startOffset 0 endOffset 11 width 75.00: "just a text"
      RenderSVGText {text} at (900,3620) size 75x22 contains 1 chunk(s)
        RenderSVGInlineText {#text} at (0,-17) size 75x22
          chunk 1 text run 1 at (900.00,3620.00) startOffset 0 endOffset 11 width 75.00: "just a text"
      RenderSVGText {text} at (1000,3620) size 75x22 contains 1 chunk(s)
        RenderSVGInlineText {#text} at (0,-17) size 75x22
          chunk 1 text run 1 at (1000.00,3620.00) startOffset 0 endOffset 11 width 75.00: "just a text"
      RenderSVGText {text} at (1100,3620) size 75x22 contains 1 chunk(s)
        RenderSVGInlineText {#text} at (0,-17) size 75x22
          chunk 1 text run 1 at (1100.00,3620.00) startOffset 0 endOffset 11 width 75.00: "just a text"
      RenderSVGText {text} at (1200,3620) size 75x22 contains 1 chunk(s)
        RenderSVGInlineText {#text} at (0,-17) size 75x22
          chunk 1 text run 1 at (1200.00,3620.00) startOffset 0 endOffset 11 width 75.00: "just a text"
      RenderSVGText {text} at (1300,3620) size 75x22 contains 1 chunk(s)
        RenderSVGInlineText {#text} at (0,-17) size 75x22
          chunk 1 text run 1 at (1300.00,3620.00) startOffset 0 endOffset 11 width 75.00: "just a text"
      RenderSVGText {text} at (1400,3620) size 75x22 contains 1 chunk(s)
        RenderSVGInlineText {#text} at (0,-17) size 75x22
          chunk 1 text run 1 at (1400.00,3620.00) startOffset 0 endOffset 11 width 75.00: "just a text"
      RenderSVGText {text} at (1500,3620) size 75x22 contains 1 chunk(s)
        RenderSVGInlineText {#text} at (0,-17) size 75x22
          chunk 1 text run 1 at (1500.00,3620.00) startOffset 0 endOffset 11 width 75.00: "just a text"
      RenderSVGText {text} at (1600,3620) size 75x22 contains 1 chunk(s)
        RenderSVGInlineText {#text} at (0,-17) size 75x22
          chunk 1 text run 1 at (1600.00,3620.00) startOffset 0 endOffset 11 width 75.00: "just a text"
      RenderSVGText {text} at (1700,3620) size 75x22 contains 1 chunk(s)
        RenderSVGInlineText {#text} at (0,-17) size 75x22
          chunk 1 text run 1 at (1700.00,3620.00) startOffset 0 endOffset 11 width 75.00: "just a text"
      RenderSVGText {text} at (1800,3620) size 75x22 contains 1 chunk(s)
        RenderSVGInlineText {#text} at (0,-17) size 75x22
          chunk 1 text run 1 at (1800.00,3620.00) startOffset 0 endOffset 11 width 75.00: "just a text"
      RenderSVGText {text} at (1900,3620) size 75x22 contains 1 chunk(s)
        RenderSVGInlineText {#text} at (0,-17) size 75x22
          chunk 1 text run 1 at (1900.00,3620.00) startOffset 0 endOffset 11 width 75.00: "just a text"
      RenderSVGText {text} at (2000,3620) size 75x22 contains 1 chunk(s)
        RenderSVGInlineText {#text} at (0,-17) size 75x22
          chunk 1 text run 1 at (2000.00,3620.00) startOffset 0 endOffset 11 width 75.00: "just a text"
      RenderSVGText {text} at (2100,3620) size 75x22 contains 1 chunk(s)
        RenderSVGInlineText {#text} at (0,-17) size 75x22
          chunk 1 text run 1 at (2100.00,3620.00) startOffset 0 endOffset 11 width 75.00: "just a text"
      RenderSVGText {text} at (2200,3620) size 75x22 contains 1 chunk(s)
        RenderSVGInlineText {#text} at (0,-17) size 75x22
          chunk 1 text run 1 at (2200.00,3620.00) startOffset 0 endOffset 11 width 75.00: "just a text"
      RenderSVGText {text} at (2300,3620) size 75x22 contains 1 chunk(s)
        RenderSVGInlineText {#text} at (0,-17) size 75x22
          chunk 1 text run 1 at (2300.00,3620.00) startOffset 0 endOffset 11 width 75.00: "just a text"
      RenderSVGText {text} at (2400,3620) size 75x22 contains 1 chunk(s)
        RenderSVGInlineText {#text} at (0,-17) size 75x22
          chunk 1 text run 1 at (2400.00,3620.00) startOffset 0 endOffset 11 width 75.00: "just a text"
      RenderSVGText {text} at (2500,3620) size 75x22 contains 1 chunk(s)
        RenderSVGInlineText {#text} at (0,-17) size 75x22
          chunk 1 text run 1 at (2500.00,3620.00) startOffset 0 endOffset 11 width 75.00: "just a text"
      RenderSVGText {text} at (2600,3620) size 75x22 contains 1 chunk(s)
        RenderSVGInlineText {#text} at (0,-17) size 75x22
          chunk 1 text run 1 at (2600.00,3620.00) startOffset 0 endOffset 11 width 75.00: "just a text"
      RenderSVGText {text} at (2700,3620) size 75x22 contains 1 chunk(s)
        RenderSVGInlineText {#text} at (0,-17) size 75x22
          chunk 1 text run 1 at (2700.00,3620.00) startOffset 0 endOffset 11 width 75.00: "just a text"
      RenderSVGText {text} at (2800,3620) size 75x22 contains 1 chunk(s)
        RenderSVGInlineText {#text} at (0,-17) size 75x22
          chunk 1 text run 1 at (2800.00,3620.00) startOffset 0 endOffset 11 width 75.00: "just a text"
      RenderSVGText {text} at (2900,3620) size 75x22 contains 1 chunk(s)
        RenderSVGInlineText {#text} at (0,-17) size 75x22
          chunk 1 text run 1 at (2900.00,3620.00) startOffset 0 endOffset 11 width 75.00: "just a text"
      RenderSVGText {text} at (3000,3620) size 75x22 contains 1 chunk(s)
        RenderSVGInlineText {#text} at (0,-17) size 75x22
          chunk 1 text run 1 at (3000.00,3620.00) startOffset 0 endOffset 11 width 75.00: "just a text"
      RenderSVGText {text} at (3100,3620) size 75x22 contains 1 chunk(s)
        RenderSVGInlineText {#text} at (0,-17) size 75x22
          chunk 1 text run 1 at (3100.00,3620.00) startOffset 0 endOffset 11 width 75.00: "just a text"
      RenderSVGText {text} at (3200,3620) size 75x22 contains 1 chunk(s)
        RenderSVGInlineText {#text} at (0,-17) size 75x22
          chunk 1 text run 1 at (3200.00,3620.00) startOffset 0 endOffset 11 width 75.00: "just a text"
      RenderSVGText {text} at (3300,3620) size 75x22 contains 1 chunk(s)
        RenderSVGInlineText {#text} at (0,-17) size 75x22
          chunk 1 text run 1 at (3300.00,3620.00) startOffset 0 endOffset 11 width 75.00: "just a text"
      RenderSVGText {text} at (3400,3620) size 75x22 contains 1 chunk(s)
        RenderSVGInlineText {#text} at (0,-17) size 75x22
          chunk 1 text run 1 at (3400.00,3620.00) startOffset 0 endOffset 11 width 75.00: "just a text"
      RenderSVGText {text} at (3500,3620) size 75x22 contains 1 chunk(s)
        RenderSVGInlineText {#text} at (0,-17) size 75x22
          chunk 1 text run 1 at (3500.00,3620.00) startOffset 0 endOffset 11 width 75.00: "just a text"
      RenderSVGText {text} at (3600,3620) size 75x22 contains 1 chunk(s)
        RenderSVGInlineText {#text} at (0,-17) size 75x22
          chunk 1 text run 1 at (3600.00,3620.00) startOffset 0 endOffset 11 width 75.00: "just a text"
      RenderSVGText {text} at (3700,3620) size 75x22 contains 1 chunk(s)
        RenderSVGInlineText {#text} at (0,-17) size 75x22
          chunk 1 text run 1 at (3700.00,3620.00) startOffset 0 endOffset 11 width 75.00: "just a text"
      RenderSVGText {text} at (3800,3620) size 75x22 contains 1 chunk(s)
        RenderSVGInlineText {#text} at (0,-17) size 75x22
          chunk 1 text run 1 at (3800.00,3620.00) startOffset 0 endOffset 11 width 75.00: "just a text"
      RenderSVGText {text} at (3900,3620) size 75x22 contains 1 chunk(s)
        RenderSVGInlineText {#text} at (0,-17) size 75x22
          chunk 1 text run 1 at (3900.00,3620.00) startOffset 0 endOffset 11 width 75.00: "just a text"
      RenderSVGText {text} at (4000,3620) size 75x22 contains 1 chunk(s)
        RenderSVGInlineText {#text} at (0,-17) size 75x22
          chunk 1 text run 1 at (4000.00,3620.00) startOffset 0 endOffset 11 width 75.00: "just a text"
      RenderSVGText {text} at (4100,3620) size 75x22 contains 1 chunk(s)
        RenderSVGInlineText {#text} at (0,-17) size 75x22
          chunk 1 text run 1 at (4100.00,3620.00) startOffset 0 endOffset 11 width 75.00: "just a text"
      RenderSVGText {text} at (4200,3620) size 75x22 contains 1 chunk(s)
        RenderSVGInlineText {#text} at (0,-17) size 75x22
          chunk 1 text run 1 at (4200.00,3620.00) startOffset 0 endOffset 11 width 75.00: "just a text"
      RenderSVGText {text} at (4300,3620) size 75x22 contains 1 chunk(s)
        RenderSVGInlineText {#text} at (0,-17) size 75x22
          chunk 1 text run 1 at (4300.00,3620.00) startOffset 0 endOffset 11 width 75.00: "just a text"
      RenderSVGText {text} at (4400,3620) size 75x22 contains 1 chunk(s)
        RenderSVGInlineText {#text} at (0,-17) size 75x22
          chunk 1 text run 1 at (4400.00,3620.00) startOffset 0 endOffset 11 width 75.00: "just a text"
      RenderSVGText {text} at (4500,3620) size 75x22 contains 1 chunk(s)
        RenderSVGInlineText {#text} at (0,-17) size 75x22
          chunk 1 text run 1 at (4500.00,3620.00) startOffset 0 endOffset 11 width 75.00: "just a text"
      RenderSVGText {text} at (4600,3620) size 75x22 contains 1 chunk(s)
        RenderSVGInlineText {#text} at (0,-17) size 75x22
          chunk 1 text run 1 at (4600.00,3620.00) startOffset 0 endOffset 11 width 75.00: "just a text"
      RenderSVGText {text} at (4700,3620) size 75x22 contains 1 chunk(s)
        RenderSVGInlineText {#text} at (0,-17) size 75x22
          chunk 1 text run 1 at (4700.00,3620.00) startOffset 0 endOffset 11 width 75.00: "just a text"
      RenderSVGText {text} at (4800,3620) size 75x22 contains 1 chunk(s)
        RenderSVGInlineText {#text} at (0,-17) size 75x22
          chunk 1 text run 1 at (4800.00,3620.00) startOffset 0 endOffset 11 width 75.00: "just a text"
      RenderSVGText {text} at (4900,3620) size 75x22 contains 1 chunk(s)
        RenderSVGInlineText {#text} at (0,-17) size 75x22
          chunk 1 text run 1 at (4900.00,3620.00) startOffset 0 endOffset 11 width 75.00: "just a text"
      RenderSVGText {text} at (0,3720) size 75x22 contains 1 chunk(s)
        RenderSVGInlineText {#text} at (0,-17) size 75x22
          chunk 1 text run 1 at (0.00,3720.00) startOffset 0 endOffset 11 width 75.00: "just a text"
      RenderSVGText {text} at (100,3720) size 75x22 contains 1 chunk(s)
        RenderSVGInlineText {#text} at (0,-17) size 75x22
          chunk 1 text run 1 at (100.00,3720.00) startOffset 0 endOffset 11 width 75.00: "just a text"
      RenderSVGText {text} at (200,3720) size 75x22 contains 1 chunk(s)
        RenderSVGInlineText {#text} at (0,-17) size 75x22
          chunk 1 text run 1 at (200.00,3720.00) startOffset 0 endOffset 11 width 75.00: "just a text"
      RenderSVGText {text} at (300,3720) size 75x22 contains 1 chunk(s)
        RenderSVGInlineText {#text} at (0,-17) size 75x22
          chunk 1 text run 1 at (300.00,3720.00) startOffset 0 endOffset 11 width 75.00: "just a text"
      RenderSVGText {text} at (400,3720) size 75x22 contains 1 chunk(s)
        RenderSVGInlineText {#text} at (0,-17) size 75x22
          chunk 1 text run 1 at (400.00,3720.00) startOffset 0 endOffset 11 width 75.00: "just a text"
      RenderSVGText {text} at (500,3720) size 75x22 contains 1 chunk(s)
        RenderSVGInlineText {#text} at (0,-17) size 75x22
          chunk 1 text run 1 at (500.00,3720.00) startOffset 0 endOffset 11 width 75.00: "just a text"
      RenderSVGText {text} at (600,3720) size 75x22 contains 1 chunk(s)
        RenderSVGInlineText {#text} at (0,-17) size 75x22
          chunk 1 text run 1 at (600.00,3720.00) startOffset 0 endOffset 11 width 75.00: "just a text"
      RenderSVGText {text} at (700,3720) size 75x22 contains 1 chunk(s)
        RenderSVGInlineText {#text} at (0,-17) size 75x22
          chunk 1 text run 1 at (700.00,3720.00) startOffset 0 endOffset 11 width 75.00: "just a text"
      RenderSVGText {text} at (800,3720) size 75x22 contains 1 chunk(s)
        RenderSVGInlineText {#text} at (0,-17) size 75x22
          chunk 1 text run 1 at (800.00,3720.00) startOffset 0 endOffset 11 width 75.00: "just a text"
      RenderSVGText {text} at (900,3720) size 75x22 contains 1 chunk(s)
        RenderSVGInlineText {#text} at (0,-17) size 75x22
          chunk 1 text run 1 at (900.00,3720.00) startOffset 0 endOffset 11 width 75.00: "just a text"
      RenderSVGText {text} at (1000,3720) size 75x22 contains 1 chunk(s)
        RenderSVGInlineText {#text} at (0,-17) size 75x22
          chunk 1 text run 1 at (1000.00,3720.00) startOffset 0 endOffset 11 width 75.00: "just a text"
      RenderSVGText {text} at (1100,3720) size 75x22 contains 1 chunk(s)
        RenderSVGInlineText {#text} at (0,-17) size 75x22
          chunk 1 text run 1 at (1100.00,3720.00) startOffset 0 endOffset 11 width 75.00: "just a text"
      RenderSVGText {text} at (1200,3720) size 75x22 contains 1 chunk(s)
        RenderSVGInlineText {#text} at (0,-17) size 75x22
          chunk 1 text run 1 at (1200.00,3720.00) startOffset 0 endOffset 11 width 75.00: "just a text"
      RenderSVGText {text} at (1300,3720) size 75x22 contains 1 chunk(s)
        RenderSVGInlineText {#text} at (0,-17) size 75x22
          chunk 1 text run 1 at (1300.00,3720.00) startOffset 0 endOffset 11 width 75.00: "just a text"
      RenderSVGText {text} at (1400,3720) size 75x22 contains 1 chunk(s)
        RenderSVGInlineText {#text} at (0,-17) size 75x22
          chunk 1 text run 1 at (1400.00,3720.00) startOffset 0 endOffset 11 width 75.00: "just a text"
      RenderSVGText {text} at (1500,3720) size 75x22 contains 1 chunk(s)
        RenderSVGInlineText {#text} at (0,-17) size 75x22
          chunk 1 text run 1 at (1500.00,3720.00) startOffset 0 endOffset 11 width 75.00: "just a text"
      RenderSVGText {text} at (1600,3720) size 75x22 contains 1 chunk(s)
        RenderSVGInlineText {#text} at (0,-17) size 75x22
          chunk 1 text run 1 at (1600.00,3720.00) startOffset 0 endOffset 11 width 75.00: "just a text"
      RenderSVGText {text} at (1700,3720) size 75x22 contains 1 chunk(s)
        RenderSVGInlineText {#text} at (0,-17) size 75x22
          chunk 1 text run 1 at (1700.00,3720.00) startOffset 0 endOffset 11 width 75.00: "just a text"
      RenderSVGText {text} at (1800,3720) size 75x22 contains 1 chunk(s)
        RenderSVGInlineText {#text} at (0,-17) size 75x22
          chunk 1 text run 1 at (1800.00,3720.00) startOffset 0 endOffset 11 width 75.00: "just a text"
      RenderSVGText {text} at (1900,3720) size 75x22 contains 1 chunk(s)
        RenderSVGInlineText {#text} at (0,-17) size 75x22
          chunk 1 text run 1 at (1900.00,3720.00) startOffset 0 endOffset 11 width 75.00: "just a text"
      RenderSVGText {text} at (2000,3720) size 75x22 contains 1 chunk(s)
        RenderSVGInlineText {#text} at (0,-17) size 75x22
          chunk 1 text run 1 at (2000.00,3720.00) startOffset 0 endOffset 11 width 75.00: "just a text"
      RenderSVGText {text} at (2100,3720) size 75x22 contains 1 chunk(s)
        RenderSVGInlineText {#text} at (0,-17) size 75x22
          chunk 1 text run 1 at (2100.00,3720.00) startOffset 0 endOffset 11 width 75.00: "just a text"
      RenderSVGText {text} at (2200,3720) size 75x22 contains 1 chunk(s)
        RenderSVGInlineText {#text} at (0,-17) size 75x22
          chunk 1 text run 1 at (2200.00,3720.00) startOffset 0 endOffset 11 width 75.00: "just a text"
      RenderSVGText {text} at (2300,3720) size 75x22 contains 1 chunk(s)
        RenderSVGInlineText {#text} at (0,-17) size 75x22
          chunk 1 text run 1 at (2300.00,3720.00) startOffset 0 endOffset 11 width 75.00: "just a text"
      RenderSVGText {text} at (2400,3720) size 75x22 contains 1 chunk(s)
        RenderSVGInlineText {#text} at (0,-17) size 75x22
          chunk 1 text run 1 at (2400.00,3720.00) startOffset 0 endOffset 11 width 75.00: "just a text"
      RenderSVGText {text} at (2500,3720) size 75x22 contains 1 chunk(s)
        RenderSVGInlineText {#text} at (0,-17) size 75x22
          chunk 1 text run 1 at (2500.00,3720.00) startOffset 0 endOffset 11 width 75.00: "just a text"
      RenderSVGText {text} at (2600,3720) size 75x22 contains 1 chunk(s)
        RenderSVGInlineText {#text} at (0,-17) size 75x22
          chunk 1 text run 1 at (2600.00,3720.00) startOffset 0 endOffset 11 width 75.00: "just a text"
      RenderSVGText {text} at (2700,3720) size 75x22 contains 1 chunk(s)
        RenderSVGInlineText {#text} at (0,-17) size 75x22
          chunk 1 text run 1 at (2700.00,3720.00) startOffset 0 endOffset 11 width 75.00: "just a text"
      RenderSVGText {text} at (2800,3720) size 75x22 contains 1 chunk(s)
        RenderSVGInlineText {#text} at (0,-17) size 75x22
          chunk 1 text run 1 at (2800.00,3720.00) startOffset 0 endOffset 11 width 75.00: "just a text"
      RenderSVGText {text} at (2900,3720) size 75x22 contains 1 chunk(s)
        RenderSVGInlineText {#text} at (0,-17) size 75x22
          chunk 1 text run 1 at (2900.00,3720.00) startOffset 0 endOffset 11 width 75.00: "just a text"
      RenderSVGText {text} at (3000,3720) size 75x22 contains 1 chunk(s)
        RenderSVGInlineText {#text} at (0,-17) size 75x22
          chunk 1 text run 1 at (3000.00,3720.00) startOffset 0 endOffset 11 width 75.00: "just a text"
      RenderSVGText {text} at (3100,3720) size 75x22 contains 1 chunk(s)
        RenderSVGInlineText {#text} at (0,-17) size 75x22
          chunk 1 text run 1 at (3100.00,3720.00) startOffset 0 endOffset 11 width 75.00: "just a text"
      RenderSVGText {text} at (3200,3720) size 75x22 contains 1 chunk(s)
        RenderSVGInlineText {#text} at (0,-17) size 75x22
          chunk 1 text run 1 at (3200.00,3720.00) startOffset 0 endOffset 11 width 75.00: "just a text"
      RenderSVGText {text} at (3300,3720) size 75x22 contains 1 chunk(s)
        RenderSVGInlineText {#text} at (0,-17) size 75x22
          chunk 1 text run 1 at (3300.00,3720.00) startOffset 0 endOffset 11 width 75.00: "just a text"
      RenderSVGText {text} at (3400,3720) size 75x22 contains 1 chunk(s)
        RenderSVGInlineText {#text} at (0,-17) size 75x22
          chunk 1 text run 1 at (3400.00,3720.00) startOffset 0 endOffset 11 width 75.00: "just a text"
      RenderSVGText {text} at (3500,3720) size 75x22 contains 1 chunk(s)
        RenderSVGInlineText {#text} at (0,-17) size 75x22
          chunk 1 text run 1 at (3500.00,3720.00) startOffset 0 endOffset 11 width 75.00: "just a text"
      RenderSVGText {text} at (3600,3720) size 75x22 contains 1 chunk(s)
        RenderSVGInlineText {#text} at (0,-17) size 75x22
          chunk 1 text run 1 at (3600.00,3720.00) startOffset 0 endOffset 11 width 75.00: "just a text"
      RenderSVGText {text} at (3700,3720) size 75x22 contains 1 chunk(s)
        RenderSVGInlineText {#text} at (0,-17) size 75x22
          chunk 1 text run 1 at (3700.00,3720.00) startOffset 0 endOffset 11 width 75.00: "just a text"
      RenderSVGText {text} at (3800,3720) size 75x22 contains 1 chunk(s)
        RenderSVGInlineText {#text} at (0,-17) size 75x22
          chunk 1 text run 1 at (3800.00,3720.00) startOffset 0 endOffset 11 width 75.00: "just a text"
      RenderSVGText {text} at (3900,3720) size 75x22 contains 1 chunk(s)
        RenderSVGInlineText {#text} at (0,-17) size 75x22
          chunk 1 text run 1 at (3900.00,3720.00) startOffset 0 endOffset 11 width 75.00: "just a text"
      RenderSVGText {text} at (4000,3720) size 75x22 contains 1 chunk(s)
        RenderSVGInlineText {#text} at (0,-17) size 75x22
          chunk 1 text run 1 at (4000.00,3720.00) startOffset 0 endOffset 11 width 75.00: "just a text"
      RenderSVGText {text} at (4100,3720) size 75x22 contains 1 chunk(s)
        RenderSVGInlineText {#text} at (0,-17) size 75x22
          chunk 1 text run 1 at (4100.00,3720.00) startOffset 0 endOffset 11 width 75.00: "just a text"
      RenderSVGText {text} at (4200,3720) size 75x22 contains 1 chunk(s)
        RenderSVGInlineText {#text} at (0,-17) size 75x22
          chunk 1 text run 1 at (4200.00,3720.00) startOffset 0 endOffset 11 width 75.00: "just a text"
      RenderSVGText {text} at (4300,3720) size 75x22 contains 1 chunk(s)
        RenderSVGInlineText {#text} at (0,-17) size 75x22
          chunk 1 text run 1 at (4300.00,3720.00) startOffset 0 endOffset 11 width 75.00: "just a text"
      RenderSVGText {text} at (4400,3720) size 75x22 contains 1 chunk(s)
        RenderSVGInlineText {#text} at (0,-17) size 75x22
          chunk 1 text run 1 at (4400.00,3720.00) startOffset 0 endOffset 11 width 75.00: "just a text"
      RenderSVGText {text} at (4500,3720) size 75x22 contains 1 chunk(s)
        RenderSVGInlineText {#text} at (0,-17) size 75x22
          chunk 1 text run 1 at (4500.00,3720.00) startOffset 0 endOffset 11 width 75.00: "just a text"
      RenderSVGText {text} at (4600,3720) size 75x22 contains 1 chunk(s)
        RenderSVGInlineText {#text} at (0,-17) size 75x22
          chunk 1 text run 1 at (4600.00,3720.00) startOffset 0 endOffset 11 width 75.00: "just a text"
      RenderSVGText {text} at (4700,3720) size 75x22 contains 1 chunk(s)
        RenderSVGInlineText {#text} at (0,-17) size 75x22
          chunk 1 text run 1 at (4700.00,3720.00) startOffset 0 endOffset 11 width 75.00: "just a text"
      RenderSVGText {text} at (4800,3720) size 75x22 contains 1 chunk(s)
        RenderSVGInlineText {#text} at (0,-17) size 75x22
          chunk 1 text run 1 at (4800.00,3720.00) startOffset 0 endOffset 11 width 75.00: "just a text"
      RenderSVGText {text} at (4900,3720) size 75x22 contains 1 chunk(s)
        RenderSVGInlineText {#text} at (0,-17) size 75x22
          chunk 1 text run 1 at (4900.00,3720.00) startOffset 0 endOffset 11 width 75.00: "just a text"
      RenderSVGText {text} at (0,3820) size 75x22 contains 1 chunk(s)
        RenderSVGInlineText {#text} at (0,-17) size 75x22
          chunk 1 text run 1 at (0.00,3820.00) startOffset 0 endOffset 11 width 75.00: "just a text"
      RenderSVGText {text} at (100,3820) size 75x22 contains 1 chunk(s)
        RenderSVGInlineText {#text} at (0,-17) size 75x22
          chunk 1 text run 1 at (100.00,3820.00) startOffset 0 endOffset 11 width 75.00: "just a text"
      RenderSVGText {text} at (200,3820) size 75x22 contains 1 chunk(s)
        RenderSVGInlineText {#text} at (0,-17) size 75x22
          chunk 1 text run 1 at (200.00,3820.00) startOffset 0 endOffset 11 width 75.00: "just a text"
      RenderSVGText {text} at (300,3820) size 75x22 contains 1 chunk(s)
        RenderSVGInlineText {#text} at (0,-17) size 75x22
          chunk 1 text run 1 at (300.00,3820.00) startOffset 0 endOffset 11 width 75.00: "just a text"
      RenderSVGText {text} at (400,3820) size 75x22 contains 1 chunk(s)
        RenderSVGInlineText {#text} at (0,-17) size 75x22
          chunk 1 text run 1 at (400.00,3820.00) startOffset 0 endOffset 11 width 75.00: "just a text"
      RenderSVGText {text} at (500,3820) size 75x22 contains 1 chunk(s)
        RenderSVGInlineText {#text} at (0,-17) size 75x22
          chunk 1 text run 1 at (500.00,3820.00) startOffset 0 endOffset 11 width 75.00: "just a text"
      RenderSVGText {text} at (600,3820) size 75x22 contains 1 chunk(s)
        RenderSVGInlineText {#text} at (0,-17) size 75x22
          chunk 1 text run 1 at (600.00,3820.00) startOffset 0 endOffset 11 width 75.00: "just a text"
      RenderSVGText {text} at (700,3820) size 75x22 contains 1 chunk(s)
        RenderSVGInlineText {#text} at (0,-17) size 75x22
          chunk 1 text run 1 at (700.00,3820.00) startOffset 0 endOffset 11 width 75.00: "just a text"
      RenderSVGText {text} at (800,3820) size 75x22 contains 1 chunk(s)
        RenderSVGInlineText {#text} at (0,-17) size 75x22
          chunk 1 text run 1 at (800.00,3820.00) startOffset 0 endOffset 11 width 75.00: "just a text"
      RenderSVGText {text} at (900,3820) size 75x22 contains 1 chunk(s)
        RenderSVGInlineText {#text} at (0,-17) size 75x22
          chunk 1 text run 1 at (900.00,3820.00) startOffset 0 endOffset 11 width 75.00: "just a text"
      RenderSVGText {text} at (1000,3820) size 75x22 contains 1 chunk(s)
        RenderSVGInlineText {#text} at (0,-17) size 75x22
          chunk 1 text run 1 at (1000.00,3820.00) startOffset 0 endOffset 11 width 75.00: "just a text"
      RenderSVGText {text} at (1100,3820) size 75x22 contains 1 chunk(s)
        RenderSVGInlineText {#text} at (0,-17) size 75x22
          chunk 1 text run 1 at (1100.00,3820.00) startOffset 0 endOffset 11 width 75.00: "just a text"
      RenderSVGText {text} at (1200,3820) size 75x22 contains 1 chunk(s)
        RenderSVGInlineText {#text} at (0,-17) size 75x22
          chunk 1 text run 1 at (1200.00,3820.00) startOffset 0 endOffset 11 width 75.00: "just a text"
      RenderSVGText {text} at (1300,3820) size 75x22 contains 1 chunk(s)
        RenderSVGInlineText {#text} at (0,-17) size 75x22
          chunk 1 text run 1 at (1300.00,3820.00) startOffset 0 endOffset 11 width 75.00: "just a text"
      RenderSVGText {text} at (1400,3820) size 75x22 contains 1 chunk(s)
        RenderSVGInlineText {#text} at (0,-17) size 75x22
          chunk 1 text run 1 at (1400.00,3820.00) startOffset 0 endOffset 11 width 75.00: "just a text"
      RenderSVGText {text} at (1500,3820) size 75x22 contains 1 chunk(s)
        RenderSVGInlineText {#text} at (0,-17) size 75x22
          chunk 1 text run 1 at (1500.00,3820.00) startOffset 0 endOffset 11 width 75.00: "just a text"
      RenderSVGText {text} at (1600,3820) size 75x22 contains 1 chunk(s)
        RenderSVGInlineText {#text} at (0,-17) size 75x22
          chunk 1 text run 1 at (1600.00,3820.00) startOffset 0 endOffset 11 width 75.00: "just a text"
      RenderSVGText {text} at (1700,3820) size 75x22 contains 1 chunk(s)
        RenderSVGInlineText {#text} at (0,-17) size 75x22
          chunk 1 text run 1 at (1700.00,3820.00) startOffset 0 endOffset 11 width 75.00: "just a text"
      RenderSVGText {text} at (1800,3820) size 75x22 contains 1 chunk(s)
        RenderSVGInlineText {#text} at (0,-17) size 75x22
          chunk 1 text run 1 at (1800.00,3820.00) startOffset 0 endOffset 11 width 75.00: "just a text"
      RenderSVGText {text} at (1900,3820) size 75x22 contains 1 chunk(s)
        RenderSVGInlineText {#text} at (0,-17) size 75x22
          chunk 1 text run 1 at (1900.00,3820.00) startOffset 0 endOffset 11 width 75.00: "just a text"
      RenderSVGText {text} at (2000,3820) size 75x22 contains 1 chunk(s)
        RenderSVGInlineText {#text} at (0,-17) size 75x22
          chunk 1 text run 1 at (2000.00,3820.00) startOffset 0 endOffset 11 width 75.00: "just a text"
      RenderSVGText {text} at (2100,3820) size 75x22 contains 1 chunk(s)
        RenderSVGInlineText {#text} at (0,-17) size 75x22
          chunk 1 text run 1 at (2100.00,3820.00) startOffset 0 endOffset 11 width 75.00: "just a text"
      RenderSVGText {text} at (2200,3820) size 75x22 contains 1 chunk(s)
        RenderSVGInlineText {#text} at (0,-17) size 75x22
          chunk 1 text run 1 at (2200.00,3820.00) startOffset 0 endOffset 11 width 75.00: "just a text"
      RenderSVGText {text} at (2300,3820) size 75x22 contains 1 chunk(s)
        RenderSVGInlineText {#text} at (0,-17) size 75x22
          chunk 1 text run 1 at (2300.00,3820.00) startOffset 0 endOffset 11 width 75.00: "just a text"
      RenderSVGText {text} at (2400,3820) size 75x22 contains 1 chunk(s)
        RenderSVGInlineText {#text} at (0,-17) size 75x22
          chunk 1 text run 1 at (2400.00,3820.00) startOffset 0 endOffset 11 width 75.00: "just a text"
      RenderSVGText {text} at (2500,3820) size 75x22 contains 1 chunk(s)
        RenderSVGInlineText {#text} at (0,-17) size 75x22
          chunk 1 text run 1 at (2500.00,3820.00) startOffset 0 endOffset 11 width 75.00: "just a text"
      RenderSVGText {text} at (2600,3820) size 75x22 contains 1 chunk(s)
        RenderSVGInlineText {#text} at (0,-17) size 75x22
          chunk 1 text run 1 at (2600.00,3820.00) startOffset 0 endOffset 11 width 75.00: "just a text"
      RenderSVGText {text} at (2700,3820) size 75x22 contains 1 chunk(s)
        RenderSVGInlineText {#text} at (0,-17) size 75x22
          chunk 1 text run 1 at (2700.00,3820.00) startOffset 0 endOffset 11 width 75.00: "just a text"
      RenderSVGText {text} at (2800,3820) size 75x22 contains 1 chunk(s)
        RenderSVGInlineText {#text} at (0,-17) size 75x22
          chunk 1 text run 1 at (2800.00,3820.00) startOffset 0 endOffset 11 width 75.00: "just a text"
      RenderSVGText {text} at (2900,3820) size 75x22 contains 1 chunk(s)
        RenderSVGInlineText {#text} at (0,-17) size 75x22
          chunk 1 text run 1 at (2900.00,3820.00) startOffset 0 endOffset 11 width 75.00: "just a text"
      RenderSVGText {text} at (3000,3820) size 75x22 contains 1 chunk(s)
        RenderSVGInlineText {#text} at (0,-17) size 75x22
          chunk 1 text run 1 at (3000.00,3820.00) startOffset 0 endOffset 11 width 75.00: "just a text"
      RenderSVGText {text} at (3100,3820) size 75x22 contains 1 chunk(s)
        RenderSVGInlineText {#text} at (0,-17) size 75x22
          chunk 1 text run 1 at (3100.00,3820.00) startOffset 0 endOffset 11 width 75.00: "just a text"
      RenderSVGText {text} at (3200,3820) size 75x22 contains 1 chunk(s)
        RenderSVGInlineText {#text} at (0,-17) size 75x22
          chunk 1 text run 1 at (3200.00,3820.00) startOffset 0 endOffset 11 width 75.00: "just a text"
      RenderSVGText {text} at (3300,3820) size 75x22 contains 1 chunk(s)
        RenderSVGInlineText {#text} at (0,-17) size 75x22
          chunk 1 text run 1 at (3300.00,3820.00) startOffset 0 endOffset 11 width 75.00: "just a text"
      RenderSVGText {text} at (3400,3820) size 75x22 contains 1 chunk(s)
        RenderSVGInlineText {#text} at (0,-17) size 75x22
          chunk 1 text run 1 at (3400.00,3820.00) startOffset 0 endOffset 11 width 75.00: "just a text"
      RenderSVGText {text} at (3500,3820) size 75x22 contains 1 chunk(s)
        RenderSVGInlineText {#text} at (0,-17) size 75x22
          chunk 1 text run 1 at (3500.00,3820.00) startOffset 0 endOffset 11 width 75.00: "just a text"
      RenderSVGText {text} at (3600,3820) size 75x22 contains 1 chunk(s)
        RenderSVGInlineText {#text} at (0,-17) size 75x22
          chunk 1 text run 1 at (3600.00,3820.00) startOffset 0 endOffset 11 width 75.00: "just a text"
      RenderSVGText {text} at (3700,3820) size 75x22 contains 1 chunk(s)
        RenderSVGInlineText {#text} at (0,-17) size 75x22
          chunk 1 text run 1 at (3700.00,3820.00) startOffset 0 endOffset 11 width 75.00: "just a text"
      RenderSVGText {text} at (3800,3820) size 75x22 contains 1 chunk(s)
        RenderSVGInlineText {#text} at (0,-17) size 75x22
          chunk 1 text run 1 at (3800.00,3820.00) startOffset 0 endOffset 11 width 75.00: "just a text"
      RenderSVGText {text} at (3900,3820) size 75x22 contains 1 chunk(s)
        RenderSVGInlineText {#text} at (0,-17) size 75x22
          chunk 1 text run 1 at (3900.00,3820.00) startOffset 0 endOffset 11 width 75.00: "just a text"
      RenderSVGText {text} at (4000,3820) size 75x22 contains 1 chunk(s)
        RenderSVGInlineText {#text} at (0,-17) size 75x22
          chunk 1 text run 1 at (4000.00,3820.00) startOffset 0 endOffset 11 width 75.00: "just a text"
      RenderSVGText {text} at (4100,3820) size 75x22 contains 1 chunk(s)
        RenderSVGInlineText {#text} at (0,-17) size 75x22
          chunk 1 text run 1 at (4100.00,3820.00) startOffset 0 endOffset 11 width 75.00: "just a text"
      RenderSVGText {text} at (4200,3820) size 75x22 contains 1 chunk(s)
        RenderSVGInlineText {#text} at (0,-17) size 75x22
          chunk 1 text run 1 at (4200.00,3820.00) startOffset 0 endOffset 11 width 75.00: "just a text"
      RenderSVGText {text} at (4300,3820) size 75x22 contains 1 chunk(s)
        RenderSVGInlineText {#text} at (0,-17) size 75x22
          chunk 1 text run 1 at (4300.00,3820.00) startOffset 0 endOffset 11 width 75.00: "just a text"
      RenderSVGText {text} at (4400,3820) size 75x22 contains 1 chunk(s)
        RenderSVGInlineText {#text} at (0,-17) size 75x22
          chunk 1 text run 1 at (4400.00,3820.00) startOffset 0 endOffset 11 width 75.00: "just a text"
      RenderSVGText {text} at (4500,3820) size 75x22 contains 1 chunk(s)
        RenderSVGInlineText {#text} at (0,-17) size 75x22
          chunk 1 text run 1 at (4500.00,3820.00) startOffset 0 endOffset 11 width 75.00: "just a text"
      RenderSVGText {text} at (4600,3820) size 75x22 contains 1 chunk(s)
        RenderSVGInlineText {#text} at (0,-17) size 75x22
          chunk 1 text run 1 at (4600.00,3820.00) startOffset 0 endOffset 11 width 75.00: "just a text"
      RenderSVGText {text} at (4700,3820) size 75x22 contains 1 chunk(s)
        RenderSVGInlineText {#text} at (0,-17) size 75x22
          chunk 1 text run 1 at (4700.00,3820.00) startOffset 0 endOffset 11 width 75.00: "just a text"
      RenderSVGText {text} at (4800,3820) size 75x22 contains 1 chunk(s)
        RenderSVGInlineText {#text} at (0,-17) size 75x22
          chunk 1 text run 1 at (4800.00,3820.00) startOffset 0 endOffset 11 width 75.00: "just a text"
      RenderSVGText {text} at (4900,3820) size 75x22 contains 1 chunk(s)
        RenderSVGInlineText {#text} at (0,-17) size 75x22
          chunk 1 text run 1 at (4900.00,3820.00) startOffset 0 endOffset 11 width 75.00: "just a text"
      RenderSVGText {text} at (0,3920) size 75x22 contains 1 chunk(s)
        RenderSVGInlineText {#text} at (0,-17) size 75x22
          chunk 1 text run 1 at (0.00,3920.00) startOffset 0 endOffset 11 width 75.00: "just a text"
      RenderSVGText {text} at (100,3920) size 75x22 contains 1 chunk(s)
        RenderSVGInlineText {#text} at (0,-17) size 75x22
          chunk 1 text run 1 at (100.00,3920.00) startOffset 0 endOffset 11 width 75.00: "just a text"
      RenderSVGText {text} at (200,3920) size 75x22 contains 1 chunk(s)
        RenderSVGInlineText {#text} at (0,-17) size 75x22
          chunk 1 text run 1 at (200.00,3920.00) startOffset 0 endOffset 11 width 75.00: "just a text"
      RenderSVGText {text} at (300,3920) size 75x22 contains 1 chunk(s)
        RenderSVGInlineText {#text} at (0,-17) size 75x22
          chunk 1 text run 1 at (300.00,3920.00) startOffset 0 endOffset 11 width 75.00: "just a text"
      RenderSVGText {text} at (400,3920) size 75x22 contains 1 chunk(s)
        RenderSVGInlineText {#text} at (0,-17) size 75x22
          chunk 1 text run 1 at (400.00,3920.00) startOffset 0 endOffset 11 width 75.00: "just a text"
      RenderSVGText {text} at (500,3920) size 75x22 contains 1 chunk(s)
        RenderSVGInlineText {#text} at (0,-17) size 75x22
          chunk 1 text run 1 at (500.00,3920.00) startOffset 0 endOffset 11 width 75.00: "just a text"
      RenderSVGText {text} at (600,3920) size 75x22 contains 1 chunk(s)
        RenderSVGInlineText {#text} at (0,-17) size 75x22
          chunk 1 text run 1 at (600.00,3920.00) startOffset 0 endOffset 11 width 75.00: "just a text"
      RenderSVGText {text} at (700,3920) size 75x22 contains 1 chunk(s)
        RenderSVGInlineText {#text} at (0,-17) size 75x22
          chunk 1 text run 1 at (700.00,3920.00) startOffset 0 endOffset 11 width 75.00: "just a text"
      RenderSVGText {text} at (800,3920) size 75x22 contains 1 chunk(s)
        RenderSVGInlineText {#text} at (0,-17) size 75x22
          chunk 1 text run 1 at (800.00,3920.00) startOffset 0 endOffset 11 width 75.00: "just a text"
      RenderSVGText {text} at (900,3920) size 75x22 contains 1 chunk(s)
        RenderSVGInlineText {#text} at (0,-17) size 75x22
          chunk 1 text run 1 at (900.00,3920.00) startOffset 0 endOffset 11 width 75.00: "just a text"
      RenderSVGText {text} at (1000,3920) size 75x22 contains 1 chunk(s)
        RenderSVGInlineText {#text} at (0,-17) size 75x22
          chunk 1 text run 1 at (1000.00,3920.00) startOffset 0 endOffset 11 width 75.00: "just a text"
      RenderSVGText {text} at (1100,3920) size 75x22 contains 1 chunk(s)
        RenderSVGInlineText {#text} at (0,-17) size 75x22
          chunk 1 text run 1 at (1100.00,3920.00) startOffset 0 endOffset 11 width 75.00: "just a text"
      RenderSVGText {text} at (1200,3920) size 75x22 contains 1 chunk(s)
        RenderSVGInlineText {#text} at (0,-17) size 75x22
          chunk 1 text run 1 at (1200.00,3920.00) startOffset 0 endOffset 11 width 75.00: "just a text"
      RenderSVGText {text} at (1300,3920) size 75x22 contains 1 chunk(s)
        RenderSVGInlineText {#text} at (0,-17) size 75x22
          chunk 1 text run 1 at (1300.00,3920.00) startOffset 0 endOffset 11 width 75.00: "just a text"
      RenderSVGText {text} at (1400,3920) size 75x22 contains 1 chunk(s)
        RenderSVGInlineText {#text} at (0,-17) size 75x22
          chunk 1 text run 1 at (1400.00,3920.00) startOffset 0 endOffset 11 width 75.00: "just a text"
      RenderSVGText {text} at (1500,3920) size 75x22 contains 1 chunk(s)
        RenderSVGInlineText {#text} at (0,-17) size 75x22
          chunk 1 text run 1 at (1500.00,3920.00) startOffset 0 endOffset 11 width 75.00: "just a text"
      RenderSVGText {text} at (1600,3920) size 75x22 contains 1 chunk(s)
        RenderSVGInlineText {#text} at (0,-17) size 75x22
          chunk 1 text run 1 at (1600.00,3920.00) startOffset 0 endOffset 11 width 75.00: "just a text"
      RenderSVGText {text} at (1700,3920) size 75x22 contains 1 chunk(s)
        RenderSVGInlineText {#text} at (0,-17) size 75x22
          chunk 1 text run 1 at (1700.00,3920.00) startOffset 0 endOffset 11 width 75.00: "just a text"
      RenderSVGText {text} at (1800,3920) size 75x22 contains 1 chunk(s)
        RenderSVGInlineText {#text} at (0,-17) size 75x22
          chunk 1 text run 1 at (1800.00,3920.00) startOffset 0 endOffset 11 width 75.00: "just a text"
      RenderSVGText {text} at (1900,3920) size 75x22 contains 1 chunk(s)
        RenderSVGInlineText {#text} at (0,-17) size 75x22
          chunk 1 text run 1 at (1900.00,3920.00) startOffset 0 endOffset 11 width 75.00: "just a text"
      RenderSVGText {text} at (2000,3920) size 75x22 contains 1 chunk(s)
        RenderSVGInlineText {#text} at (0,-17) size 75x22
          chunk 1 text run 1 at (2000.00,3920.00) startOffset 0 endOffset 11 width 75.00: "just a text"
      RenderSVGText {text} at (2100,3920) size 75x22 contains 1 chunk(s)
        RenderSVGInlineText {#text} at (0,-17) size 75x22
          chunk 1 text run 1 at (2100.00,3920.00) startOffset 0 endOffset 11 width 75.00: "just a text"
      RenderSVGText {text} at (2200,3920) size 75x22 contains 1 chunk(s)
        RenderSVGInlineText {#text} at (0,-17) size 75x22
          chunk 1 text run 1 at (2200.00,3920.00) startOffset 0 endOffset 11 width 75.00: "just a text"
      RenderSVGText {text} at (2300,3920) size 75x22 contains 1 chunk(s)
        RenderSVGInlineText {#text} at (0,-17) size 75x22
          chunk 1 text run 1 at (2300.00,3920.00) startOffset 0 endOffset 11 width 75.00: "just a text"
      RenderSVGText {text} at (2400,3920) size 75x22 contains 1 chunk(s)
        RenderSVGInlineText {#text} at (0,-17) size 75x22
          chunk 1 text run 1 at (2400.00,3920.00) startOffset 0 endOffset 11 width 75.00: "just a text"
      RenderSVGText {text} at (2500,3920) size 75x22 contains 1 chunk(s)
        RenderSVGInlineText {#text} at (0,-17) size 75x22
          chunk 1 text run 1 at (2500.00,3920.00) startOffset 0 endOffset 11 width 75.00: "just a text"
      RenderSVGText {text} at (2600,3920) size 75x22 contains 1 chunk(s)
        RenderSVGInlineText {#text} at (0,-17) size 75x22
          chunk 1 text run 1 at (2600.00,3920.00) startOffset 0 endOffset 11 width 75.00: "just a text"
      RenderSVGText {text} at (2700,3920) size 75x22 contains 1 chunk(s)
        RenderSVGInlineText {#text} at (0,-17) size 75x22
          chunk 1 text run 1 at (2700.00,3920.00) startOffset 0 endOffset 11 width 75.00: "just a text"
      RenderSVGText {text} at (2800,3920) size 75x22 contains 1 chunk(s)
        RenderSVGInlineText {#text} at (0,-17) size 75x22
          chunk 1 text run 1 at (2800.00,3920.00) startOffset 0 endOffset 11 width 75.00: "just a text"
      RenderSVGText {text} at (2900,3920) size 75x22 contains 1 chunk(s)
        RenderSVGInlineText {#text} at (0,-17) size 75x22
          chunk 1 text run 1 at (2900.00,3920.00) startOffset 0 endOffset 11 width 75.00: "just a text"
      RenderSVGText {text} at (3000,3920) size 75x22 contains 1 chunk(s)
        RenderSVGInlineText {#text} at (0,-17) size 75x22
          chunk 1 text run 1 at (3000.00,3920.00) startOffset 0 endOffset 11 width 75.00: "just a text"
      RenderSVGText {text} at (3100,3920) size 75x22 contains 1 chunk(s)
        RenderSVGInlineText {#text} at (0,-17) size 75x22
          chunk 1 text run 1 at (3100.00,3920.00) startOffset 0 endOffset 11 width 75.00: "just a text"
      RenderSVGText {text} at (3200,3920) size 75x22 contains 1 chunk(s)
        RenderSVGInlineText {#text} at (0,-17) size 75x22
          chunk 1 text run 1 at (3200.00,3920.00) startOffset 0 endOffset 11 width 75.00: "just a text"
      RenderSVGText {text} at (3300,3920) size 75x22 contains 1 chunk(s)
        RenderSVGInlineText {#text} at (0,-17) size 75x22
          chunk 1 text run 1 at (3300.00,3920.00) startOffset 0 endOffset 11 width 75.00: "just a text"
      RenderSVGText {text} at (3400,3920) size 75x22 contains 1 chunk(s)
        RenderSVGInlineText {#text} at (0,-17) size 75x22
          chunk 1 text run 1 at (3400.00,3920.00) startOffset 0 endOffset 11 width 75.00: "just a text"
      RenderSVGText {text} at (3500,3920) size 75x22 contains 1 chunk(s)
        RenderSVGInlineText {#text} at (0,-17) size 75x22
          chunk 1 text run 1 at (3500.00,3920.00) startOffset 0 endOffset 11 width 75.00: "just a text"
      RenderSVGText {text} at (3600,3920) size 75x22 contains 1 chunk(s)
        RenderSVGInlineText {#text} at (0,-17) size 75x22
          chunk 1 text run 1 at (3600.00,3920.00) startOffset 0 endOffset 11 width 75.00: "just a text"
      RenderSVGText {text} at (3700,3920) size 75x22 contains 1 chunk(s)
        RenderSVGInlineText {#text} at (0,-17) size 75x22
          chunk 1 text run 1 at (3700.00,3920.00) startOffset 0 endOffset 11 width 75.00: "just a text"
      RenderSVGText {text} at (3800,3920) size 75x22 contains 1 chunk(s)
        RenderSVGInlineText {#text} at (0,-17) size 75x22
          chunk 1 text run 1 at (3800.00,3920.00) startOffset 0 endOffset 11 width 75.00: "just a text"
      RenderSVGText {text} at (3900,3920) size 75x22 contains 1 chunk(s)
        RenderSVGInlineText {#text} at (0,-17) size 75x22
          chunk 1 text run 1 at (3900.00,3920.00) startOffset 0 endOffset 11 width 75.00: "just a text"
      RenderSVGText {text} at (4000,3920) size 75x22 contains 1 chunk(s)
        RenderSVGInlineText {#text} at (0,-17) size 75x22
          chunk 1 text run 1 at (4000.00,3920.00) startOffset 0 endOffset 11 width 75.00: "just a text"
      RenderSVGText {text} at (4100,3920) size 75x22 contains 1 chunk(s)
        RenderSVGInlineText {#text} at (0,-17) size 75x22
          chunk 1 text run 1 at (4100.00,3920.00) startOffset 0 endOffset 11 width 75.00: "just a text"
      RenderSVGText {text} at (4200,3920) size 75x22 contains 1 chunk(s)
        RenderSVGInlineText {#text} at (0,-17) size 75x22
          chunk 1 text run 1 at (4200.00,3920.00) startOffset 0 endOffset 11 width 75.00: "just a text"
      RenderSVGText {text} at (4300,3920) size 75x22 contains 1 chunk(s)
        RenderSVGInlineText {#text} at (0,-17) size 75x22
          chunk 1 text run 1 at (4300.00,3920.00) startOffset 0 endOffset 11 width 75.00: "just a text"
      RenderSVGText {text} at (4400,3920) size 75x22 contains 1 chunk(s)
        RenderSVGInlineText {#text} at (0,-17) size 75x22
          chunk 1 text run 1 at (4400.00,3920.00) startOffset 0 endOffset 11 width 75.00: "just a text"
      RenderSVGText {text} at (4500,3920) size 75x22 contains 1 chunk(s)
        RenderSVGInlineText {#text} at (0,-17) size 75x22
          chunk 1 text run 1 at (4500.00,3920.00) startOffset 0 endOffset 11 width 75.00: "just a text"
      RenderSVGText {text} at (4600,3920) size 75x22 contains 1 chunk(s)
        RenderSVGInlineText {#text} at (0,-17) size 75x22
          chunk 1 text run 1 at (4600.00,3920.00) startOffset 0 endOffset 11 width 75.00: "just a text"
      RenderSVGText {text} at (4700,3920) size 75x22 contains 1 chunk(s)
        RenderSVGInlineText {#text} at (0,-17) size 75x22
          chunk 1 text run 1 at (4700.00,3920.00) startOffset 0 endOffset 11 width 75.00: "just a text"
      RenderSVGText {text} at (4800,3920) size 75x22 contains 1 chunk(s)
        RenderSVGInlineText {#text} at (0,-17) size 75x22
          chunk 1 text run 1 at (4800.00,3920.00) startOffset 0 endOffset 11 width 75.00: "just a text"
      RenderSVGText {text} at (4900,3920) size 75x22 contains 1 chunk(s)
        RenderSVGInlineText {#text} at (0,-17) size 75x22
          chunk 1 text run 1 at (4900.00,3920.00) startOffset 0 endOffset 11 width 75.00: "just a text"
      RenderSVGText {text} at (0,4020) size 75x22 contains 1 chunk(s)
        RenderSVGInlineText {#text} at (0,-17) size 75x22
          chunk 1 text run 1 at (0.00,4020.00) startOffset 0 endOffset 11 width 75.00: "just a text"
      RenderSVGText {text} at (100,4020) size 75x22 contains 1 chunk(s)
        RenderSVGInlineText {#text} at (0,-17) size 75x22
          chunk 1 text run 1 at (100.00,4020.00) startOffset 0 endOffset 11 width 75.00: "just a text"
      RenderSVGText {text} at (200,4020) size 75x22 contains 1 chunk(s)
        RenderSVGInlineText {#text} at (0,-17) size 75x22
          chunk 1 text run 1 at (200.00,4020.00) startOffset 0 endOffset 11 width 75.00: "just a text"
      RenderSVGText {text} at (300,4020) size 75x22 contains 1 chunk(s)
        RenderSVGInlineText {#text} at (0,-17) size 75x22
          chunk 1 text run 1 at (300.00,4020.00) startOffset 0 endOffset 11 width 75.00: "just a text"
      RenderSVGText {text} at (400,4020) size 75x22 contains 1 chunk(s)
        RenderSVGInlineText {#text} at (0,-17) size 75x22
          chunk 1 text run 1 at (400.00,4020.00) startOffset 0 endOffset 11 width 75.00: "just a text"
      RenderSVGText {text} at (500,4020) size 75x22 contains 1 chunk(s)
        RenderSVGInlineText {#text} at (0,-17) size 75x22
          chunk 1 text run 1 at (500.00,4020.00) startOffset 0 endOffset 11 width 75.00: "just a text"
      RenderSVGText {text} at (600,4020) size 75x22 contains 1 chunk(s)
        RenderSVGInlineText {#text} at (0,-17) size 75x22
          chunk 1 text run 1 at (600.00,4020.00) startOffset 0 endOffset 11 width 75.00: "just a text"
      RenderSVGText {text} at (700,4020) size 75x22 contains 1 chunk(s)
        RenderSVGInlineText {#text} at (0,-17) size 75x22
          chunk 1 text run 1 at (700.00,4020.00) startOffset 0 endOffset 11 width 75.00: "just a text"
      RenderSVGText {text} at (800,4020) size 75x22 contains 1 chunk(s)
        RenderSVGInlineText {#text} at (0,-17) size 75x22
          chunk 1 text run 1 at (800.00,4020.00) startOffset 0 endOffset 11 width 75.00: "just a text"
      RenderSVGText {text} at (900,4020) size 75x22 contains 1 chunk(s)
        RenderSVGInlineText {#text} at (0,-17) size 75x22
          chunk 1 text run 1 at (900.00,4020.00) startOffset 0 endOffset 11 width 75.00: "just a text"
      RenderSVGText {text} at (1000,4020) size 75x22 contains 1 chunk(s)
        RenderSVGInlineText {#text} at (0,-17) size 75x22
          chunk 1 text run 1 at (1000.00,4020.00) startOffset 0 endOffset 11 width 75.00: "just a text"
      RenderSVGText {text} at (1100,4020) size 75x22 contains 1 chunk(s)
        RenderSVGInlineText {#text} at (0,-17) size 75x22
          chunk 1 text run 1 at (1100.00,4020.00) startOffset 0 endOffset 11 width 75.00: "just a text"
      RenderSVGText {text} at (1200,4020) size 75x22 contains 1 chunk(s)
        RenderSVGInlineText {#text} at (0,-17) size 75x22
          chunk 1 text run 1 at (1200.00,4020.00) startOffset 0 endOffset 11 width 75.00: "just a text"
      RenderSVGText {text} at (1300,4020) size 75x22 contains 1 chunk(s)
        RenderSVGInlineText {#text} at (0,-17) size 75x22
          chunk 1 text run 1 at (1300.00,4020.00) startOffset 0 endOffset 11 width 75.00: "just a text"
      RenderSVGText {text} at (1400,4020) size 75x22 contains 1 chunk(s)
        RenderSVGInlineText {#text} at (0,-17) size 75x22
          chunk 1 text run 1 at (1400.00,4020.00) startOffset 0 endOffset 11 width 75.00: "just a text"
      RenderSVGText {text} at (1500,4020) size 75x22 contains 1 chunk(s)
        RenderSVGInlineText {#text} at (0,-17) size 75x22
          chunk 1 text run 1 at (1500.00,4020.00) startOffset 0 endOffset 11 width 75.00: "just a text"
      RenderSVGText {text} at (1600,4020) size 75x22 contains 1 chunk(s)
        RenderSVGInlineText {#text} at (0,-17) size 75x22
          chunk 1 text run 1 at (1600.00,4020.00) startOffset 0 endOffset 11 width 75.00: "just a text"
      RenderSVGText {text} at (1700,4020) size 75x22 contains 1 chunk(s)
        RenderSVGInlineText {#text} at (0,-17) size 75x22
          chunk 1 text run 1 at (1700.00,4020.00) startOffset 0 endOffset 11 width 75.00: "just a text"
      RenderSVGText {text} at (1800,4020) size 75x22 contains 1 chunk(s)
        RenderSVGInlineText {#text} at (0,-17) size 75x22
          chunk 1 text run 1 at (1800.00,4020.00) startOffset 0 endOffset 11 width 75.00: "just a text"
      RenderSVGText {text} at (1900,4020) size 75x22 contains 1 chunk(s)
        RenderSVGInlineText {#text} at (0,-17) size 75x22
          chunk 1 text run 1 at (1900.00,4020.00) startOffset 0 endOffset 11 width 75.00: "just a text"
      RenderSVGText {text} at (2000,4020) size 75x22 contains 1 chunk(s)
        RenderSVGInlineText {#text} at (0,-17) size 75x22
          chunk 1 text run 1 at (2000.00,4020.00) startOffset 0 endOffset 11 width 75.00: "just a text"
      RenderSVGText {text} at (2100,4020) size 75x22 contains 1 chunk(s)
        RenderSVGInlineText {#text} at (0,-17) size 75x22
          chunk 1 text run 1 at (2100.00,4020.00) startOffset 0 endOffset 11 width 75.00: "just a text"
      RenderSVGText {text} at (2200,4020) size 75x22 contains 1 chunk(s)
        RenderSVGInlineText {#text} at (0,-17) size 75x22
          chunk 1 text run 1 at (2200.00,4020.00) startOffset 0 endOffset 11 width 75.00: "just a text"
      RenderSVGText {text} at (2300,4020) size 75x22 contains 1 chunk(s)
        RenderSVGInlineText {#text} at (0,-17) size 75x22
          chunk 1 text run 1 at (2300.00,4020.00) startOffset 0 endOffset 11 width 75.00: "just a text"
      RenderSVGText {text} at (2400,4020) size 75x22 contains 1 chunk(s)
        RenderSVGInlineText {#text} at (0,-17) size 75x22
          chunk 1 text run 1 at (2400.00,4020.00) startOffset 0 endOffset 11 width 75.00: "just a text"
      RenderSVGText {text} at (2500,4020) size 75x22 contains 1 chunk(s)
        RenderSVGInlineText {#text} at (0,-17) size 75x22
          chunk 1 text run 1 at (2500.00,4020.00) startOffset 0 endOffset 11 width 75.00: "just a text"
      RenderSVGText {text} at (2600,4020) size 75x22 contains 1 chunk(s)
        RenderSVGInlineText {#text} at (0,-17) size 75x22
          chunk 1 text run 1 at (2600.00,4020.00) startOffset 0 endOffset 11 width 75.00: "just a text"
      RenderSVGText {text} at (2700,4020) size 75x22 contains 1 chunk(s)
        RenderSVGInlineText {#text} at (0,-17) size 75x22
          chunk 1 text run 1 at (2700.00,4020.00) startOffset 0 endOffset 11 width 75.00: "just a text"
      RenderSVGText {text} at (2800,4020) size 75x22 contains 1 chunk(s)
        RenderSVGInlineText {#text} at (0,-17) size 75x22
          chunk 1 text run 1 at (2800.00,4020.00) startOffset 0 endOffset 11 width 75.00: "just a text"
      RenderSVGText {text} at (2900,4020) size 75x22 contains 1 chunk(s)
        RenderSVGInlineText {#text} at (0,-17) size 75x22
          chunk 1 text run 1 at (2900.00,4020.00) startOffset 0 endOffset 11 width 75.00: "just a text"
      RenderSVGText {text} at (3000,4020) size 75x22 contains 1 chunk(s)
        RenderSVGInlineText {#text} at (0,-17) size 75x22
          chunk 1 text run 1 at (3000.00,4020.00) startOffset 0 endOffset 11 width 75.00: "just a text"
      RenderSVGText {text} at (3100,4020) size 75x22 contains 1 chunk(s)
        RenderSVGInlineText {#text} at (0,-17) size 75x22
          chunk 1 text run 1 at (3100.00,4020.00) startOffset 0 endOffset 11 width 75.00: "just a text"
      RenderSVGText {text} at (3200,4020) size 75x22 contains 1 chunk(s)
        RenderSVGInlineText {#text} at (0,-17) size 75x22
          chunk 1 text run 1 at (3200.00,4020.00) startOffset 0 endOffset 11 width 75.00: "just a text"
      RenderSVGText {text} at (3300,4020) size 75x22 contains 1 chunk(s)
        RenderSVGInlineText {#text} at (0,-17) size 75x22
          chunk 1 text run 1 at (3300.00,4020.00) startOffset 0 endOffset 11 width 75.00: "just a text"
      RenderSVGText {text} at (3400,4020) size 75x22 contains 1 chunk(s)
        RenderSVGInlineText {#text} at (0,-17) size 75x22
          chunk 1 text run 1 at (3400.00,4020.00) startOffset 0 endOffset 11 width 75.00: "just a text"
      RenderSVGText {text} at (3500,4020) size 75x22 contains 1 chunk(s)
        RenderSVGInlineText {#text} at (0,-17) size 75x22
          chunk 1 text run 1 at (3500.00,4020.00) startOffset 0 endOffset 11 width 75.00: "just a text"
      RenderSVGText {text} at (3600,4020) size 75x22 contains 1 chunk(s)
        RenderSVGInlineText {#text} at (0,-17) size 75x22
          chunk 1 text run 1 at (3600.00,4020.00) startOffset 0 endOffset 11 width 75.00: "just a text"
      RenderSVGText {text} at (3700,4020) size 75x22 contains 1 chunk(s)
        RenderSVGInlineText {#text} at (0,-17) size 75x22
          chunk 1 text run 1 at (3700.00,4020.00) startOffset 0 endOffset 11 width 75.00: "just a text"
      RenderSVGText {text} at (3800,4020) size 75x22 contains 1 chunk(s)
        RenderSVGInlineText {#text} at (0,-17) size 75x22
          chunk 1 text run 1 at (3800.00,4020.00) startOffset 0 endOffset 11 width 75.00: "just a text"
      RenderSVGText {text} at (3900,4020) size 75x22 contains 1 chunk(s)
        RenderSVGInlineText {#text} at (0,-17) size 75x22
          chunk 1 text run 1 at (3900.00,4020.00) startOffset 0 endOffset 11 width 75.00: "just a text"
      RenderSVGText {text} at (4000,4020) size 75x22 contains 1 chunk(s)
        RenderSVGInlineText {#text} at (0,-17) size 75x22
          chunk 1 text run 1 at (4000.00,4020.00) startOffset 0 endOffset 11 width 75.00: "just a text"
      RenderSVGText {text} at (4100,4020) size 75x22 contains 1 chunk(s)
        RenderSVGInlineText {#text} at (0,-17) size 75x22
          chunk 1 text run 1 at (4100.00,4020.00) startOffset 0 endOffset 11 width 75.00: "just a text"
      RenderSVGText {text} at (4200,4020) size 75x22 contains 1 chunk(s)
        RenderSVGInlineText {#text} at (0,-17) size 75x22
          chunk 1 text run 1 at (4200.00,4020.00) startOffset 0 endOffset 11 width 75.00: "just a text"
      RenderSVGText {text} at (4300,4020) size 75x22 contains 1 chunk(s)
        RenderSVGInlineText {#text} at (0,-17) size 75x22
          chunk 1 text run 1 at (4300.00,4020.00) startOffset 0 endOffset 11 width 75.00: "just a text"
      RenderSVGText {text} at (4400,4020) size 75x22 contains 1 chunk(s)
        RenderSVGInlineText {#text} at (0,-17) size 75x22
          chunk 1 text run 1 at (4400.00,4020.00) startOffset 0 endOffset 11 width 75.00: "just a text"
      RenderSVGText {text} at (4500,4020) size 75x22 contains 1 chunk(s)
        RenderSVGInlineText {#text} at (0,-17) size 75x22
          chunk 1 text run 1 at (4500.00,4020.00) startOffset 0 endOffset 11 width 75.00: "just a text"
      RenderSVGText {text} at (4600,4020) size 75x22 contains 1 chunk(s)
        RenderSVGInlineText {#text} at (0,-17) size 75x22
          chunk 1 text run 1 at (4600.00,4020.00) startOffset 0 endOffset 11 width 75.00: "just a text"
      RenderSVGText {text} at (4700,4020) size 75x22 contains 1 chunk(s)
        RenderSVGInlineText {#text} at (0,-17) size 75x22
          chunk 1 text run 1 at (4700.00,4020.00) startOffset 0 endOffset 11 width 75.00: "just a text"
      RenderSVGText {text} at (4800,4020) size 75x22 contains 1 chunk(s)
        RenderSVGInlineText {#text} at (0,-17) size 75x22
          chunk 1 text run 1 at (4800.00,4020.00) startOffset 0 endOffset 11 width 75.00: "just a text"
      RenderSVGText {text} at (4900,4020) size 75x22 contains 1 chunk(s)
        RenderSVGInlineText {#text} at (0,-17) size 75x22
          chunk 1 text run 1 at (4900.00,4020.00) startOffset 0 endOffset 11 width 75.00: "just a text"
      RenderSVGText {text} at (0,4120) size 75x22 contains 1 chunk(s)
        RenderSVGInlineText {#text} at (0,-17) size 75x22
          chunk 1 text run 1 at (0.00,4120.00) startOffset 0 endOffset 11 width 75.00: "just a text"
      RenderSVGText {text} at (100,4120) size 75x22 contains 1 chunk(s)
        RenderSVGInlineText {#text} at (0,-17) size 75x22
          chunk 1 text run 1 at (100.00,4120.00) startOffset 0 endOffset 11 width 75.00: "just a text"
      RenderSVGText {text} at (200,4120) size 75x22 contains 1 chunk(s)
        RenderSVGInlineText {#text} at (0,-17) size 75x22
          chunk 1 text run 1 at (200.00,4120.00) startOffset 0 endOffset 11 width 75.00: "just a text"
      RenderSVGText {text} at (300,4120) size 75x22 contains 1 chunk(s)
        RenderSVGInlineText {#text} at (0,-17) size 75x22
          chunk 1 text run 1 at (300.00,4120.00) startOffset 0 endOffset 11 width 75.00: "just a text"
      RenderSVGText {text} at (400,4120) size 75x22 contains 1 chunk(s)
        RenderSVGInlineText {#text} at (0,-17) size 75x22
          chunk 1 text run 1 at (400.00,4120.00) startOffset 0 endOffset 11 width 75.00: "just a text"
      RenderSVGText {text} at (500,4120) size 75x22 contains 1 chunk(s)
        RenderSVGInlineText {#text} at (0,-17) size 75x22
          chunk 1 text run 1 at (500.00,4120.00) startOffset 0 endOffset 11 width 75.00: "just a text"
      RenderSVGText {text} at (600,4120) size 75x22 contains 1 chunk(s)
        RenderSVGInlineText {#text} at (0,-17) size 75x22
          chunk 1 text run 1 at (600.00,4120.00) startOffset 0 endOffset 11 width 75.00: "just a text"
      RenderSVGText {text} at (700,4120) size 75x22 contains 1 chunk(s)
        RenderSVGInlineText {#text} at (0,-17) size 75x22
          chunk 1 text run 1 at (700.00,4120.00) startOffset 0 endOffset 11 width 75.00: "just a text"
      RenderSVGText {text} at (800,4120) size 75x22 contains 1 chunk(s)
        RenderSVGInlineText {#text} at (0,-17) size 75x22
          chunk 1 text run 1 at (800.00,4120.00) startOffset 0 endOffset 11 width 75.00: "just a text"
      RenderSVGText {text} at (900,4120) size 75x22 contains 1 chunk(s)
        RenderSVGInlineText {#text} at (0,-17) size 75x22
          chunk 1 text run 1 at (900.00,4120.00) startOffset 0 endOffset 11 width 75.00: "just a text"
      RenderSVGText {text} at (1000,4120) size 75x22 contains 1 chunk(s)
        RenderSVGInlineText {#text} at (0,-17) size 75x22
          chunk 1 text run 1 at (1000.00,4120.00) startOffset 0 endOffset 11 width 75.00: "just a text"
      RenderSVGText {text} at (1100,4120) size 75x22 contains 1 chunk(s)
        RenderSVGInlineText {#text} at (0,-17) size 75x22
          chunk 1 text run 1 at (1100.00,4120.00) startOffset 0 endOffset 11 width 75.00: "just a text"
      RenderSVGText {text} at (1200,4120) size 75x22 contains 1 chunk(s)
        RenderSVGInlineText {#text} at (0,-17) size 75x22
          chunk 1 text run 1 at (1200.00,4120.00) startOffset 0 endOffset 11 width 75.00: "just a text"
      RenderSVGText {text} at (1300,4120) size 75x22 contains 1 chunk(s)
        RenderSVGInlineText {#text} at (0,-17) size 75x22
          chunk 1 text run 1 at (1300.00,4120.00) startOffset 0 endOffset 11 width 75.00: "just a text"
      RenderSVGText {text} at (1400,4120) size 75x22 contains 1 chunk(s)
        RenderSVGInlineText {#text} at (0,-17) size 75x22
          chunk 1 text run 1 at (1400.00,4120.00) startOffset 0 endOffset 11 width 75.00: "just a text"
      RenderSVGText {text} at (1500,4120) size 75x22 contains 1 chunk(s)
        RenderSVGInlineText {#text} at (0,-17) size 75x22
          chunk 1 text run 1 at (1500.00,4120.00) startOffset 0 endOffset 11 width 75.00: "just a text"
      RenderSVGText {text} at (1600,4120) size 75x22 contains 1 chunk(s)
        RenderSVGInlineText {#text} at (0,-17) size 75x22
          chunk 1 text run 1 at (1600.00,4120.00) startOffset 0 endOffset 11 width 75.00: "just a text"
      RenderSVGText {text} at (1700,4120) size 75x22 contains 1 chunk(s)
        RenderSVGInlineText {#text} at (0,-17) size 75x22
          chunk 1 text run 1 at (1700.00,4120.00) startOffset 0 endOffset 11 width 75.00: "just a text"
      RenderSVGText {text} at (1800,4120) size 75x22 contains 1 chunk(s)
        RenderSVGInlineText {#text} at (0,-17) size 75x22
          chunk 1 text run 1 at (1800.00,4120.00) startOffset 0 endOffset 11 width 75.00: "just a text"
      RenderSVGText {text} at (1900,4120) size 75x22 contains 1 chunk(s)
        RenderSVGInlineText {#text} at (0,-17) size 75x22
          chunk 1 text run 1 at (1900.00,4120.00) startOffset 0 endOffset 11 width 75.00: "just a text"
      RenderSVGText {text} at (2000,4120) size 75x22 contains 1 chunk(s)
        RenderSVGInlineText {#text} at (0,-17) size 75x22
          chunk 1 text run 1 at (2000.00,4120.00) startOffset 0 endOffset 11 width 75.00: "just a text"
      RenderSVGText {text} at (2100,4120) size 75x22 contains 1 chunk(s)
        RenderSVGInlineText {#text} at (0,-17) size 75x22
          chunk 1 text run 1 at (2100.00,4120.00) startOffset 0 endOffset 11 width 75.00: "just a text"
      RenderSVGText {text} at (2200,4120) size 75x22 contains 1 chunk(s)
        RenderSVGInlineText {#text} at (0,-17) size 75x22
          chunk 1 text run 1 at (2200.00,4120.00) startOffset 0 endOffset 11 width 75.00: "just a text"
      RenderSVGText {text} at (2300,4120) size 75x22 contains 1 chunk(s)
        RenderSVGInlineText {#text} at (0,-17) size 75x22
          chunk 1 text run 1 at (2300.00,4120.00) startOffset 0 endOffset 11 width 75.00: "just a text"
      RenderSVGText {text} at (2400,4120) size 75x22 contains 1 chunk(s)
        RenderSVGInlineText {#text} at (0,-17) size 75x22
          chunk 1 text run 1 at (2400.00,4120.00) startOffset 0 endOffset 11 width 75.00: "just a text"
      RenderSVGText {text} at (2500,4120) size 75x22 contains 1 chunk(s)
        RenderSVGInlineText {#text} at (0,-17) size 75x22
          chunk 1 text run 1 at (2500.00,4120.00) startOffset 0 endOffset 11 width 75.00: "just a text"
      RenderSVGText {text} at (2600,4120) size 75x22 contains 1 chunk(s)
        RenderSVGInlineText {#text} at (0,-17) size 75x22
          chunk 1 text run 1 at (2600.00,4120.00) startOffset 0 endOffset 11 width 75.00: "just a text"
      RenderSVGText {text} at (2700,4120) size 75x22 contains 1 chunk(s)
        RenderSVGInlineText {#text} at (0,-17) size 75x22
          chunk 1 text run 1 at (2700.00,4120.00) startOffset 0 endOffset 11 width 75.00: "just a text"
      RenderSVGText {text} at (2800,4120) size 75x22 contains 1 chunk(s)
        RenderSVGInlineText {#text} at (0,-17) size 75x22
          chunk 1 text run 1 at (2800.00,4120.00) startOffset 0 endOffset 11 width 75.00: "just a text"
      RenderSVGText {text} at (2900,4120) size 75x22 contains 1 chunk(s)
        RenderSVGInlineText {#text} at (0,-17) size 75x22
          chunk 1 text run 1 at (2900.00,4120.00) startOffset 0 endOffset 11 width 75.00: "just a text"
      RenderSVGText {text} at (3000,4120) size 75x22 contains 1 chunk(s)
        RenderSVGInlineText {#text} at (0,-17) size 75x22
          chunk 1 text run 1 at (3000.00,4120.00) startOffset 0 endOffset 11 width 75.00: "just a text"
      RenderSVGText {text} at (3100,4120) size 75x22 contains 1 chunk(s)
        RenderSVGInlineText {#text} at (0,-17) size 75x22
          chunk 1 text run 1 at (3100.00,4120.00) startOffset 0 endOffset 11 width 75.00: "just a text"
      RenderSVGText {text} at (3200,4120) size 75x22 contains 1 chunk(s)
        RenderSVGInlineText {#text} at (0,-17) size 75x22
          chunk 1 text run 1 at (3200.00,4120.00) startOffset 0 endOffset 11 width 75.00: "just a text"
      RenderSVGText {text} at (3300,4120) size 75x22 contains 1 chunk(s)
        RenderSVGInlineText {#text} at (0,-17) size 75x22
          chunk 1 text run 1 at (3300.00,4120.00) startOffset 0 endOffset 11 width 75.00: "just a text"
      RenderSVGText {text} at (3400,4120) size 75x22 contains 1 chunk(s)
        RenderSVGInlineText {#text} at (0,-17) size 75x22
          chunk 1 text run 1 at (3400.00,4120.00) startOffset 0 endOffset 11 width 75.00: "just a text"
      RenderSVGText {text} at (3500,4120) size 75x22 contains 1 chunk(s)
        RenderSVGInlineText {#text} at (0,-17) size 75x22
          chunk 1 text run 1 at (3500.00,4120.00) startOffset 0 endOffset 11 width 75.00: "just a text"
      RenderSVGText {text} at (3600,4120) size 75x22 contains 1 chunk(s)
        RenderSVGInlineText {#text} at (0,-17) size 75x22
          chunk 1 text run 1 at (3600.00,4120.00) startOffset 0 endOffset 11 width 75.00: "just a text"
      RenderSVGText {text} at (3700,4120) size 75x22 contains 1 chunk(s)
        RenderSVGInlineText {#text} at (0,-17) size 75x22
          chunk 1 text run 1 at (3700.00,4120.00) startOffset 0 endOffset 11 width 75.00: "just a text"
      RenderSVGText {text} at (3800,4120) size 75x22 contains 1 chunk(s)
        RenderSVGInlineText {#text} at (0,-17) size 75x22
          chunk 1 text run 1 at (3800.00,4120.00) startOffset 0 endOffset 11 width 75.00: "just a text"
      RenderSVGText {text} at (3900,4120) size 75x22 contains 1 chunk(s)
        RenderSVGInlineText {#text} at (0,-17) size 75x22
          chunk 1 text run 1 at (3900.00,4120.00) startOffset 0 endOffset 11 width 75.00: "just a text"
      RenderSVGText {text} at (4000,4120) size 75x22 contains 1 chunk(s)
        RenderSVGInlineText {#text} at (0,-17) size 75x22
          chunk 1 text run 1 at (4000.00,4120.00) startOffset 0 endOffset 11 width 75.00: "just a text"
      RenderSVGText {text} at (4100,4120) size 75x22 contains 1 chunk(s)
        RenderSVGInlineText {#text} at (0,-17) size 75x22
          chunk 1 text run 1 at (4100.00,4120.00) startOffset 0 endOffset 11 width 75.00: "just a text"
      RenderSVGText {text} at (4200,4120) size 75x22 contains 1 chunk(s)
        RenderSVGInlineText {#text} at (0,-17) size 75x22
          chunk 1 text run 1 at (4200.00,4120.00) startOffset 0 endOffset 11 width 75.00: "just a text"
      RenderSVGText {text} at (4300,4120) size 75x22 contains 1 chunk(s)
        RenderSVGInlineText {#text} at (0,-17) size 75x22
          chunk 1 text run 1 at (4300.00,4120.00) startOffset 0 endOffset 11 width 75.00: "just a text"
      RenderSVGText {text} at (4400,4120) size 75x22 contains 1 chunk(s)
        RenderSVGInlineText {#text} at (0,-17) size 75x22
          chunk 1 text run 1 at (4400.00,4120.00) startOffset 0 endOffset 11 width 75.00: "just a text"
      RenderSVGText {text} at (4500,4120) size 75x22 contains 1 chunk(s)
        RenderSVGInlineText {#text} at (0,-17) size 75x22
          chunk 1 text run 1 at (4500.00,4120.00) startOffset 0 endOffset 11 width 75.00: "just a text"
      RenderSVGText {text} at (4600,4120) size 75x22 contains 1 chunk(s)
        RenderSVGInlineText {#text} at (0,-17) size 75x22
          chunk 1 text run 1 at (4600.00,4120.00) startOffset 0 endOffset 11 width 75.00: "just a text"
      RenderSVGText {text} at (4700,4120) size 75x22 contains 1 chunk(s)
        RenderSVGInlineText {#text} at (0,-17) size 75x22
          chunk 1 text run 1 at (4700.00,4120.00) startOffset 0 endOffset 11 width 75.00: "just a text"
      RenderSVGText {text} at (4800,4120) size 75x22 contains 1 chunk(s)
        RenderSVGInlineText {#text} at (0,-17) size 75x22
          chunk 1 text run 1 at (4800.00,4120.00) startOffset 0 endOffset 11 width 75.00: "just a text"
      RenderSVGText {text} at (4900,4120) size 75x22 contains 1 chunk(s)
        RenderSVGInlineText {#text} at (0,-17) size 75x22
          chunk 1 text run 1 at (4900.00,4120.00) startOffset 0 endOffset 11 width 75.00: "just a text"
      RenderSVGText {text} at (0,4220) size 75x22 contains 1 chunk(s)
        RenderSVGInlineText {#text} at (0,-17) size 75x22
          chunk 1 text run 1 at (0.00,4220.00) startOffset 0 endOffset 11 width 75.00: "just a text"
      RenderSVGText {text} at (100,4220) size 75x22 contains 1 chunk(s)
        RenderSVGInlineText {#text} at (0,-17) size 75x22
          chunk 1 text run 1 at (100.00,4220.00) startOffset 0 endOffset 11 width 75.00: "just a text"
      RenderSVGText {text} at (200,4220) size 75x22 contains 1 chunk(s)
        RenderSVGInlineText {#text} at (0,-17) size 75x22
          chunk 1 text run 1 at (200.00,4220.00) startOffset 0 endOffset 11 width 75.00: "just a text"
      RenderSVGText {text} at (300,4220) size 75x22 contains 1 chunk(s)
        RenderSVGInlineText {#text} at (0,-17) size 75x22
          chunk 1 text run 1 at (300.00,4220.00) startOffset 0 endOffset 11 width 75.00: "just a text"
      RenderSVGText {text} at (400,4220) size 75x22 contains 1 chunk(s)
        RenderSVGInlineText {#text} at (0,-17) size 75x22
          chunk 1 text run 1 at (400.00,4220.00) startOffset 0 endOffset 11 width 75.00: "just a text"
      RenderSVGText {text} at (500,4220) size 75x22 contains 1 chunk(s)
        RenderSVGInlineText {#text} at (0,-17) size 75x22
          chunk 1 text run 1 at (500.00,4220.00) startOffset 0 endOffset 11 width 75.00: "just a text"
      RenderSVGText {text} at (600,4220) size 75x22 contains 1 chunk(s)
        RenderSVGInlineText {#text} at (0,-17) size 75x22
          chunk 1 text run 1 at (600.00,4220.00) startOffset 0 endOffset 11 width 75.00: "just a text"
      RenderSVGText {text} at (700,4220) size 75x22 contains 1 chunk(s)
        RenderSVGInlineText {#text} at (0,-17) size 75x22
          chunk 1 text run 1 at (700.00,4220.00) startOffset 0 endOffset 11 width 75.00: "just a text"
      RenderSVGText {text} at (800,4220) size 75x22 contains 1 chunk(s)
        RenderSVGInlineText {#text} at (0,-17) size 75x22
          chunk 1 text run 1 at (800.00,4220.00) startOffset 0 endOffset 11 width 75.00: "just a text"
      RenderSVGText {text} at (900,4220) size 75x22 contains 1 chunk(s)
        RenderSVGInlineText {#text} at (0,-17) size 75x22
          chunk 1 text run 1 at (900.00,4220.00) startOffset 0 endOffset 11 width 75.00: "just a text"
      RenderSVGText {text} at (1000,4220) size 75x22 contains 1 chunk(s)
        RenderSVGInlineText {#text} at (0,-17) size 75x22
          chunk 1 text run 1 at (1000.00,4220.00) startOffset 0 endOffset 11 width 75.00: "just a text"
      RenderSVGText {text} at (1100,4220) size 75x22 contains 1 chunk(s)
        RenderSVGInlineText {#text} at (0,-17) size 75x22
          chunk 1 text run 1 at (1100.00,4220.00) startOffset 0 endOffset 11 width 75.00: "just a text"
      RenderSVGText {text} at (1200,4220) size 75x22 contains 1 chunk(s)
        RenderSVGInlineText {#text} at (0,-17) size 75x22
          chunk 1 text run 1 at (1200.00,4220.00) startOffset 0 endOffset 11 width 75.00: "just a text"
      RenderSVGText {text} at (1300,4220) size 75x22 contains 1 chunk(s)
        RenderSVGInlineText {#text} at (0,-17) size 75x22
          chunk 1 text run 1 at (1300.00,4220.00) startOffset 0 endOffset 11 width 75.00: "just a text"
      RenderSVGText {text} at (1400,4220) size 75x22 contains 1 chunk(s)
        RenderSVGInlineText {#text} at (0,-17) size 75x22
          chunk 1 text run 1 at (1400.00,4220.00) startOffset 0 endOffset 11 width 75.00: "just a text"
      RenderSVGText {text} at (1500,4220) size 75x22 contains 1 chunk(s)
        RenderSVGInlineText {#text} at (0,-17) size 75x22
          chunk 1 text run 1 at (1500.00,4220.00) startOffset 0 endOffset 11 width 75.00: "just a text"
      RenderSVGText {text} at (1600,4220) size 75x22 contains 1 chunk(s)
        RenderSVGInlineText {#text} at (0,-17) size 75x22
          chunk 1 text run 1 at (1600.00,4220.00) startOffset 0 endOffset 11 width 75.00: "just a text"
      RenderSVGText {text} at (1700,4220) size 75x22 contains 1 chunk(s)
        RenderSVGInlineText {#text} at (0,-17) size 75x22
          chunk 1 text run 1 at (1700.00,4220.00) startOffset 0 endOffset 11 width 75.00: "just a text"
      RenderSVGText {text} at (1800,4220) size 75x22 contains 1 chunk(s)
        RenderSVGInlineText {#text} at (0,-17) size 75x22
          chunk 1 text run 1 at (1800.00,4220.00) startOffset 0 endOffset 11 width 75.00: "just a text"
      RenderSVGText {text} at (1900,4220) size 75x22 contains 1 chunk(s)
        RenderSVGInlineText {#text} at (0,-17) size 75x22
          chunk 1 text run 1 at (1900.00,4220.00) startOffset 0 endOffset 11 width 75.00: "just a text"
      RenderSVGText {text} at (2000,4220) size 75x22 contains 1 chunk(s)
        RenderSVGInlineText {#text} at (0,-17) size 75x22
          chunk 1 text run 1 at (2000.00,4220.00) startOffset 0 endOffset 11 width 75.00: "just a text"
      RenderSVGText {text} at (2100,4220) size 75x22 contains 1 chunk(s)
        RenderSVGInlineText {#text} at (0,-17) size 75x22
          chunk 1 text run 1 at (2100.00,4220.00) startOffset 0 endOffset 11 width 75.00: "just a text"
      RenderSVGText {text} at (2200,4220) size 75x22 contains 1 chunk(s)
        RenderSVGInlineText {#text} at (0,-17) size 75x22
          chunk 1 text run 1 at (2200.00,4220.00) startOffset 0 endOffset 11 width 75.00: "just a text"
      RenderSVGText {text} at (2300,4220) size 75x22 contains 1 chunk(s)
        RenderSVGInlineText {#text} at (0,-17) size 75x22
          chunk 1 text run 1 at (2300.00,4220.00) startOffset 0 endOffset 11 width 75.00: "just a text"
      RenderSVGText {text} at (2400,4220) size 75x22 contains 1 chunk(s)
        RenderSVGInlineText {#text} at (0,-17) size 75x22
          chunk 1 text run 1 at (2400.00,4220.00) startOffset 0 endOffset 11 width 75.00: "just a text"
      RenderSVGText {text} at (2500,4220) size 75x22 contains 1 chunk(s)
        RenderSVGInlineText {#text} at (0,-17) size 75x22
          chunk 1 text run 1 at (2500.00,4220.00) startOffset 0 endOffset 11 width 75.00: "just a text"
      RenderSVGText {text} at (2600,4220) size 75x22 contains 1 chunk(s)
        RenderSVGInlineText {#text} at (0,-17) size 75x22
          chunk 1 text run 1 at (2600.00,4220.00) startOffset 0 endOffset 11 width 75.00: "just a text"
      RenderSVGText {text} at (2700,4220) size 75x22 contains 1 chunk(s)
        RenderSVGInlineText {#text} at (0,-17) size 75x22
          chunk 1 text run 1 at (2700.00,4220.00) startOffset 0 endOffset 11 width 75.00: "just a text"
      RenderSVGText {text} at (2800,4220) size 75x22 contains 1 chunk(s)
        RenderSVGInlineText {#text} at (0,-17) size 75x22
          chunk 1 text run 1 at (2800.00,4220.00) startOffset 0 endOffset 11 width 75.00: "just a text"
      RenderSVGText {text} at (2900,4220) size 75x22 contains 1 chunk(s)
        RenderSVGInlineText {#text} at (0,-17) size 75x22
          chunk 1 text run 1 at (2900.00,4220.00) startOffset 0 endOffset 11 width 75.00: "just a text"
      RenderSVGText {text} at (3000,4220) size 75x22 contains 1 chunk(s)
        RenderSVGInlineText {#text} at (0,-17) size 75x22
          chunk 1 text run 1 at (3000.00,4220.00) startOffset 0 endOffset 11 width 75.00: "just a text"
      RenderSVGText {text} at (3100,4220) size 75x22 contains 1 chunk(s)
        RenderSVGInlineText {#text} at (0,-17) size 75x22
          chunk 1 text run 1 at (3100.00,4220.00) startOffset 0 endOffset 11 width 75.00: "just a text"
      RenderSVGText {text} at (3200,4220) size 75x22 contains 1 chunk(s)
        RenderSVGInlineText {#text} at (0,-17) size 75x22
          chunk 1 text run 1 at (3200.00,4220.00) startOffset 0 endOffset 11 width 75.00: "just a text"
      RenderSVGText {text} at (3300,4220) size 75x22 contains 1 chunk(s)
        RenderSVGInlineText {#text} at (0,-17) size 75x22
          chunk 1 text run 1 at (3300.00,4220.00) startOffset 0 endOffset 11 width 75.00: "just a text"
      RenderSVGText {text} at (3400,4220) size 75x22 contains 1 chunk(s)
        RenderSVGInlineText {#text} at (0,-17) size 75x22
          chunk 1 text run 1 at (3400.00,4220.00) startOffset 0 endOffset 11 width 75.00: "just a text"
      RenderSVGText {text} at (3500,4220) size 75x22 contains 1 chunk(s)
        RenderSVGInlineText {#text} at (0,-17) size 75x22
          chunk 1 text run 1 at (3500.00,4220.00) startOffset 0 endOffset 11 width 75.00: "just a text"
      RenderSVGText {text} at (3600,4220) size 75x22 contains 1 chunk(s)
        RenderSVGInlineText {#text} at (0,-17) size 75x22
          chunk 1 text run 1 at (3600.00,4220.00) startOffset 0 endOffset 11 width 75.00: "just a text"
      RenderSVGText {text} at (3700,4220) size 75x22 contains 1 chunk(s)
        RenderSVGInlineText {#text} at (0,-17) size 75x22
          chunk 1 text run 1 at (3700.00,4220.00) startOffset 0 endOffset 11 width 75.00: "just a text"
      RenderSVGText {text} at (3800,4220) size 75x22 contains 1 chunk(s)
        RenderSVGInlineText {#text} at (0,-17) size 75x22
          chunk 1 text run 1 at (3800.00,4220.00) startOffset 0 endOffset 11 width 75.00: "just a text"
      RenderSVGText {text} at (3900,4220) size 75x22 contains 1 chunk(s)
        RenderSVGInlineText {#text} at (0,-17) size 75x22
          chunk 1 text run 1 at (3900.00,4220.00) startOffset 0 endOffset 11 width 75.00: "just a text"
      RenderSVGText {text} at (4000,4220) size 75x22 contains 1 chunk(s)
        RenderSVGInlineText {#text} at (0,-17) size 75x22
          chunk 1 text run 1 at (4000.00,4220.00) startOffset 0 endOffset 11 width 75.00: "just a text"
      RenderSVGText {text} at (4100,4220) size 75x22 contains 1 chunk(s)
        RenderSVGInlineText {#text} at (0,-17) size 75x22
          chunk 1 text run 1 at (4100.00,4220.00) startOffset 0 endOffset 11 width 75.00: "just a text"
      RenderSVGText {text} at (4200,4220) size 75x22 contains 1 chunk(s)
        RenderSVGInlineText {#text} at (0,-17) size 75x22
          chunk 1 text run 1 at (4200.00,4220.00) startOffset 0 endOffset 11 width 75.00: "just a text"
      RenderSVGText {text} at (4300,4220) size 75x22 contains 1 chunk(s)
        RenderSVGInlineText {#text} at (0,-17) size 75x22
          chunk 1 text run 1 at (4300.00,4220.00) startOffset 0 endOffset 11 width 75.00: "just a text"
      RenderSVGText {text} at (4400,4220) size 75x22 contains 1 chunk(s)
        RenderSVGInlineText {#text} at (0,-17) size 75x22
          chunk 1 text run 1 at (4400.00,4220.00) startOffset 0 endOffset 11 width 75.00: "just a text"
      RenderSVGText {text} at (4500,4220) size 75x22 contains 1 chunk(s)
        RenderSVGInlineText {#text} at (0,-17) size 75x22
          chunk 1 text run 1 at (4500.00,4220.00) startOffset 0 endOffset 11 width 75.00: "just a text"
      RenderSVGText {text} at (4600,4220) size 75x22 contains 1 chunk(s)
        RenderSVGInlineText {#text} at (0,-17) size 75x22
          chunk 1 text run 1 at (4600.00,4220.00) startOffset 0 endOffset 11 width 75.00: "just a text"
      RenderSVGText {text} at (4700,4220) size 75x22 contains 1 chunk(s)
        RenderSVGInlineText {#text} at (0,-17) size 75x22
          chunk 1 text run 1 at (4700.00,4220.00) startOffset 0 endOffset 11 width 75.00: "just a text"
      RenderSVGText {text} at (4800,4220) size 75x22 contains 1 chunk(s)
        RenderSVGInlineText {#text} at (0,-17) size 75x22
          chunk 1 text run 1 at (4800.00,4220.00) startOffset 0 endOffset 11 width 75.00: "just a text"
      RenderSVGText {text} at (4900,4220) size 75x22 contains 1 chunk(s)
        RenderSVGInlineText {#text} at (0,-17) size 75x22
          chunk 1 text run 1 at (4900.00,4220.00) startOffset 0 endOffset 11 width 75.00: "just a text"
      RenderSVGText {text} at (0,4320) size 75x22 contains 1 chunk(s)
        RenderSVGInlineText {#text} at (0,-17) size 75x22
          chunk 1 text run 1 at (0.00,4320.00) startOffset 0 endOffset 11 width 75.00: "just a text"
      RenderSVGText {text} at (100,4320) size 75x22 contains 1 chunk(s)
        RenderSVGInlineText {#text} at (0,-17) size 75x22
          chunk 1 text run 1 at (100.00,4320.00) startOffset 0 endOffset 11 width 75.00: "just a text"
      RenderSVGText {text} at (200,4320) size 75x22 contains 1 chunk(s)
        RenderSVGInlineText {#text} at (0,-17) size 75x22
          chunk 1 text run 1 at (200.00,4320.00) startOffset 0 endOffset 11 width 75.00: "just a text"
      RenderSVGText {text} at (300,4320) size 75x22 contains 1 chunk(s)
        RenderSVGInlineText {#text} at (0,-17) size 75x22
          chunk 1 text run 1 at (300.00,4320.00) startOffset 0 endOffset 11 width 75.00: "just a text"
      RenderSVGText {text} at (400,4320) size 75x22 contains 1 chunk(s)
        RenderSVGInlineText {#text} at (0,-17) size 75x22
          chunk 1 text run 1 at (400.00,4320.00) startOffset 0 endOffset 11 width 75.00: "just a text"
      RenderSVGText {text} at (500,4320) size 75x22 contains 1 chunk(s)
        RenderSVGInlineText {#text} at (0,-17) size 75x22
          chunk 1 text run 1 at (500.00,4320.00) startOffset 0 endOffset 11 width 75.00: "just a text"
      RenderSVGText {text} at (600,4320) size 75x22 contains 1 chunk(s)
        RenderSVGInlineText {#text} at (0,-17) size 75x22
          chunk 1 text run 1 at (600.00,4320.00) startOffset 0 endOffset 11 width 75.00: "just a text"
      RenderSVGText {text} at (700,4320) size 75x22 contains 1 chunk(s)
        RenderSVGInlineText {#text} at (0,-17) size 75x22
          chunk 1 text run 1 at (700.00,4320.00) startOffset 0 endOffset 11 width 75.00: "just a text"
      RenderSVGText {text} at (800,4320) size 75x22 contains 1 chunk(s)
        RenderSVGInlineText {#text} at (0,-17) size 75x22
          chunk 1 text run 1 at (800.00,4320.00) startOffset 0 endOffset 11 width 75.00: "just a text"
      RenderSVGText {text} at (900,4320) size 75x22 contains 1 chunk(s)
        RenderSVGInlineText {#text} at (0,-17) size 75x22
          chunk 1 text run 1 at (900.00,4320.00) startOffset 0 endOffset 11 width 75.00: "just a text"
      RenderSVGText {text} at (1000,4320) size 75x22 contains 1 chunk(s)
        RenderSVGInlineText {#text} at (0,-17) size 75x22
          chunk 1 text run 1 at (1000.00,4320.00) startOffset 0 endOffset 11 width 75.00: "just a text"
      RenderSVGText {text} at (1100,4320) size 75x22 contains 1 chunk(s)
        RenderSVGInlineText {#text} at (0,-17) size 75x22
          chunk 1 text run 1 at (1100.00,4320.00) startOffset 0 endOffset 11 width 75.00: "just a text"
      RenderSVGText {text} at (1200,4320) size 75x22 contains 1 chunk(s)
        RenderSVGInlineText {#text} at (0,-17) size 75x22
          chunk 1 text run 1 at (1200.00,4320.00) startOffset 0 endOffset 11 width 75.00: "just a text"
      RenderSVGText {text} at (1300,4320) size 75x22 contains 1 chunk(s)
        RenderSVGInlineText {#text} at (0,-17) size 75x22
          chunk 1 text run 1 at (1300.00,4320.00) startOffset 0 endOffset 11 width 75.00: "just a text"
      RenderSVGText {text} at (1400,4320) size 75x22 contains 1 chunk(s)
        RenderSVGInlineText {#text} at (0,-17) size 75x22
          chunk 1 text run 1 at (1400.00,4320.00) startOffset 0 endOffset 11 width 75.00: "just a text"
      RenderSVGText {text} at (1500,4320) size 75x22 contains 1 chunk(s)
        RenderSVGInlineText {#text} at (0,-17) size 75x22
          chunk 1 text run 1 at (1500.00,4320.00) startOffset 0 endOffset 11 width 75.00: "just a text"
      RenderSVGText {text} at (1600,4320) size 75x22 contains 1 chunk(s)
        RenderSVGInlineText {#text} at (0,-17) size 75x22
          chunk 1 text run 1 at (1600.00,4320.00) startOffset 0 endOffset 11 width 75.00: "just a text"
      RenderSVGText {text} at (1700,4320) size 75x22 contains 1 chunk(s)
        RenderSVGInlineText {#text} at (0,-17) size 75x22
          chunk 1 text run 1 at (1700.00,4320.00) startOffset 0 endOffset 11 width 75.00: "just a text"
      RenderSVGText {text} at (1800,4320) size 75x22 contains 1 chunk(s)
        RenderSVGInlineText {#text} at (0,-17) size 75x22
          chunk 1 text run 1 at (1800.00,4320.00) startOffset 0 endOffset 11 width 75.00: "just a text"
      RenderSVGText {text} at (1900,4320) size 75x22 contains 1 chunk(s)
        RenderSVGInlineText {#text} at (0,-17) size 75x22
          chunk 1 text run 1 at (1900.00,4320.00) startOffset 0 endOffset 11 width 75.00: "just a text"
      RenderSVGText {text} at (2000,4320) size 75x22 contains 1 chunk(s)
        RenderSVGInlineText {#text} at (0,-17) size 75x22
          chunk 1 text run 1 at (2000.00,4320.00) startOffset 0 endOffset 11 width 75.00: "just a text"
      RenderSVGText {text} at (2100,4320) size 75x22 contains 1 chunk(s)
        RenderSVGInlineText {#text} at (0,-17) size 75x22
          chunk 1 text run 1 at (2100.00,4320.00) startOffset 0 endOffset 11 width 75.00: "just a text"
      RenderSVGText {text} at (2200,4320) size 75x22 contains 1 chunk(s)
        RenderSVGInlineText {#text} at (0,-17) size 75x22
          chunk 1 text run 1 at (2200.00,4320.00) startOffset 0 endOffset 11 width 75.00: "just a text"
      RenderSVGText {text} at (2300,4320) size 75x22 contains 1 chunk(s)
        RenderSVGInlineText {#text} at (0,-17) size 75x22
          chunk 1 text run 1 at (2300.00,4320.00) startOffset 0 endOffset 11 width 75.00: "just a text"
      RenderSVGText {text} at (2400,4320) size 75x22 contains 1 chunk(s)
        RenderSVGInlineText {#text} at (0,-17) size 75x22
          chunk 1 text run 1 at (2400.00,4320.00) startOffset 0 endOffset 11 width 75.00: "just a text"
      RenderSVGText {text} at (2500,4320) size 75x22 contains 1 chunk(s)
        RenderSVGInlineText {#text} at (0,-17) size 75x22
          chunk 1 text run 1 at (2500.00,4320.00) startOffset 0 endOffset 11 width 75.00: "just a text"
      RenderSVGText {text} at (2600,4320) size 75x22 contains 1 chunk(s)
        RenderSVGInlineText {#text} at (0,-17) size 75x22
          chunk 1 text run 1 at (2600.00,4320.00) startOffset 0 endOffset 11 width 75.00: "just a text"
      RenderSVGText {text} at (2700,4320) size 75x22 contains 1 chunk(s)
        RenderSVGInlineText {#text} at (0,-17) size 75x22
          chunk 1 text run 1 at (2700.00,4320.00) startOffset 0 endOffset 11 width 75.00: "just a text"
      RenderSVGText {text} at (2800,4320) size 75x22 contains 1 chunk(s)
        RenderSVGInlineText {#text} at (0,-17) size 75x22
          chunk 1 text run 1 at (2800.00,4320.00) startOffset 0 endOffset 11 width 75.00: "just a text"
      RenderSVGText {text} at (2900,4320) size 75x22 contains 1 chunk(s)
        RenderSVGInlineText {#text} at (0,-17) size 75x22
          chunk 1 text run 1 at (2900.00,4320.00) startOffset 0 endOffset 11 width 75.00: "just a text"
      RenderSVGText {text} at (3000,4320) size 75x22 contains 1 chunk(s)
        RenderSVGInlineText {#text} at (0,-17) size 75x22
          chunk 1 text run 1 at (3000.00,4320.00) startOffset 0 endOffset 11 width 75.00: "just a text"
      RenderSVGText {text} at (3100,4320) size 75x22 contains 1 chunk(s)
        RenderSVGInlineText {#text} at (0,-17) size 75x22
          chunk 1 text run 1 at (3100.00,4320.00) startOffset 0 endOffset 11 width 75.00: "just a text"
      RenderSVGText {text} at (3200,4320) size 75x22 contains 1 chunk(s)
        RenderSVGInlineText {#text} at (0,-17) size 75x22
          chunk 1 text run 1 at (3200.00,4320.00) startOffset 0 endOffset 11 width 75.00: "just a text"
      RenderSVGText {text} at (3300,4320) size 75x22 contains 1 chunk(s)
        RenderSVGInlineText {#text} at (0,-17) size 75x22
          chunk 1 text run 1 at (3300.00,4320.00) startOffset 0 endOffset 11 width 75.00: "just a text"
      RenderSVGText {text} at (3400,4320) size 75x22 contains 1 chunk(s)
        RenderSVGInlineText {#text} at (0,-17) size 75x22
          chunk 1 text run 1 at (3400.00,4320.00) startOffset 0 endOffset 11 width 75.00: "just a text"
      RenderSVGText {text} at (3500,4320) size 75x22 contains 1 chunk(s)
        RenderSVGInlineText {#text} at (0,-17) size 75x22
          chunk 1 text run 1 at (3500.00,4320.00) startOffset 0 endOffset 11 width 75.00: "just a text"
      RenderSVGText {text} at (3600,4320) size 75x22 contains 1 chunk(s)
        RenderSVGInlineText {#text} at (0,-17) size 75x22
          chunk 1 text run 1 at (3600.00,4320.00) startOffset 0 endOffset 11 width 75.00: "just a text"
      RenderSVGText {text} at (3700,4320) size 75x22 contains 1 chunk(s)
        RenderSVGInlineText {#text} at (0,-17) size 75x22
          chunk 1 text run 1 at (3700.00,4320.00) startOffset 0 endOffset 11 width 75.00: "just a text"
      RenderSVGText {text} at (3800,4320) size 75x22 contains 1 chunk(s)
        RenderSVGInlineText {#text} at (0,-17) size 75x22
          chunk 1 text run 1 at (3800.00,4320.00) startOffset 0 endOffset 11 width 75.00: "just a text"
      RenderSVGText {text} at (3900,4320) size 75x22 contains 1 chunk(s)
        RenderSVGInlineText {#text} at (0,-17) size 75x22
          chunk 1 text run 1 at (3900.00,4320.00) startOffset 0 endOffset 11 width 75.00: "just a text"
      RenderSVGText {text} at (4000,4320) size 75x22 contains 1 chunk(s)
        RenderSVGInlineText {#text} at (0,-17) size 75x22
          chunk 1 text run 1 at (4000.00,4320.00) startOffset 0 endOffset 11 width 75.00: "just a text"
      RenderSVGText {text} at (4100,4320) size 75x22 contains 1 chunk(s)
        RenderSVGInlineText {#text} at (0,-17) size 75x22
          chunk 1 text run 1 at (4100.00,4320.00) startOffset 0 endOffset 11 width 75.00: "just a text"
      RenderSVGText {text} at (4200,4320) size 75x22 contains 1 chunk(s)
        RenderSVGInlineText {#text} at (0,-17) size 75x22
          chunk 1 text run 1 at (4200.00,4320.00) startOffset 0 endOffset 11 width 75.00: "just a text"
      RenderSVGText {text} at (4300,4320) size 75x22 contains 1 chunk(s)
        RenderSVGInlineText {#text} at (0,-17) size 75x22
          chunk 1 text run 1 at (4300.00,4320.00) startOffset 0 endOffset 11 width 75.00: "just a text"
      RenderSVGText {text} at (4400,4320) size 75x22 contains 1 chunk(s)
        RenderSVGInlineText {#text} at (0,-17) size 75x22
          chunk 1 text run 1 at (4400.00,4320.00) startOffset 0 endOffset 11 width 75.00: "just a text"
      RenderSVGText {text} at (4500,4320) size 75x22 contains 1 chunk(s)
        RenderSVGInlineText {#text} at (0,-17) size 75x22
          chunk 1 text run 1 at (4500.00,4320.00) startOffset 0 endOffset 11 width 75.00: "just a text"
      RenderSVGText {text} at (4600,4320) size 75x22 contains 1 chunk(s)
        RenderSVGInlineText {#text} at (0,-17) size 75x22
          chunk 1 text run 1 at (4600.00,4320.00) startOffset 0 endOffset 11 width 75.00: "just a text"
      RenderSVGText {text} at (4700,4320) size 75x22 contains 1 chunk(s)
        RenderSVGInlineText {#text} at (0,-17) size 75x22
          chunk 1 text run 1 at (4700.00,4320.00) startOffset 0 endOffset 11 width 75.00: "just a text"
      RenderSVGText {text} at (4800,4320) size 75x22 contains 1 chunk(s)
        RenderSVGInlineText {#text} at (0,-17) size 75x22
          chunk 1 text run 1 at (4800.00,4320.00) startOffset 0 endOffset 11 width 75.00: "just a text"
      RenderSVGText {text} at (4900,4320) size 75x22 contains 1 chunk(s)
        RenderSVGInlineText {#text} at (0,-17) size 75x22
          chunk 1 text run 1 at (4900.00,4320.00) startOffset 0 endOffset 11 width 75.00: "just a text"
      RenderSVGText {text} at (0,4420) size 75x22 contains 1 chunk(s)
        RenderSVGInlineText {#text} at (0,-17) size 75x22
          chunk 1 text run 1 at (0.00,4420.00) startOffset 0 endOffset 11 width 75.00: "just a text"
      RenderSVGText {text} at (100,4420) size 75x22 contains 1 chunk(s)
        RenderSVGInlineText {#text} at (0,-17) size 75x22
          chunk 1 text run 1 at (100.00,4420.00) startOffset 0 endOffset 11 width 75.00: "just a text"
      RenderSVGText {text} at (200,4420) size 75x22 contains 1 chunk(s)
        RenderSVGInlineText {#text} at (0,-17) size 75x22
          chunk 1 text run 1 at (200.00,4420.00) startOffset 0 endOffset 11 width 75.00: "just a text"
      RenderSVGText {text} at (300,4420) size 75x22 contains 1 chunk(s)
        RenderSVGInlineText {#text} at (0,-17) size 75x22
          chunk 1 text run 1 at (300.00,4420.00) startOffset 0 endOffset 11 width 75.00: "just a text"
      RenderSVGText {text} at (400,4420) size 75x22 contains 1 chunk(s)
        RenderSVGInlineText {#text} at (0,-17) size 75x22
          chunk 1 text run 1 at (400.00,4420.00) startOffset 0 endOffset 11 width 75.00: "just a text"
      RenderSVGText {text} at (500,4420) size 75x22 contains 1 chunk(s)
        RenderSVGInlineText {#text} at (0,-17) size 75x22
          chunk 1 text run 1 at (500.00,4420.00) startOffset 0 endOffset 11 width 75.00: "just a text"
      RenderSVGText {text} at (600,4420) size 75x22 contains 1 chunk(s)
        RenderSVGInlineText {#text} at (0,-17) size 75x22
          chunk 1 text run 1 at (600.00,4420.00) startOffset 0 endOffset 11 width 75.00: "just a text"
      RenderSVGText {text} at (700,4420) size 75x22 contains 1 chunk(s)
        RenderSVGInlineText {#text} at (0,-17) size 75x22
          chunk 1 text run 1 at (700.00,4420.00) startOffset 0 endOffset 11 width 75.00: "just a text"
      RenderSVGText {text} at (800,4420) size 75x22 contains 1 chunk(s)
        RenderSVGInlineText {#text} at (0,-17) size 75x22
          chunk 1 text run 1 at (800.00,4420.00) startOffset 0 endOffset 11 width 75.00: "just a text"
      RenderSVGText {text} at (900,4420) size 75x22 contains 1 chunk(s)
        RenderSVGInlineText {#text} at (0,-17) size 75x22
          chunk 1 text run 1 at (900.00,4420.00) startOffset 0 endOffset 11 width 75.00: "just a text"
      RenderSVGText {text} at (1000,4420) size 75x22 contains 1 chunk(s)
        RenderSVGInlineText {#text} at (0,-17) size 75x22
          chunk 1 text run 1 at (1000.00,4420.00) startOffset 0 endOffset 11 width 75.00: "just a text"
      RenderSVGText {text} at (1100,4420) size 75x22 contains 1 chunk(s)
        RenderSVGInlineText {#text} at (0,-17) size 75x22
          chunk 1 text run 1 at (1100.00,4420.00) startOffset 0 endOffset 11 width 75.00: "just a text"
      RenderSVGText {text} at (1200,4420) size 75x22 contains 1 chunk(s)
        RenderSVGInlineText {#text} at (0,-17) size 75x22
          chunk 1 text run 1 at (1200.00,4420.00) startOffset 0 endOffset 11 width 75.00: "just a text"
      RenderSVGText {text} at (1300,4420) size 75x22 contains 1 chunk(s)
        RenderSVGInlineText {#text} at (0,-17) size 75x22
          chunk 1 text run 1 at (1300.00,4420.00) startOffset 0 endOffset 11 width 75.00: "just a text"
      RenderSVGText {text} at (1400,4420) size 75x22 contains 1 chunk(s)
        RenderSVGInlineText {#text} at (0,-17) size 75x22
          chunk 1 text run 1 at (1400.00,4420.00) startOffset 0 endOffset 11 width 75.00: "just a text"
      RenderSVGText {text} at (1500,4420) size 75x22 contains 1 chunk(s)
        RenderSVGInlineText {#text} at (0,-17) size 75x22
          chunk 1 text run 1 at (1500.00,4420.00) startOffset 0 endOffset 11 width 75.00: "just a text"
      RenderSVGText {text} at (1600,4420) size 75x22 contains 1 chunk(s)
        RenderSVGInlineText {#text} at (0,-17) size 75x22
          chunk 1 text run 1 at (1600.00,4420.00) startOffset 0 endOffset 11 width 75.00: "just a text"
      RenderSVGText {text} at (1700,4420) size 75x22 contains 1 chunk(s)
        RenderSVGInlineText {#text} at (0,-17) size 75x22
          chunk 1 text run 1 at (1700.00,4420.00) startOffset 0 endOffset 11 width 75.00: "just a text"
      RenderSVGText {text} at (1800,4420) size 75x22 contains 1 chunk(s)
        RenderSVGInlineText {#text} at (0,-17) size 75x22
          chunk 1 text run 1 at (1800.00,4420.00) startOffset 0 endOffset 11 width 75.00: "just a text"
      RenderSVGText {text} at (1900,4420) size 75x22 contains 1 chunk(s)
        RenderSVGInlineText {#text} at (0,-17) size 75x22
          chunk 1 text run 1 at (1900.00,4420.00) startOffset 0 endOffset 11 width 75.00: "just a text"
      RenderSVGText {text} at (2000,4420) size 75x22 contains 1 chunk(s)
        RenderSVGInlineText {#text} at (0,-17) size 75x22
          chunk 1 text run 1 at (2000.00,4420.00) startOffset 0 endOffset 11 width 75.00: "just a text"
      RenderSVGText {text} at (2100,4420) size 75x22 contains 1 chunk(s)
        RenderSVGInlineText {#text} at (0,-17) size 75x22
          chunk 1 text run 1 at (2100.00,4420.00) startOffset 0 endOffset 11 width 75.00: "just a text"
      RenderSVGText {text} at (2200,4420) size 75x22 contains 1 chunk(s)
        RenderSVGInlineText {#text} at (0,-17) size 75x22
          chunk 1 text run 1 at (2200.00,4420.00) startOffset 0 endOffset 11 width 75.00: "just a text"
      RenderSVGText {text} at (2300,4420) size 75x22 contains 1 chunk(s)
        RenderSVGInlineText {#text} at (0,-17) size 75x22
          chunk 1 text run 1 at (2300.00,4420.00) startOffset 0 endOffset 11 width 75.00: "just a text"
      RenderSVGText {text} at (2400,4420) size 75x22 contains 1 chunk(s)
        RenderSVGInlineText {#text} at (0,-17) size 75x22
          chunk 1 text run 1 at (2400.00,4420.00) startOffset 0 endOffset 11 width 75.00: "just a text"
      RenderSVGText {text} at (2500,4420) size 75x22 contains 1 chunk(s)
        RenderSVGInlineText {#text} at (0,-17) size 75x22
          chunk 1 text run 1 at (2500.00,4420.00) startOffset 0 endOffset 11 width 75.00: "just a text"
      RenderSVGText {text} at (2600,4420) size 75x22 contains 1 chunk(s)
        RenderSVGInlineText {#text} at (0,-17) size 75x22
          chunk 1 text run 1 at (2600.00,4420.00) startOffset 0 endOffset 11 width 75.00: "just a text"
      RenderSVGText {text} at (2700,4420) size 75x22 contains 1 chunk(s)
        RenderSVGInlineText {#text} at (0,-17) size 75x22
          chunk 1 text run 1 at (2700.00,4420.00) startOffset 0 endOffset 11 width 75.00: "just a text"
      RenderSVGText {text} at (2800,4420) size 75x22 contains 1 chunk(s)
        RenderSVGInlineText {#text} at (0,-17) size 75x22
          chunk 1 text run 1 at (2800.00,4420.00) startOffset 0 endOffset 11 width 75.00: "just a text"
      RenderSVGText {text} at (2900,4420) size 75x22 contains 1 chunk(s)
        RenderSVGInlineText {#text} at (0,-17) size 75x22
          chunk 1 text run 1 at (2900.00,4420.00) startOffset 0 endOffset 11 width 75.00: "just a text"
      RenderSVGText {text} at (3000,4420) size 75x22 contains 1 chunk(s)
        RenderSVGInlineText {#text} at (0,-17) size 75x22
          chunk 1 text run 1 at (3000.00,4420.00) startOffset 0 endOffset 11 width 75.00: "just a text"
      RenderSVGText {text} at (3100,4420) size 75x22 contains 1 chunk(s)
        RenderSVGInlineText {#text} at (0,-17) size 75x22
          chunk 1 text run 1 at (3100.00,4420.00) startOffset 0 endOffset 11 width 75.00: "just a text"
      RenderSVGText {text} at (3200,4420) size 75x22 contains 1 chunk(s)
        RenderSVGInlineText {#text} at (0,-17) size 75x22
          chunk 1 text run 1 at (3200.00,4420.00) startOffset 0 endOffset 11 width 75.00: "just a text"
      RenderSVGText {text} at (3300,4420) size 75x22 contains 1 chunk(s)
        RenderSVGInlineText {#text} at (0,-17) size 75x22
          chunk 1 text run 1 at (3300.00,4420.00) startOffset 0 endOffset 11 width 75.00: "just a text"
      RenderSVGText {text} at (3400,4420) size 75x22 contains 1 chunk(s)
        RenderSVGInlineText {#text} at (0,-17) size 75x22
          chunk 1 text run 1 at (3400.00,4420.00) startOffset 0 endOffset 11 width 75.00: "just a text"
      RenderSVGText {text} at (3500,4420) size 75x22 contains 1 chunk(s)
        RenderSVGInlineText {#text} at (0,-17) size 75x22
          chunk 1 text run 1 at (3500.00,4420.00) startOffset 0 endOffset 11 width 75.00: "just a text"
      RenderSVGText {text} at (3600,4420) size 75x22 contains 1 chunk(s)
        RenderSVGInlineText {#text} at (0,-17) size 75x22
          chunk 1 text run 1 at (3600.00,4420.00) startOffset 0 endOffset 11 width 75.00: "just a text"
      RenderSVGText {text} at (3700,4420) size 75x22 contains 1 chunk(s)
        RenderSVGInlineText {#text} at (0,-17) size 75x22
          chunk 1 text run 1 at (3700.00,4420.00) startOffset 0 endOffset 11 width 75.00: "just a text"
      RenderSVGText {text} at (3800,4420) size 75x22 contains 1 chunk(s)
        RenderSVGInlineText {#text} at (0,-17) size 75x22
          chunk 1 text run 1 at (3800.00,4420.00) startOffset 0 endOffset 11 width 75.00: "just a text"
      RenderSVGText {text} at (3900,4420) size 75x22 contains 1 chunk(s)
        RenderSVGInlineText {#text} at (0,-17) size 75x22
          chunk 1 text run 1 at (3900.00,4420.00) startOffset 0 endOffset 11 width 75.00: "just a text"
      RenderSVGText {text} at (4000,4420) size 75x22 contains 1 chunk(s)
        RenderSVGInlineText {#text} at (0,-17) size 75x22
          chunk 1 text run 1 at (4000.00,4420.00) startOffset 0 endOffset 11 width 75.00: "just a text"
      RenderSVGText {text} at (4100,4420) size 75x22 contains 1 chunk(s)
        RenderSVGInlineText {#text} at (0,-17) size 75x22
          chunk 1 text run 1 at (4100.00,4420.00) startOffset 0 endOffset 11 width 75.00: "just a text"
      RenderSVGText {text} at (4200,4420) size 75x22 contains 1 chunk(s)
        RenderSVGInlineText {#text} at (0,-17) size 75x22
          chunk 1 text run 1 at (4200.00,4420.00) startOffset 0 endOffset 11 width 75.00: "just a text"
      RenderSVGText {text} at (4300,4420) size 75x22 contains 1 chunk(s)
        RenderSVGInlineText {#text} at (0,-17) size 75x22
          chunk 1 text run 1 at (4300.00,4420.00) startOffset 0 endOffset 11 width 75.00: "just a text"
      RenderSVGText {text} at (4400,4420) size 75x22 contains 1 chunk(s)
        RenderSVGInlineText {#text} at (0,-17) size 75x22
          chunk 1 text run 1 at (4400.00,4420.00) startOffset 0 endOffset 11 width 75.00: "just a text"
      RenderSVGText {text} at (4500,4420) size 75x22 contains 1 chunk(s)
        RenderSVGInlineText {#text} at (0,-17) size 75x22
          chunk 1 text run 1 at (4500.00,4420.00) startOffset 0 endOffset 11 width 75.00: "just a text"
      RenderSVGText {text} at (4600,4420) size 75x22 contains 1 chunk(s)
        RenderSVGInlineText {#text} at (0,-17) size 75x22
          chunk 1 text run 1 at (4600.00,4420.00) startOffset 0 endOffset 11 width 75.00: "just a text"
      RenderSVGText {text} at (4700,4420) size 75x22 contains 1 chunk(s)
        RenderSVGInlineText {#text} at (0,-17) size 75x22
          chunk 1 text run 1 at (4700.00,4420.00) startOffset 0 endOffset 11 width 75.00: "just a text"
      RenderSVGText {text} at (4800,4420) size 75x22 contains 1 chunk(s)
        RenderSVGInlineText {#text} at (0,-17) size 75x22
          chunk 1 text run 1 at (4800.00,4420.00) startOffset 0 endOffset 11 width 75.00: "just a text"
      RenderSVGText {text} at (4900,4420) size 75x22 contains 1 chunk(s)
        RenderSVGInlineText {#text} at (0,-17) size 75x22
          chunk 1 text run 1 at (4900.00,4420.00) startOffset 0 endOffset 11 width 75.00: "just a text"
      RenderSVGText {text} at (0,4520) size 75x22 contains 1 chunk(s)
        RenderSVGInlineText {#text} at (0,-17) size 75x22
          chunk 1 text run 1 at (0.00,4520.00) startOffset 0 endOffset 11 width 75.00: "just a text"
      RenderSVGText {text} at (100,4520) size 75x22 contains 1 chunk(s)
        RenderSVGInlineText {#text} at (0,-17) size 75x22
          chunk 1 text run 1 at (100.00,4520.00) startOffset 0 endOffset 11 width 75.00: "just a text"
      RenderSVGText {text} at (200,4520) size 75x22 contains 1 chunk(s)
        RenderSVGInlineText {#text} at (0,-17) size 75x22
          chunk 1 text run 1 at (200.00,4520.00) startOffset 0 endOffset 11 width 75.00: "just a text"
      RenderSVGText {text} at (300,4520) size 75x22 contains 1 chunk(s)
        RenderSVGInlineText {#text} at (0,-17) size 75x22
          chunk 1 text run 1 at (300.00,4520.00) startOffset 0 endOffset 11 width 75.00: "just a text"
      RenderSVGText {text} at (400,4520) size 75x22 contains 1 chunk(s)
        RenderSVGInlineText {#text} at (0,-17) size 75x22
          chunk 1 text run 1 at (400.00,4520.00) startOffset 0 endOffset 11 width 75.00: "just a text"
      RenderSVGText {text} at (500,4520) size 75x22 contains 1 chunk(s)
        RenderSVGInlineText {#text} at (0,-17) size 75x22
          chunk 1 text run 1 at (500.00,4520.00) startOffset 0 endOffset 11 width 75.00: "just a text"
      RenderSVGText {text} at (600,4520) size 75x22 contains 1 chunk(s)
        RenderSVGInlineText {#text} at (0,-17) size 75x22
          chunk 1 text run 1 at (600.00,4520.00) startOffset 0 endOffset 11 width 75.00: "just a text"
      RenderSVGText {text} at (700,4520) size 75x22 contains 1 chunk(s)
        RenderSVGInlineText {#text} at (0,-17) size 75x22
          chunk 1 text run 1 at (700.00,4520.00) startOffset 0 endOffset 11 width 75.00: "just a text"
      RenderSVGText {text} at (800,4520) size 75x22 contains 1 chunk(s)
        RenderSVGInlineText {#text} at (0,-17) size 75x22
          chunk 1 text run 1 at (800.00,4520.00) startOffset 0 endOffset 11 width 75.00: "just a text"
      RenderSVGText {text} at (900,4520) size 75x22 contains 1 chunk(s)
        RenderSVGInlineText {#text} at (0,-17) size 75x22
          chunk 1 text run 1 at (900.00,4520.00) startOffset 0 endOffset 11 width 75.00: "just a text"
      RenderSVGText {text} at (1000,4520) size 75x22 contains 1 chunk(s)
        RenderSVGInlineText {#text} at (0,-17) size 75x22
          chunk 1 text run 1 at (1000.00,4520.00) startOffset 0 endOffset 11 width 75.00: "just a text"
      RenderSVGText {text} at (1100,4520) size 75x22 contains 1 chunk(s)
        RenderSVGInlineText {#text} at (0,-17) size 75x22
          chunk 1 text run 1 at (1100.00,4520.00) startOffset 0 endOffset 11 width 75.00: "just a text"
      RenderSVGText {text} at (1200,4520) size 75x22 contains 1 chunk(s)
        RenderSVGInlineText {#text} at (0,-17) size 75x22
          chunk 1 text run 1 at (1200.00,4520.00) startOffset 0 endOffset 11 width 75.00: "just a text"
      RenderSVGText {text} at (1300,4520) size 75x22 contains 1 chunk(s)
        RenderSVGInlineText {#text} at (0,-17) size 75x22
          chunk 1 text run 1 at (1300.00,4520.00) startOffset 0 endOffset 11 width 75.00: "just a text"
      RenderSVGText {text} at (1400,4520) size 75x22 contains 1 chunk(s)
        RenderSVGInlineText {#text} at (0,-17) size 75x22
          chunk 1 text run 1 at (1400.00,4520.00) startOffset 0 endOffset 11 width 75.00: "just a text"
      RenderSVGText {text} at (1500,4520) size 75x22 contains 1 chunk(s)
        RenderSVGInlineText {#text} at (0,-17) size 75x22
          chunk 1 text run 1 at (1500.00,4520.00) startOffset 0 endOffset 11 width 75.00: "just a text"
      RenderSVGText {text} at (1600,4520) size 75x22 contains 1 chunk(s)
        RenderSVGInlineText {#text} at (0,-17) size 75x22
          chunk 1 text run 1 at (1600.00,4520.00) startOffset 0 endOffset 11 width 75.00: "just a text"
      RenderSVGText {text} at (1700,4520) size 75x22 contains 1 chunk(s)
        RenderSVGInlineText {#text} at (0,-17) size 75x22
          chunk 1 text run 1 at (1700.00,4520.00) startOffset 0 endOffset 11 width 75.00: "just a text"
      RenderSVGText {text} at (1800,4520) size 75x22 contains 1 chunk(s)
        RenderSVGInlineText {#text} at (0,-17) size 75x22
          chunk 1 text run 1 at (1800.00,4520.00) startOffset 0 endOffset 11 width 75.00: "just a text"
      RenderSVGText {text} at (1900,4520) size 75x22 contains 1 chunk(s)
        RenderSVGInlineText {#text} at (0,-17) size 75x22
          chunk 1 text run 1 at (1900.00,4520.00) startOffset 0 endOffset 11 width 75.00: "just a text"
      RenderSVGText {text} at (2000,4520) size 75x22 contains 1 chunk(s)
        RenderSVGInlineText {#text} at (0,-17) size 75x22
          chunk 1 text run 1 at (2000.00,4520.00) startOffset 0 endOffset 11 width 75.00: "just a text"
      RenderSVGText {text} at (2100,4520) size 75x22 contains 1 chunk(s)
        RenderSVGInlineText {#text} at (0,-17) size 75x22
          chunk 1 text run 1 at (2100.00,4520.00) startOffset 0 endOffset 11 width 75.00: "just a text"
      RenderSVGText {text} at (2200,4520) size 75x22 contains 1 chunk(s)
        RenderSVGInlineText {#text} at (0,-17) size 75x22
          chunk 1 text run 1 at (2200.00,4520.00) startOffset 0 endOffset 11 width 75.00: "just a text"
      RenderSVGText {text} at (2300,4520) size 75x22 contains 1 chunk(s)
        RenderSVGInlineText {#text} at (0,-17) size 75x22
          chunk 1 text run 1 at (2300.00,4520.00) startOffset 0 endOffset 11 width 75.00: "just a text"
      RenderSVGText {text} at (2400,4520) size 75x22 contains 1 chunk(s)
        RenderSVGInlineText {#text} at (0,-17) size 75x22
          chunk 1 text run 1 at (2400.00,4520.00) startOffset 0 endOffset 11 width 75.00: "just a text"
      RenderSVGText {text} at (2500,4520) size 75x22 contains 1 chunk(s)
        RenderSVGInlineText {#text} at (0,-17) size 75x22
          chunk 1 text run 1 at (2500.00,4520.00) startOffset 0 endOffset 11 width 75.00: "just a text"
      RenderSVGText {text} at (2600,4520) size 75x22 contains 1 chunk(s)
        RenderSVGInlineText {#text} at (0,-17) size 75x22
          chunk 1 text run 1 at (2600.00,4520.00) startOffset 0 endOffset 11 width 75.00: "just a text"
      RenderSVGText {text} at (2700,4520) size 75x22 contains 1 chunk(s)
        RenderSVGInlineText {#text} at (0,-17) size 75x22
          chunk 1 text run 1 at (2700.00,4520.00) startOffset 0 endOffset 11 width 75.00: "just a text"
      RenderSVGText {text} at (2800,4520) size 75x22 contains 1 chunk(s)
        RenderSVGInlineText {#text} at (0,-17) size 75x22
          chunk 1 text run 1 at (2800.00,4520.00) startOffset 0 endOffset 11 width 75.00: "just a text"
      RenderSVGText {text} at (2900,4520) size 75x22 contains 1 chunk(s)
        RenderSVGInlineText {#text} at (0,-17) size 75x22
          chunk 1 text run 1 at (2900.00,4520.00) startOffset 0 endOffset 11 width 75.00: "just a text"
      RenderSVGText {text} at (3000,4520) size 75x22 contains 1 chunk(s)
        RenderSVGInlineText {#text} at (0,-17) size 75x22
          chunk 1 text run 1 at (3000.00,4520.00) startOffset 0 endOffset 11 width 75.00: "just a text"
      RenderSVGText {text} at (3100,4520) size 75x22 contains 1 chunk(s)
        RenderSVGInlineText {#text} at (0,-17) size 75x22
          chunk 1 text run 1 at (3100.00,4520.00) startOffset 0 endOffset 11 width 75.00: "just a text"
      RenderSVGText {text} at (3200,4520) size 75x22 contains 1 chunk(s)
        RenderSVGInlineText {#text} at (0,-17) size 75x22
          chunk 1 text run 1 at (3200.00,4520.00) startOffset 0 endOffset 11 width 75.00: "just a text"
      RenderSVGText {text} at (3300,4520) size 75x22 contains 1 chunk(s)
        RenderSVGInlineText {#text} at (0,-17) size 75x22
          chunk 1 text run 1 at (3300.00,4520.00) startOffset 0 endOffset 11 width 75.00: "just a text"
      RenderSVGText {text} at (3400,4520) size 75x22 contains 1 chunk(s)
        RenderSVGInlineText {#text} at (0,-17) size 75x22
          chunk 1 text run 1 at (3400.00,4520.00) startOffset 0 endOffset 11 width 75.00: "just a text"
      RenderSVGText {text} at (3500,4520) size 75x22 contains 1 chunk(s)
        RenderSVGInlineText {#text} at (0,-17) size 75x22
          chunk 1 text run 1 at (3500.00,4520.00) startOffset 0 endOffset 11 width 75.00: "just a text"
      RenderSVGText {text} at (3600,4520) size 75x22 contains 1 chunk(s)
        RenderSVGInlineText {#text} at (0,-17) size 75x22
          chunk 1 text run 1 at (3600.00,4520.00) startOffset 0 endOffset 11 width 75.00: "just a text"
      RenderSVGText {text} at (3700,4520) size 75x22 contains 1 chunk(s)
        RenderSVGInlineText {#text} at (0,-17) size 75x22
          chunk 1 text run 1 at (3700.00,4520.00) startOffset 0 endOffset 11 width 75.00: "just a text"
      RenderSVGText {text} at (3800,4520) size 75x22 contains 1 chunk(s)
        RenderSVGInlineText {#text} at (0,-17) size 75x22
          chunk 1 text run 1 at (3800.00,4520.00) startOffset 0 endOffset 11 width 75.00: "just a text"
      RenderSVGText {text} at (3900,4520) size 75x22 contains 1 chunk(s)
        RenderSVGInlineText {#text} at (0,-17) size 75x22
          chunk 1 text run 1 at (3900.00,4520.00) startOffset 0 endOffset 11 width 75.00: "just a text"
      RenderSVGText {text} at (4000,4520) size 75x22 contains 1 chunk(s)
        RenderSVGInlineText {#text} at (0,-17) size 75x22
          chunk 1 text run 1 at (4000.00,4520.00) startOffset 0 endOffset 11 width 75.00: "just a text"
      RenderSVGText {text} at (4100,4520) size 75x22 contains 1 chunk(s)
        RenderSVGInlineText {#text} at (0,-17) size 75x22
          chunk 1 text run 1 at (4100.00,4520.00) startOffset 0 endOffset 11 width 75.00: "just a text"
      RenderSVGText {text} at (4200,4520) size 75x22 contains 1 chunk(s)
        RenderSVGInlineText {#text} at (0,-17) size 75x22
          chunk 1 text run 1 at (4200.00,4520.00) startOffset 0 endOffset 11 width 75.00: "just a text"
      RenderSVGText {text} at (4300,4520) size 75x22 contains 1 chunk(s)
        RenderSVGInlineText {#text} at (0,-17) size 75x22
          chunk 1 text run 1 at (4300.00,4520.00) startOffset 0 endOffset 11 width 75.00: "just a text"
      RenderSVGText {text} at (4400,4520) size 75x22 contains 1 chunk(s)
        RenderSVGInlineText {#text} at (0,-17) size 75x22
          chunk 1 text run 1 at (4400.00,4520.00) startOffset 0 endOffset 11 width 75.00: "just a text"
      RenderSVGText {text} at (4500,4520) size 75x22 contains 1 chunk(s)
        RenderSVGInlineText {#text} at (0,-17) size 75x22
          chunk 1 text run 1 at (4500.00,4520.00) startOffset 0 endOffset 11 width 75.00: "just a text"
      RenderSVGText {text} at (4600,4520) size 75x22 contains 1 chunk(s)
        RenderSVGInlineText {#text} at (0,-17) size 75x22
          chunk 1 text run 1 at (4600.00,4520.00) startOffset 0 endOffset 11 width 75.00: "just a text"
      RenderSVGText {text} at (4700,4520) size 75x22 contains 1 chunk(s)
        RenderSVGInlineText {#text} at (0,-17) size 75x22
          chunk 1 text run 1 at (4700.00,4520.00) startOffset 0 endOffset 11 width 75.00: "just a text"
      RenderSVGText {text} at (4800,4520) size 75x22 contains 1 chunk(s)
        RenderSVGInlineText {#text} at (0,-17) size 75x22
          chunk 1 text run 1 at (4800.00,4520.00) startOffset 0 endOffset 11 width 75.00: "just a text"
      RenderSVGText {text} at (4900,4520) size 75x22 contains 1 chunk(s)
        RenderSVGInlineText {#text} at (0,-17) size 75x22
          chunk 1 text run 1 at (4900.00,4520.00) startOffset 0 endOffset 11 width 75.00: "just a text"
      RenderSVGText {text} at (0,4620) size 75x22 contains 1 chunk(s)
        RenderSVGInlineText {#text} at (0,-17) size 75x22
          chunk 1 text run 1 at (0.00,4620.00) startOffset 0 endOffset 11 width 75.00: "just a text"
      RenderSVGText {text} at (100,4620) size 75x22 contains 1 chunk(s)
        RenderSVGInlineText {#text} at (0,-17) size 75x22
          chunk 1 text run 1 at (100.00,4620.00) startOffset 0 endOffset 11 width 75.00: "just a text"
      RenderSVGText {text} at (200,4620) size 75x22 contains 1 chunk(s)
        RenderSVGInlineText {#text} at (0,-17) size 75x22
          chunk 1 text run 1 at (200.00,4620.00) startOffset 0 endOffset 11 width 75.00: "just a text"
      RenderSVGText {text} at (300,4620) size 75x22 contains 1 chunk(s)
        RenderSVGInlineText {#text} at (0,-17) size 75x22
          chunk 1 text run 1 at (300.00,4620.00) startOffset 0 endOffset 11 width 75.00: "just a text"
      RenderSVGText {text} at (400,4620) size 75x22 contains 1 chunk(s)
        RenderSVGInlineText {#text} at (0,-17) size 75x22
          chunk 1 text run 1 at (400.00,4620.00) startOffset 0 endOffset 11 width 75.00: "just a text"
      RenderSVGText {text} at (500,4620) size 75x22 contains 1 chunk(s)
        RenderSVGInlineText {#text} at (0,-17) size 75x22
          chunk 1 text run 1 at (500.00,4620.00) startOffset 0 endOffset 11 width 75.00: "just a text"
      RenderSVGText {text} at (600,4620) size 75x22 contains 1 chunk(s)
        RenderSVGInlineText {#text} at (0,-17) size 75x22
          chunk 1 text run 1 at (600.00,4620.00) startOffset 0 endOffset 11 width 75.00: "just a text"
      RenderSVGText {text} at (700,4620) size 75x22 contains 1 chunk(s)
        RenderSVGInlineText {#text} at (0,-17) size 75x22
          chunk 1 text run 1 at (700.00,4620.00) startOffset 0 endOffset 11 width 75.00: "just a text"
      RenderSVGText {text} at (800,4620) size 75x22 contains 1 chunk(s)
        RenderSVGInlineText {#text} at (0,-17) size 75x22
          chunk 1 text run 1 at (800.00,4620.00) startOffset 0 endOffset 11 width 75.00: "just a text"
      RenderSVGText {text} at (900,4620) size 75x22 contains 1 chunk(s)
        RenderSVGInlineText {#text} at (0,-17) size 75x22
          chunk 1 text run 1 at (900.00,4620.00) startOffset 0 endOffset 11 width 75.00: "just a text"
      RenderSVGText {text} at (1000,4620) size 75x22 contains 1 chunk(s)
        RenderSVGInlineText {#text} at (0,-17) size 75x22
          chunk 1 text run 1 at (1000.00,4620.00) startOffset 0 endOffset 11 width 75.00: "just a text"
      RenderSVGText {text} at (1100,4620) size 75x22 contains 1 chunk(s)
        RenderSVGInlineText {#text} at (0,-17) size 75x22
          chunk 1 text run 1 at (1100.00,4620.00) startOffset 0 endOffset 11 width 75.00: "just a text"
      RenderSVGText {text} at (1200,4620) size 75x22 contains 1 chunk(s)
        RenderSVGInlineText {#text} at (0,-17) size 75x22
          chunk 1 text run 1 at (1200.00,4620.00) startOffset 0 endOffset 11 width 75.00: "just a text"
      RenderSVGText {text} at (1300,4620) size 75x22 contains 1 chunk(s)
        RenderSVGInlineText {#text} at (0,-17) size 75x22
          chunk 1 text run 1 at (1300.00,4620.00) startOffset 0 endOffset 11 width 75.00: "just a text"
      RenderSVGText {text} at (1400,4620) size 75x22 contains 1 chunk(s)
        RenderSVGInlineText {#text} at (0,-17) size 75x22
          chunk 1 text run 1 at (1400.00,4620.00) startOffset 0 endOffset 11 width 75.00: "just a text"
      RenderSVGText {text} at (1500,4620) size 75x22 contains 1 chunk(s)
        RenderSVGInlineText {#text} at (0,-17) size 75x22
          chunk 1 text run 1 at (1500.00,4620.00) startOffset 0 endOffset 11 width 75.00: "just a text"
      RenderSVGText {text} at (1600,4620) size 75x22 contains 1 chunk(s)
        RenderSVGInlineText {#text} at (0,-17) size 75x22
          chunk 1 text run 1 at (1600.00,4620.00) startOffset 0 endOffset 11 width 75.00: "just a text"
      RenderSVGText {text} at (1700,4620) size 75x22 contains 1 chunk(s)
        RenderSVGInlineText {#text} at (0,-17) size 75x22
          chunk 1 text run 1 at (1700.00,4620.00) startOffset 0 endOffset 11 width 75.00: "just a text"
      RenderSVGText {text} at (1800,4620) size 75x22 contains 1 chunk(s)
        RenderSVGInlineText {#text} at (0,-17) size 75x22
          chunk 1 text run 1 at (1800.00,4620.00) startOffset 0 endOffset 11 width 75.00: "just a text"
      RenderSVGText {text} at (1900,4620) size 75x22 contains 1 chunk(s)
        RenderSVGInlineText {#text} at (0,-17) size 75x22
          chunk 1 text run 1 at (1900.00,4620.00) startOffset 0 endOffset 11 width 75.00: "just a text"
      RenderSVGText {text} at (2000,4620) size 75x22 contains 1 chunk(s)
        RenderSVGInlineText {#text} at (0,-17) size 75x22
          chunk 1 text run 1 at (2000.00,4620.00) startOffset 0 endOffset 11 width 75.00: "just a text"
      RenderSVGText {text} at (2100,4620) size 75x22 contains 1 chunk(s)
        RenderSVGInlineText {#text} at (0,-17) size 75x22
          chunk 1 text run 1 at (2100.00,4620.00) startOffset 0 endOffset 11 width 75.00: "just a text"
      RenderSVGText {text} at (2200,4620) size 75x22 contains 1 chunk(s)
        RenderSVGInlineText {#text} at (0,-17) size 75x22
          chunk 1 text run 1 at (2200.00,4620.00) startOffset 0 endOffset 11 width 75.00: "just a text"
      RenderSVGText {text} at (2300,4620) size 75x22 contains 1 chunk(s)
        RenderSVGInlineText {#text} at (0,-17) size 75x22
          chunk 1 text run 1 at (2300.00,4620.00) startOffset 0 endOffset 11 width 75.00: "just a text"
      RenderSVGText {text} at (2400,4620) size 75x22 contains 1 chunk(s)
        RenderSVGInlineText {#text} at (0,-17) size 75x22
          chunk 1 text run 1 at (2400.00,4620.00) startOffset 0 endOffset 11 width 75.00: "just a text"
      RenderSVGText {text} at (2500,4620) size 75x22 contains 1 chunk(s)
        RenderSVGInlineText {#text} at (0,-17) size 75x22
          chunk 1 text run 1 at (2500.00,4620.00) startOffset 0 endOffset 11 width 75.00: "just a text"
      RenderSVGText {text} at (2600,4620) size 75x22 contains 1 chunk(s)
        RenderSVGInlineText {#text} at (0,-17) size 75x22
          chunk 1 text run 1 at (2600.00,4620.00) startOffset 0 endOffset 11 width 75.00: "just a text"
      RenderSVGText {text} at (2700,4620) size 75x22 contains 1 chunk(s)
        RenderSVGInlineText {#text} at (0,-17) size 75x22
          chunk 1 text run 1 at (2700.00,4620.00) startOffset 0 endOffset 11 width 75.00: "just a text"
      RenderSVGText {text} at (2800,4620) size 75x22 contains 1 chunk(s)
        RenderSVGInlineText {#text} at (0,-17) size 75x22
          chunk 1 text run 1 at (2800.00,4620.00) startOffset 0 endOffset 11 width 75.00: "just a text"
      RenderSVGText {text} at (2900,4620) size 75x22 contains 1 chunk(s)
        RenderSVGInlineText {#text} at (0,-17) size 75x22
          chunk 1 text run 1 at (2900.00,4620.00) startOffset 0 endOffset 11 width 75.00: "just a text"
      RenderSVGText {text} at (3000,4620) size 75x22 contains 1 chunk(s)
        RenderSVGInlineText {#text} at (0,-17) size 75x22
          chunk 1 text run 1 at (3000.00,4620.00) startOffset 0 endOffset 11 width 75.00: "just a text"
      RenderSVGText {text} at (3100,4620) size 75x22 contains 1 chunk(s)
        RenderSVGInlineText {#text} at (0,-17) size 75x22
          chunk 1 text run 1 at (3100.00,4620.00) startOffset 0 endOffset 11 width 75.00: "just a text"
      RenderSVGText {text} at (3200,4620) size 75x22 contains 1 chunk(s)
        RenderSVGInlineText {#text} at (0,-17) size 75x22
          chunk 1 text run 1 at (3200.00,4620.00) startOffset 0 endOffset 11 width 75.00: "just a text"
      RenderSVGText {text} at (3300,4620) size 75x22 contains 1 chunk(s)
        RenderSVGInlineText {#text} at (0,-17) size 75x22
          chunk 1 text run 1 at (3300.00,4620.00) startOffset 0 endOffset 11 width 75.00: "just a text"
      RenderSVGText {text} at (3400,4620) size 75x22 contains 1 chunk(s)
        RenderSVGInlineText {#text} at (0,-17) size 75x22
          chunk 1 text run 1 at (3400.00,4620.00) startOffset 0 endOffset 11 width 75.00: "just a text"
      RenderSVGText {text} at (3500,4620) size 75x22 contains 1 chunk(s)
        RenderSVGInlineText {#text} at (0,-17) size 75x22
          chunk 1 text run 1 at (3500.00,4620.00) startOffset 0 endOffset 11 width 75.00: "just a text"
      RenderSVGText {text} at (3600,4620) size 75x22 contains 1 chunk(s)
        RenderSVGInlineText {#text} at (0,-17) size 75x22
          chunk 1 text run 1 at (3600.00,4620.00) startOffset 0 endOffset 11 width 75.00: "just a text"
      RenderSVGText {text} at (3700,4620) size 75x22 contains 1 chunk(s)
        RenderSVGInlineText {#text} at (0,-17) size 75x22
          chunk 1 text run 1 at (3700.00,4620.00) startOffset 0 endOffset 11 width 75.00: "just a text"
      RenderSVGText {text} at (3800,4620) size 75x22 contains 1 chunk(s)
        RenderSVGInlineText {#text} at (0,-17) size 75x22
          chunk 1 text run 1 at (3800.00,4620.00) startOffset 0 endOffset 11 width 75.00: "just a text"
      RenderSVGText {text} at (3900,4620) size 75x22 contains 1 chunk(s)
        RenderSVGInlineText {#text} at (0,-17) size 75x22
          chunk 1 text run 1 at (3900.00,4620.00) startOffset 0 endOffset 11 width 75.00: "just a text"
      RenderSVGText {text} at (4000,4620) size 75x22 contains 1 chunk(s)
        RenderSVGInlineText {#text} at (0,-17) size 75x22
          chunk 1 text run 1 at (4000.00,4620.00) startOffset 0 endOffset 11 width 75.00: "just a text"
      RenderSVGText {text} at (4100,4620) size 75x22 contains 1 chunk(s)
        RenderSVGInlineText {#text} at (0,-17) size 75x22
          chunk 1 text run 1 at (4100.00,4620.00) startOffset 0 endOffset 11 width 75.00: "just a text"
      RenderSVGText {text} at (4200,4620) size 75x22 contains 1 chunk(s)
        RenderSVGInlineText {#text} at (0,-17) size 75x22
          chunk 1 text run 1 at (4200.00,4620.00) startOffset 0 endOffset 11 width 75.00: "just a text"
      RenderSVGText {text} at (4300,4620) size 75x22 contains 1 chunk(s)
        RenderSVGInlineText {#text} at (0,-17) size 75x22
          chunk 1 text run 1 at (4300.00,4620.00) startOffset 0 endOffset 11 width 75.00: "just a text"
      RenderSVGText {text} at (4400,4620) size 75x22 contains 1 chunk(s)
        RenderSVGInlineText {#text} at (0,-17) size 75x22
          chunk 1 text run 1 at (4400.00,4620.00) startOffset 0 endOffset 11 width 75.00: "just a text"
      RenderSVGText {text} at (4500,4620) size 75x22 contains 1 chunk(s)
        RenderSVGInlineText {#text} at (0,-17) size 75x22
          chunk 1 text run 1 at (4500.00,4620.00) startOffset 0 endOffset 11 width 75.00: "just a text"
      RenderSVGText {text} at (4600,4620) size 75x22 contains 1 chunk(s)
        RenderSVGInlineText {#text} at (0,-17) size 75x22
          chunk 1 text run 1 at (4600.00,4620.00) startOffset 0 endOffset 11 width 75.00: "just a text"
      RenderSVGText {text} at (4700,4620) size 75x22 contains 1 chunk(s)
        RenderSVGInlineText {#text} at (0,-17) size 75x22
          chunk 1 text run 1 at (4700.00,4620.00) startOffset 0 endOffset 11 width 75.00: "just a text"
      RenderSVGText {text} at (4800,4620) size 75x22 contains 1 chunk(s)
        RenderSVGInlineText {#text} at (0,-17) size 75x22
          chunk 1 text run 1 at (4800.00,4620.00) startOffset 0 endOffset 11 width 75.00: "just a text"
      RenderSVGText {text} at (4900,4620) size 75x22 contains 1 chunk(s)
        RenderSVGInlineText {#text} at (0,-17) size 75x22
          chunk 1 text run 1 at (4900.00,4620.00) startOffset 0 endOffset 11 width 75.00: "just a text"
      RenderSVGText {text} at (0,4720) size 75x22 contains 1 chunk(s)
        RenderSVGInlineText {#text} at (0,-17) size 75x22
          chunk 1 text run 1 at (0.00,4720.00) startOffset 0 endOffset 11 width 75.00: "just a text"
      RenderSVGText {text} at (100,4720) size 75x22 contains 1 chunk(s)
        RenderSVGInlineText {#text} at (0,-17) size 75x22
          chunk 1 text run 1 at (100.00,4720.00) startOffset 0 endOffset 11 width 75.00: "just a text"
      RenderSVGText {text} at (200,4720) size 75x22 contains 1 chunk(s)
        RenderSVGInlineText {#text} at (0,-17) size 75x22
          chunk 1 text run 1 at (200.00,4720.00) startOffset 0 endOffset 11 width 75.00: "just a text"
      RenderSVGText {text} at (300,4720) size 75x22 contains 1 chunk(s)
        RenderSVGInlineText {#text} at (0,-17) size 75x22
          chunk 1 text run 1 at (300.00,4720.00) startOffset 0 endOffset 11 width 75.00: "just a text"
      RenderSVGText {text} at (400,4720) size 75x22 contains 1 chunk(s)
        RenderSVGInlineText {#text} at (0,-17) size 75x22
          chunk 1 text run 1 at (400.00,4720.00) startOffset 0 endOffset 11 width 75.00: "just a text"
      RenderSVGText {text} at (500,4720) size 75x22 contains 1 chunk(s)
        RenderSVGInlineText {#text} at (0,-17) size 75x22
          chunk 1 text run 1 at (500.00,4720.00) startOffset 0 endOffset 11 width 75.00: "just a text"
      RenderSVGText {text} at (600,4720) size 75x22 contains 1 chunk(s)
        RenderSVGInlineText {#text} at (0,-17) size 75x22
          chunk 1 text run 1 at (600.00,4720.00) startOffset 0 endOffset 11 width 75.00: "just a text"
      RenderSVGText {text} at (700,4720) size 75x22 contains 1 chunk(s)
        RenderSVGInlineText {#text} at (0,-17) size 75x22
          chunk 1 text run 1 at (700.00,4720.00) startOffset 0 endOffset 11 width 75.00: "just a text"
      RenderSVGText {text} at (800,4720) size 75x22 contains 1 chunk(s)
        RenderSVGInlineText {#text} at (0,-17) size 75x22
          chunk 1 text run 1 at (800.00,4720.00) startOffset 0 endOffset 11 width 75.00: "just a text"
      RenderSVGText {text} at (900,4720) size 75x22 contains 1 chunk(s)
        RenderSVGInlineText {#text} at (0,-17) size 75x22
          chunk 1 text run 1 at (900.00,4720.00) startOffset 0 endOffset 11 width 75.00: "just a text"
      RenderSVGText {text} at (1000,4720) size 75x22 contains 1 chunk(s)
        RenderSVGInlineText {#text} at (0,-17) size 75x22
          chunk 1 text run 1 at (1000.00,4720.00) startOffset 0 endOffset 11 width 75.00: "just a text"
      RenderSVGText {text} at (1100,4720) size 75x22 contains 1 chunk(s)
        RenderSVGInlineText {#text} at (0,-17) size 75x22
          chunk 1 text run 1 at (1100.00,4720.00) startOffset 0 endOffset 11 width 75.00: "just a text"
      RenderSVGText {text} at (1200,4720) size 75x22 contains 1 chunk(s)
        RenderSVGInlineText {#text} at (0,-17) size 75x22
          chunk 1 text run 1 at (1200.00,4720.00) startOffset 0 endOffset 11 width 75.00: "just a text"
      RenderSVGText {text} at (1300,4720) size 75x22 contains 1 chunk(s)
        RenderSVGInlineText {#text} at (0,-17) size 75x22
          chunk 1 text run 1 at (1300.00,4720.00) startOffset 0 endOffset 11 width 75.00: "just a text"
      RenderSVGText {text} at (1400,4720) size 75x22 contains 1 chunk(s)
        RenderSVGInlineText {#text} at (0,-17) size 75x22
          chunk 1 text run 1 at (1400.00,4720.00) startOffset 0 endOffset 11 width 75.00: "just a text"
      RenderSVGText {text} at (1500,4720) size 75x22 contains 1 chunk(s)
        RenderSVGInlineText {#text} at (0,-17) size 75x22
          chunk 1 text run 1 at (1500.00,4720.00) startOffset 0 endOffset 11 width 75.00: "just a text"
      RenderSVGText {text} at (1600,4720) size 75x22 contains 1 chunk(s)
        RenderSVGInlineText {#text} at (0,-17) size 75x22
          chunk 1 text run 1 at (1600.00,4720.00) startOffset 0 endOffset 11 width 75.00: "just a text"
      RenderSVGText {text} at (1700,4720) size 75x22 contains 1 chunk(s)
        RenderSVGInlineText {#text} at (0,-17) size 75x22
          chunk 1 text run 1 at (1700.00,4720.00) startOffset 0 endOffset 11 width 75.00: "just a text"
      RenderSVGText {text} at (1800,4720) size 75x22 contains 1 chunk(s)
        RenderSVGInlineText {#text} at (0,-17) size 75x22
          chunk 1 text run 1 at (1800.00,4720.00) startOffset 0 endOffset 11 width 75.00: "just a text"
      RenderSVGText {text} at (1900,4720) size 75x22 contains 1 chunk(s)
        RenderSVGInlineText {#text} at (0,-17) size 75x22
          chunk 1 text run 1 at (1900.00,4720.00) startOffset 0 endOffset 11 width 75.00: "just a text"
      RenderSVGText {text} at (2000,4720) size 75x22 contains 1 chunk(s)
        RenderSVGInlineText {#text} at (0,-17) size 75x22
          chunk 1 text run 1 at (2000.00,4720.00) startOffset 0 endOffset 11 width 75.00: "just a text"
      RenderSVGText {text} at (2100,4720) size 75x22 contains 1 chunk(s)
        RenderSVGInlineText {#text} at (0,-17) size 75x22
          chunk 1 text run 1 at (2100.00,4720.00) startOffset 0 endOffset 11 width 75.00: "just a text"
      RenderSVGText {text} at (2200,4720) size 75x22 contains 1 chunk(s)
        RenderSVGInlineText {#text} at (0,-17) size 75x22
          chunk 1 text run 1 at (2200.00,4720.00) startOffset 0 endOffset 11 width 75.00: "just a text"
      RenderSVGText {text} at (2300,4720) size 75x22 contains 1 chunk(s)
        RenderSVGInlineText {#text} at (0,-17) size 75x22
          chunk 1 text run 1 at (2300.00,4720.00) startOffset 0 endOffset 11 width 75.00: "just a text"
      RenderSVGText {text} at (2400,4720) size 75x22 contains 1 chunk(s)
        RenderSVGInlineText {#text} at (0,-17) size 75x22
          chunk 1 text run 1 at (2400.00,4720.00) startOffset 0 endOffset 11 width 75.00: "just a text"
      RenderSVGText {text} at (2500,4720) size 75x22 contains 1 chunk(s)
        RenderSVGInlineText {#text} at (0,-17) size 75x22
          chunk 1 text run 1 at (2500.00,4720.00) startOffset 0 endOffset 11 width 75.00: "just a text"
      RenderSVGText {text} at (2600,4720) size 75x22 contains 1 chunk(s)
        RenderSVGInlineText {#text} at (0,-17) size 75x22
          chunk 1 text run 1 at (2600.00,4720.00) startOffset 0 endOffset 11 width 75.00: "just a text"
      RenderSVGText {text} at (2700,4720) size 75x22 contains 1 chunk(s)
        RenderSVGInlineText {#text} at (0,-17) size 75x22
          chunk 1 text run 1 at (2700.00,4720.00) startOffset 0 endOffset 11 width 75.00: "just a text"
      RenderSVGText {text} at (2800,4720) size 75x22 contains 1 chunk(s)
        RenderSVGInlineText {#text} at (0,-17) size 75x22
          chunk 1 text run 1 at (2800.00,4720.00) startOffset 0 endOffset 11 width 75.00: "just a text"
      RenderSVGText {text} at (2900,4720) size 75x22 contains 1 chunk(s)
        RenderSVGInlineText {#text} at (0,-17) size 75x22
          chunk 1 text run 1 at (2900.00,4720.00) startOffset 0 endOffset 11 width 75.00: "just a text"
      RenderSVGText {text} at (3000,4720) size 75x22 contains 1 chunk(s)
        RenderSVGInlineText {#text} at (0,-17) size 75x22
          chunk 1 text run 1 at (3000.00,4720.00) startOffset 0 endOffset 11 width 75.00: "just a text"
      RenderSVGText {text} at (3100,4720) size 75x22 contains 1 chunk(s)
        RenderSVGInlineText {#text} at (0,-17) size 75x22
          chunk 1 text run 1 at (3100.00,4720.00) startOffset 0 endOffset 11 width 75.00: "just a text"
      RenderSVGText {text} at (3200,4720) size 75x22 contains 1 chunk(s)
        RenderSVGInlineText {#text} at (0,-17) size 75x22
          chunk 1 text run 1 at (3200.00,4720.00) startOffset 0 endOffset 11 width 75.00: "just a text"
      RenderSVGText {text} at (3300,4720) size 75x22 contains 1 chunk(s)
        RenderSVGInlineText {#text} at (0,-17) size 75x22
          chunk 1 text run 1 at (3300.00,4720.00) startOffset 0 endOffset 11 width 75.00: "just a text"
      RenderSVGText {text} at (3400,4720) size 75x22 contains 1 chunk(s)
        RenderSVGInlineText {#text} at (0,-17) size 75x22
          chunk 1 text run 1 at (3400.00,4720.00) startOffset 0 endOffset 11 width 75.00: "just a text"
      RenderSVGText {text} at (3500,4720) size 75x22 contains 1 chunk(s)
        RenderSVGInlineText {#text} at (0,-17) size 75x22
          chunk 1 text run 1 at (3500.00,4720.00) startOffset 0 endOffset 11 width 75.00: "just a text"
      RenderSVGText {text} at (3600,4720) size 75x22 contains 1 chunk(s)
        RenderSVGInlineText {#text} at (0,-17) size 75x22
          chunk 1 text run 1 at (3600.00,4720.00) startOffset 0 endOffset 11 width 75.00: "just a text"
      RenderSVGText {text} at (3700,4720) size 75x22 contains 1 chunk(s)
        RenderSVGInlineText {#text} at (0,-17) size 75x22
          chunk 1 text run 1 at (3700.00,4720.00) startOffset 0 endOffset 11 width 75.00: "just a text"
      RenderSVGText {text} at (3800,4720) size 75x22 contains 1 chunk(s)
        RenderSVGInlineText {#text} at (0,-17) size 75x22
          chunk 1 text run 1 at (3800.00,4720.00) startOffset 0 endOffset 11 width 75.00: "just a text"
      RenderSVGText {text} at (3900,4720) size 75x22 contains 1 chunk(s)
        RenderSVGInlineText {#text} at (0,-17) size 75x22
          chunk 1 text run 1 at (3900.00,4720.00) startOffset 0 endOffset 11 width 75.00: "just a text"
      RenderSVGText {text} at (4000,4720) size 75x22 contains 1 chunk(s)
        RenderSVGInlineText {#text} at (0,-17) size 75x22
          chunk 1 text run 1 at (4000.00,4720.00) startOffset 0 endOffset 11 width 75.00: "just a text"
      RenderSVGText {text} at (4100,4720) size 75x22 contains 1 chunk(s)
        RenderSVGInlineText {#text} at (0,-17) size 75x22
          chunk 1 text run 1 at (4100.00,4720.00) startOffset 0 endOffset 11 width 75.00: "just a text"
      RenderSVGText {text} at (4200,4720) size 75x22 contains 1 chunk(s)
        RenderSVGInlineText {#text} at (0,-17) size 75x22
          chunk 1 text run 1 at (4200.00,4720.00) startOffset 0 endOffset 11 width 75.00: "just a text"
      RenderSVGText {text} at (4300,4720) size 75x22 contains 1 chunk(s)
        RenderSVGInlineText {#text} at (0,-17) size 75x22
          chunk 1 text run 1 at (4300.00,4720.00) startOffset 0 endOffset 11 width 75.00: "just a text"
      RenderSVGText {text} at (4400,4720) size 75x22 contains 1 chunk(s)
        RenderSVGInlineText {#text} at (0,-17) size 75x22
          chunk 1 text run 1 at (4400.00,4720.00) startOffset 0 endOffset 11 width 75.00: "just a text"
      RenderSVGText {text} at (4500,4720) size 75x22 contains 1 chunk(s)
        RenderSVGInlineText {#text} at (0,-17) size 75x22
          chunk 1 text run 1 at (4500.00,4720.00) startOffset 0 endOffset 11 width 75.00: "just a text"
      RenderSVGText {text} at (4600,4720) size 75x22 contains 1 chunk(s)
        RenderSVGInlineText {#text} at (0,-17) size 75x22
          chunk 1 text run 1 at (4600.00,4720.00) startOffset 0 endOffset 11 width 75.00: "just a text"
      RenderSVGText {text} at (4700,4720) size 75x22 contains 1 chunk(s)
        RenderSVGInlineText {#text} at (0,-17) size 75x22
          chunk 1 text run 1 at (4700.00,4720.00) startOffset 0 endOffset 11 width 75.00: "just a text"
      RenderSVGText {text} at (4800,4720) size 75x22 contains 1 chunk(s)
        RenderSVGInlineText {#text} at (0,-17) size 75x22
          chunk 1 text run 1 at (4800.00,4720.00) startOffset 0 endOffset 11 width 75.00: "just a text"
      RenderSVGText {text} at (4900,4720) size 75x22 contains 1 chunk(s)
        RenderSVGInlineText {#text} at (0,-17) size 75x22
          chunk 1 text run 1 at (4900.00,4720.00) startOffset 0 endOffset 11 width 75.00: "just a text"
      RenderSVGText {text} at (0,4820) size 75x22 contains 1 chunk(s)
        RenderSVGInlineText {#text} at (0,-17) size 75x22
          chunk 1 text run 1 at (0.00,4820.00) startOffset 0 endOffset 11 width 75.00: "just a text"
      RenderSVGText {text} at (100,4820) size 75x22 contains 1 chunk(s)
        RenderSVGInlineText {#text} at (0,-17) size 75x22
          chunk 1 text run 1 at (100.00,4820.00) startOffset 0 endOffset 11 width 75.00: "just a text"
      RenderSVGText {text} at (200,4820) size 75x22 contains 1 chunk(s)
        RenderSVGInlineText {#text} at (0,-17) size 75x22
          chunk 1 text run 1 at (200.00,4820.00) startOffset 0 endOffset 11 width 75.00: "just a text"
      RenderSVGText {text} at (300,4820) size 75x22 contains 1 chunk(s)
        RenderSVGInlineText {#text} at (0,-17) size 75x22
          chunk 1 text run 1 at (300.00,4820.00) startOffset 0 endOffset 11 width 75.00: "just a text"
      RenderSVGText {text} at (400,4820) size 75x22 contains 1 chunk(s)
        RenderSVGInlineText {#text} at (0,-17) size 75x22
          chunk 1 text run 1 at (400.00,4820.00) startOffset 0 endOffset 11 width 75.00: "just a text"
      RenderSVGText {text} at (500,4820) size 75x22 contains 1 chunk(s)
        RenderSVGInlineText {#text} at (0,-17) size 75x22
          chunk 1 text run 1 at (500.00,4820.00) startOffset 0 endOffset 11 width 75.00: "just a text"
      RenderSVGText {text} at (600,4820) size 75x22 contains 1 chunk(s)
        RenderSVGInlineText {#text} at (0,-17) size 75x22
          chunk 1 text run 1 at (600.00,4820.00) startOffset 0 endOffset 11 width 75.00: "just a text"
      RenderSVGText {text} at (700,4820) size 75x22 contains 1 chunk(s)
        RenderSVGInlineText {#text} at (0,-17) size 75x22
          chunk 1 text run 1 at (700.00,4820.00) startOffset 0 endOffset 11 width 75.00: "just a text"
      RenderSVGText {text} at (800,4820) size 75x22 contains 1 chunk(s)
        RenderSVGInlineText {#text} at (0,-17) size 75x22
          chunk 1 text run 1 at (800.00,4820.00) startOffset 0 endOffset 11 width 75.00: "just a text"
      RenderSVGText {text} at (900,4820) size 75x22 contains 1 chunk(s)
        RenderSVGInlineText {#text} at (0,-17) size 75x22
          chunk 1 text run 1 at (900.00,4820.00) startOffset 0 endOffset 11 width 75.00: "just a text"
      RenderSVGText {text} at (1000,4820) size 75x22 contains 1 chunk(s)
        RenderSVGInlineText {#text} at (0,-17) size 75x22
          chunk 1 text run 1 at (1000.00,4820.00) startOffset 0 endOffset 11 width 75.00: "just a text"
      RenderSVGText {text} at (1100,4820) size 75x22 contains 1 chunk(s)
        RenderSVGInlineText {#text} at (0,-17) size 75x22
          chunk 1 text run 1 at (1100.00,4820.00) startOffset 0 endOffset 11 width 75.00: "just a text"
      RenderSVGText {text} at (1200,4820) size 75x22 contains 1 chunk(s)
        RenderSVGInlineText {#text} at (0,-17) size 75x22
          chunk 1 text run 1 at (1200.00,4820.00) startOffset 0 endOffset 11 width 75.00: "just a text"
      RenderSVGText {text} at (1300,4820) size 75x22 contains 1 chunk(s)
        RenderSVGInlineText {#text} at (0,-17) size 75x22
          chunk 1 text run 1 at (1300.00,4820.00) startOffset 0 endOffset 11 width 75.00: "just a text"
      RenderSVGText {text} at (1400,4820) size 75x22 contains 1 chunk(s)
        RenderSVGInlineText {#text} at (0,-17) size 75x22
          chunk 1 text run 1 at (1400.00,4820.00) startOffset 0 endOffset 11 width 75.00: "just a text"
      RenderSVGText {text} at (1500,4820) size 75x22 contains 1 chunk(s)
        RenderSVGInlineText {#text} at (0,-17) size 75x22
          chunk 1 text run 1 at (1500.00,4820.00) startOffset 0 endOffset 11 width 75.00: "just a text"
      RenderSVGText {text} at (1600,4820) size 75x22 contains 1 chunk(s)
        RenderSVGInlineText {#text} at (0,-17) size 75x22
          chunk 1 text run 1 at (1600.00,4820.00) startOffset 0 endOffset 11 width 75.00: "just a text"
      RenderSVGText {text} at (1700,4820) size 75x22 contains 1 chunk(s)
        RenderSVGInlineText {#text} at (0,-17) size 75x22
          chunk 1 text run 1 at (1700.00,4820.00) startOffset 0 endOffset 11 width 75.00: "just a text"
      RenderSVGText {text} at (1800,4820) size 75x22 contains 1 chunk(s)
        RenderSVGInlineText {#text} at (0,-17) size 75x22
          chunk 1 text run 1 at (1800.00,4820.00) startOffset 0 endOffset 11 width 75.00: "just a text"
      RenderSVGText {text} at (1900,4820) size 75x22 contains 1 chunk(s)
        RenderSVGInlineText {#text} at (0,-17) size 75x22
          chunk 1 text run 1 at (1900.00,4820.00) startOffset 0 endOffset 11 width 75.00: "just a text"
      RenderSVGText {text} at (2000,4820) size 75x22 contains 1 chunk(s)
        RenderSVGInlineText {#text} at (0,-17) size 75x22
          chunk 1 text run 1 at (2000.00,4820.00) startOffset 0 endOffset 11 width 75.00: "just a text"
      RenderSVGText {text} at (2100,4820) size 75x22 contains 1 chunk(s)
        RenderSVGInlineText {#text} at (0,-17) size 75x22
          chunk 1 text run 1 at (2100.00,4820.00) startOffset 0 endOffset 11 width 75.00: "just a text"
      RenderSVGText {text} at (2200,4820) size 75x22 contains 1 chunk(s)
        RenderSVGInlineText {#text} at (0,-17) size 75x22
          chunk 1 text run 1 at (2200.00,4820.00) startOffset 0 endOffset 11 width 75.00: "just a text"
      RenderSVGText {text} at (2300,4820) size 75x22 contains 1 chunk(s)
        RenderSVGInlineText {#text} at (0,-17) size 75x22
          chunk 1 text run 1 at (2300.00,4820.00) startOffset 0 endOffset 11 width 75.00: "just a text"
      RenderSVGText {text} at (2400,4820) size 75x22 contains 1 chunk(s)
        RenderSVGInlineText {#text} at (0,-17) size 75x22
          chunk 1 text run 1 at (2400.00,4820.00) startOffset 0 endOffset 11 width 75.00: "just a text"
      RenderSVGText {text} at (2500,4820) size 75x22 contains 1 chunk(s)
        RenderSVGInlineText {#text} at (0,-17) size 75x22
          chunk 1 text run 1 at (2500.00,4820.00) startOffset 0 endOffset 11 width 75.00: "just a text"
      RenderSVGText {text} at (2600,4820) size 75x22 contains 1 chunk(s)
        RenderSVGInlineText {#text} at (0,-17) size 75x22
          chunk 1 text run 1 at (2600.00,4820.00) startOffset 0 endOffset 11 width 75.00: "just a text"
      RenderSVGText {text} at (2700,4820) size 75x22 contains 1 chunk(s)
        RenderSVGInlineText {#text} at (0,-17) size 75x22
          chunk 1 text run 1 at (2700.00,4820.00) startOffset 0 endOffset 11 width 75.00: "just a text"
      RenderSVGText {text} at (2800,4820) size 75x22 contains 1 chunk(s)
        RenderSVGInlineText {#text} at (0,-17) size 75x22
          chunk 1 text run 1 at (2800.00,4820.00) startOffset 0 endOffset 11 width 75.00: "just a text"
      RenderSVGText {text} at (2900,4820) size 75x22 contains 1 chunk(s)
        RenderSVGInlineText {#text} at (0,-17) size 75x22
          chunk 1 text run 1 at (2900.00,4820.00) startOffset 0 endOffset 11 width 75.00: "just a text"
      RenderSVGText {text} at (3000,4820) size 75x22 contains 1 chunk(s)
        RenderSVGInlineText {#text} at (0,-17) size 75x22
          chunk 1 text run 1 at (3000.00,4820.00) startOffset 0 endOffset 11 width 75.00: "just a text"
      RenderSVGText {text} at (3100,4820) size 75x22 contains 1 chunk(s)
        RenderSVGInlineText {#text} at (0,-17) size 75x22
          chunk 1 text run 1 at (3100.00,4820.00) startOffset 0 endOffset 11 width 75.00: "just a text"
      RenderSVGText {text} at (3200,4820) size 75x22 contains 1 chunk(s)
        RenderSVGInlineText {#text} at (0,-17) size 75x22
          chunk 1 text run 1 at (3200.00,4820.00) startOffset 0 endOffset 11 width 75.00: "just a text"
      RenderSVGText {text} at (3300,4820) size 75x22 contains 1 chunk(s)
        RenderSVGInlineText {#text} at (0,-17) size 75x22
          chunk 1 text run 1 at (3300.00,4820.00) startOffset 0 endOffset 11 width 75.00: "just a text"
      RenderSVGText {text} at (3400,4820) size 75x22 contains 1 chunk(s)
        RenderSVGInlineText {#text} at (0,-17) size 75x22
          chunk 1 text run 1 at (3400.00,4820.00) startOffset 0 endOffset 11 width 75.00: "just a text"
      RenderSVGText {text} at (3500,4820) size 75x22 contains 1 chunk(s)
        RenderSVGInlineText {#text} at (0,-17) size 75x22
          chunk 1 text run 1 at (3500.00,4820.00) startOffset 0 endOffset 11 width 75.00: "just a text"
      RenderSVGText {text} at (3600,4820) size 75x22 contains 1 chunk(s)
        RenderSVGInlineText {#text} at (0,-17) size 75x22
          chunk 1 text run 1 at (3600.00,4820.00) startOffset 0 endOffset 11 width 75.00: "just a text"
      RenderSVGText {text} at (3700,4820) size 75x22 contains 1 chunk(s)
        RenderSVGInlineText {#text} at (0,-17) size 75x22
          chunk 1 text run 1 at (3700.00,4820.00) startOffset 0 endOffset 11 width 75.00: "just a text"
      RenderSVGText {text} at (3800,4820) size 75x22 contains 1 chunk(s)
        RenderSVGInlineText {#text} at (0,-17) size 75x22
          chunk 1 text run 1 at (3800.00,4820.00) startOffset 0 endOffset 11 width 75.00: "just a text"
      RenderSVGText {text} at (3900,4820) size 75x22 contains 1 chunk(s)
        RenderSVGInlineText {#text} at (0,-17) size 75x22
          chunk 1 text run 1 at (3900.00,4820.00) startOffset 0 endOffset 11 width 75.00: "just a text"
      RenderSVGText {text} at (4000,4820) size 75x22 contains 1 chunk(s)
        RenderSVGInlineText {#text} at (0,-17) size 75x22
          chunk 1 text run 1 at (4000.00,4820.00) startOffset 0 endOffset 11 width 75.00: "just a text"
      RenderSVGText {text} at (4100,4820) size 75x22 contains 1 chunk(s)
        RenderSVGInlineText {#text} at (0,-17) size 75x22
          chunk 1 text run 1 at (4100.00,4820.00) startOffset 0 endOffset 11 width 75.00: "just a text"
      RenderSVGText {text} at (4200,4820) size 75x22 contains 1 chunk(s)
        RenderSVGInlineText {#text} at (0,-17) size 75x22
          chunk 1 text run 1 at (4200.00,4820.00) startOffset 0 endOffset 11 width 75.00: "just a text"
      RenderSVGText {text} at (4300,4820) size 75x22 contains 1 chunk(s)
        RenderSVGInlineText {#text} at (0,-17) size 75x22
          chunk 1 text run 1 at (4300.00,4820.00) startOffset 0 endOffset 11 width 75.00: "just a text"
      RenderSVGText {text} at (4400,4820) size 75x22 contains 1 chunk(s)
        RenderSVGInlineText {#text} at (0,-17) size 75x22
          chunk 1 text run 1 at (4400.00,4820.00) startOffset 0 endOffset 11 width 75.00: "just a text"
      RenderSVGText {text} at (4500,4820) size 75x22 contains 1 chunk(s)
        RenderSVGInlineText {#text} at (0,-17) size 75x22
          chunk 1 text run 1 at (4500.00,4820.00) startOffset 0 endOffset 11 width 75.00: "just a text"
      RenderSVGText {text} at (4600,4820) size 75x22 contains 1 chunk(s)
        RenderSVGInlineText {#text} at (0,-17) size 75x22
          chunk 1 text run 1 at (4600.00,4820.00) startOffset 0 endOffset 11 width 75.00: "just a text"
      RenderSVGText {text} at (4700,4820) size 75x22 contains 1 chunk(s)
        RenderSVGInlineText {#text} at (0,-17) size 75x22
          chunk 1 text run 1 at (4700.00,4820.00) startOffset 0 endOffset 11 width 75.00: "just a text"
      RenderSVGText {text} at (4800,4820) size 75x22 contains 1 chunk(s)
        RenderSVGInlineText {#text} at (0,-17) size 75x22
          chunk 1 text run 1 at (4800.00,4820.00) startOffset 0 endOffset 11 width 75.00: "just a text"
      RenderSVGText {text} at (4900,4820) size 75x22 contains 1 chunk(s)
        RenderSVGInlineText {#text} at (0,-17) size 75x22
          chunk 1 text run 1 at (4900.00,4820.00) startOffset 0 endOffset 11 width 75.00: "just a text"
      RenderSVGText {text} at (0,4920) size 75x22 contains 1 chunk(s)
        RenderSVGInlineText {#text} at (0,-17) size 75x22
          chunk 1 text run 1 at (0.00,4920.00) startOffset 0 endOffset 11 width 75.00: "just a text"
      RenderSVGText {text} at (100,4920) size 75x22 contains 1 chunk(s)
        RenderSVGInlineText {#text} at (0,-17) size 75x22
          chunk 1 text run 1 at (100.00,4920.00) startOffset 0 endOffset 11 width 75.00: "just a text"
      RenderSVGText {text} at (200,4920) size 75x22 contains 1 chunk(s)
        RenderSVGInlineText {#text} at (0,-17) size 75x22
          chunk 1 text run 1 at (200.00,4920.00) startOffset 0 endOffset 11 width 75.00: "just a text"
      RenderSVGText {text} at (300,4920) size 75x22 contains 1 chunk(s)
        RenderSVGInlineText {#text} at (0,-17) size 75x22
          chunk 1 text run 1 at (300.00,4920.00) startOffset 0 endOffset 11 width 75.00: "just a text"
      RenderSVGText {text} at (400,4920) size 75x22 contains 1 chunk(s)
        RenderSVGInlineText {#text} at (0,-17) size 75x22
          chunk 1 text run 1 at (400.00,4920.00) startOffset 0 endOffset 11 width 75.00: "just a text"
      RenderSVGText {text} at (500,4920) size 75x22 contains 1 chunk(s)
        RenderSVGInlineText {#text} at (0,-17) size 75x22
          chunk 1 text run 1 at (500.00,4920.00) startOffset 0 endOffset 11 width 75.00: "just a text"
      RenderSVGText {text} at (600,4920) size 75x22 contains 1 chunk(s)
        RenderSVGInlineText {#text} at (0,-17) size 75x22
          chunk 1 text run 1 at (600.00,4920.00) startOffset 0 endOffset 11 width 75.00: "just a text"
      RenderSVGText {text} at (700,4920) size 75x22 contains 1 chunk(s)
        RenderSVGInlineText {#text} at (0,-17) size 75x22
          chunk 1 text run 1 at (700.00,4920.00) startOffset 0 endOffset 11 width 75.00: "just a text"
      RenderSVGText {text} at (800,4920) size 75x22 contains 1 chunk(s)
        RenderSVGInlineText {#text} at (0,-17) size 75x22
          chunk 1 text run 1 at (800.00,4920.00) startOffset 0 endOffset 11 width 75.00: "just a text"
      RenderSVGText {text} at (900,4920) size 75x22 contains 1 chunk(s)
        RenderSVGInlineText {#text} at (0,-17) size 75x22
          chunk 1 text run 1 at (900.00,4920.00) startOffset 0 endOffset 11 width 75.00: "just a text"
      RenderSVGText {text} at (1000,4920) size 75x22 contains 1 chunk(s)
        RenderSVGInlineText {#text} at (0,-17) size 75x22
          chunk 1 text run 1 at (1000.00,4920.00) startOffset 0 endOffset 11 width 75.00: "just a text"
      RenderSVGText {text} at (1100,4920) size 75x22 contains 1 chunk(s)
        RenderSVGInlineText {#text} at (0,-17) size 75x22
          chunk 1 text run 1 at (1100.00,4920.00) startOffset 0 endOffset 11 width 75.00: "just a text"
      RenderSVGText {text} at (1200,4920) size 75x22 contains 1 chunk(s)
        RenderSVGInlineText {#text} at (0,-17) size 75x22
          chunk 1 text run 1 at (1200.00,4920.00) startOffset 0 endOffset 11 width 75.00: "just a text"
      RenderSVGText {text} at (1300,4920) size 75x22 contains 1 chunk(s)
        RenderSVGInlineText {#text} at (0,-17) size 75x22
          chunk 1 text run 1 at (1300.00,4920.00) startOffset 0 endOffset 11 width 75.00: "just a text"
      RenderSVGText {text} at (1400,4920) size 75x22 contains 1 chunk(s)
        RenderSVGInlineText {#text} at (0,-17) size 75x22
          chunk 1 text run 1 at (1400.00,4920.00) startOffset 0 endOffset 11 width 75.00: "just a text"
      RenderSVGText {text} at (1500,4920) size 75x22 contains 1 chunk(s)
        RenderSVGInlineText {#text} at (0,-17) size 75x22
          chunk 1 text run 1 at (1500.00,4920.00) startOffset 0 endOffset 11 width 75.00: "just a text"
      RenderSVGText {text} at (1600,4920) size 75x22 contains 1 chunk(s)
        RenderSVGInlineText {#text} at (0,-17) size 75x22
          chunk 1 text run 1 at (1600.00,4920.00) startOffset 0 endOffset 11 width 75.00: "just a text"
      RenderSVGText {text} at (1700,4920) size 75x22 contains 1 chunk(s)
        RenderSVGInlineText {#text} at (0,-17) size 75x22
          chunk 1 text run 1 at (1700.00,4920.00) startOffset 0 endOffset 11 width 75.00: "just a text"
      RenderSVGText {text} at (1800,4920) size 75x22 contains 1 chunk(s)
        RenderSVGInlineText {#text} at (0,-17) size 75x22
          chunk 1 text run 1 at (1800.00,4920.00) startOffset 0 endOffset 11 width 75.00: "just a text"
      RenderSVGText {text} at (1900,4920) size 75x22 contains 1 chunk(s)
        RenderSVGInlineText {#text} at (0,-17) size 75x22
          chunk 1 text run 1 at (1900.00,4920.00) startOffset 0 endOffset 11 width 75.00: "just a text"
      RenderSVGText {text} at (2000,4920) size 75x22 contains 1 chunk(s)
        RenderSVGInlineText {#text} at (0,-17) size 75x22
          chunk 1 text run 1 at (2000.00,4920.00) startOffset 0 endOffset 11 width 75.00: "just a text"
      RenderSVGText {text} at (2100,4920) size 75x22 contains 1 chunk(s)
        RenderSVGInlineText {#text} at (0,-17) size 75x22
          chunk 1 text run 1 at (2100.00,4920.00) startOffset 0 endOffset 11 width 75.00: "just a text"
      RenderSVGText {text} at (2200,4920) size 75x22 contains 1 chunk(s)
        RenderSVGInlineText {#text} at (0,-17) size 75x22
          chunk 1 text run 1 at (2200.00,4920.00) startOffset 0 endOffset 11 width 75.00: "just a text"
      RenderSVGText {text} at (2300,4920) size 75x22 contains 1 chunk(s)
        RenderSVGInlineText {#text} at (0,-17) size 75x22
          chunk 1 text run 1 at (2300.00,4920.00) startOffset 0 endOffset 11 width 75.00: "just a text"
      RenderSVGText {text} at (2400,4920) size 75x22 contains 1 chunk(s)
        RenderSVGInlineText {#text} at (0,-17) size 75x22
          chunk 1 text run 1 at (2400.00,4920.00) startOffset 0 endOffset 11 width 75.00: "just a text"
      RenderSVGText {text} at (2500,4920) size 75x22 contains 1 chunk(s)
        RenderSVGInlineText {#text} at (0,-17) size 75x22
          chunk 1 text run 1 at (2500.00,4920.00) startOffset 0 endOffset 11 width 75.00: "just a text"
      RenderSVGText {text} at (2600,4920) size 75x22 contains 1 chunk(s)
        RenderSVGInlineText {#text} at (0,-17) size 75x22
          chunk 1 text run 1 at (2600.00,4920.00) startOffset 0 endOffset 11 width 75.00: "just a text"
      RenderSVGText {text} at (2700,4920) size 75x22 contains 1 chunk(s)
        RenderSVGInlineText {#text} at (0,-17) size 75x22
          chunk 1 text run 1 at (2700.00,4920.00) startOffset 0 endOffset 11 width 75.00: "just a text"
      RenderSVGText {text} at (2800,4920) size 75x22 contains 1 chunk(s)
        RenderSVGInlineText {#text} at (0,-17) size 75x22
          chunk 1 text run 1 at (2800.00,4920.00) startOffset 0 endOffset 11 width 75.00: "just a text"
      RenderSVGText {text} at (2900,4920) size 75x22 contains 1 chunk(s)
        RenderSVGInlineText {#text} at (0,-17) size 75x22
          chunk 1 text run 1 at (2900.00,4920.00) startOffset 0 endOffset 11 width 75.00: "just a text"
      RenderSVGText {text} at (3000,4920) size 75x22 contains 1 chunk(s)
        RenderSVGInlineText {#text} at (0,-17) size 75x22
          chunk 1 text run 1 at (3000.00,4920.00) startOffset 0 endOffset 11 width 75.00: "just a text"
      RenderSVGText {text} at (3100,4920) size 75x22 contains 1 chunk(s)
        RenderSVGInlineText {#text} at (0,-17) size 75x22
          chunk 1 text run 1 at (3100.00,4920.00) startOffset 0 endOffset 11 width 75.00: "just a text"
      RenderSVGText {text} at (3200,4920) size 75x22 contains 1 chunk(s)
        RenderSVGInlineText {#text} at (0,-17) size 75x22
          chunk 1 text run 1 at (3200.00,4920.00) startOffset 0 endOffset 11 width 75.00: "just a text"
      RenderSVGText {text} at (3300,4920) size 75x22 contains 1 chunk(s)
        RenderSVGInlineText {#text} at (0,-17) size 75x22
          chunk 1 text run 1 at (3300.00,4920.00) startOffset 0 endOffset 11 width 75.00: "just a text"
      RenderSVGText {text} at (3400,4920) size 75x22 contains 1 chunk(s)
        RenderSVGInlineText {#text} at (0,-17) size 75x22
          chunk 1 text run 1 at (3400.00,4920.00) startOffset 0 endOffset 11 width 75.00: "just a text"
      RenderSVGText {text} at (3500,4920) size 75x22 contains 1 chunk(s)
        RenderSVGInlineText {#text} at (0,-17) size 75x22
          chunk 1 text run 1 at (3500.00,4920.00) startOffset 0 endOffset 11 width 75.00: "just a text"
      RenderSVGText {text} at (3600,4920) size 75x22 contains 1 chunk(s)
        RenderSVGInlineText {#text} at (0,-17) size 75x22
          chunk 1 text run 1 at (3600.00,4920.00) startOffset 0 endOffset 11 width 75.00: "just a text"
      RenderSVGText {text} at (3700,4920) size 75x22 contains 1 chunk(s)
        RenderSVGInlineText {#text} at (0,-17) size 75x22
          chunk 1 text run 1 at (3700.00,4920.00) startOffset 0 endOffset 11 width 75.00: "just a text"
      RenderSVGText {text} at (3800,4920) size 75x22 contains 1 chunk(s)
        RenderSVGInlineText {#text} at (0,-17) size 75x22
          chunk 1 text run 1 at (3800.00,4920.00) startOffset 0 endOffset 11 width 75.00: "just a text"
      RenderSVGText {text} at (3900,4920) size 75x22 contains 1 chunk(s)
        RenderSVGInlineText {#text} at (0,-17) size 75x22
          chunk 1 text run 1 at (3900.00,4920.00) startOffset 0 endOffset 11 width 75.00: "just a text"
      RenderSVGText {text} at (4000,4920) size 75x22 contains 1 chunk(s)
        RenderSVGInlineText {#text} at (0,-17) size 75x22
          chunk 1 text run 1 at (4000.00,4920.00) startOffset 0 endOffset 11 width 75.00: "just a text"
      RenderSVGText {text} at (4100,4920) size 75x22 contains 1 chunk(s)
        RenderSVGInlineText {#text} at (0,-17) size 75x22
          chunk 1 text run 1 at (4100.00,4920.00) startOffset 0 endOffset 11 width 75.00: "just a text"
      RenderSVGText {text} at (4200,4920) size 75x22 contains 1 chunk(s)
        RenderSVGInlineText {#text} at (0,-17) size 75x22
          chunk 1 text run 1 at (4200.00,4920.00) startOffset 0 endOffset 11 width 75.00: "just a text"
      RenderSVGText {text} at (4300,4920) size 75x22 contains 1 chunk(s)
        RenderSVGInlineText {#text} at (0,-17) size 75x22
          chunk 1 text run 1 at (4300.00,4920.00) startOffset 0 endOffset 11 width 75.00: "just a text"
      RenderSVGText {text} at (4400,4920) size 75x22 contains 1 chunk(s)
        RenderSVGInlineText {#text} at (0,-17) size 75x22
          chunk 1 text run 1 at (4400.00,4920.00) startOffset 0 endOffset 11 width 75.00: "just a text"
      RenderSVGText {text} at (4500,4920) size 75x22 contains 1 chunk(s)
        RenderSVGInlineText {#text} at (0,-17) size 75x22
          chunk 1 text run 1 at (4500.00,4920.00) startOffset 0 endOffset 11 width 75.00: "just a text"
      RenderSVGText {text} at (4600,4920) size 75x22 contains 1 chunk(s)
        RenderSVGInlineText {#text} at (0,-17) size 75x22
          chunk 1 text run 1 at (4600.00,4920.00) startOffset 0 endOffset 11 width 75.00: "just a text"
      RenderSVGText {text} at (4700,4920) size 75x22 contains 1 chunk(s)
        RenderSVGInlineText {#text} at (0,-17) size 75x22
          chunk 1 text run 1 at (4700.00,4920.00) startOffset 0 endOffset 11 width 75.00: "just a text"
      RenderSVGText {text} at (4800,4920) size 75x22 contains 1 chunk(s)
        RenderSVGInlineText {#text} at (0,-17) size 75x22
          chunk 1 text run 1 at (4800.00,4920.00) startOffset 0 endOffset 11 width 75.00: "just a text"
      RenderSVGText {text} at (4900,4920) size 75x22 contains 1 chunk(s)
        RenderSVGInlineText {#text} at (0,-17) size 75x22
          chunk 1 text run 1 at (4900.00,4920.00) startOffset 0 endOffset 11 width 75.00: "just a text"
    RenderText {#text} at (0,0) size 0x0
