CONSOLE MESSAGE: line 9: Error: Problem parsing d="M 0 0 L 10 10 10"
layer at (0,0) size 785x937
  RenderView at (0,0) size 785x600
layer at (0,0) size 785x937
  RenderBlock {html} at (0,0) size 785x937
    RenderBody {body} at (8,16) size 769x913
      RenderBlock {parsererror} at (16,0) size 737x137 [bgcolor=#FFDDDD] [border: (2px solid #CC7777)]
        RenderBlock {h3} at (18,20) size 701x23
          RenderText {#text} at (0,0) size 324x22
            text run at (0,0) width 324: "This page contains the following errors:"
        RenderBlock {div} at (18,61) size 701x15
          RenderText {#text} at (0,0) size 469x15
            text run at (0,0) width 469: "error on line 10 at column 66: invalid character in attribute value"
            text run at (469,0) width 0: " "
        RenderBlock {h3} at (18,94) size 701x23
          RenderText {#text} at (0,0) size 430x22
            text run at (0,0) width 430: "Below is a rendering of the page up to the first error."
      RenderBlock (anonymous) at (0,153) size 769x760
        RenderSVGRoot {svg} at (7.65,168.65) size 200.35x200.35
          RenderPath {path} at (8,169) size 200x200 [fill={[type=SOLID] [color=#008000]}] [data="M0.00,0.00 L200.00,0.00 L200.00,200.00 L0.00,200.00"]
          RenderPath {path} at (7.65,168.65) size 10.71x10.71 [stroke={[type=SOLID] [color=#FF0000]}] [fill={[type=SOLID] [color=#FF0000]}] [data="M0.00,0.00 L10.00,10.00"]
