layer at (0,0) size 785x6840
  RenderView at (0,0) size 785x600
layer at (0,0) size 785x6840
  RenderBlock {HTML} at (0,0) size 785x6840
    RenderBody {BODY} at (8,8) size 769x6816
      RenderBlock (anonymous) at (0,0) size 769x1692
        RenderInline {FONT} at (0,0) size 40x1692
          RenderText {#text} at (0,0) size 40x18
            text run at (0,0) width 40: "    "
          RenderBR {BR} at (40,14) size 0x0
          RenderText {#text} at (0,18) size 40x18
            text run at (0,18) width 40: "!!!!"
          RenderBR {BR} at (40,32) size 0x0
          RenderText {#text} at (0,36) size 40x18
            text run at (0,36) width 40: "\"\"\"\""
          RenderBR {BR} at (40,50) size 0x0
          RenderText {#text} at (0,54) size 40x18
            text run at (0,54) width 40: "####"
          RenderBR {BR} at (40,68) size 0x0
          RenderText {#text} at (0,72) size 40x18
            text run at (0,72) width 40: "$$$$"
          RenderBR {BR} at (40,86) size 0x0
          RenderText {#text} at (0,90) size 40x18
            text run at (0,90) width 40: "%%%%"
          RenderBR {BR} at (40,104) size 0x0
          RenderText {#text} at (0,108) size 40x18
            text run at (0,108) width 40: "&&&&"
          RenderBR {BR} at (40,122) size 0x0
          RenderText {#text} at (0,126) size 40x18
            text run at (0,126) width 40: "''''"
          RenderBR {BR} at (40,140) size 0x0
          RenderText {#text} at (0,144) size 40x18
            text run at (0,144) width 40: "(((("
          RenderBR {BR} at (40,158) size 0x0
          RenderText {#text} at (0,162) size 40x18
            text run at (0,162) width 40: "))))"
          RenderBR {BR} at (40,176) size 0x0
          RenderText {#text} at (0,180) size 40x18
            text run at (0,180) width 40: "****"
          RenderBR {BR} at (40,194) size 0x0
          RenderText {#text} at (0,198) size 40x18
            text run at (0,198) width 40: "++++"
          RenderBR {BR} at (40,212) size 0x0
          RenderText {#text} at (0,216) size 40x18
            text run at (0,216) width 40: ",,,,"
          RenderBR {BR} at (40,230) size 0x0
          RenderText {#text} at (0,234) size 40x18
            text run at (0,234) width 40: "----"
          RenderBR {BR} at (40,248) size 0x0
          RenderText {#text} at (0,252) size 40x18
            text run at (0,252) width 40: "...."
          RenderBR {BR} at (40,266) size 0x0
          RenderText {#text} at (0,270) size 40x18
            text run at (0,270) width 40: "////"
          RenderBR {BR} at (40,284) size 0x0
          RenderText {#text} at (0,288) size 40x18
            text run at (0,288) width 40: "0000"
          RenderBR {BR} at (40,302) size 0x0
          RenderText {#text} at (0,306) size 40x18
            text run at (0,306) width 40: "1111"
          RenderBR {BR} at (40,320) size 0x0
          RenderText {#text} at (0,324) size 40x18
            text run at (0,324) width 40: "2222"
          RenderBR {BR} at (40,338) size 0x0
          RenderText {#text} at (0,342) size 40x18
            text run at (0,342) width 40: "3333"
          RenderBR {BR} at (40,356) size 0x0
          RenderText {#text} at (0,360) size 40x18
            text run at (0,360) width 40: "4444"
          RenderBR {BR} at (40,374) size 0x0
          RenderText {#text} at (0,378) size 40x18
            text run at (0,378) width 40: "5555"
          RenderBR {BR} at (40,392) size 0x0
          RenderText {#text} at (0,396) size 40x18
            text run at (0,396) width 40: "6666"
          RenderBR {BR} at (40,410) size 0x0
          RenderText {#text} at (0,414) size 40x18
            text run at (0,414) width 40: "7777"
          RenderBR {BR} at (40,428) size 0x0
          RenderText {#text} at (0,432) size 40x18
            text run at (0,432) width 40: "8888"
          RenderBR {BR} at (40,446) size 0x0
          RenderText {#text} at (0,450) size 40x18
            text run at (0,450) width 40: "9999"
          RenderBR {BR} at (40,464) size 0x0
          RenderText {#text} at (0,468) size 40x18
            text run at (0,468) width 40: "::::"
          RenderBR {BR} at (40,482) size 0x0
          RenderText {#text} at (0,486) size 40x18
            text run at (0,486) width 40: ";;;;"
          RenderBR {BR} at (40,500) size 0x0
          RenderText {#text} at (0,504) size 40x18
            text run at (0,504) width 40: "<<<<"
          RenderBR {BR} at (40,518) size 0x0
          RenderText {#text} at (0,522) size 40x18
            text run at (0,522) width 40: "===="
          RenderBR {BR} at (40,536) size 0x0
          RenderText {#text} at (0,540) size 40x18
            text run at (0,540) width 40: ">>>>"
          RenderBR {BR} at (40,554) size 0x0
          RenderText {#text} at (0,558) size 40x18
            text run at (0,558) width 40: "????"
          RenderBR {BR} at (40,572) size 0x0
          RenderText {#text} at (0,576) size 40x18
            text run at (0,576) width 40: "@@@@"
          RenderBR {BR} at (40,590) size 0x0
          RenderText {#text} at (0,594) size 40x18
            text run at (0,594) width 40: "AAAA"
          RenderBR {BR} at (40,608) size 0x0
          RenderText {#text} at (0,612) size 40x18
            text run at (0,612) width 40: "BBBB"
          RenderBR {BR} at (40,626) size 0x0
          RenderText {#text} at (0,630) size 40x18
            text run at (0,630) width 40: "CCCC"
          RenderBR {BR} at (40,644) size 0x0
          RenderText {#text} at (0,648) size 40x18
            text run at (0,648) width 40: "DDDD"
          RenderBR {BR} at (40,662) size 0x0
          RenderText {#text} at (0,666) size 40x18
            text run at (0,666) width 40: "EEEE"
          RenderBR {BR} at (40,680) size 0x0
          RenderText {#text} at (0,684) size 40x18
            text run at (0,684) width 40: "FFFF"
          RenderBR {BR} at (40,698) size 0x0
          RenderText {#text} at (0,702) size 40x18
            text run at (0,702) width 40: "GGGG"
          RenderBR {BR} at (40,716) size 0x0
          RenderText {#text} at (0,720) size 40x18
            text run at (0,720) width 40: "HHHH"
          RenderBR {BR} at (40,734) size 0x0
          RenderText {#text} at (0,738) size 40x18
            text run at (0,738) width 40: "IIII"
          RenderBR {BR} at (40,752) size 0x0
          RenderText {#text} at (0,756) size 40x18
            text run at (0,756) width 40: "JJJJ"
          RenderBR {BR} at (40,770) size 0x0
          RenderText {#text} at (0,774) size 40x18
            text run at (0,774) width 40: "KKKK"
          RenderBR {BR} at (40,788) size 0x0
          RenderText {#text} at (0,792) size 40x18
            text run at (0,792) width 40: "LLLL"
          RenderBR {BR} at (40,806) size 0x0
          RenderText {#text} at (0,810) size 40x18
            text run at (0,810) width 40: "MMMM"
          RenderBR {BR} at (40,824) size 0x0
          RenderText {#text} at (0,828) size 40x18
            text run at (0,828) width 40: "NNNN"
          RenderBR {BR} at (40,842) size 0x0
          RenderText {#text} at (0,846) size 40x18
            text run at (0,846) width 40: "OOOO"
          RenderBR {BR} at (40,860) size 0x0
          RenderText {#text} at (0,864) size 40x18
            text run at (0,864) width 40: "PPPP"
          RenderBR {BR} at (40,878) size 0x0
          RenderText {#text} at (0,882) size 40x18
            text run at (0,882) width 40: "QQQQ"
          RenderBR {BR} at (40,896) size 0x0
          RenderText {#text} at (0,900) size 40x18
            text run at (0,900) width 40: "RRRR"
          RenderBR {BR} at (40,914) size 0x0
          RenderText {#text} at (0,918) size 40x18
            text run at (0,918) width 40: "SSSS"
          RenderBR {BR} at (40,932) size 0x0
          RenderText {#text} at (0,936) size 40x18
            text run at (0,936) width 40: "TTTT"
          RenderBR {BR} at (40,950) size 0x0
          RenderText {#text} at (0,954) size 40x18
            text run at (0,954) width 40: "UUUU"
          RenderBR {BR} at (40,968) size 0x0
          RenderText {#text} at (0,972) size 40x18
            text run at (0,972) width 40: "VVVV"
          RenderBR {BR} at (40,986) size 0x0
          RenderText {#text} at (0,990) size 40x18
            text run at (0,990) width 40: "WWWW"
          RenderBR {BR} at (40,1004) size 0x0
          RenderText {#text} at (0,1008) size 40x18
            text run at (0,1008) width 40: "XXXX"
          RenderBR {BR} at (40,1022) size 0x0
          RenderText {#text} at (0,1026) size 40x18
            text run at (0,1026) width 40: "YYYY"
          RenderBR {BR} at (40,1040) size 0x0
          RenderText {#text} at (0,1044) size 40x18
            text run at (0,1044) width 40: "ZZZZ"
          RenderBR {BR} at (40,1058) size 0x0
          RenderText {#text} at (0,1062) size 40x18
            text run at (0,1062) width 40: "[[[["
          RenderBR {BR} at (40,1076) size 0x0
          RenderText {#text} at (0,1080) size 40x18
            text run at (0,1080) width 40: "\\\\\\\\"
          RenderBR {BR} at (40,1094) size 0x0
          RenderText {#text} at (0,1098) size 40x18
            text run at (0,1098) width 40: "]]]]"
          RenderBR {BR} at (40,1112) size 0x0
          RenderText {#text} at (0,1116) size 40x18
            text run at (0,1116) width 40: "^^^^"
          RenderBR {BR} at (40,1130) size 0x0
          RenderText {#text} at (0,1134) size 40x18
            text run at (0,1134) width 40: "____"
          RenderBR {BR} at (40,1148) size 0x0
          RenderText {#text} at (0,1152) size 40x18
            text run at (0,1152) width 40: "````"
          RenderBR {BR} at (40,1166) size 0x0
          RenderText {#text} at (0,1170) size 40x18
            text run at (0,1170) width 40: "aaaa"
          RenderBR {BR} at (40,1184) size 0x0
          RenderText {#text} at (0,1188) size 40x18
            text run at (0,1188) width 40: "bbbb"
          RenderBR {BR} at (40,1202) size 0x0
          RenderText {#text} at (0,1206) size 40x18
            text run at (0,1206) width 40: "cccc"
          RenderBR {BR} at (40,1220) size 0x0
          RenderText {#text} at (0,1224) size 40x18
            text run at (0,1224) width 40: "dddd"
          RenderBR {BR} at (40,1238) size 0x0
          RenderText {#text} at (0,1242) size 40x18
            text run at (0,1242) width 40: "eeee"
          RenderBR {BR} at (40,1256) size 0x0
          RenderText {#text} at (0,1260) size 40x18
            text run at (0,1260) width 40: "ffff"
          RenderBR {BR} at (40,1274) size 0x0
          RenderText {#text} at (0,1278) size 40x18
            text run at (0,1278) width 40: "gggg"
          RenderBR {BR} at (40,1292) size 0x0
          RenderText {#text} at (0,1296) size 40x18
            text run at (0,1296) width 40: "hhhh"
          RenderBR {BR} at (40,1310) size 0x0
          RenderText {#text} at (0,1314) size 40x18
            text run at (0,1314) width 40: "iiii"
          RenderBR {BR} at (40,1328) size 0x0
          RenderText {#text} at (0,1332) size 40x18
            text run at (0,1332) width 40: "jjjj"
          RenderBR {BR} at (40,1346) size 0x0
          RenderText {#text} at (0,1350) size 40x18
            text run at (0,1350) width 40: "kkkk"
          RenderBR {BR} at (40,1364) size 0x0
          RenderText {#text} at (0,1368) size 40x18
            text run at (0,1368) width 40: "llll"
          RenderBR {BR} at (40,1382) size 0x0
          RenderText {#text} at (0,1386) size 40x18
            text run at (0,1386) width 40: "mmmm"
          RenderBR {BR} at (40,1400) size 0x0
          RenderText {#text} at (0,1404) size 40x18
            text run at (0,1404) width 40: "nnnn"
          RenderBR {BR} at (40,1418) size 0x0
          RenderText {#text} at (0,1422) size 40x18
            text run at (0,1422) width 40: "oooo"
          RenderBR {BR} at (40,1436) size 0x0
          RenderText {#text} at (0,1440) size 40x18
            text run at (0,1440) width 40: "pppp"
          RenderBR {BR} at (40,1454) size 0x0
          RenderText {#text} at (0,1458) size 40x18
            text run at (0,1458) width 40: "qqqq"
          RenderBR {BR} at (40,1472) size 0x0
          RenderText {#text} at (0,1476) size 40x18
            text run at (0,1476) width 40: "rrrr"
          RenderBR {BR} at (40,1490) size 0x0
          RenderText {#text} at (0,1494) size 40x18
            text run at (0,1494) width 40: "ssss"
          RenderBR {BR} at (40,1508) size 0x0
          RenderText {#text} at (0,1512) size 40x18
            text run at (0,1512) width 40: "tttt"
          RenderBR {BR} at (40,1526) size 0x0
          RenderText {#text} at (0,1530) size 40x18
            text run at (0,1530) width 40: "uuuu"
          RenderBR {BR} at (40,1544) size 0x0
          RenderText {#text} at (0,1548) size 40x18
            text run at (0,1548) width 40: "vvvv"
          RenderBR {BR} at (40,1562) size 0x0
          RenderText {#text} at (0,1566) size 40x18
            text run at (0,1566) width 40: "wwww"
          RenderBR {BR} at (40,1580) size 0x0
          RenderText {#text} at (0,1584) size 40x18
            text run at (0,1584) width 40: "xxxx"
          RenderBR {BR} at (40,1598) size 0x0
          RenderText {#text} at (0,1602) size 40x18
            text run at (0,1602) width 40: "yyyy"
          RenderBR {BR} at (40,1616) size 0x0
          RenderText {#text} at (0,1620) size 40x18
            text run at (0,1620) width 40: "zzzz"
          RenderBR {BR} at (40,1634) size 0x0
          RenderText {#text} at (0,1638) size 40x18
            text run at (0,1638) width 40: "{{{{"
          RenderBR {BR} at (40,1652) size 0x0
          RenderText {#text} at (0,1656) size 40x18
            text run at (0,1656) width 40: "||||"
          RenderBR {BR} at (40,1670) size 0x0
          RenderText {#text} at (0,1674) size 40x18
            text run at (0,1674) width 40: "}}}}"
          RenderBR {BR} at (40,1688) size 0x0
      RenderBlock (anonymous) at (0,1708) size 769x3400
        RenderBlock {P} at (0,0) size 769x1692
          RenderInline {B} at (0,0) size 40x1692
            RenderText {#text} at (0,0) size 40x18
              text run at (0,0) width 40: "    "
            RenderBR {BR} at (40,14) size 0x0
            RenderText {#text} at (0,18) size 40x18
              text run at (0,18) width 40: "!!!!"
            RenderBR {BR} at (40,32) size 0x0
            RenderText {#text} at (0,36) size 40x18
              text run at (0,36) width 40: "\"\"\"\""
            RenderBR {BR} at (40,50) size 0x0
            RenderText {#text} at (0,54) size 40x18
              text run at (0,54) width 40: "####"
            RenderBR {BR} at (40,68) size 0x0
            RenderText {#text} at (0,72) size 40x18
              text run at (0,72) width 40: "$$$$"
            RenderBR {BR} at (40,86) size 0x0
            RenderText {#text} at (0,90) size 40x18
              text run at (0,90) width 40: "%%%%"
            RenderBR {BR} at (40,104) size 0x0
            RenderText {#text} at (0,108) size 40x18
              text run at (0,108) width 40: "&&&&"
            RenderBR {BR} at (40,122) size 0x0
            RenderText {#text} at (0,126) size 40x18
              text run at (0,126) width 40: "''''"
            RenderBR {BR} at (40,140) size 0x0
            RenderText {#text} at (0,144) size 40x18
              text run at (0,144) width 40: "(((("
            RenderBR {BR} at (40,158) size 0x0
            RenderText {#text} at (0,162) size 40x18
              text run at (0,162) width 40: "))))"
            RenderBR {BR} at (40,176) size 0x0
            RenderText {#text} at (0,180) size 40x18
              text run at (0,180) width 40: "****"
            RenderBR {BR} at (40,194) size 0x0
            RenderText {#text} at (0,198) size 40x18
              text run at (0,198) width 40: "++++"
            RenderBR {BR} at (40,212) size 0x0
            RenderText {#text} at (0,216) size 40x18
              text run at (0,216) width 40: ",,,,"
            RenderBR {BR} at (40,230) size 0x0
            RenderText {#text} at (0,234) size 40x18
              text run at (0,234) width 40: "----"
            RenderBR {BR} at (40,248) size 0x0
            RenderText {#text} at (0,252) size 40x18
              text run at (0,252) width 40: "...."
            RenderBR {BR} at (40,266) size 0x0
            RenderText {#text} at (0,270) size 40x18
              text run at (0,270) width 40: "////"
            RenderBR {BR} at (40,284) size 0x0
            RenderText {#text} at (0,288) size 40x18
              text run at (0,288) width 40: "0000"
            RenderBR {BR} at (40,302) size 0x0
            RenderText {#text} at (0,306) size 40x18
              text run at (0,306) width 40: "1111"
            RenderBR {BR} at (40,320) size 0x0
            RenderText {#text} at (0,324) size 40x18
              text run at (0,324) width 40: "2222"
            RenderBR {BR} at (40,338) size 0x0
            RenderText {#text} at (0,342) size 40x18
              text run at (0,342) width 40: "3333"
            RenderBR {BR} at (40,356) size 0x0
            RenderText {#text} at (0,360) size 40x18
              text run at (0,360) width 40: "4444"
            RenderBR {BR} at (40,374) size 0x0
            RenderText {#text} at (0,378) size 40x18
              text run at (0,378) width 40: "5555"
            RenderBR {BR} at (40,392) size 0x0
            RenderText {#text} at (0,396) size 40x18
              text run at (0,396) width 40: "6666"
            RenderBR {BR} at (40,410) size 0x0
            RenderText {#text} at (0,414) size 40x18
              text run at (0,414) width 40: "7777"
            RenderBR {BR} at (40,428) size 0x0
            RenderText {#text} at (0,432) size 40x18
              text run at (0,432) width 40: "8888"
            RenderBR {BR} at (40,446) size 0x0
            RenderText {#text} at (0,450) size 40x18
              text run at (0,450) width 40: "9999"
            RenderBR {BR} at (40,464) size 0x0
            RenderText {#text} at (0,468) size 40x18
              text run at (0,468) width 40: "::::"
            RenderBR {BR} at (40,482) size 0x0
            RenderText {#text} at (0,486) size 40x18
              text run at (0,486) width 40: ";;;;"
            RenderBR {BR} at (40,500) size 0x0
            RenderText {#text} at (0,504) size 40x18
              text run at (0,504) width 40: "<<<<"
            RenderBR {BR} at (40,518) size 0x0
            RenderText {#text} at (0,522) size 40x18
              text run at (0,522) width 40: "===="
            RenderBR {BR} at (40,536) size 0x0
            RenderText {#text} at (0,540) size 40x18
              text run at (0,540) width 40: ">>>>"
            RenderBR {BR} at (40,554) size 0x0
            RenderText {#text} at (0,558) size 40x18
              text run at (0,558) width 40: "????"
            RenderBR {BR} at (40,572) size 0x0
            RenderText {#text} at (0,576) size 40x18
              text run at (0,576) width 40: "@@@@"
            RenderBR {BR} at (40,590) size 0x0
            RenderText {#text} at (0,594) size 40x18
              text run at (0,594) width 40: "AAAA"
            RenderBR {BR} at (40,608) size 0x0
            RenderText {#text} at (0,612) size 40x18
              text run at (0,612) width 40: "BBBB"
            RenderBR {BR} at (40,626) size 0x0
            RenderText {#text} at (0,630) size 40x18
              text run at (0,630) width 40: "CCCC"
            RenderBR {BR} at (40,644) size 0x0
            RenderText {#text} at (0,648) size 40x18
              text run at (0,648) width 40: "DDDD"
            RenderBR {BR} at (40,662) size 0x0
            RenderText {#text} at (0,666) size 40x18
              text run at (0,666) width 40: "EEEE"
            RenderBR {BR} at (40,680) size 0x0
            RenderText {#text} at (0,684) size 40x18
              text run at (0,684) width 40: "FFFF"
            RenderBR {BR} at (40,698) size 0x0
            RenderText {#text} at (0,702) size 40x18
              text run at (0,702) width 40: "GGGG"
            RenderBR {BR} at (40,716) size 0x0
            RenderText {#text} at (0,720) size 40x18
              text run at (0,720) width 40: "HHHH"
            RenderBR {BR} at (40,734) size 0x0
            RenderText {#text} at (0,738) size 40x18
              text run at (0,738) width 40: "IIII"
            RenderBR {BR} at (40,752) size 0x0
            RenderText {#text} at (0,756) size 40x18
              text run at (0,756) width 40: "JJJJ"
            RenderBR {BR} at (40,770) size 0x0
            RenderText {#text} at (0,774) size 40x18
              text run at (0,774) width 40: "KKKK"
            RenderBR {BR} at (40,788) size 0x0
            RenderText {#text} at (0,792) size 40x18
              text run at (0,792) width 40: "LLLL"
            RenderBR {BR} at (40,806) size 0x0
            RenderText {#text} at (0,810) size 40x18
              text run at (0,810) width 40: "MMMM"
            RenderBR {BR} at (40,824) size 0x0
            RenderText {#text} at (0,828) size 40x18
              text run at (0,828) width 40: "NNNN"
            RenderBR {BR} at (40,842) size 0x0
            RenderText {#text} at (0,846) size 40x18
              text run at (0,846) width 40: "OOOO"
            RenderBR {BR} at (40,860) size 0x0
            RenderText {#text} at (0,864) size 40x18
              text run at (0,864) width 40: "PPPP"
            RenderBR {BR} at (40,878) size 0x0
            RenderText {#text} at (0,882) size 40x18
              text run at (0,882) width 40: "QQQQ"
            RenderBR {BR} at (40,896) size 0x0
            RenderText {#text} at (0,900) size 40x18
              text run at (0,900) width 40: "RRRR"
            RenderBR {BR} at (40,914) size 0x0
            RenderText {#text} at (0,918) size 40x18
              text run at (0,918) width 40: "SSSS"
            RenderBR {BR} at (40,932) size 0x0
            RenderText {#text} at (0,936) size 40x18
              text run at (0,936) width 40: "TTTT"
            RenderBR {BR} at (40,950) size 0x0
            RenderText {#text} at (0,954) size 40x18
              text run at (0,954) width 40: "UUUU"
            RenderBR {BR} at (40,968) size 0x0
            RenderText {#text} at (0,972) size 40x18
              text run at (0,972) width 40: "VVVV"
            RenderBR {BR} at (40,986) size 0x0
            RenderText {#text} at (0,990) size 40x18
              text run at (0,990) width 40: "WWWW"
            RenderBR {BR} at (40,1004) size 0x0
            RenderText {#text} at (0,1008) size 40x18
              text run at (0,1008) width 40: "XXXX"
            RenderBR {BR} at (40,1022) size 0x0
            RenderText {#text} at (0,1026) size 40x18
              text run at (0,1026) width 40: "YYYY"
            RenderBR {BR} at (40,1040) size 0x0
            RenderText {#text} at (0,1044) size 40x18
              text run at (0,1044) width 40: "ZZZZ"
            RenderBR {BR} at (40,1058) size 0x0
            RenderText {#text} at (0,1062) size 40x18
              text run at (0,1062) width 40: "[[[["
            RenderBR {BR} at (40,1076) size 0x0
            RenderText {#text} at (0,1080) size 40x18
              text run at (0,1080) width 40: "\\\\\\\\"
            RenderBR {BR} at (40,1094) size 0x0
            RenderText {#text} at (0,1098) size 40x18
              text run at (0,1098) width 40: "]]]]"
            RenderBR {BR} at (40,1112) size 0x0
            RenderText {#text} at (0,1116) size 40x18
              text run at (0,1116) width 40: "^^^^"
            RenderBR {BR} at (40,1130) size 0x0
            RenderText {#text} at (0,1134) size 40x18
              text run at (0,1134) width 40: "____"
            RenderBR {BR} at (40,1148) size 0x0
            RenderText {#text} at (0,1152) size 40x18
              text run at (0,1152) width 40: "````"
            RenderBR {BR} at (40,1166) size 0x0
            RenderText {#text} at (0,1170) size 40x18
              text run at (0,1170) width 40: "aaaa"
            RenderBR {BR} at (40,1184) size 0x0
            RenderText {#text} at (0,1188) size 40x18
              text run at (0,1188) width 40: "bbbb"
            RenderBR {BR} at (40,1202) size 0x0
            RenderText {#text} at (0,1206) size 40x18
              text run at (0,1206) width 40: "cccc"
            RenderBR {BR} at (40,1220) size 0x0
            RenderText {#text} at (0,1224) size 40x18
              text run at (0,1224) width 40: "dddd"
            RenderBR {BR} at (40,1238) size 0x0
            RenderText {#text} at (0,1242) size 40x18
              text run at (0,1242) width 40: "eeee"
            RenderBR {BR} at (40,1256) size 0x0
            RenderText {#text} at (0,1260) size 40x18
              text run at (0,1260) width 40: "ffff"
            RenderBR {BR} at (40,1274) size 0x0
            RenderText {#text} at (0,1278) size 40x18
              text run at (0,1278) width 40: "gggg"
            RenderBR {BR} at (40,1292) size 0x0
            RenderText {#text} at (0,1296) size 40x18
              text run at (0,1296) width 40: "hhhh"
            RenderBR {BR} at (40,1310) size 0x0
            RenderText {#text} at (0,1314) size 40x18
              text run at (0,1314) width 40: "iiii"
            RenderBR {BR} at (40,1328) size 0x0
            RenderText {#text} at (0,1332) size 40x18
              text run at (0,1332) width 40: "jjjj"
            RenderBR {BR} at (40,1346) size 0x0
            RenderText {#text} at (0,1350) size 40x18
              text run at (0,1350) width 40: "kkkk"
            RenderBR {BR} at (40,1364) size 0x0
            RenderText {#text} at (0,1368) size 40x18
              text run at (0,1368) width 40: "llll"
            RenderBR {BR} at (40,1382) size 0x0
            RenderText {#text} at (0,1386) size 40x18
              text run at (0,1386) width 40: "mmmm"
            RenderBR {BR} at (40,1400) size 0x0
            RenderText {#text} at (0,1404) size 40x18
              text run at (0,1404) width 40: "nnnn"
            RenderBR {BR} at (40,1418) size 0x0
            RenderText {#text} at (0,1422) size 40x18
              text run at (0,1422) width 40: "oooo"
            RenderBR {BR} at (40,1436) size 0x0
            RenderText {#text} at (0,1440) size 40x18
              text run at (0,1440) width 40: "pppp"
            RenderBR {BR} at (40,1454) size 0x0
            RenderText {#text} at (0,1458) size 40x18
              text run at (0,1458) width 40: "qqqq"
            RenderBR {BR} at (40,1472) size 0x0
            RenderText {#text} at (0,1476) size 40x18
              text run at (0,1476) width 40: "rrrr"
            RenderBR {BR} at (40,1490) size 0x0
            RenderText {#text} at (0,1494) size 40x18
              text run at (0,1494) width 40: "ssss"
            RenderBR {BR} at (40,1508) size 0x0
            RenderText {#text} at (0,1512) size 40x18
              text run at (0,1512) width 40: "tttt"
            RenderBR {BR} at (40,1526) size 0x0
            RenderText {#text} at (0,1530) size 40x18
              text run at (0,1530) width 40: "uuuu"
            RenderBR {BR} at (40,1544) size 0x0
            RenderText {#text} at (0,1548) size 40x18
              text run at (0,1548) width 40: "vvvv"
            RenderBR {BR} at (40,1562) size 0x0
            RenderText {#text} at (0,1566) size 40x18
              text run at (0,1566) width 40: "wwww"
            RenderBR {BR} at (40,1580) size 0x0
            RenderText {#text} at (0,1584) size 40x18
              text run at (0,1584) width 40: "xxxx"
            RenderBR {BR} at (40,1598) size 0x0
            RenderText {#text} at (0,1602) size 40x18
              text run at (0,1602) width 40: "yyyy"
            RenderBR {BR} at (40,1616) size 0x0
            RenderText {#text} at (0,1620) size 40x18
              text run at (0,1620) width 40: "zzzz"
            RenderBR {BR} at (40,1634) size 0x0
            RenderText {#text} at (0,1638) size 40x18
              text run at (0,1638) width 40: "{{{{"
            RenderBR {BR} at (40,1652) size 0x0
            RenderText {#text} at (0,1656) size 40x18
              text run at (0,1656) width 40: "||||"
            RenderBR {BR} at (40,1670) size 0x0
            RenderText {#text} at (0,1674) size 40x18
              text run at (0,1674) width 40: "}}}}"
            RenderBR {BR} at (40,1688) size 0x0
          RenderText {#text} at (0,0) size 0x0
        RenderBlock {P} at (0,1708) size 769x1692
          RenderInline {I} at (0,0) size 40x1692
            RenderText {#text} at (0,0) size 40x18
              text run at (0,0) width 40: "    "
            RenderBR {BR} at (40,14) size 0x0
            RenderText {#text} at (0,18) size 40x18
              text run at (0,18) width 40: "!!!!"
            RenderBR {BR} at (40,32) size 0x0
            RenderText {#text} at (0,36) size 40x18
              text run at (0,36) width 40: "\"\"\"\""
            RenderBR {BR} at (40,50) size 0x0
            RenderText {#text} at (0,54) size 40x18
              text run at (0,54) width 40: "####"
            RenderBR {BR} at (40,68) size 0x0
            RenderText {#text} at (0,72) size 40x18
              text run at (0,72) width 40: "$$$$"
            RenderBR {BR} at (40,86) size 0x0
            RenderText {#text} at (0,90) size 40x18
              text run at (0,90) width 40: "%%%%"
            RenderBR {BR} at (40,104) size 0x0
            RenderText {#text} at (0,108) size 40x18
              text run at (0,108) width 40: "&&&&"
            RenderBR {BR} at (40,122) size 0x0
            RenderText {#text} at (0,126) size 40x18
              text run at (0,126) width 40: "''''"
            RenderBR {BR} at (40,140) size 0x0
            RenderText {#text} at (0,144) size 40x18
              text run at (0,144) width 40: "(((("
            RenderBR {BR} at (40,158) size 0x0
            RenderText {#text} at (0,162) size 40x18
              text run at (0,162) width 40: "))))"
            RenderBR {BR} at (40,176) size 0x0
            RenderText {#text} at (0,180) size 40x18
              text run at (0,180) width 40: "****"
            RenderBR {BR} at (40,194) size 0x0
            RenderText {#text} at (0,198) size 40x18
              text run at (0,198) width 40: "++++"
            RenderBR {BR} at (40,212) size 0x0
            RenderText {#text} at (0,216) size 40x18
              text run at (0,216) width 40: ",,,,"
            RenderBR {BR} at (40,230) size 0x0
            RenderText {#text} at (0,234) size 40x18
              text run at (0,234) width 40: "----"
            RenderBR {BR} at (40,248) size 0x0
            RenderText {#text} at (0,252) size 40x18
              text run at (0,252) width 40: "...."
            RenderBR {BR} at (40,266) size 0x0
            RenderText {#text} at (0,270) size 40x18
              text run at (0,270) width 40: "////"
            RenderBR {BR} at (40,284) size 0x0
            RenderText {#text} at (0,288) size 40x18
              text run at (0,288) width 40: "0000"
            RenderBR {BR} at (40,302) size 0x0
            RenderText {#text} at (0,306) size 40x18
              text run at (0,306) width 40: "1111"
            RenderBR {BR} at (40,320) size 0x0
            RenderText {#text} at (0,324) size 40x18
              text run at (0,324) width 40: "2222"
            RenderBR {BR} at (40,338) size 0x0
            RenderText {#text} at (0,342) size 40x18
              text run at (0,342) width 40: "3333"
            RenderBR {BR} at (40,356) size 0x0
            RenderText {#text} at (0,360) size 40x18
              text run at (0,360) width 40: "4444"
            RenderBR {BR} at (40,374) size 0x0
            RenderText {#text} at (0,378) size 40x18
              text run at (0,378) width 40: "5555"
            RenderBR {BR} at (40,392) size 0x0
            RenderText {#text} at (0,396) size 40x18
              text run at (0,396) width 40: "6666"
            RenderBR {BR} at (40,410) size 0x0
            RenderText {#text} at (0,414) size 40x18
              text run at (0,414) width 40: "7777"
            RenderBR {BR} at (40,428) size 0x0
            RenderText {#text} at (0,432) size 40x18
              text run at (0,432) width 40: "8888"
            RenderBR {BR} at (40,446) size 0x0
            RenderText {#text} at (0,450) size 40x18
              text run at (0,450) width 40: "9999"
            RenderBR {BR} at (40,464) size 0x0
            RenderText {#text} at (0,468) size 40x18
              text run at (0,468) width 40: "::::"
            RenderBR {BR} at (40,482) size 0x0
            RenderText {#text} at (0,486) size 40x18
              text run at (0,486) width 40: ";;;;"
            RenderBR {BR} at (40,500) size 0x0
            RenderText {#text} at (0,504) size 40x18
              text run at (0,504) width 40: "<<<<"
            RenderBR {BR} at (40,518) size 0x0
            RenderText {#text} at (0,522) size 40x18
              text run at (0,522) width 40: "===="
            RenderBR {BR} at (40,536) size 0x0
            RenderText {#text} at (0,540) size 40x18
              text run at (0,540) width 40: ">>>>"
            RenderBR {BR} at (40,554) size 0x0
            RenderText {#text} at (0,558) size 40x18
              text run at (0,558) width 40: "????"
            RenderBR {BR} at (40,572) size 0x0
            RenderText {#text} at (0,576) size 40x18
              text run at (0,576) width 40: "@@@@"
            RenderBR {BR} at (40,590) size 0x0
            RenderText {#text} at (0,594) size 40x18
              text run at (0,594) width 40: "AAAA"
            RenderBR {BR} at (40,608) size 0x0
            RenderText {#text} at (0,612) size 40x18
              text run at (0,612) width 40: "BBBB"
            RenderBR {BR} at (40,626) size 0x0
            RenderText {#text} at (0,630) size 40x18
              text run at (0,630) width 40: "CCCC"
            RenderBR {BR} at (40,644) size 0x0
            RenderText {#text} at (0,648) size 40x18
              text run at (0,648) width 40: "DDDD"
            RenderBR {BR} at (40,662) size 0x0
            RenderText {#text} at (0,666) size 40x18
              text run at (0,666) width 40: "EEEE"
            RenderBR {BR} at (40,680) size 0x0
            RenderText {#text} at (0,684) size 40x18
              text run at (0,684) width 40: "FFFF"
            RenderBR {BR} at (40,698) size 0x0
            RenderText {#text} at (0,702) size 40x18
              text run at (0,702) width 40: "GGGG"
            RenderBR {BR} at (40,716) size 0x0
            RenderText {#text} at (0,720) size 40x18
              text run at (0,720) width 40: "HHHH"
            RenderBR {BR} at (40,734) size 0x0
            RenderText {#text} at (0,738) size 40x18
              text run at (0,738) width 40: "IIII"
            RenderBR {BR} at (40,752) size 0x0
            RenderText {#text} at (0,756) size 40x18
              text run at (0,756) width 40: "JJJJ"
            RenderBR {BR} at (40,770) size 0x0
            RenderText {#text} at (0,774) size 40x18
              text run at (0,774) width 40: "KKKK"
            RenderBR {BR} at (40,788) size 0x0
            RenderText {#text} at (0,792) size 40x18
              text run at (0,792) width 40: "LLLL"
            RenderBR {BR} at (40,806) size 0x0
            RenderText {#text} at (0,810) size 40x18
              text run at (0,810) width 40: "MMMM"
            RenderBR {BR} at (40,824) size 0x0
            RenderText {#text} at (0,828) size 40x18
              text run at (0,828) width 40: "NNNN"
            RenderBR {BR} at (40,842) size 0x0
            RenderText {#text} at (0,846) size 40x18
              text run at (0,846) width 40: "OOOO"
            RenderBR {BR} at (40,860) size 0x0
            RenderText {#text} at (0,864) size 40x18
              text run at (0,864) width 40: "PPPP"
            RenderBR {BR} at (40,878) size 0x0
            RenderText {#text} at (0,882) size 40x18
              text run at (0,882) width 40: "QQQQ"
            RenderBR {BR} at (40,896) size 0x0
            RenderText {#text} at (0,900) size 40x18
              text run at (0,900) width 40: "RRRR"
            RenderBR {BR} at (40,914) size 0x0
            RenderText {#text} at (0,918) size 40x18
              text run at (0,918) width 40: "SSSS"
            RenderBR {BR} at (40,932) size 0x0
            RenderText {#text} at (0,936) size 40x18
              text run at (0,936) width 40: "TTTT"
            RenderBR {BR} at (40,950) size 0x0
            RenderText {#text} at (0,954) size 40x18
              text run at (0,954) width 40: "UUUU"
            RenderBR {BR} at (40,968) size 0x0
            RenderText {#text} at (0,972) size 40x18
              text run at (0,972) width 40: "VVVV"
            RenderBR {BR} at (40,986) size 0x0
            RenderText {#text} at (0,990) size 40x18
              text run at (0,990) width 40: "WWWW"
            RenderBR {BR} at (40,1004) size 0x0
            RenderText {#text} at (0,1008) size 40x18
              text run at (0,1008) width 40: "XXXX"
            RenderBR {BR} at (40,1022) size 0x0
            RenderText {#text} at (0,1026) size 40x18
              text run at (0,1026) width 40: "YYYY"
            RenderBR {BR} at (40,1040) size 0x0
            RenderText {#text} at (0,1044) size 40x18
              text run at (0,1044) width 40: "ZZZZ"
            RenderBR {BR} at (40,1058) size 0x0
            RenderText {#text} at (0,1062) size 40x18
              text run at (0,1062) width 40: "[[[["
            RenderBR {BR} at (40,1076) size 0x0
            RenderText {#text} at (0,1080) size 40x18
              text run at (0,1080) width 40: "\\\\\\\\"
            RenderBR {BR} at (40,1094) size 0x0
            RenderText {#text} at (0,1098) size 40x18
              text run at (0,1098) width 40: "]]]]"
            RenderBR {BR} at (40,1112) size 0x0
            RenderText {#text} at (0,1116) size 40x18
              text run at (0,1116) width 40: "^^^^"
            RenderBR {BR} at (40,1130) size 0x0
            RenderText {#text} at (0,1134) size 40x18
              text run at (0,1134) width 40: "____"
            RenderBR {BR} at (40,1148) size 0x0
            RenderText {#text} at (0,1152) size 40x18
              text run at (0,1152) width 40: "````"
            RenderBR {BR} at (40,1166) size 0x0
            RenderText {#text} at (0,1170) size 40x18
              text run at (0,1170) width 40: "aaaa"
            RenderBR {BR} at (40,1184) size 0x0
            RenderText {#text} at (0,1188) size 40x18
              text run at (0,1188) width 40: "bbbb"
            RenderBR {BR} at (40,1202) size 0x0
            RenderText {#text} at (0,1206) size 40x18
              text run at (0,1206) width 40: "cccc"
            RenderBR {BR} at (40,1220) size 0x0
            RenderText {#text} at (0,1224) size 40x18
              text run at (0,1224) width 40: "dddd"
            RenderBR {BR} at (40,1238) size 0x0
            RenderText {#text} at (0,1242) size 40x18
              text run at (0,1242) width 40: "eeee"
            RenderBR {BR} at (40,1256) size 0x0
            RenderText {#text} at (0,1260) size 40x18
              text run at (0,1260) width 40: "ffff"
            RenderBR {BR} at (40,1274) size 0x0
            RenderText {#text} at (0,1278) size 40x18
              text run at (0,1278) width 40: "gggg"
            RenderBR {BR} at (40,1292) size 0x0
            RenderText {#text} at (0,1296) size 40x18
              text run at (0,1296) width 40: "hhhh"
            RenderBR {BR} at (40,1310) size 0x0
            RenderText {#text} at (0,1314) size 40x18
              text run at (0,1314) width 40: "iiii"
            RenderBR {BR} at (40,1328) size 0x0
            RenderText {#text} at (0,1332) size 40x18
              text run at (0,1332) width 40: "jjjj"
            RenderBR {BR} at (40,1346) size 0x0
            RenderText {#text} at (0,1350) size 40x18
              text run at (0,1350) width 40: "kkkk"
            RenderBR {BR} at (40,1364) size 0x0
            RenderText {#text} at (0,1368) size 40x18
              text run at (0,1368) width 40: "llll"
            RenderBR {BR} at (40,1382) size 0x0
            RenderText {#text} at (0,1386) size 40x18
              text run at (0,1386) width 40: "mmmm"
            RenderBR {BR} at (40,1400) size 0x0
            RenderText {#text} at (0,1404) size 40x18
              text run at (0,1404) width 40: "nnnn"
            RenderBR {BR} at (40,1418) size 0x0
            RenderText {#text} at (0,1422) size 40x18
              text run at (0,1422) width 40: "oooo"
            RenderBR {BR} at (40,1436) size 0x0
            RenderText {#text} at (0,1440) size 40x18
              text run at (0,1440) width 40: "pppp"
            RenderBR {BR} at (40,1454) size 0x0
            RenderText {#text} at (0,1458) size 40x18
              text run at (0,1458) width 40: "qqqq"
            RenderBR {BR} at (40,1472) size 0x0
            RenderText {#text} at (0,1476) size 40x18
              text run at (0,1476) width 40: "rrrr"
            RenderBR {BR} at (40,1490) size 0x0
            RenderText {#text} at (0,1494) size 40x18
              text run at (0,1494) width 40: "ssss"
            RenderBR {BR} at (40,1508) size 0x0
            RenderText {#text} at (0,1512) size 40x18
              text run at (0,1512) width 40: "tttt"
            RenderBR {BR} at (40,1526) size 0x0
            RenderText {#text} at (0,1530) size 40x18
              text run at (0,1530) width 40: "uuuu"
            RenderBR {BR} at (40,1544) size 0x0
            RenderText {#text} at (0,1548) size 40x18
              text run at (0,1548) width 40: "vvvv"
            RenderBR {BR} at (40,1562) size 0x0
            RenderText {#text} at (0,1566) size 40x18
              text run at (0,1566) width 40: "wwww"
            RenderBR {BR} at (40,1580) size 0x0
            RenderText {#text} at (0,1584) size 40x18
              text run at (0,1584) width 40: "xxxx"
            RenderBR {BR} at (40,1598) size 0x0
            RenderText {#text} at (0,1602) size 40x18
              text run at (0,1602) width 40: "yyyy"
            RenderBR {BR} at (40,1616) size 0x0
            RenderText {#text} at (0,1620) size 40x18
              text run at (0,1620) width 40: "zzzz"
            RenderBR {BR} at (40,1634) size 0x0
            RenderText {#text} at (0,1638) size 40x18
              text run at (0,1638) width 40: "{{{{"
            RenderBR {BR} at (40,1652) size 0x0
            RenderText {#text} at (0,1656) size 40x18
              text run at (0,1656) width 40: "||||"
            RenderBR {BR} at (40,1670) size 0x0
            RenderText {#text} at (0,1674) size 40x18
              text run at (0,1674) width 40: "}}}}"
            RenderBR {BR} at (40,1688) size 0x0
          RenderText {#text} at (0,0) size 0x0
      RenderBlock (anonymous) at (0,5124) size 769x0
        RenderInline {FONT} at (0,0) size 0x0
      RenderBlock {P} at (0,5124) size 769x1692
        RenderInline {FONT} at (0,0) size 40x1692
          RenderText {#text} at (0,0) size 0x0
          RenderInline {B} at (0,0) size 40x1692
            RenderInline {I} at (0,0) size 40x1692
              RenderText {#text} at (0,0) size 40x18
                text run at (0,0) width 40: "    "
              RenderBR {BR} at (40,14) size 0x0
              RenderText {#text} at (0,18) size 40x18
                text run at (0,18) width 40: "!!!!"
              RenderBR {BR} at (40,32) size 0x0
              RenderText {#text} at (0,36) size 40x18
                text run at (0,36) width 40: "\"\"\"\""
              RenderBR {BR} at (40,50) size 0x0
              RenderText {#text} at (0,54) size 40x18
                text run at (0,54) width 40: "####"
              RenderBR {BR} at (40,68) size 0x0
              RenderText {#text} at (0,72) size 40x18
                text run at (0,72) width 40: "$$$$"
              RenderBR {BR} at (40,86) size 0x0
              RenderText {#text} at (0,90) size 40x18
                text run at (0,90) width 40: "%%%%"
              RenderBR {BR} at (40,104) size 0x0
              RenderText {#text} at (0,108) size 40x18
                text run at (0,108) width 40: "&&&&"
              RenderBR {BR} at (40,122) size 0x0
              RenderText {#text} at (0,126) size 40x18
                text run at (0,126) width 40: "''''"
              RenderBR {BR} at (40,140) size 0x0
              RenderText {#text} at (0,144) size 40x18
                text run at (0,144) width 40: "(((("
              RenderBR {BR} at (40,158) size 0x0
              RenderText {#text} at (0,162) size 40x18
                text run at (0,162) width 40: "))))"
              RenderBR {BR} at (40,176) size 0x0
              RenderText {#text} at (0,180) size 40x18
                text run at (0,180) width 40: "****"
              RenderBR {BR} at (40,194) size 0x0
              RenderText {#text} at (0,198) size 40x18
                text run at (0,198) width 40: "++++"
              RenderBR {BR} at (40,212) size 0x0
              RenderText {#text} at (0,216) size 40x18
                text run at (0,216) width 40: ",,,,"
              RenderBR {BR} at (40,230) size 0x0
              RenderText {#text} at (0,234) size 40x18
                text run at (0,234) width 40: "----"
              RenderBR {BR} at (40,248) size 0x0
              RenderText {#text} at (0,252) size 40x18
                text run at (0,252) width 40: "...."
              RenderBR {BR} at (40,266) size 0x0
              RenderText {#text} at (0,270) size 40x18
                text run at (0,270) width 40: "////"
              RenderBR {BR} at (40,284) size 0x0
              RenderText {#text} at (0,288) size 40x18
                text run at (0,288) width 40: "0000"
              RenderBR {BR} at (40,302) size 0x0
              RenderText {#text} at (0,306) size 40x18
                text run at (0,306) width 40: "1111"
              RenderBR {BR} at (40,320) size 0x0
              RenderText {#text} at (0,324) size 40x18
                text run at (0,324) width 40: "2222"
              RenderBR {BR} at (40,338) size 0x0
              RenderText {#text} at (0,342) size 40x18
                text run at (0,342) width 40: "3333"
              RenderBR {BR} at (40,356) size 0x0
              RenderText {#text} at (0,360) size 40x18
                text run at (0,360) width 40: "4444"
              RenderBR {BR} at (40,374) size 0x0
              RenderText {#text} at (0,378) size 40x18
                text run at (0,378) width 40: "5555"
              RenderBR {BR} at (40,392) size 0x0
              RenderText {#text} at (0,396) size 40x18
                text run at (0,396) width 40: "6666"
              RenderBR {BR} at (40,410) size 0x0
              RenderText {#text} at (0,414) size 40x18
                text run at (0,414) width 40: "7777"
              RenderBR {BR} at (40,428) size 0x0
              RenderText {#text} at (0,432) size 40x18
                text run at (0,432) width 40: "8888"
              RenderBR {BR} at (40,446) size 0x0
              RenderText {#text} at (0,450) size 40x18
                text run at (0,450) width 40: "9999"
              RenderBR {BR} at (40,464) size 0x0
              RenderText {#text} at (0,468) size 40x18
                text run at (0,468) width 40: "::::"
              RenderBR {BR} at (40,482) size 0x0
              RenderText {#text} at (0,486) size 40x18
                text run at (0,486) width 40: ";;;;"
              RenderBR {BR} at (40,500) size 0x0
              RenderText {#text} at (0,504) size 40x18
                text run at (0,504) width 40: "<<<<"
              RenderBR {BR} at (40,518) size 0x0
              RenderText {#text} at (0,522) size 40x18
                text run at (0,522) width 40: "===="
              RenderBR {BR} at (40,536) size 0x0
              RenderText {#text} at (0,540) size 40x18
                text run at (0,540) width 40: ">>>>"
              RenderBR {BR} at (40,554) size 0x0
              RenderText {#text} at (0,558) size 40x18
                text run at (0,558) width 40: "????"
              RenderBR {BR} at (40,572) size 0x0
              RenderText {#text} at (0,576) size 40x18
                text run at (0,576) width 40: "@@@@"
              RenderBR {BR} at (40,590) size 0x0
              RenderText {#text} at (0,594) size 40x18
                text run at (0,594) width 40: "AAAA"
              RenderBR {BR} at (40,608) size 0x0
              RenderText {#text} at (0,612) size 40x18
                text run at (0,612) width 40: "BBBB"
              RenderBR {BR} at (40,626) size 0x0
              RenderText {#text} at (0,630) size 40x18
                text run at (0,630) width 40: "CCCC"
              RenderBR {BR} at (40,644) size 0x0
              RenderText {#text} at (0,648) size 40x18
                text run at (0,648) width 40: "DDDD"
              RenderBR {BR} at (40,662) size 0x0
              RenderText {#text} at (0,666) size 40x18
                text run at (0,666) width 40: "EEEE"
              RenderBR {BR} at (40,680) size 0x0
              RenderText {#text} at (0,684) size 40x18
                text run at (0,684) width 40: "FFFF"
              RenderBR {BR} at (40,698) size 0x0
              RenderText {#text} at (0,702) size 40x18
                text run at (0,702) width 40: "GGGG"
              RenderBR {BR} at (40,716) size 0x0
              RenderText {#text} at (0,720) size 40x18
                text run at (0,720) width 40: "HHHH"
              RenderBR {BR} at (40,734) size 0x0
              RenderText {#text} at (0,738) size 40x18
                text run at (0,738) width 40: "IIII"
              RenderBR {BR} at (40,752) size 0x0
              RenderText {#text} at (0,756) size 40x18
                text run at (0,756) width 40: "JJJJ"
              RenderBR {BR} at (40,770) size 0x0
              RenderText {#text} at (0,774) size 40x18
                text run at (0,774) width 40: "KKKK"
              RenderBR {BR} at (40,788) size 0x0
              RenderText {#text} at (0,792) size 40x18
                text run at (0,792) width 40: "LLLL"
              RenderBR {BR} at (40,806) size 0x0
              RenderText {#text} at (0,810) size 40x18
                text run at (0,810) width 40: "MMMM"
              RenderBR {BR} at (40,824) size 0x0
              RenderText {#text} at (0,828) size 40x18
                text run at (0,828) width 40: "NNNN"
              RenderBR {BR} at (40,842) size 0x0
              RenderText {#text} at (0,846) size 40x18
                text run at (0,846) width 40: "OOOO"
              RenderBR {BR} at (40,860) size 0x0
              RenderText {#text} at (0,864) size 40x18
                text run at (0,864) width 40: "PPPP"
              RenderBR {BR} at (40,878) size 0x0
              RenderText {#text} at (0,882) size 40x18
                text run at (0,882) width 40: "QQQQ"
              RenderBR {BR} at (40,896) size 0x0
              RenderText {#text} at (0,900) size 40x18
                text run at (0,900) width 40: "RRRR"
              RenderBR {BR} at (40,914) size 0x0
              RenderText {#text} at (0,918) size 40x18
                text run at (0,918) width 40: "SSSS"
              RenderBR {BR} at (40,932) size 0x0
              RenderText {#text} at (0,936) size 40x18
                text run at (0,936) width 40: "TTTT"
              RenderBR {BR} at (40,950) size 0x0
              RenderText {#text} at (0,954) size 40x18
                text run at (0,954) width 40: "UUUU"
              RenderBR {BR} at (40,968) size 0x0
              RenderText {#text} at (0,972) size 40x18
                text run at (0,972) width 40: "VVVV"
              RenderBR {BR} at (40,986) size 0x0
              RenderText {#text} at (0,990) size 40x18
                text run at (0,990) width 40: "WWWW"
              RenderBR {BR} at (40,1004) size 0x0
              RenderText {#text} at (0,1008) size 40x18
                text run at (0,1008) width 40: "XXXX"
              RenderBR {BR} at (40,1022) size 0x0
              RenderText {#text} at (0,1026) size 40x18
                text run at (0,1026) width 40: "YYYY"
              RenderBR {BR} at (40,1040) size 0x0
              RenderText {#text} at (0,1044) size 40x18
                text run at (0,1044) width 40: "ZZZZ"
              RenderBR {BR} at (40,1058) size 0x0
              RenderText {#text} at (0,1062) size 40x18
                text run at (0,1062) width 40: "[[[["
              RenderBR {BR} at (40,1076) size 0x0
              RenderText {#text} at (0,1080) size 40x18
                text run at (0,1080) width 40: "\\\\\\\\"
              RenderBR {BR} at (40,1094) size 0x0
              RenderText {#text} at (0,1098) size 40x18
                text run at (0,1098) width 40: "]]]]"
              RenderBR {BR} at (40,1112) size 0x0
              RenderText {#text} at (0,1116) size 40x18
                text run at (0,1116) width 40: "^^^^"
              RenderBR {BR} at (40,1130) size 0x0
              RenderText {#text} at (0,1134) size 40x18
                text run at (0,1134) width 40: "____"
              RenderBR {BR} at (40,1148) size 0x0
              RenderText {#text} at (0,1152) size 40x18
                text run at (0,1152) width 40: "````"
              RenderBR {BR} at (40,1166) size 0x0
              RenderText {#text} at (0,1170) size 40x18
                text run at (0,1170) width 40: "aaaa"
              RenderBR {BR} at (40,1184) size 0x0
              RenderText {#text} at (0,1188) size 40x18
                text run at (0,1188) width 40: "bbbb"
              RenderBR {BR} at (40,1202) size 0x0
              RenderText {#text} at (0,1206) size 40x18
                text run at (0,1206) width 40: "cccc"
              RenderBR {BR} at (40,1220) size 0x0
              RenderText {#text} at (0,1224) size 40x18
                text run at (0,1224) width 40: "dddd"
              RenderBR {BR} at (40,1238) size 0x0
              RenderText {#text} at (0,1242) size 40x18
                text run at (0,1242) width 40: "eeee"
              RenderBR {BR} at (40,1256) size 0x0
              RenderText {#text} at (0,1260) size 40x18
                text run at (0,1260) width 40: "ffff"
              RenderBR {BR} at (40,1274) size 0x0
              RenderText {#text} at (0,1278) size 40x18
                text run at (0,1278) width 40: "gggg"
              RenderBR {BR} at (40,1292) size 0x0
              RenderText {#text} at (0,1296) size 40x18
                text run at (0,1296) width 40: "hhhh"
              RenderBR {BR} at (40,1310) size 0x0
              RenderText {#text} at (0,1314) size 40x18
                text run at (0,1314) width 40: "iiii"
              RenderBR {BR} at (40,1328) size 0x0
              RenderText {#text} at (0,1332) size 40x18
                text run at (0,1332) width 40: "jjjj"
              RenderBR {BR} at (40,1346) size 0x0
              RenderText {#text} at (0,1350) size 40x18
                text run at (0,1350) width 40: "kkkk"
              RenderBR {BR} at (40,1364) size 0x0
              RenderText {#text} at (0,1368) size 40x18
                text run at (0,1368) width 40: "llll"
              RenderBR {BR} at (40,1382) size 0x0
              RenderText {#text} at (0,1386) size 40x18
                text run at (0,1386) width 40: "mmmm"
              RenderBR {BR} at (40,1400) size 0x0
              RenderText {#text} at (0,1404) size 40x18
                text run at (0,1404) width 40: "nnnn"
              RenderBR {BR} at (40,1418) size 0x0
              RenderText {#text} at (0,1422) size 40x18
                text run at (0,1422) width 40: "oooo"
              RenderBR {BR} at (40,1436) size 0x0
              RenderText {#text} at (0,1440) size 40x18
                text run at (0,1440) width 40: "pppp"
              RenderBR {BR} at (40,1454) size 0x0
              RenderText {#text} at (0,1458) size 40x18
                text run at (0,1458) width 40: "qqqq"
              RenderBR {BR} at (40,1472) size 0x0
              RenderText {#text} at (0,1476) size 40x18
                text run at (0,1476) width 40: "rrrr"
              RenderBR {BR} at (40,1490) size 0x0
              RenderText {#text} at (0,1494) size 40x18
                text run at (0,1494) width 40: "ssss"
              RenderBR {BR} at (40,1508) size 0x0
              RenderText {#text} at (0,1512) size 40x18
                text run at (0,1512) width 40: "tttt"
              RenderBR {BR} at (40,1526) size 0x0
              RenderText {#text} at (0,1530) size 40x18
                text run at (0,1530) width 40: "uuuu"
              RenderBR {BR} at (40,1544) size 0x0
              RenderText {#text} at (0,1548) size 40x18
                text run at (0,1548) width 40: "vvvv"
              RenderBR {BR} at (40,1562) size 0x0
              RenderText {#text} at (0,1566) size 40x18
                text run at (0,1566) width 40: "wwww"
              RenderBR {BR} at (40,1580) size 0x0
              RenderText {#text} at (0,1584) size 40x18
                text run at (0,1584) width 40: "xxxx"
              RenderBR {BR} at (40,1598) size 0x0
              RenderText {#text} at (0,1602) size 40x18
                text run at (0,1602) width 40: "yyyy"
              RenderBR {BR} at (40,1616) size 0x0
              RenderText {#text} at (0,1620) size 40x18
                text run at (0,1620) width 40: "zzzz"
              RenderBR {BR} at (40,1634) size 0x0
              RenderText {#text} at (0,1638) size 40x18
                text run at (0,1638) width 40: "{{{{"
              RenderBR {BR} at (40,1652) size 0x0
              RenderText {#text} at (0,1656) size 40x18
                text run at (0,1656) width 40: "||||"
              RenderBR {BR} at (40,1670) size 0x0
              RenderText {#text} at (0,1674) size 40x18
                text run at (0,1674) width 40: "}}}}"
              RenderBR {BR} at (40,1688) size 0x0
          RenderText {#text} at (0,0) size 0x0
        RenderText {#text} at (0,0) size 0x0
