layer at (0,0) size 785x7216
  RenderView at (0,0) size 785x600
layer at (0,0) size 785x7216
  RenderBlock {HTML} at (0,0) size 785x7216
    RenderBody {BODY} at (8,8) size 769x7192
      RenderBlock (anonymous) at (0,0) size 769x1786
        RenderInline {FONT} at (0,0) size 52x1786
          RenderText {#text} at (0,0) size 12x19
            text run at (0,0) width 12: "    "
          RenderBR {BR} at (12,16) size 0x0
          RenderText {#text} at (0,19) size 16x19
            text run at (0,19) width 16: "!!!!"
          RenderBR {BR} at (16,35) size 0x0
          RenderText {#text} at (0,38) size 24x19
            text run at (0,38) width 24: "\"\"\"\""
          RenderBR {BR} at (24,54) size 0x0
          RenderText {#text} at (0,57) size 40x19
            text run at (0,57) width 40: "####"
          RenderBR {BR} at (40,73) size 0x0
          RenderText {#text} at (0,76) size 36x19
            text run at (0,76) width 36: "$$$$"
          RenderBR {BR} at (36,92) size 0x0
          RenderText {#text} at (0,95) size 44x19
            text run at (0,95) width 44: "%%%%"
          RenderBR {BR} at (44,111) size 0x0
          RenderText {#text} at (0,114) size 36x19
            text run at (0,114) width 36: "&&&&"
          RenderBR {BR} at (36,130) size 0x0
          RenderText {#text} at (0,133) size 12x19
            text run at (0,133) width 12: "''''"
          RenderBR {BR} at (12,149) size 0x0
          RenderText {#text} at (0,152) size 20x19
            text run at (0,152) width 20: "(((("
          RenderBR {BR} at (20,168) size 0x0
          RenderText {#text} at (0,171) size 20x19
            text run at (0,171) width 20: "))))"
          RenderBR {BR} at (20,187) size 0x0
          RenderText {#text} at (0,190) size 16x19
            text run at (0,190) width 16: "****"
          RenderBR {BR} at (16,206) size 0x0
          RenderText {#text} at (0,209) size 36x19
            text run at (0,209) width 36: "++++"
          RenderBR {BR} at (36,225) size 0x0
          RenderText {#text} at (0,228) size 12x19
            text run at (0,228) width 12: ",,,,"
          RenderBR {BR} at (12,244) size 0x0
          RenderText {#text} at (0,247) size 20x19
            text run at (0,247) width 20: "----"
          RenderBR {BR} at (20,263) size 0x0
          RenderText {#text} at (0,266) size 12x19
            text run at (0,266) width 12: "...."
          RenderBR {BR} at (12,282) size 0x0
          RenderText {#text} at (0,285) size 24x19
            text run at (0,285) width 24: "////"
          RenderBR {BR} at (24,301) size 0x0
          RenderText {#text} at (0,304) size 36x19
            text run at (0,304) width 36: "0000"
          RenderBR {BR} at (36,320) size 0x0
          RenderText {#text} at (0,323) size 24x19
            text run at (0,323) width 24: "1111"
          RenderBR {BR} at (24,339) size 0x0
          RenderText {#text} at (0,342) size 32x19
            text run at (0,342) width 32: "2222"
          RenderBR {BR} at (32,358) size 0x0
          RenderText {#text} at (0,361) size 32x19
            text run at (0,361) width 32: "3333"
          RenderBR {BR} at (32,377) size 0x0
          RenderText {#text} at (0,380) size 32x19
            text run at (0,380) width 32: "4444"
          RenderBR {BR} at (32,396) size 0x0
          RenderText {#text} at (0,399) size 36x19
            text run at (0,399) width 36: "5555"
          RenderBR {BR} at (36,415) size 0x0
          RenderText {#text} at (0,418) size 36x19
            text run at (0,418) width 36: "6666"
          RenderBR {BR} at (36,434) size 0x0
          RenderText {#text} at (0,437) size 24x19
            text run at (0,437) width 24: "7777"
          RenderBR {BR} at (24,453) size 0x0
          RenderText {#text} at (0,456) size 36x19
            text run at (0,456) width 36: "8888"
          RenderBR {BR} at (36,472) size 0x0
          RenderText {#text} at (0,475) size 36x19
            text run at (0,475) width 36: "9999"
          RenderBR {BR} at (36,491) size 0x0
          RenderText {#text} at (0,494) size 12x19
            text run at (0,494) width 12: "::::"
          RenderBR {BR} at (12,510) size 0x0
          RenderText {#text} at (0,513) size 12x19
            text run at (0,513) width 12: ";;;;"
          RenderBR {BR} at (12,529) size 0x0
          RenderText {#text} at (0,532) size 36x19
            text run at (0,532) width 36: "<<<<"
          RenderBR {BR} at (36,548) size 0x0
          RenderText {#text} at (0,551) size 36x19
            text run at (0,551) width 36: "===="
          RenderBR {BR} at (36,567) size 0x0
          RenderText {#text} at (0,570) size 36x19
            text run at (0,570) width 36: ">>>>"
          RenderBR {BR} at (36,586) size 0x0
          RenderText {#text} at (0,589) size 32x19
            text run at (0,589) width 32: "????"
          RenderBR {BR} at (32,605) size 0x0
          RenderText {#text} at (0,608) size 48x19
            text run at (0,608) width 48: "@@@@"
          RenderBR {BR} at (48,624) size 0x0
          RenderText {#text} at (0,627) size 32x19
            text run at (0,627) width 32: "AAAA"
          RenderBR {BR} at (32,643) size 0x0
          RenderText {#text} at (0,646) size 36x19
            text run at (0,646) width 36: "BBBB"
          RenderBR {BR} at (36,662) size 0x0
          RenderText {#text} at (0,665) size 36x19
            text run at (0,665) width 36: "CCCC"
          RenderBR {BR} at (36,681) size 0x0
          RenderText {#text} at (0,684) size 36x19
            text run at (0,684) width 36: "DDDD"
          RenderBR {BR} at (36,700) size 0x0
          RenderText {#text} at (0,703) size 28x19
            text run at (0,703) width 28: "EEEE"
          RenderBR {BR} at (28,719) size 0x0
          RenderText {#text} at (0,722) size 24x19
            text run at (0,722) width 24: "FFFF"
          RenderBR {BR} at (24,738) size 0x0
          RenderText {#text} at (0,741) size 36x19
            text run at (0,741) width 36: "GGGG"
          RenderBR {BR} at (36,757) size 0x0
          RenderText {#text} at (0,760) size 36x19
            text run at (0,760) width 36: "HHHH"
          RenderBR {BR} at (36,776) size 0x0
          RenderText {#text} at (0,779) size 20x19
            text run at (0,779) width 20: "IIII"
          RenderBR {BR} at (20,795) size 0x0
          RenderText {#text} at (0,798) size 20x19
            text run at (0,798) width 20: "JJJJ"
          RenderBR {BR} at (20,814) size 0x0
          RenderText {#text} at (0,817) size 36x19
            text run at (0,817) width 36: "KKKK"
          RenderBR {BR} at (36,833) size 0x0
          RenderText {#text} at (0,836) size 24x19
            text run at (0,836) width 24: "LLLL"
          RenderBR {BR} at (24,852) size 0x0
          RenderText {#text} at (0,855) size 44x19
            text run at (0,855) width 44: "MMMM"
          RenderBR {BR} at (44,871) size 0x0
          RenderText {#text} at (0,874) size 36x19
            text run at (0,874) width 36: "NNNN"
          RenderBR {BR} at (36,890) size 0x0
          RenderText {#text} at (0,893) size 36x19
            text run at (0,893) width 36: "OOOO"
          RenderBR {BR} at (36,909) size 0x0
          RenderText {#text} at (0,912) size 32x19
            text run at (0,912) width 32: "PPPP"
          RenderBR {BR} at (32,928) size 0x0
          RenderText {#text} at (0,931) size 36x19
            text run at (0,931) width 36: "QQQQ"
          RenderBR {BR} at (36,947) size 0x0
          RenderText {#text} at (0,950) size 36x19
            text run at (0,950) width 36: "RRRR"
          RenderBR {BR} at (36,966) size 0x0
          RenderText {#text} at (0,969) size 32x19
            text run at (0,969) width 32: "SSSS"
          RenderBR {BR} at (32,985) size 0x0
          RenderText {#text} at (0,988) size 28x19
            text run at (0,988) width 28: "TTTT"
          RenderBR {BR} at (28,1004) size 0x0
          RenderText {#text} at (0,1007) size 36x19
            text run at (0,1007) width 36: "UUUU"
          RenderBR {BR} at (36,1023) size 0x0
          RenderText {#text} at (0,1026) size 32x19
            text run at (0,1026) width 32: "VVVV"
          RenderBR {BR} at (32,1042) size 0x0
          RenderText {#text} at (0,1045) size 52x19
            text run at (0,1045) width 52: "WWWW"
          RenderBR {BR} at (52,1061) size 0x0
          RenderText {#text} at (0,1064) size 32x19
            text run at (0,1064) width 32: "XXXX"
          RenderBR {BR} at (32,1080) size 0x0
          RenderText {#text} at (0,1083) size 32x19
            text run at (0,1083) width 32: "YYYY"
          RenderBR {BR} at (32,1099) size 0x0
          RenderText {#text} at (0,1102) size 24x19
            text run at (0,1102) width 24: "ZZZZ"
          RenderBR {BR} at (24,1118) size 0x0
          RenderText {#text} at (0,1121) size 20x19
            text run at (0,1121) width 20: "[[[["
          RenderBR {BR} at (20,1137) size 0x0
          RenderText {#text} at (0,1140) size 24x19
            text run at (0,1140) width 24: "\\\\\\\\"
          RenderBR {BR} at (24,1156) size 0x0
          RenderText {#text} at (0,1159) size 20x19
            text run at (0,1159) width 20: "]]]]"
          RenderBR {BR} at (20,1175) size 0x0
          RenderText {#text} at (0,1178) size 32x19
            text run at (0,1178) width 32: "^^^^"
          RenderBR {BR} at (32,1194) size 0x0
          RenderText {#text} at (0,1197) size 36x19
            text run at (0,1197) width 36: "____"
          RenderBR {BR} at (36,1213) size 0x0
          RenderText {#text} at (0,1216) size 20x19
            text run at (0,1216) width 20: "````"
          RenderBR {BR} at (20,1232) size 0x0
          RenderText {#text} at (0,1235) size 32x19
            text run at (0,1235) width 32: "aaaa"
          RenderBR {BR} at (32,1251) size 0x0
          RenderText {#text} at (0,1254) size 32x19
            text run at (0,1254) width 32: "bbbb"
          RenderBR {BR} at (32,1270) size 0x0
          RenderText {#text} at (0,1273) size 32x19
            text run at (0,1273) width 32: "cccc"
          RenderBR {BR} at (32,1289) size 0x0
          RenderText {#text} at (0,1292) size 32x19
            text run at (0,1292) width 32: "dddd"
          RenderBR {BR} at (32,1308) size 0x0
          RenderText {#text} at (0,1311) size 32x19
            text run at (0,1311) width 32: "eeee"
          RenderBR {BR} at (32,1327) size 0x0
          RenderText {#text} at (0,1330) size 20x19
            text run at (0,1330) width 20: "ffff"
          RenderBR {BR} at (20,1346) size 0x0
          RenderText {#text} at (0,1349) size 32x19
            text run at (0,1349) width 32: "gggg"
          RenderBR {BR} at (32,1365) size 0x0
          RenderText {#text} at (0,1368) size 32x19
            text run at (0,1368) width 32: "hhhh"
          RenderBR {BR} at (32,1384) size 0x0
          RenderText {#text} at (0,1387) size 16x19
            text run at (0,1387) width 16: "iiii"
          RenderBR {BR} at (16,1403) size 0x0
          RenderText {#text} at (0,1406) size 16x19
            text run at (0,1406) width 16: "jjjj"
          RenderBR {BR} at (16,1422) size 0x0
          RenderText {#text} at (0,1425) size 32x19
            text run at (0,1425) width 32: "kkkk"
          RenderBR {BR} at (32,1441) size 0x0
          RenderText {#text} at (0,1444) size 16x19
            text run at (0,1444) width 16: "llll"
          RenderBR {BR} at (16,1460) size 0x0
          RenderText {#text} at (0,1463) size 48x19
            text run at (0,1463) width 48: "mmmm"
          RenderBR {BR} at (48,1479) size 0x0
          RenderText {#text} at (0,1482) size 32x19
            text run at (0,1482) width 32: "nnnn"
          RenderBR {BR} at (32,1498) size 0x0
          RenderText {#text} at (0,1501) size 32x19
            text run at (0,1501) width 32: "oooo"
          RenderBR {BR} at (32,1517) size 0x0
          RenderText {#text} at (0,1520) size 32x19
            text run at (0,1520) width 32: "pppp"
          RenderBR {BR} at (32,1536) size 0x0
          RenderText {#text} at (0,1539) size 32x19
            text run at (0,1539) width 32: "qqqq"
          RenderBR {BR} at (32,1555) size 0x0
          RenderText {#text} at (0,1558) size 24x19
            text run at (0,1558) width 24: "rrrr"
          RenderBR {BR} at (24,1574) size 0x0
          RenderText {#text} at (0,1577) size 32x19
            text run at (0,1577) width 32: "ssss"
          RenderBR {BR} at (32,1593) size 0x0
          RenderText {#text} at (0,1596) size 20x19
            text run at (0,1596) width 20: "tttt"
          RenderBR {BR} at (20,1612) size 0x0
          RenderText {#text} at (0,1615) size 32x19
            text run at (0,1615) width 32: "uuuu"
          RenderBR {BR} at (32,1631) size 0x0
          RenderText {#text} at (0,1634) size 28x19
            text run at (0,1634) width 28: "vvvv"
          RenderBR {BR} at (28,1650) size 0x0
          RenderText {#text} at (0,1653) size 44x19
            text run at (0,1653) width 44: "wwww"
          RenderBR {BR} at (44,1669) size 0x0
          RenderText {#text} at (0,1672) size 28x19
            text run at (0,1672) width 28: "xxxx"
          RenderBR {BR} at (28,1688) size 0x0
          RenderText {#text} at (0,1691) size 28x19
            text run at (0,1691) width 28: "yyyy"
          RenderBR {BR} at (28,1707) size 0x0
          RenderText {#text} at (0,1710) size 24x19
            text run at (0,1710) width 24: "zzzz"
          RenderBR {BR} at (24,1726) size 0x0
          RenderText {#text} at (0,1729) size 24x19
            text run at (0,1729) width 24: "{{{{"
          RenderBR {BR} at (24,1745) size 0x0
          RenderText {#text} at (0,1748) size 16x19
            text run at (0,1748) width 16: "||||"
          RenderBR {BR} at (16,1764) size 0x0
          RenderText {#text} at (0,1767) size 24x19
            text run at (0,1767) width 24: "}}}}"
          RenderBR {BR} at (24,1783) size 0x0
      RenderBlock (anonymous) at (0,1802) size 769x3588
        RenderBlock {P} at (0,0) size 769x1786
          RenderInline {B} at (0,0) size 52x1786
            RenderText {#text} at (0,0) size 12x19
              text run at (0,0) width 12: "    "
            RenderBR {BR} at (12,16) size 0x0
            RenderText {#text} at (0,19) size 16x19
              text run at (0,19) width 16: "!!!!"
            RenderBR {BR} at (16,35) size 0x0
            RenderText {#text} at (0,38) size 24x19
              text run at (0,38) width 24: "\"\"\"\""
            RenderBR {BR} at (24,54) size 0x0
            RenderText {#text} at (0,57) size 40x19
              text run at (0,57) width 40: "####"
            RenderBR {BR} at (40,73) size 0x0
            RenderText {#text} at (0,76) size 36x19
              text run at (0,76) width 36: "$$$$"
            RenderBR {BR} at (36,92) size 0x0
            RenderText {#text} at (0,95) size 44x19
              text run at (0,95) width 44: "%%%%"
            RenderBR {BR} at (44,111) size 0x0
            RenderText {#text} at (0,114) size 36x19
              text run at (0,114) width 36: "&&&&"
            RenderBR {BR} at (36,130) size 0x0
            RenderText {#text} at (0,133) size 12x19
              text run at (0,133) width 12: "''''"
            RenderBR {BR} at (12,149) size 0x0
            RenderText {#text} at (0,152) size 20x19
              text run at (0,152) width 20: "(((("
            RenderBR {BR} at (20,168) size 0x0
            RenderText {#text} at (0,171) size 20x19
              text run at (0,171) width 20: "))))"
            RenderBR {BR} at (20,187) size 0x0
            RenderText {#text} at (0,190) size 16x19
              text run at (0,190) width 16: "****"
            RenderBR {BR} at (16,206) size 0x0
            RenderText {#text} at (0,209) size 36x19
              text run at (0,209) width 36: "++++"
            RenderBR {BR} at (36,225) size 0x0
            RenderText {#text} at (0,228) size 12x19
              text run at (0,228) width 12: ",,,,"
            RenderBR {BR} at (12,244) size 0x0
            RenderText {#text} at (0,247) size 20x19
              text run at (0,247) width 20: "----"
            RenderBR {BR} at (20,263) size 0x0
            RenderText {#text} at (0,266) size 12x19
              text run at (0,266) width 12: "...."
            RenderBR {BR} at (12,282) size 0x0
            RenderText {#text} at (0,285) size 24x19
              text run at (0,285) width 24: "////"
            RenderBR {BR} at (24,301) size 0x0
            RenderText {#text} at (0,304) size 36x19
              text run at (0,304) width 36: "0000"
            RenderBR {BR} at (36,320) size 0x0
            RenderText {#text} at (0,323) size 24x19
              text run at (0,323) width 24: "1111"
            RenderBR {BR} at (24,339) size 0x0
            RenderText {#text} at (0,342) size 32x19
              text run at (0,342) width 32: "2222"
            RenderBR {BR} at (32,358) size 0x0
            RenderText {#text} at (0,361) size 32x19
              text run at (0,361) width 32: "3333"
            RenderBR {BR} at (32,377) size 0x0
            RenderText {#text} at (0,380) size 32x19
              text run at (0,380) width 32: "4444"
            RenderBR {BR} at (32,396) size 0x0
            RenderText {#text} at (0,399) size 36x19
              text run at (0,399) width 36: "5555"
            RenderBR {BR} at (36,415) size 0x0
            RenderText {#text} at (0,418) size 36x19
              text run at (0,418) width 36: "6666"
            RenderBR {BR} at (36,434) size 0x0
            RenderText {#text} at (0,437) size 24x19
              text run at (0,437) width 24: "7777"
            RenderBR {BR} at (24,453) size 0x0
            RenderText {#text} at (0,456) size 36x19
              text run at (0,456) width 36: "8888"
            RenderBR {BR} at (36,472) size 0x0
            RenderText {#text} at (0,475) size 36x19
              text run at (0,475) width 36: "9999"
            RenderBR {BR} at (36,491) size 0x0
            RenderText {#text} at (0,494) size 12x19
              text run at (0,494) width 12: "::::"
            RenderBR {BR} at (12,510) size 0x0
            RenderText {#text} at (0,513) size 12x19
              text run at (0,513) width 12: ";;;;"
            RenderBR {BR} at (12,529) size 0x0
            RenderText {#text} at (0,532) size 36x19
              text run at (0,532) width 36: "<<<<"
            RenderBR {BR} at (36,548) size 0x0
            RenderText {#text} at (0,551) size 36x19
              text run at (0,551) width 36: "===="
            RenderBR {BR} at (36,567) size 0x0
            RenderText {#text} at (0,570) size 36x19
              text run at (0,570) width 36: ">>>>"
            RenderBR {BR} at (36,586) size 0x0
            RenderText {#text} at (0,589) size 32x19
              text run at (0,589) width 32: "????"
            RenderBR {BR} at (32,605) size 0x0
            RenderText {#text} at (0,608) size 48x19
              text run at (0,608) width 48: "@@@@"
            RenderBR {BR} at (48,624) size 0x0
            RenderText {#text} at (0,627) size 32x19
              text run at (0,627) width 32: "AAAA"
            RenderBR {BR} at (32,643) size 0x0
            RenderText {#text} at (0,646) size 36x19
              text run at (0,646) width 36: "BBBB"
            RenderBR {BR} at (36,662) size 0x0
            RenderText {#text} at (0,665) size 36x19
              text run at (0,665) width 36: "CCCC"
            RenderBR {BR} at (36,681) size 0x0
            RenderText {#text} at (0,684) size 36x19
              text run at (0,684) width 36: "DDDD"
            RenderBR {BR} at (36,700) size 0x0
            RenderText {#text} at (0,703) size 28x19
              text run at (0,703) width 28: "EEEE"
            RenderBR {BR} at (28,719) size 0x0
            RenderText {#text} at (0,722) size 24x19
              text run at (0,722) width 24: "FFFF"
            RenderBR {BR} at (24,738) size 0x0
            RenderText {#text} at (0,741) size 36x19
              text run at (0,741) width 36: "GGGG"
            RenderBR {BR} at (36,757) size 0x0
            RenderText {#text} at (0,760) size 36x19
              text run at (0,760) width 36: "HHHH"
            RenderBR {BR} at (36,776) size 0x0
            RenderText {#text} at (0,779) size 20x19
              text run at (0,779) width 20: "IIII"
            RenderBR {BR} at (20,795) size 0x0
            RenderText {#text} at (0,798) size 20x19
              text run at (0,798) width 20: "JJJJ"
            RenderBR {BR} at (20,814) size 0x0
            RenderText {#text} at (0,817) size 36x19
              text run at (0,817) width 36: "KKKK"
            RenderBR {BR} at (36,833) size 0x0
            RenderText {#text} at (0,836) size 24x19
              text run at (0,836) width 24: "LLLL"
            RenderBR {BR} at (24,852) size 0x0
            RenderText {#text} at (0,855) size 44x19
              text run at (0,855) width 44: "MMMM"
            RenderBR {BR} at (44,871) size 0x0
            RenderText {#text} at (0,874) size 36x19
              text run at (0,874) width 36: "NNNN"
            RenderBR {BR} at (36,890) size 0x0
            RenderText {#text} at (0,893) size 36x19
              text run at (0,893) width 36: "OOOO"
            RenderBR {BR} at (36,909) size 0x0
            RenderText {#text} at (0,912) size 32x19
              text run at (0,912) width 32: "PPPP"
            RenderBR {BR} at (32,928) size 0x0
            RenderText {#text} at (0,931) size 36x19
              text run at (0,931) width 36: "QQQQ"
            RenderBR {BR} at (36,947) size 0x0
            RenderText {#text} at (0,950) size 36x19
              text run at (0,950) width 36: "RRRR"
            RenderBR {BR} at (36,966) size 0x0
            RenderText {#text} at (0,969) size 32x19
              text run at (0,969) width 32: "SSSS"
            RenderBR {BR} at (32,985) size 0x0
            RenderText {#text} at (0,988) size 28x19
              text run at (0,988) width 28: "TTTT"
            RenderBR {BR} at (28,1004) size 0x0
            RenderText {#text} at (0,1007) size 36x19
              text run at (0,1007) width 36: "UUUU"
            RenderBR {BR} at (36,1023) size 0x0
            RenderText {#text} at (0,1026) size 32x19
              text run at (0,1026) width 32: "VVVV"
            RenderBR {BR} at (32,1042) size 0x0
            RenderText {#text} at (0,1045) size 52x19
              text run at (0,1045) width 52: "WWWW"
            RenderBR {BR} at (52,1061) size 0x0
            RenderText {#text} at (0,1064) size 32x19
              text run at (0,1064) width 32: "XXXX"
            RenderBR {BR} at (32,1080) size 0x0
            RenderText {#text} at (0,1083) size 32x19
              text run at (0,1083) width 32: "YYYY"
            RenderBR {BR} at (32,1099) size 0x0
            RenderText {#text} at (0,1102) size 24x19
              text run at (0,1102) width 24: "ZZZZ"
            RenderBR {BR} at (24,1118) size 0x0
            RenderText {#text} at (0,1121) size 20x19
              text run at (0,1121) width 20: "[[[["
            RenderBR {BR} at (20,1137) size 0x0
            RenderText {#text} at (0,1140) size 24x19
              text run at (0,1140) width 24: "\\\\\\\\"
            RenderBR {BR} at (24,1156) size 0x0
            RenderText {#text} at (0,1159) size 20x19
              text run at (0,1159) width 20: "]]]]"
            RenderBR {BR} at (20,1175) size 0x0
            RenderText {#text} at (0,1178) size 32x19
              text run at (0,1178) width 32: "^^^^"
            RenderBR {BR} at (32,1194) size 0x0
            RenderText {#text} at (0,1197) size 36x19
              text run at (0,1197) width 36: "____"
            RenderBR {BR} at (36,1213) size 0x0
            RenderText {#text} at (0,1216) size 20x19
              text run at (0,1216) width 20: "````"
            RenderBR {BR} at (20,1232) size 0x0
            RenderText {#text} at (0,1235) size 32x19
              text run at (0,1235) width 32: "aaaa"
            RenderBR {BR} at (32,1251) size 0x0
            RenderText {#text} at (0,1254) size 32x19
              text run at (0,1254) width 32: "bbbb"
            RenderBR {BR} at (32,1270) size 0x0
            RenderText {#text} at (0,1273) size 32x19
              text run at (0,1273) width 32: "cccc"
            RenderBR {BR} at (32,1289) size 0x0
            RenderText {#text} at (0,1292) size 32x19
              text run at (0,1292) width 32: "dddd"
            RenderBR {BR} at (32,1308) size 0x0
            RenderText {#text} at (0,1311) size 32x19
              text run at (0,1311) width 32: "eeee"
            RenderBR {BR} at (32,1327) size 0x0
            RenderText {#text} at (0,1330) size 20x19
              text run at (0,1330) width 20: "ffff"
            RenderBR {BR} at (20,1346) size 0x0
            RenderText {#text} at (0,1349) size 32x19
              text run at (0,1349) width 32: "gggg"
            RenderBR {BR} at (32,1365) size 0x0
            RenderText {#text} at (0,1368) size 32x19
              text run at (0,1368) width 32: "hhhh"
            RenderBR {BR} at (32,1384) size 0x0
            RenderText {#text} at (0,1387) size 16x19
              text run at (0,1387) width 16: "iiii"
            RenderBR {BR} at (16,1403) size 0x0
            RenderText {#text} at (0,1406) size 16x19
              text run at (0,1406) width 16: "jjjj"
            RenderBR {BR} at (16,1422) size 0x0
            RenderText {#text} at (0,1425) size 32x19
              text run at (0,1425) width 32: "kkkk"
            RenderBR {BR} at (32,1441) size 0x0
            RenderText {#text} at (0,1444) size 16x19
              text run at (0,1444) width 16: "llll"
            RenderBR {BR} at (16,1460) size 0x0
            RenderText {#text} at (0,1463) size 48x19
              text run at (0,1463) width 48: "mmmm"
            RenderBR {BR} at (48,1479) size 0x0
            RenderText {#text} at (0,1482) size 32x19
              text run at (0,1482) width 32: "nnnn"
            RenderBR {BR} at (32,1498) size 0x0
            RenderText {#text} at (0,1501) size 32x19
              text run at (0,1501) width 32: "oooo"
            RenderBR {BR} at (32,1517) size 0x0
            RenderText {#text} at (0,1520) size 32x19
              text run at (0,1520) width 32: "pppp"
            RenderBR {BR} at (32,1536) size 0x0
            RenderText {#text} at (0,1539) size 32x19
              text run at (0,1539) width 32: "qqqq"
            RenderBR {BR} at (32,1555) size 0x0
            RenderText {#text} at (0,1558) size 24x19
              text run at (0,1558) width 24: "rrrr"
            RenderBR {BR} at (24,1574) size 0x0
            RenderText {#text} at (0,1577) size 32x19
              text run at (0,1577) width 32: "ssss"
            RenderBR {BR} at (32,1593) size 0x0
            RenderText {#text} at (0,1596) size 20x19
              text run at (0,1596) width 20: "tttt"
            RenderBR {BR} at (20,1612) size 0x0
            RenderText {#text} at (0,1615) size 32x19
              text run at (0,1615) width 32: "uuuu"
            RenderBR {BR} at (32,1631) size 0x0
            RenderText {#text} at (0,1634) size 28x19
              text run at (0,1634) width 28: "vvvv"
            RenderBR {BR} at (28,1650) size 0x0
            RenderText {#text} at (0,1653) size 44x19
              text run at (0,1653) width 44: "wwww"
            RenderBR {BR} at (44,1669) size 0x0
            RenderText {#text} at (0,1672) size 28x19
              text run at (0,1672) width 28: "xxxx"
            RenderBR {BR} at (28,1688) size 0x0
            RenderText {#text} at (0,1691) size 28x19
              text run at (0,1691) width 28: "yyyy"
            RenderBR {BR} at (28,1707) size 0x0
            RenderText {#text} at (0,1710) size 24x19
              text run at (0,1710) width 24: "zzzz"
            RenderBR {BR} at (24,1726) size 0x0
            RenderText {#text} at (0,1729) size 24x19
              text run at (0,1729) width 24: "{{{{"
            RenderBR {BR} at (24,1745) size 0x0
            RenderText {#text} at (0,1748) size 16x19
              text run at (0,1748) width 16: "||||"
            RenderBR {BR} at (16,1764) size 0x0
            RenderText {#text} at (0,1767) size 24x19
              text run at (0,1767) width 24: "}}}}"
            RenderBR {BR} at (24,1783) size 0x0
          RenderText {#text} at (0,0) size 0x0
        RenderBlock {P} at (0,1802) size 769x1786
          RenderInline {I} at (0,0) size 52x1786
            RenderText {#text} at (0,0) size 12x19
              text run at (0,0) width 12: "    "
            RenderBR {BR} at (12,16) size 0x0
            RenderText {#text} at (0,19) size 16x19
              text run at (0,19) width 16: "!!!!"
            RenderBR {BR} at (16,35) size 0x0
            RenderText {#text} at (0,38) size 24x19
              text run at (0,38) width 24: "\"\"\"\""
            RenderBR {BR} at (24,54) size 0x0
            RenderText {#text} at (0,57) size 40x19
              text run at (0,57) width 40: "####"
            RenderBR {BR} at (40,73) size 0x0
            RenderText {#text} at (0,76) size 36x19
              text run at (0,76) width 36: "$$$$"
            RenderBR {BR} at (36,92) size 0x0
            RenderText {#text} at (0,95) size 44x19
              text run at (0,95) width 44: "%%%%"
            RenderBR {BR} at (44,111) size 0x0
            RenderText {#text} at (0,114) size 36x19
              text run at (0,114) width 36: "&&&&"
            RenderBR {BR} at (36,130) size 0x0
            RenderText {#text} at (0,133) size 12x19
              text run at (0,133) width 12: "''''"
            RenderBR {BR} at (12,149) size 0x0
            RenderText {#text} at (0,152) size 20x19
              text run at (0,152) width 20: "(((("
            RenderBR {BR} at (20,168) size 0x0
            RenderText {#text} at (0,171) size 20x19
              text run at (0,171) width 20: "))))"
            RenderBR {BR} at (20,187) size 0x0
            RenderText {#text} at (0,190) size 16x19
              text run at (0,190) width 16: "****"
            RenderBR {BR} at (16,206) size 0x0
            RenderText {#text} at (0,209) size 36x19
              text run at (0,209) width 36: "++++"
            RenderBR {BR} at (36,225) size 0x0
            RenderText {#text} at (0,228) size 12x19
              text run at (0,228) width 12: ",,,,"
            RenderBR {BR} at (12,244) size 0x0
            RenderText {#text} at (0,247) size 20x19
              text run at (0,247) width 20: "----"
            RenderBR {BR} at (20,263) size 0x0
            RenderText {#text} at (0,266) size 12x19
              text run at (0,266) width 12: "...."
            RenderBR {BR} at (12,282) size 0x0
            RenderText {#text} at (0,285) size 24x19
              text run at (0,285) width 24: "////"
            RenderBR {BR} at (24,301) size 0x0
            RenderText {#text} at (0,304) size 36x19
              text run at (0,304) width 36: "0000"
            RenderBR {BR} at (36,320) size 0x0
            RenderText {#text} at (0,323) size 24x19
              text run at (0,323) width 24: "1111"
            RenderBR {BR} at (24,339) size 0x0
            RenderText {#text} at (0,342) size 32x19
              text run at (0,342) width 32: "2222"
            RenderBR {BR} at (32,358) size 0x0
            RenderText {#text} at (0,361) size 32x19
              text run at (0,361) width 32: "3333"
            RenderBR {BR} at (32,377) size 0x0
            RenderText {#text} at (0,380) size 32x19
              text run at (0,380) width 32: "4444"
            RenderBR {BR} at (32,396) size 0x0
            RenderText {#text} at (0,399) size 36x19
              text run at (0,399) width 36: "5555"
            RenderBR {BR} at (36,415) size 0x0
            RenderText {#text} at (0,418) size 36x19
              text run at (0,418) width 36: "6666"
            RenderBR {BR} at (36,434) size 0x0
            RenderText {#text} at (0,437) size 24x19
              text run at (0,437) width 24: "7777"
            RenderBR {BR} at (24,453) size 0x0
            RenderText {#text} at (0,456) size 36x19
              text run at (0,456) width 36: "8888"
            RenderBR {BR} at (36,472) size 0x0
            RenderText {#text} at (0,475) size 36x19
              text run at (0,475) width 36: "9999"
            RenderBR {BR} at (36,491) size 0x0
            RenderText {#text} at (0,494) size 12x19
              text run at (0,494) width 12: "::::"
            RenderBR {BR} at (12,510) size 0x0
            RenderText {#text} at (0,513) size 12x19
              text run at (0,513) width 12: ";;;;"
            RenderBR {BR} at (12,529) size 0x0
            RenderText {#text} at (0,532) size 36x19
              text run at (0,532) width 36: "<<<<"
            RenderBR {BR} at (36,548) size 0x0
            RenderText {#text} at (0,551) size 36x19
              text run at (0,551) width 36: "===="
            RenderBR {BR} at (36,567) size 0x0
            RenderText {#text} at (0,570) size 36x19
              text run at (0,570) width 36: ">>>>"
            RenderBR {BR} at (36,586) size 0x0
            RenderText {#text} at (0,589) size 32x19
              text run at (0,589) width 32: "????"
            RenderBR {BR} at (32,605) size 0x0
            RenderText {#text} at (0,608) size 48x19
              text run at (0,608) width 48: "@@@@"
            RenderBR {BR} at (48,624) size 0x0
            RenderText {#text} at (0,627) size 32x19
              text run at (0,627) width 32: "AAAA"
            RenderBR {BR} at (32,643) size 0x0
            RenderText {#text} at (0,646) size 36x19
              text run at (0,646) width 36: "BBBB"
            RenderBR {BR} at (36,662) size 0x0
            RenderText {#text} at (0,665) size 36x19
              text run at (0,665) width 36: "CCCC"
            RenderBR {BR} at (36,681) size 0x0
            RenderText {#text} at (0,684) size 36x19
              text run at (0,684) width 36: "DDDD"
            RenderBR {BR} at (36,700) size 0x0
            RenderText {#text} at (0,703) size 28x19
              text run at (0,703) width 28: "EEEE"
            RenderBR {BR} at (28,719) size 0x0
            RenderText {#text} at (0,722) size 24x19
              text run at (0,722) width 24: "FFFF"
            RenderBR {BR} at (24,738) size 0x0
            RenderText {#text} at (0,741) size 36x19
              text run at (0,741) width 36: "GGGG"
            RenderBR {BR} at (36,757) size 0x0
            RenderText {#text} at (0,760) size 36x19
              text run at (0,760) width 36: "HHHH"
            RenderBR {BR} at (36,776) size 0x0
            RenderText {#text} at (0,779) size 20x19
              text run at (0,779) width 20: "IIII"
            RenderBR {BR} at (20,795) size 0x0
            RenderText {#text} at (0,798) size 20x19
              text run at (0,798) width 20: "JJJJ"
            RenderBR {BR} at (20,814) size 0x0
            RenderText {#text} at (0,817) size 36x19
              text run at (0,817) width 36: "KKKK"
            RenderBR {BR} at (36,833) size 0x0
            RenderText {#text} at (0,836) size 24x19
              text run at (0,836) width 24: "LLLL"
            RenderBR {BR} at (24,852) size 0x0
            RenderText {#text} at (0,855) size 44x19
              text run at (0,855) width 44: "MMMM"
            RenderBR {BR} at (44,871) size 0x0
            RenderText {#text} at (0,874) size 36x19
              text run at (0,874) width 36: "NNNN"
            RenderBR {BR} at (36,890) size 0x0
            RenderText {#text} at (0,893) size 36x19
              text run at (0,893) width 36: "OOOO"
            RenderBR {BR} at (36,909) size 0x0
            RenderText {#text} at (0,912) size 32x19
              text run at (0,912) width 32: "PPPP"
            RenderBR {BR} at (32,928) size 0x0
            RenderText {#text} at (0,931) size 36x19
              text run at (0,931) width 36: "QQQQ"
            RenderBR {BR} at (36,947) size 0x0
            RenderText {#text} at (0,950) size 36x19
              text run at (0,950) width 36: "RRRR"
            RenderBR {BR} at (36,966) size 0x0
            RenderText {#text} at (0,969) size 32x19
              text run at (0,969) width 32: "SSSS"
            RenderBR {BR} at (32,985) size 0x0
            RenderText {#text} at (0,988) size 28x19
              text run at (0,988) width 28: "TTTT"
            RenderBR {BR} at (28,1004) size 0x0
            RenderText {#text} at (0,1007) size 36x19
              text run at (0,1007) width 36: "UUUU"
            RenderBR {BR} at (36,1023) size 0x0
            RenderText {#text} at (0,1026) size 32x19
              text run at (0,1026) width 32: "VVVV"
            RenderBR {BR} at (32,1042) size 0x0
            RenderText {#text} at (0,1045) size 52x19
              text run at (0,1045) width 52: "WWWW"
            RenderBR {BR} at (52,1061) size 0x0
            RenderText {#text} at (0,1064) size 32x19
              text run at (0,1064) width 32: "XXXX"
            RenderBR {BR} at (32,1080) size 0x0
            RenderText {#text} at (0,1083) size 32x19
              text run at (0,1083) width 32: "YYYY"
            RenderBR {BR} at (32,1099) size 0x0
            RenderText {#text} at (0,1102) size 24x19
              text run at (0,1102) width 24: "ZZZZ"
            RenderBR {BR} at (24,1118) size 0x0
            RenderText {#text} at (0,1121) size 20x19
              text run at (0,1121) width 20: "[[[["
            RenderBR {BR} at (20,1137) size 0x0
            RenderText {#text} at (0,1140) size 24x19
              text run at (0,1140) width 24: "\\\\\\\\"
            RenderBR {BR} at (24,1156) size 0x0
            RenderText {#text} at (0,1159) size 20x19
              text run at (0,1159) width 20: "]]]]"
            RenderBR {BR} at (20,1175) size 0x0
            RenderText {#text} at (0,1178) size 32x19
              text run at (0,1178) width 32: "^^^^"
            RenderBR {BR} at (32,1194) size 0x0
            RenderText {#text} at (0,1197) size 36x19
              text run at (0,1197) width 36: "____"
            RenderBR {BR} at (36,1213) size 0x0
            RenderText {#text} at (0,1216) size 20x19
              text run at (0,1216) width 20: "````"
            RenderBR {BR} at (20,1232) size 0x0
            RenderText {#text} at (0,1235) size 32x19
              text run at (0,1235) width 32: "aaaa"
            RenderBR {BR} at (32,1251) size 0x0
            RenderText {#text} at (0,1254) size 32x19
              text run at (0,1254) width 32: "bbbb"
            RenderBR {BR} at (32,1270) size 0x0
            RenderText {#text} at (0,1273) size 32x19
              text run at (0,1273) width 32: "cccc"
            RenderBR {BR} at (32,1289) size 0x0
            RenderText {#text} at (0,1292) size 32x19
              text run at (0,1292) width 32: "dddd"
            RenderBR {BR} at (32,1308) size 0x0
            RenderText {#text} at (0,1311) size 32x19
              text run at (0,1311) width 32: "eeee"
            RenderBR {BR} at (32,1327) size 0x0
            RenderText {#text} at (0,1330) size 20x19
              text run at (0,1330) width 20: "ffff"
            RenderBR {BR} at (20,1346) size 0x0
            RenderText {#text} at (0,1349) size 32x19
              text run at (0,1349) width 32: "gggg"
            RenderBR {BR} at (32,1365) size 0x0
            RenderText {#text} at (0,1368) size 32x19
              text run at (0,1368) width 32: "hhhh"
            RenderBR {BR} at (32,1384) size 0x0
            RenderText {#text} at (0,1387) size 16x19
              text run at (0,1387) width 16: "iiii"
            RenderBR {BR} at (16,1403) size 0x0
            RenderText {#text} at (0,1406) size 16x19
              text run at (0,1406) width 16: "jjjj"
            RenderBR {BR} at (16,1422) size 0x0
            RenderText {#text} at (0,1425) size 32x19
              text run at (0,1425) width 32: "kkkk"
            RenderBR {BR} at (32,1441) size 0x0
            RenderText {#text} at (0,1444) size 16x19
              text run at (0,1444) width 16: "llll"
            RenderBR {BR} at (16,1460) size 0x0
            RenderText {#text} at (0,1463) size 48x19
              text run at (0,1463) width 48: "mmmm"
            RenderBR {BR} at (48,1479) size 0x0
            RenderText {#text} at (0,1482) size 32x19
              text run at (0,1482) width 32: "nnnn"
            RenderBR {BR} at (32,1498) size 0x0
            RenderText {#text} at (0,1501) size 32x19
              text run at (0,1501) width 32: "oooo"
            RenderBR {BR} at (32,1517) size 0x0
            RenderText {#text} at (0,1520) size 32x19
              text run at (0,1520) width 32: "pppp"
            RenderBR {BR} at (32,1536) size 0x0
            RenderText {#text} at (0,1539) size 32x19
              text run at (0,1539) width 32: "qqqq"
            RenderBR {BR} at (32,1555) size 0x0
            RenderText {#text} at (0,1558) size 24x19
              text run at (0,1558) width 24: "rrrr"
            RenderBR {BR} at (24,1574) size 0x0
            RenderText {#text} at (0,1577) size 32x19
              text run at (0,1577) width 32: "ssss"
            RenderBR {BR} at (32,1593) size 0x0
            RenderText {#text} at (0,1596) size 20x19
              text run at (0,1596) width 20: "tttt"
            RenderBR {BR} at (20,1612) size 0x0
            RenderText {#text} at (0,1615) size 32x19
              text run at (0,1615) width 32: "uuuu"
            RenderBR {BR} at (32,1631) size 0x0
            RenderText {#text} at (0,1634) size 28x19
              text run at (0,1634) width 28: "vvvv"
            RenderBR {BR} at (28,1650) size 0x0
            RenderText {#text} at (0,1653) size 44x19
              text run at (0,1653) width 44: "wwww"
            RenderBR {BR} at (44,1669) size 0x0
            RenderText {#text} at (0,1672) size 28x19
              text run at (0,1672) width 28: "xxxx"
            RenderBR {BR} at (28,1688) size 0x0
            RenderText {#text} at (0,1691) size 28x19
              text run at (0,1691) width 28: "yyyy"
            RenderBR {BR} at (28,1707) size 0x0
            RenderText {#text} at (0,1710) size 24x19
              text run at (0,1710) width 24: "zzzz"
            RenderBR {BR} at (24,1726) size 0x0
            RenderText {#text} at (0,1729) size 24x19
              text run at (0,1729) width 24: "{{{{"
            RenderBR {BR} at (24,1745) size 0x0
            RenderText {#text} at (0,1748) size 16x19
              text run at (0,1748) width 16: "||||"
            RenderBR {BR} at (16,1764) size 0x0
            RenderText {#text} at (0,1767) size 24x19
              text run at (0,1767) width 24: "}}}}"
            RenderBR {BR} at (24,1783) size 0x0
          RenderText {#text} at (0,0) size 0x0
      RenderBlock (anonymous) at (0,5406) size 769x0
        RenderInline {FONT} at (0,0) size 0x0
      RenderBlock {P} at (0,5406) size 769x1786
        RenderInline {FONT} at (0,0) size 52x1786
          RenderText {#text} at (0,0) size 0x0
          RenderInline {B} at (0,0) size 52x1786
            RenderInline {I} at (0,0) size 52x1786
              RenderText {#text} at (0,0) size 12x19
                text run at (0,0) width 12: "    "
              RenderBR {BR} at (12,16) size 0x0
              RenderText {#text} at (0,19) size 16x19
                text run at (0,19) width 16: "!!!!"
              RenderBR {BR} at (16,35) size 0x0
              RenderText {#text} at (0,38) size 24x19
                text run at (0,38) width 24: "\"\"\"\""
              RenderBR {BR} at (24,54) size 0x0
              RenderText {#text} at (0,57) size 40x19
                text run at (0,57) width 40: "####"
              RenderBR {BR} at (40,73) size 0x0
              RenderText {#text} at (0,76) size 36x19
                text run at (0,76) width 36: "$$$$"
              RenderBR {BR} at (36,92) size 0x0
              RenderText {#text} at (0,95) size 44x19
                text run at (0,95) width 44: "%%%%"
              RenderBR {BR} at (44,111) size 0x0
              RenderText {#text} at (0,114) size 36x19
                text run at (0,114) width 36: "&&&&"
              RenderBR {BR} at (36,130) size 0x0
              RenderText {#text} at (0,133) size 12x19
                text run at (0,133) width 12: "''''"
              RenderBR {BR} at (12,149) size 0x0
              RenderText {#text} at (0,152) size 20x19
                text run at (0,152) width 20: "(((("
              RenderBR {BR} at (20,168) size 0x0
              RenderText {#text} at (0,171) size 20x19
                text run at (0,171) width 20: "))))"
              RenderBR {BR} at (20,187) size 0x0
              RenderText {#text} at (0,190) size 16x19
                text run at (0,190) width 16: "****"
              RenderBR {BR} at (16,206) size 0x0
              RenderText {#text} at (0,209) size 36x19
                text run at (0,209) width 36: "++++"
              RenderBR {BR} at (36,225) size 0x0
              RenderText {#text} at (0,228) size 12x19
                text run at (0,228) width 12: ",,,,"
              RenderBR {BR} at (12,244) size 0x0
              RenderText {#text} at (0,247) size 20x19
                text run at (0,247) width 20: "----"
              RenderBR {BR} at (20,263) size 0x0
              RenderText {#text} at (0,266) size 12x19
                text run at (0,266) width 12: "...."
              RenderBR {BR} at (12,282) size 0x0
              RenderText {#text} at (0,285) size 24x19
                text run at (0,285) width 24: "////"
              RenderBR {BR} at (24,301) size 0x0
              RenderText {#text} at (0,304) size 36x19
                text run at (0,304) width 36: "0000"
              RenderBR {BR} at (36,320) size 0x0
              RenderText {#text} at (0,323) size 24x19
                text run at (0,323) width 24: "1111"
              RenderBR {BR} at (24,339) size 0x0
              RenderText {#text} at (0,342) size 32x19
                text run at (0,342) width 32: "2222"
              RenderBR {BR} at (32,358) size 0x0
              RenderText {#text} at (0,361) size 32x19
                text run at (0,361) width 32: "3333"
              RenderBR {BR} at (32,377) size 0x0
              RenderText {#text} at (0,380) size 32x19
                text run at (0,380) width 32: "4444"
              RenderBR {BR} at (32,396) size 0x0
              RenderText {#text} at (0,399) size 36x19
                text run at (0,399) width 36: "5555"
              RenderBR {BR} at (36,415) size 0x0
              RenderText {#text} at (0,418) size 36x19
                text run at (0,418) width 36: "6666"
              RenderBR {BR} at (36,434) size 0x0
              RenderText {#text} at (0,437) size 24x19
                text run at (0,437) width 24: "7777"
              RenderBR {BR} at (24,453) size 0x0
              RenderText {#text} at (0,456) size 36x19
                text run at (0,456) width 36: "8888"
              RenderBR {BR} at (36,472) size 0x0
              RenderText {#text} at (0,475) size 36x19
                text run at (0,475) width 36: "9999"
              RenderBR {BR} at (36,491) size 0x0
              RenderText {#text} at (0,494) size 12x19
                text run at (0,494) width 12: "::::"
              RenderBR {BR} at (12,510) size 0x0
              RenderText {#text} at (0,513) size 12x19
                text run at (0,513) width 12: ";;;;"
              RenderBR {BR} at (12,529) size 0x0
              RenderText {#text} at (0,532) size 36x19
                text run at (0,532) width 36: "<<<<"
              RenderBR {BR} at (36,548) size 0x0
              RenderText {#text} at (0,551) size 36x19
                text run at (0,551) width 36: "===="
              RenderBR {BR} at (36,567) size 0x0
              RenderText {#text} at (0,570) size 36x19
                text run at (0,570) width 36: ">>>>"
              RenderBR {BR} at (36,586) size 0x0
              RenderText {#text} at (0,589) size 32x19
                text run at (0,589) width 32: "????"
              RenderBR {BR} at (32,605) size 0x0
              RenderText {#text} at (0,608) size 48x19
                text run at (0,608) width 48: "@@@@"
              RenderBR {BR} at (48,624) size 0x0
              RenderText {#text} at (0,627) size 32x19
                text run at (0,627) width 32: "AAAA"
              RenderBR {BR} at (32,643) size 0x0
              RenderText {#text} at (0,646) size 36x19
                text run at (0,646) width 36: "BBBB"
              RenderBR {BR} at (36,662) size 0x0
              RenderText {#text} at (0,665) size 36x19
                text run at (0,665) width 36: "CCCC"
              RenderBR {BR} at (36,681) size 0x0
              RenderText {#text} at (0,684) size 36x19
                text run at (0,684) width 36: "DDDD"
              RenderBR {BR} at (36,700) size 0x0
              RenderText {#text} at (0,703) size 28x19
                text run at (0,703) width 28: "EEEE"
              RenderBR {BR} at (28,719) size 0x0
              RenderText {#text} at (0,722) size 24x19
                text run at (0,722) width 24: "FFFF"
              RenderBR {BR} at (24,738) size 0x0
              RenderText {#text} at (0,741) size 36x19
                text run at (0,741) width 36: "GGGG"
              RenderBR {BR} at (36,757) size 0x0
              RenderText {#text} at (0,760) size 36x19
                text run at (0,760) width 36: "HHHH"
              RenderBR {BR} at (36,776) size 0x0
              RenderText {#text} at (0,779) size 20x19
                text run at (0,779) width 20: "IIII"
              RenderBR {BR} at (20,795) size 0x0
              RenderText {#text} at (0,798) size 20x19
                text run at (0,798) width 20: "JJJJ"
              RenderBR {BR} at (20,814) size 0x0
              RenderText {#text} at (0,817) size 36x19
                text run at (0,817) width 36: "KKKK"
              RenderBR {BR} at (36,833) size 0x0
              RenderText {#text} at (0,836) size 24x19
                text run at (0,836) width 24: "LLLL"
              RenderBR {BR} at (24,852) size 0x0
              RenderText {#text} at (0,855) size 44x19
                text run at (0,855) width 44: "MMMM"
              RenderBR {BR} at (44,871) size 0x0
              RenderText {#text} at (0,874) size 36x19
                text run at (0,874) width 36: "NNNN"
              RenderBR {BR} at (36,890) size 0x0
              RenderText {#text} at (0,893) size 36x19
                text run at (0,893) width 36: "OOOO"
              RenderBR {BR} at (36,909) size 0x0
              RenderText {#text} at (0,912) size 32x19
                text run at (0,912) width 32: "PPPP"
              RenderBR {BR} at (32,928) size 0x0
              RenderText {#text} at (0,931) size 36x19
                text run at (0,931) width 36: "QQQQ"
              RenderBR {BR} at (36,947) size 0x0
              RenderText {#text} at (0,950) size 36x19
                text run at (0,950) width 36: "RRRR"
              RenderBR {BR} at (36,966) size 0x0
              RenderText {#text} at (0,969) size 32x19
                text run at (0,969) width 32: "SSSS"
              RenderBR {BR} at (32,985) size 0x0
              RenderText {#text} at (0,988) size 28x19
                text run at (0,988) width 28: "TTTT"
              RenderBR {BR} at (28,1004) size 0x0
              RenderText {#text} at (0,1007) size 36x19
                text run at (0,1007) width 36: "UUUU"
              RenderBR {BR} at (36,1023) size 0x0
              RenderText {#text} at (0,1026) size 32x19
                text run at (0,1026) width 32: "VVVV"
              RenderBR {BR} at (32,1042) size 0x0
              RenderText {#text} at (0,1045) size 52x19
                text run at (0,1045) width 52: "WWWW"
              RenderBR {BR} at (52,1061) size 0x0
              RenderText {#text} at (0,1064) size 32x19
                text run at (0,1064) width 32: "XXXX"
              RenderBR {BR} at (32,1080) size 0x0
              RenderText {#text} at (0,1083) size 32x19
                text run at (0,1083) width 32: "YYYY"
              RenderBR {BR} at (32,1099) size 0x0
              RenderText {#text} at (0,1102) size 24x19
                text run at (0,1102) width 24: "ZZZZ"
              RenderBR {BR} at (24,1118) size 0x0
              RenderText {#text} at (0,1121) size 20x19
                text run at (0,1121) width 20: "[[[["
              RenderBR {BR} at (20,1137) size 0x0
              RenderText {#text} at (0,1140) size 24x19
                text run at (0,1140) width 24: "\\\\\\\\"
              RenderBR {BR} at (24,1156) size 0x0
              RenderText {#text} at (0,1159) size 20x19
                text run at (0,1159) width 20: "]]]]"
              RenderBR {BR} at (20,1175) size 0x0
              RenderText {#text} at (0,1178) size 32x19
                text run at (0,1178) width 32: "^^^^"
              RenderBR {BR} at (32,1194) size 0x0
              RenderText {#text} at (0,1197) size 36x19
                text run at (0,1197) width 36: "____"
              RenderBR {BR} at (36,1213) size 0x0
              RenderText {#text} at (0,1216) size 20x19
                text run at (0,1216) width 20: "````"
              RenderBR {BR} at (20,1232) size 0x0
              RenderText {#text} at (0,1235) size 32x19
                text run at (0,1235) width 32: "aaaa"
              RenderBR {BR} at (32,1251) size 0x0
              RenderText {#text} at (0,1254) size 32x19
                text run at (0,1254) width 32: "bbbb"
              RenderBR {BR} at (32,1270) size 0x0
              RenderText {#text} at (0,1273) size 32x19
                text run at (0,1273) width 32: "cccc"
              RenderBR {BR} at (32,1289) size 0x0
              RenderText {#text} at (0,1292) size 32x19
                text run at (0,1292) width 32: "dddd"
              RenderBR {BR} at (32,1308) size 0x0
              RenderText {#text} at (0,1311) size 32x19
                text run at (0,1311) width 32: "eeee"
              RenderBR {BR} at (32,1327) size 0x0
              RenderText {#text} at (0,1330) size 20x19
                text run at (0,1330) width 20: "ffff"
              RenderBR {BR} at (20,1346) size 0x0
              RenderText {#text} at (0,1349) size 32x19
                text run at (0,1349) width 32: "gggg"
              RenderBR {BR} at (32,1365) size 0x0
              RenderText {#text} at (0,1368) size 32x19
                text run at (0,1368) width 32: "hhhh"
              RenderBR {BR} at (32,1384) size 0x0
              RenderText {#text} at (0,1387) size 16x19
                text run at (0,1387) width 16: "iiii"
              RenderBR {BR} at (16,1403) size 0x0
              RenderText {#text} at (0,1406) size 16x19
                text run at (0,1406) width 16: "jjjj"
              RenderBR {BR} at (16,1422) size 0x0
              RenderText {#text} at (0,1425) size 32x19
                text run at (0,1425) width 32: "kkkk"
              RenderBR {BR} at (32,1441) size 0x0
              RenderText {#text} at (0,1444) size 16x19
                text run at (0,1444) width 16: "llll"
              RenderBR {BR} at (16,1460) size 0x0
              RenderText {#text} at (0,1463) size 48x19
                text run at (0,1463) width 48: "mmmm"
              RenderBR {BR} at (48,1479) size 0x0
              RenderText {#text} at (0,1482) size 32x19
                text run at (0,1482) width 32: "nnnn"
              RenderBR {BR} at (32,1498) size 0x0
              RenderText {#text} at (0,1501) size 32x19
                text run at (0,1501) width 32: "oooo"
              RenderBR {BR} at (32,1517) size 0x0
              RenderText {#text} at (0,1520) size 32x19
                text run at (0,1520) width 32: "pppp"
              RenderBR {BR} at (32,1536) size 0x0
              RenderText {#text} at (0,1539) size 32x19
                text run at (0,1539) width 32: "qqqq"
              RenderBR {BR} at (32,1555) size 0x0
              RenderText {#text} at (0,1558) size 24x19
                text run at (0,1558) width 24: "rrrr"
              RenderBR {BR} at (24,1574) size 0x0
              RenderText {#text} at (0,1577) size 32x19
                text run at (0,1577) width 32: "ssss"
              RenderBR {BR} at (32,1593) size 0x0
              RenderText {#text} at (0,1596) size 20x19
                text run at (0,1596) width 20: "tttt"
              RenderBR {BR} at (20,1612) size 0x0
              RenderText {#text} at (0,1615) size 32x19
                text run at (0,1615) width 32: "uuuu"
              RenderBR {BR} at (32,1631) size 0x0
              RenderText {#text} at (0,1634) size 28x19
                text run at (0,1634) width 28: "vvvv"
              RenderBR {BR} at (28,1650) size 0x0
              RenderText {#text} at (0,1653) size 44x19
                text run at (0,1653) width 44: "wwww"
              RenderBR {BR} at (44,1669) size 0x0
              RenderText {#text} at (0,1672) size 28x19
                text run at (0,1672) width 28: "xxxx"
              RenderBR {BR} at (28,1688) size 0x0
              RenderText {#text} at (0,1691) size 28x19
                text run at (0,1691) width 28: "yyyy"
              RenderBR {BR} at (28,1707) size 0x0
              RenderText {#text} at (0,1710) size 24x19
                text run at (0,1710) width 24: "zzzz"
              RenderBR {BR} at (24,1726) size 0x0
              RenderText {#text} at (0,1729) size 24x19
                text run at (0,1729) width 24: "{{{{"
              RenderBR {BR} at (24,1745) size 0x0
              RenderText {#text} at (0,1748) size 16x19
                text run at (0,1748) width 16: "||||"
              RenderBR {BR} at (16,1764) size 0x0
              RenderText {#text} at (0,1767) size 24x19
                text run at (0,1767) width 24: "}}}}"
              RenderBR {BR} at (24,1783) size 0x0
          RenderText {#text} at (0,0) size 0x0
        RenderText {#text} at (0,0) size 0x0
