layer at (0,0) size 785x6840
  RenderView at (0,0) size 785x600
layer at (0,0) size 785x6840
  RenderBlock {HTML} at (0,0) size 785x6840
    RenderBody {BODY} at (8,8) size 769x6816
      RenderBlock (anonymous) at (0,0) size 769x1692
        RenderInline {FONT} at (0,0) size 60x1692
          RenderText {#text} at (0,0) size 20x18
            text run at (0,0) width 20: "    "
          RenderBR {BR} at (20,15) size 0x0
          RenderText {#text} at (0,18) size 21x18
            text run at (0,18) width 21: "!!!!"
          RenderBR {BR} at (21,33) size 0x0
          RenderText {#text} at (0,36) size 24x18
            text run at (0,36) width 24: "\"\"\"\""
          RenderBR {BR} at (24,51) size 0x0
          RenderText {#text} at (0,54) size 41x18
            text run at (0,54) width 41: "####"
          RenderBR {BR} at (41,69) size 0x0
          RenderText {#text} at (0,72) size 41x18
            text run at (0,72) width 41: "$$$$"
          RenderBR {BR} at (41,87) size 0x0
          RenderText {#text} at (0,90) size 43x18
            text run at (0,90) width 43: "%%%%"
          RenderBR {BR} at (43,105) size 0x0
          RenderText {#text} at (0,108) size 45x18
            text run at (0,108) width 45: "&&&&"
          RenderBR {BR} at (45,123) size 0x0
          RenderText {#text} at (0,126) size 15x18
            text run at (0,126) width 15: "''''"
          RenderBR {BR} at (15,141) size 0x0
          RenderText {#text} at (0,144) size 21x18
            text run at (0,144) width 21: "(((("
          RenderBR {BR} at (21,159) size 0x0
          RenderText {#text} at (0,162) size 21x18
            text run at (0,162) width 21: "))))"
          RenderBR {BR} at (21,177) size 0x0
          RenderText {#text} at (0,180) size 31x18
            text run at (0,180) width 31: "****"
          RenderBR {BR} at (31,195) size 0x0
          RenderText {#text} at (0,198) size 51x18
            text run at (0,198) width 51: "++++"
          RenderBR {BR} at (51,213) size 0x0
          RenderText {#text} at (0,216) size 21x18
            text run at (0,216) width 21: ",,,,"
          RenderBR {BR} at (21,231) size 0x0
          RenderText {#text} at (0,234) size 40x18
            text run at (0,234) width 40: "----"
          RenderBR {BR} at (40,249) size 0x0
          RenderText {#text} at (0,252) size 21x18
            text run at (0,252) width 21: "...."
          RenderBR {BR} at (21,267) size 0x0
          RenderText {#text} at (0,270) size 34x18
            text run at (0,270) width 34: "////"
          RenderBR {BR} at (34,285) size 0x0
          RenderText {#text} at (0,288) size 41x18
            text run at (0,288) width 41: "0000"
          RenderBR {BR} at (41,303) size 0x0
          RenderText {#text} at (0,306) size 41x18
            text run at (0,306) width 41: "1111"
          RenderBR {BR} at (41,321) size 0x0
          RenderText {#text} at (0,324) size 41x18
            text run at (0,324) width 41: "2222"
          RenderBR {BR} at (41,339) size 0x0
          RenderText {#text} at (0,342) size 41x18
            text run at (0,342) width 41: "3333"
          RenderBR {BR} at (41,357) size 0x0
          RenderText {#text} at (0,360) size 41x18
            text run at (0,360) width 41: "4444"
          RenderBR {BR} at (41,375) size 0x0
          RenderText {#text} at (0,378) size 41x18
            text run at (0,378) width 41: "5555"
          RenderBR {BR} at (41,393) size 0x0
          RenderText {#text} at (0,396) size 41x18
            text run at (0,396) width 41: "6666"
          RenderBR {BR} at (41,411) size 0x0
          RenderText {#text} at (0,414) size 41x18
            text run at (0,414) width 41: "7777"
          RenderBR {BR} at (41,429) size 0x0
          RenderText {#text} at (0,432) size 41x18
            text run at (0,432) width 41: "8888"
          RenderBR {BR} at (41,447) size 0x0
          RenderText {#text} at (0,450) size 41x18
            text run at (0,450) width 41: "9999"
          RenderBR {BR} at (41,465) size 0x0
          RenderText {#text} at (0,468) size 21x18
            text run at (0,468) width 21: "::::"
          RenderBR {BR} at (21,483) size 0x0
          RenderText {#text} at (0,486) size 21x18
            text run at (0,486) width 21: ";;;;"
          RenderBR {BR} at (21,501) size 0x0
          RenderText {#text} at (0,504) size 51x18
            text run at (0,504) width 51: "<<<<"
          RenderBR {BR} at (51,519) size 0x0
          RenderText {#text} at (0,522) size 51x18
            text run at (0,522) width 51: "===="
          RenderBR {BR} at (51,537) size 0x0
          RenderText {#text} at (0,540) size 51x18
            text run at (0,540) width 51: ">>>>"
          RenderBR {BR} at (51,555) size 0x0
          RenderText {#text} at (0,558) size 28x18
            text run at (0,558) width 28: "????"
          RenderBR {BR} at (28,573) size 0x0
          RenderText {#text} at (0,576) size 55x18
            text run at (0,576) width 55: "@@@@"
          RenderBR {BR} at (55,591) size 0x0
          RenderText {#text} at (0,594) size 45x18
            text run at (0,594) width 45: "AAAA"
          RenderBR {BR} at (45,609) size 0x0
          RenderText {#text} at (0,612) size 37x18
            text run at (0,612) width 37: "BBBB"
          RenderBR {BR} at (37,627) size 0x0
          RenderText {#text} at (0,630) size 45x18
            text run at (0,630) width 45: "CCCC"
          RenderBR {BR} at (45,645) size 0x0
          RenderText {#text} at (0,648) size 48x18
            text run at (0,648) width 48: "DDDD"
          RenderBR {BR} at (48,663) size 0x0
          RenderText {#text} at (0,666) size 35x18
            text run at (0,666) width 35: "EEEE"
          RenderBR {BR} at (35,681) size 0x0
          RenderText {#text} at (0,684) size 35x18
            text run at (0,684) width 35: "FFFF"
          RenderBR {BR} at (35,699) size 0x0
          RenderText {#text} at (0,702) size 47x18
            text run at (0,702) width 47: "GGGG"
          RenderBR {BR} at (47,717) size 0x0
          RenderText {#text} at (0,720) size 48x18
            text run at (0,720) width 48: "HHHH"
          RenderBR {BR} at (48,735) size 0x0
          RenderText {#text} at (0,738) size 19x18
            text run at (0,738) width 19: "IIII"
          RenderBR {BR} at (19,753) size 0x0
          RenderText {#text} at (0,756) size 20x18
            text run at (0,756) width 20: "JJJJ"
          RenderBR {BR} at (20,771) size 0x0
          RenderText {#text} at (0,774) size 42x18
            text run at (0,774) width 42: "KKKK"
          RenderBR {BR} at (42,789) size 0x0
          RenderText {#text} at (0,792) size 35x18
            text run at (0,792) width 35: "LLLL"
          RenderBR {BR} at (35,807) size 0x0
          RenderText {#text} at (0,810) size 56x18
            text run at (0,810) width 56: "MMMM"
          RenderBR {BR} at (56,825) size 0x0
          RenderText {#text} at (0,828) size 48x18
            text run at (0,828) width 48: "NNNN"
          RenderBR {BR} at (48,843) size 0x0
          RenderText {#text} at (0,846) size 50x18
            text run at (0,846) width 50: "OOOO"
          RenderBR {BR} at (50,861) size 0x0
          RenderText {#text} at (0,864) size 36x18
            text run at (0,864) width 36: "PPPP"
          RenderBR {BR} at (36,879) size 0x0
          RenderText {#text} at (0,882) size 50x18
            text run at (0,882) width 50: "QQQQ"
          RenderBR {BR} at (50,897) size 0x0
          RenderText {#text} at (0,900) size 41x18
            text run at (0,900) width 41: "RRRR"
          RenderBR {BR} at (41,915) size 0x0
          RenderText {#text} at (0,918) size 35x18
            text run at (0,918) width 35: "SSSS"
          RenderBR {BR} at (35,933) size 0x0
          RenderText {#text} at (0,936) size 41x18
            text run at (0,936) width 41: "TTTT"
          RenderBR {BR} at (41,951) size 0x0
          RenderText {#text} at (0,954) size 45x18
            text run at (0,954) width 45: "UUUU"
          RenderBR {BR} at (45,969) size 0x0
          RenderText {#text} at (0,972) size 42x18
            text run at (0,972) width 42: "VVVV"
          RenderBR {BR} at (42,987) size 0x0
          RenderText {#text} at (0,990) size 55x18
            text run at (0,990) width 55: "WWWW"
          RenderBR {BR} at (55,1005) size 0x0
          RenderText {#text} at (0,1008) size 41x18
            text run at (0,1008) width 41: "XXXX"
          RenderBR {BR} at (41,1023) size 0x0
          RenderText {#text} at (0,1026) size 40x18
            text run at (0,1026) width 40: "YYYY"
          RenderBR {BR} at (40,1041) size 0x0
          RenderText {#text} at (0,1044) size 39x18
            text run at (0,1044) width 39: "ZZZZ"
          RenderBR {BR} at (39,1059) size 0x0
          RenderText {#text} at (0,1062) size 21x18
            text run at (0,1062) width 21: "[[[["
          RenderBR {BR} at (21,1077) size 0x0
          RenderText {#text} at (0,1080) size 34x18
            text run at (0,1080) width 34: "\\\\\\\\"
          RenderBR {BR} at (34,1095) size 0x0
          RenderText {#text} at (0,1098) size 21x18
            text run at (0,1098) width 21: "]]]]"
          RenderBR {BR} at (21,1113) size 0x0
          RenderText {#text} at (0,1116) size 41x18
            text run at (0,1116) width 41: "^^^^"
          RenderBR {BR} at (41,1131) size 0x0
          RenderText {#text} at (0,1134) size 32x18
            text run at (0,1134) width 32: "____"
          RenderBR {BR} at (32,1149) size 0x0
          RenderText {#text} at (0,1152) size 40x18
            text run at (0,1152) width 40: "````"
          RenderBR {BR} at (40,1167) size 0x0
          RenderText {#text} at (0,1170) size 36x18
            text run at (0,1170) width 36: "aaaa"
          RenderBR {BR} at (36,1185) size 0x0
          RenderText {#text} at (0,1188) size 41x18
            text run at (0,1188) width 41: "bbbb"
          RenderBR {BR} at (41,1203) size 0x0
          RenderText {#text} at (0,1206) size 33x18
            text run at (0,1206) width 33: "cccc"
          RenderBR {BR} at (33,1221) size 0x0
          RenderText {#text} at (0,1224) size 41x18
            text run at (0,1224) width 41: "dddd"
          RenderBR {BR} at (41,1239) size 0x0
          RenderText {#text} at (0,1242) size 36x18
            text run at (0,1242) width 36: "eeee"
          RenderBR {BR} at (36,1257) size 0x0
          RenderText {#text} at (0,1260) size 24x18
            text run at (0,1260) width 24: "ffff"
          RenderBR {BR} at (24,1275) size 0x0
          RenderText {#text} at (0,1278) size 40x18
            text run at (0,1278) width 40: "gggg"
          RenderBR {BR} at (40,1293) size 0x0
          RenderText {#text} at (0,1296) size 40x18
            text run at (0,1296) width 40: "hhhh"
          RenderBR {BR} at (40,1311) size 0x0
          RenderText {#text} at (0,1314) size 19x18
            text run at (0,1314) width 19: "iiii"
          RenderBR {BR} at (19,1329) size 0x0
          RenderText {#text} at (0,1332) size 20x18
            text run at (0,1332) width 20: "jjjj"
          RenderBR {BR} at (20,1347) size 0x0
          RenderText {#text} at (0,1350) size 38x18
            text run at (0,1350) width 38: "kkkk"
          RenderBR {BR} at (38,1365) size 0x0
          RenderText {#text} at (0,1368) size 19x18
            text run at (0,1368) width 19: "llll"
          RenderBR {BR} at (19,1383) size 0x0
          RenderText {#text} at (0,1386) size 60x18
            text run at (0,1386) width 60: "mmmm"
          RenderBR {BR} at (60,1401) size 0x0
          RenderText {#text} at (0,1404) size 40x18
            text run at (0,1404) width 40: "nnnn"
          RenderBR {BR} at (40,1419) size 0x0
          RenderText {#text} at (0,1422) size 40x18
            text run at (0,1422) width 40: "oooo"
          RenderBR {BR} at (40,1437) size 0x0
          RenderText {#text} at (0,1440) size 41x18
            text run at (0,1440) width 41: "pppp"
          RenderBR {BR} at (41,1455) size 0x0
          RenderText {#text} at (0,1458) size 41x18
            text run at (0,1458) width 41: "qqqq"
          RenderBR {BR} at (41,1473) size 0x0
          RenderText {#text} at (0,1476) size 27x18
            text run at (0,1476) width 27: "rrrr"
          RenderBR {BR} at (27,1491) size 0x0
          RenderText {#text} at (0,1494) size 33x18
            text run at (0,1494) width 33: "ssss"
          RenderBR {BR} at (33,1509) size 0x0
          RenderText {#text} at (0,1512) size 24x18
            text run at (0,1512) width 24: "tttt"
          RenderBR {BR} at (24,1527) size 0x0
          RenderText {#text} at (0,1530) size 40x18
            text run at (0,1530) width 40: "uuuu"
          RenderBR {BR} at (40,1545) size 0x0
          RenderText {#text} at (0,1548) size 34x18
            text run at (0,1548) width 34: "vvvv"
          RenderBR {BR} at (34,1563) size 0x0
          RenderText {#text} at (0,1566) size 50x18
            text run at (0,1566) width 50: "wwww"
          RenderBR {BR} at (50,1581) size 0x0
          RenderText {#text} at (0,1584) size 40x18
            text run at (0,1584) width 40: "xxxx"
          RenderBR {BR} at (40,1599) size 0x0
          RenderText {#text} at (0,1602) size 34x18
            text run at (0,1602) width 34: "yyyy"
          RenderBR {BR} at (34,1617) size 0x0
          RenderText {#text} at (0,1620) size 37x18
            text run at (0,1620) width 37: "zzzz"
          RenderBR {BR} at (37,1635) size 0x0
          RenderText {#text} at (0,1638) size 21x18
            text run at (0,1638) width 21: "{{{{"
          RenderBR {BR} at (21,1653) size 0x0
          RenderText {#text} at (0,1656) size 24x18
            text run at (0,1656) width 24: "||||"
          RenderBR {BR} at (24,1671) size 0x0
          RenderText {#text} at (0,1674) size 21x18
            text run at (0,1674) width 21: "}}}}"
          RenderBR {BR} at (21,1689) size 0x0
      RenderBlock (anonymous) at (0,1708) size 769x3400
        RenderBlock {P} at (0,0) size 769x1692
          RenderInline {B} at (0,0) size 63x1692
            RenderText {#text} at (0,0) size 20x18
              text run at (0,0) width 20: "    "
            RenderBR {BR} at (20,15) size 0x0
            RenderText {#text} at (0,18) size 21x18
              text run at (0,18) width 21: "!!!!"
            RenderBR {BR} at (21,33) size 0x0
            RenderText {#text} at (0,36) size 29x18
              text run at (0,36) width 29: "\"\"\"\""
            RenderBR {BR} at (29,51) size 0x0
            RenderText {#text} at (0,54) size 43x18
              text run at (0,54) width 43: "####"
            RenderBR {BR} at (43,69) size 0x0
            RenderText {#text} at (0,72) size 43x18
              text run at (0,72) width 43: "$$$$"
            RenderBR {BR} at (43,87) size 0x0
            RenderText {#text} at (0,90) size 51x18
              text run at (0,90) width 51: "%%%%"
            RenderBR {BR} at (51,105) size 0x0
            RenderText {#text} at (0,108) size 48x18
              text run at (0,108) width 48: "&&&&"
            RenderBR {BR} at (48,123) size 0x0
            RenderText {#text} at (0,126) size 16x18
              text run at (0,126) width 16: "''''"
            RenderBR {BR} at (16,141) size 0x0
            RenderText {#text} at (0,144) size 24x18
              text run at (0,144) width 24: "(((("
            RenderBR {BR} at (24,159) size 0x0
            RenderText {#text} at (0,162) size 24x18
              text run at (0,162) width 24: "))))"
            RenderBR {BR} at (24,177) size 0x0
            RenderText {#text} at (0,180) size 30x18
              text run at (0,180) width 30: "****"
            RenderBR {BR} at (30,195) size 0x0
            RenderText {#text} at (0,198) size 51x18
              text run at (0,198) width 51: "++++"
            RenderBR {BR} at (51,213) size 0x0
            RenderText {#text} at (0,216) size 16x18
              text run at (0,216) width 16: ",,,,"
            RenderBR {BR} at (16,231) size 0x0
            RenderText {#text} at (0,234) size 44x18
              text run at (0,234) width 44: "----"
            RenderBR {BR} at (44,249) size 0x0
            RenderText {#text} at (0,252) size 16x18
              text run at (0,252) width 16: "...."
            RenderBR {BR} at (16,267) size 0x0
            RenderText {#text} at (0,270) size 37x18
              text run at (0,270) width 37: "////"
            RenderBR {BR} at (37,285) size 0x0
            RenderText {#text} at (0,288) size 43x18
              text run at (0,288) width 43: "0000"
            RenderBR {BR} at (43,303) size 0x0
            RenderText {#text} at (0,306) size 43x18
              text run at (0,306) width 43: "1111"
            RenderBR {BR} at (43,321) size 0x0
            RenderText {#text} at (0,324) size 43x18
              text run at (0,324) width 43: "2222"
            RenderBR {BR} at (43,339) size 0x0
            RenderText {#text} at (0,342) size 43x18
              text run at (0,342) width 43: "3333"
            RenderBR {BR} at (43,357) size 0x0
            RenderText {#text} at (0,360) size 43x18
              text run at (0,360) width 43: "4444"
            RenderBR {BR} at (43,375) size 0x0
            RenderText {#text} at (0,378) size 43x18
              text run at (0,378) width 43: "5555"
            RenderBR {BR} at (43,393) size 0x0
            RenderText {#text} at (0,396) size 43x18
              text run at (0,396) width 43: "6666"
            RenderBR {BR} at (43,411) size 0x0
            RenderText {#text} at (0,414) size 43x18
              text run at (0,414) width 43: "7777"
            RenderBR {BR} at (43,429) size 0x0
            RenderText {#text} at (0,432) size 43x18
              text run at (0,432) width 43: "8888"
            RenderBR {BR} at (43,447) size 0x0
            RenderText {#text} at (0,450) size 43x18
              text run at (0,450) width 43: "9999"
            RenderBR {BR} at (43,465) size 0x0
            RenderText {#text} at (0,468) size 16x18
              text run at (0,468) width 16: "::::"
            RenderBR {BR} at (16,483) size 0x0
            RenderText {#text} at (0,486) size 16x18
              text run at (0,486) width 16: ";;;;"
            RenderBR {BR} at (16,501) size 0x0
            RenderText {#text} at (0,504) size 51x18
              text run at (0,504) width 51: "<<<<"
            RenderBR {BR} at (51,519) size 0x0
            RenderText {#text} at (0,522) size 51x18
              text run at (0,522) width 51: "===="
            RenderBR {BR} at (51,537) size 0x0
            RenderText {#text} at (0,540) size 51x18
              text run at (0,540) width 51: ">>>>"
            RenderBR {BR} at (51,555) size 0x0
            RenderText {#text} at (0,558) size 32x18
              text run at (0,558) width 32: "????"
            RenderBR {BR} at (32,573) size 0x0
            RenderText {#text} at (0,576) size 55x18
              text run at (0,576) width 55: "@@@@"
            RenderBR {BR} at (55,591) size 0x0
            RenderText {#text} at (0,594) size 48x18
              text run at (0,594) width 48: "AAAA"
            RenderBR {BR} at (48,609) size 0x0
            RenderText {#text} at (0,612) size 41x18
              text run at (0,612) width 41: "BBBB"
            RenderBR {BR} at (41,627) size 0x0
            RenderText {#text} at (0,630) size 46x18
              text run at (0,630) width 46: "CCCC"
            RenderBR {BR} at (46,645) size 0x0
            RenderText {#text} at (0,648) size 51x18
              text run at (0,648) width 51: "DDDD"
            RenderBR {BR} at (51,663) size 0x0
            RenderText {#text} at (0,666) size 39x18
              text run at (0,666) width 39: "EEEE"
            RenderBR {BR} at (39,681) size 0x0
            RenderText {#text} at (0,684) size 37x18
              text run at (0,684) width 37: "FFFF"
            RenderBR {BR} at (37,699) size 0x0
            RenderText {#text} at (0,702) size 48x18
              text run at (0,702) width 48: "GGGG"
            RenderBR {BR} at (48,717) size 0x0
            RenderText {#text} at (0,720) size 50x18
              text run at (0,720) width 50: "HHHH"
            RenderBR {BR} at (50,735) size 0x0
            RenderText {#text} at (0,738) size 22x18
              text run at (0,738) width 22: "IIII"
            RenderBR {BR} at (22,753) size 0x0
            RenderText {#text} at (0,756) size 27x18
              text run at (0,756) width 27: "JJJJ"
            RenderBR {BR} at (27,771) size 0x0
            RenderText {#text} at (0,774) size 46x18
              text run at (0,774) width 46: "KKKK"
            RenderBR {BR} at (46,789) size 0x0
            RenderText {#text} at (0,792) size 38x18
              text run at (0,792) width 38: "LLLL"
            RenderBR {BR} at (38,807) size 0x0
            RenderText {#text} at (0,810) size 59x18
              text run at (0,810) width 59: "MMMM"
            RenderBR {BR} at (59,825) size 0x0
            RenderText {#text} at (0,828) size 50x18
              text run at (0,828) width 50: "NNNN"
            RenderBR {BR} at (50,843) size 0x0
            RenderText {#text} at (0,846) size 53x18
              text run at (0,846) width 53: "OOOO"
            RenderBR {BR} at (53,861) size 0x0
            RenderText {#text} at (0,864) size 40x18
              text run at (0,864) width 40: "PPPP"
            RenderBR {BR} at (40,879) size 0x0
            RenderText {#text} at (0,882) size 53x18
              text run at (0,882) width 53: "QQQQ"
            RenderBR {BR} at (53,897) size 0x0
            RenderText {#text} at (0,900) size 45x18
              text run at (0,900) width 45: "RRRR"
            RenderBR {BR} at (45,915) size 0x0
            RenderText {#text} at (0,918) size 37x18
              text run at (0,918) width 37: "SSSS"
            RenderBR {BR} at (37,933) size 0x0
            RenderText {#text} at (0,936) size 45x18
              text run at (0,936) width 45: "TTTT"
            RenderBR {BR} at (45,951) size 0x0
            RenderText {#text} at (0,954) size 48x18
              text run at (0,954) width 48: "UUUU"
            RenderBR {BR} at (48,969) size 0x0
            RenderText {#text} at (0,972) size 45x18
              text run at (0,972) width 45: "VVVV"
            RenderBR {BR} at (45,987) size 0x0
            RenderText {#text} at (0,990) size 58x18
              text run at (0,990) width 58: "WWWW"
            RenderBR {BR} at (58,1005) size 0x0
            RenderText {#text} at (0,1008) size 43x18
              text run at (0,1008) width 43: "XXXX"
            RenderBR {BR} at (43,1023) size 0x0
            RenderText {#text} at (0,1026) size 44x18
              text run at (0,1026) width 44: "YYYY"
            RenderBR {BR} at (44,1041) size 0x0
            RenderText {#text} at (0,1044) size 42x18
              text run at (0,1044) width 42: "ZZZZ"
            RenderBR {BR} at (42,1059) size 0x0
            RenderText {#text} at (0,1062) size 24x18
              text run at (0,1062) width 24: "[[[["
            RenderBR {BR} at (24,1077) size 0x0
            RenderText {#text} at (0,1080) size 37x18
              text run at (0,1080) width 37: "\\\\\\\\"
            RenderBR {BR} at (37,1095) size 0x0
            RenderText {#text} at (0,1098) size 24x18
              text run at (0,1098) width 24: "]]]]"
            RenderBR {BR} at (24,1113) size 0x0
            RenderText {#text} at (0,1116) size 43x18
              text run at (0,1116) width 43: "^^^^"
            RenderBR {BR} at (43,1131) size 0x0
            RenderText {#text} at (0,1134) size 32x18
              text run at (0,1134) width 32: "____"
            RenderBR {BR} at (32,1149) size 0x0
            RenderText {#text} at (0,1152) size 41x18
              text run at (0,1152) width 41: "````"
            RenderBR {BR} at (41,1167) size 0x0
            RenderText {#text} at (0,1170) size 38x18
              text run at (0,1170) width 38: "aaaa"
            RenderBR {BR} at (38,1185) size 0x0
            RenderText {#text} at (0,1188) size 43x18
              text run at (0,1188) width 43: "bbbb"
            RenderBR {BR} at (43,1203) size 0x0
            RenderText {#text} at (0,1206) size 35x18
              text run at (0,1206) width 35: "cccc"
            RenderBR {BR} at (35,1221) size 0x0
            RenderText {#text} at (0,1224) size 43x18
              text run at (0,1224) width 43: "dddd"
            RenderBR {BR} at (43,1239) size 0x0
            RenderText {#text} at (0,1242) size 38x18
              text run at (0,1242) width 38: "eeee"
            RenderBR {BR} at (38,1257) size 0x0
            RenderText {#text} at (0,1260) size 27x18
              text run at (0,1260) width 27: "ffff"
            RenderBR {BR} at (27,1275) size 0x0
            RenderText {#text} at (0,1278) size 43x18
              text run at (0,1278) width 43: "gggg"
            RenderBR {BR} at (43,1293) size 0x0
            RenderText {#text} at (0,1296) size 43x18
              text run at (0,1296) width 43: "hhhh"
            RenderBR {BR} at (43,1311) size 0x0
            RenderText {#text} at (0,1314) size 21x18
              text run at (0,1314) width 21: "iiii"
            RenderBR {BR} at (21,1329) size 0x0
            RenderText {#text} at (0,1332) size 22x18
              text run at (0,1332) width 22: "jjjj"
            RenderBR {BR} at (22,1347) size 0x0
            RenderText {#text} at (0,1350) size 41x18
              text run at (0,1350) width 41: "kkkk"
            RenderBR {BR} at (41,1365) size 0x0
            RenderText {#text} at (0,1368) size 21x18
              text run at (0,1368) width 21: "llll"
            RenderBR {BR} at (21,1383) size 0x0
            RenderText {#text} at (0,1386) size 63x18
              text run at (0,1386) width 63: "mmmm"
            RenderBR {BR} at (63,1401) size 0x0
            RenderText {#text} at (0,1404) size 43x18
              text run at (0,1404) width 43: "nnnn"
            RenderBR {BR} at (43,1419) size 0x0
            RenderText {#text} at (0,1422) size 41x18
              text run at (0,1422) width 41: "oooo"
            RenderBR {BR} at (41,1437) size 0x0
            RenderText {#text} at (0,1440) size 43x18
              text run at (0,1440) width 43: "pppp"
            RenderBR {BR} at (43,1455) size 0x0
            RenderText {#text} at (0,1458) size 43x18
              text run at (0,1458) width 43: "qqqq"
            RenderBR {BR} at (43,1473) size 0x0
            RenderText {#text} at (0,1476) size 30x18
              text run at (0,1476) width 30: "rrrr"
            RenderBR {BR} at (30,1491) size 0x0
            RenderText {#text} at (0,1494) size 37x18
              text run at (0,1494) width 37: "ssss"
            RenderBR {BR} at (37,1509) size 0x0
            RenderText {#text} at (0,1512) size 26x18
              text run at (0,1512) width 26: "tttt"
            RenderBR {BR} at (26,1527) size 0x0
            RenderText {#text} at (0,1530) size 43x18
              text run at (0,1530) width 43: "uuuu"
            RenderBR {BR} at (43,1545) size 0x0
            RenderText {#text} at (0,1548) size 38x18
              text run at (0,1548) width 38: "vvvv"
            RenderBR {BR} at (38,1563) size 0x0
            RenderText {#text} at (0,1566) size 56x18
              text run at (0,1566) width 56: "wwww"
            RenderBR {BR} at (56,1581) size 0x0
            RenderText {#text} at (0,1584) size 38x18
              text run at (0,1584) width 38: "xxxx"
            RenderBR {BR} at (38,1599) size 0x0
            RenderText {#text} at (0,1602) size 38x18
              text run at (0,1602) width 38: "yyyy"
            RenderBR {BR} at (38,1617) size 0x0
            RenderText {#text} at (0,1620) size 38x18
              text run at (0,1620) width 38: "zzzz"
            RenderBR {BR} at (38,1635) size 0x0
            RenderText {#text} at (0,1638) size 24x18
              text run at (0,1638) width 24: "{{{{"
            RenderBR {BR} at (24,1653) size 0x0
            RenderText {#text} at (0,1656) size 25x18
              text run at (0,1656) width 25: "||||"
            RenderBR {BR} at (25,1671) size 0x0
            RenderText {#text} at (0,1674) size 24x18
              text run at (0,1674) width 24: "}}}}"
            RenderBR {BR} at (24,1689) size 0x0
          RenderText {#text} at (0,0) size 0x0
        RenderBlock {P} at (0,1708) size 769x1692
          RenderInline {I} at (0,0) size 60x1692
            RenderText {#text} at (0,0) size 20x18
              text run at (0,0) width 20: "    "
            RenderBR {BR} at (20,15) size 0x0
            RenderText {#text} at (0,18) size 21x18
              text run at (0,18) width 21: "!!!!"
            RenderBR {BR} at (21,33) size 0x0
            RenderText {#text} at (0,36) size 24x18
              text run at (0,36) width 24: "\"\"\"\""
            RenderBR {BR} at (24,51) size 0x0
            RenderText {#text} at (0,54) size 41x18
              text run at (0,54) width 41: "####"
            RenderBR {BR} at (41,69) size 0x0
            RenderText {#text} at (0,72) size 41x18
              text run at (0,72) width 41: "$$$$"
            RenderBR {BR} at (41,87) size 0x0
            RenderText {#text} at (0,90) size 43x18
              text run at (0,90) width 43: "%%%%"
            RenderBR {BR} at (43,105) size 0x0
            RenderText {#text} at (0,108) size 45x18
              text run at (0,108) width 45: "&&&&"
            RenderBR {BR} at (45,123) size 0x0
            RenderText {#text} at (0,126) size 15x18
              text run at (0,126) width 15: "''''"
            RenderBR {BR} at (15,141) size 0x0
            RenderText {#text} at (0,144) size 21x18
              text run at (0,144) width 21: "(((("
            RenderBR {BR} at (21,159) size 0x0
            RenderText {#text} at (0,162) size 21x18
              text run at (0,162) width 21: "))))"
            RenderBR {BR} at (21,177) size 0x0
            RenderText {#text} at (0,180) size 31x18
              text run at (0,180) width 31: "****"
            RenderBR {BR} at (31,195) size 0x0
            RenderText {#text} at (0,198) size 51x18
              text run at (0,198) width 51: "++++"
            RenderBR {BR} at (51,213) size 0x0
            RenderText {#text} at (0,216) size 21x18
              text run at (0,216) width 21: ",,,,"
            RenderBR {BR} at (21,231) size 0x0
            RenderText {#text} at (0,234) size 40x18
              text run at (0,234) width 40: "----"
            RenderBR {BR} at (40,249) size 0x0
            RenderText {#text} at (0,252) size 21x18
              text run at (0,252) width 21: "...."
            RenderBR {BR} at (21,267) size 0x0
            RenderText {#text} at (0,270) size 34x18
              text run at (0,270) width 34: "////"
            RenderBR {BR} at (34,285) size 0x0
            RenderText {#text} at (0,288) size 41x18
              text run at (0,288) width 41: "0000"
            RenderBR {BR} at (41,303) size 0x0
            RenderText {#text} at (0,306) size 41x18
              text run at (0,306) width 41: "1111"
            RenderBR {BR} at (41,321) size 0x0
            RenderText {#text} at (0,324) size 41x18
              text run at (0,324) width 41: "2222"
            RenderBR {BR} at (41,339) size 0x0
            RenderText {#text} at (0,342) size 41x18
              text run at (0,342) width 41: "3333"
            RenderBR {BR} at (41,357) size 0x0
            RenderText {#text} at (0,360) size 41x18
              text run at (0,360) width 41: "4444"
            RenderBR {BR} at (41,375) size 0x0
            RenderText {#text} at (0,378) size 41x18
              text run at (0,378) width 41: "5555"
            RenderBR {BR} at (41,393) size 0x0
            RenderText {#text} at (0,396) size 41x18
              text run at (0,396) width 41: "6666"
            RenderBR {BR} at (41,411) size 0x0
            RenderText {#text} at (0,414) size 41x18
              text run at (0,414) width 41: "7777"
            RenderBR {BR} at (41,429) size 0x0
            RenderText {#text} at (0,432) size 41x18
              text run at (0,432) width 41: "8888"
            RenderBR {BR} at (41,447) size 0x0
            RenderText {#text} at (0,450) size 41x18
              text run at (0,450) width 41: "9999"
            RenderBR {BR} at (41,465) size 0x0
            RenderText {#text} at (0,468) size 21x18
              text run at (0,468) width 21: "::::"
            RenderBR {BR} at (21,483) size 0x0
            RenderText {#text} at (0,486) size 21x18
              text run at (0,486) width 21: ";;;;"
            RenderBR {BR} at (21,501) size 0x0
            RenderText {#text} at (0,504) size 51x18
              text run at (0,504) width 51: "<<<<"
            RenderBR {BR} at (51,519) size 0x0
            RenderText {#text} at (0,522) size 51x18
              text run at (0,522) width 51: "===="
            RenderBR {BR} at (51,537) size 0x0
            RenderText {#text} at (0,540) size 51x18
              text run at (0,540) width 51: ">>>>"
            RenderBR {BR} at (51,555) size 0x0
            RenderText {#text} at (0,558) size 28x18
              text run at (0,558) width 28: "????"
            RenderBR {BR} at (28,573) size 0x0
            RenderText {#text} at (0,576) size 55x18
              text run at (0,576) width 55: "@@@@"
            RenderBR {BR} at (55,591) size 0x0
            RenderText {#text} at (0,594) size 45x18
              text run at (0,594) width 45: "AAAA"
            RenderBR {BR} at (45,609) size 0x0
            RenderText {#text} at (0,612) size 37x18
              text run at (0,612) width 37: "BBBB"
            RenderBR {BR} at (37,627) size 0x0
            RenderText {#text} at (0,630) size 45x18
              text run at (0,630) width 45: "CCCC"
            RenderBR {BR} at (45,645) size 0x0
            RenderText {#text} at (0,648) size 48x18
              text run at (0,648) width 48: "DDDD"
            RenderBR {BR} at (48,663) size 0x0
            RenderText {#text} at (0,666) size 35x18
              text run at (0,666) width 35: "EEEE"
            RenderBR {BR} at (35,681) size 0x0
            RenderText {#text} at (0,684) size 35x18
              text run at (0,684) width 35: "FFFF"
            RenderBR {BR} at (35,699) size 0x0
            RenderText {#text} at (0,702) size 47x18
              text run at (0,702) width 47: "GGGG"
            RenderBR {BR} at (47,717) size 0x0
            RenderText {#text} at (0,720) size 48x18
              text run at (0,720) width 48: "HHHH"
            RenderBR {BR} at (48,735) size 0x0
            RenderText {#text} at (0,738) size 19x18
              text run at (0,738) width 19: "IIII"
            RenderBR {BR} at (19,753) size 0x0
            RenderText {#text} at (0,756) size 20x18
              text run at (0,756) width 20: "JJJJ"
            RenderBR {BR} at (20,771) size 0x0
            RenderText {#text} at (0,774) size 42x18
              text run at (0,774) width 42: "KKKK"
            RenderBR {BR} at (42,789) size 0x0
            RenderText {#text} at (0,792) size 35x18
              text run at (0,792) width 35: "LLLL"
            RenderBR {BR} at (35,807) size 0x0
            RenderText {#text} at (0,810) size 56x18
              text run at (0,810) width 56: "MMMM"
            RenderBR {BR} at (56,825) size 0x0
            RenderText {#text} at (0,828) size 48x18
              text run at (0,828) width 48: "NNNN"
            RenderBR {BR} at (48,843) size 0x0
            RenderText {#text} at (0,846) size 50x18
              text run at (0,846) width 50: "OOOO"
            RenderBR {BR} at (50,861) size 0x0
            RenderText {#text} at (0,864) size 36x18
              text run at (0,864) width 36: "PPPP"
            RenderBR {BR} at (36,879) size 0x0
            RenderText {#text} at (0,882) size 50x18
              text run at (0,882) width 50: "QQQQ"
            RenderBR {BR} at (50,897) size 0x0
            RenderText {#text} at (0,900) size 41x18
              text run at (0,900) width 41: "RRRR"
            RenderBR {BR} at (41,915) size 0x0
            RenderText {#text} at (0,918) size 35x18
              text run at (0,918) width 35: "SSSS"
            RenderBR {BR} at (35,933) size 0x0
            RenderText {#text} at (0,936) size 41x18
              text run at (0,936) width 41: "TTTT"
            RenderBR {BR} at (41,951) size 0x0
            RenderText {#text} at (0,954) size 45x18
              text run at (0,954) width 45: "UUUU"
            RenderBR {BR} at (45,969) size 0x0
            RenderText {#text} at (0,972) size 42x18
              text run at (0,972) width 42: "VVVV"
            RenderBR {BR} at (42,987) size 0x0
            RenderText {#text} at (0,990) size 55x18
              text run at (0,990) width 55: "WWWW"
            RenderBR {BR} at (55,1005) size 0x0
            RenderText {#text} at (0,1008) size 41x18
              text run at (0,1008) width 41: "XXXX"
            RenderBR {BR} at (41,1023) size 0x0
            RenderText {#text} at (0,1026) size 40x18
              text run at (0,1026) width 40: "YYYY"
            RenderBR {BR} at (40,1041) size 0x0
            RenderText {#text} at (0,1044) size 39x18
              text run at (0,1044) width 39: "ZZZZ"
            RenderBR {BR} at (39,1059) size 0x0
            RenderText {#text} at (0,1062) size 21x18
              text run at (0,1062) width 21: "[[[["
            RenderBR {BR} at (21,1077) size 0x0
            RenderText {#text} at (0,1080) size 34x18
              text run at (0,1080) width 34: "\\\\\\\\"
            RenderBR {BR} at (34,1095) size 0x0
            RenderText {#text} at (0,1098) size 21x18
              text run at (0,1098) width 21: "]]]]"
            RenderBR {BR} at (21,1113) size 0x0
            RenderText {#text} at (0,1116) size 41x18
              text run at (0,1116) width 41: "^^^^"
            RenderBR {BR} at (41,1131) size 0x0
            RenderText {#text} at (0,1134) size 32x18
              text run at (0,1134) width 32: "____"
            RenderBR {BR} at (32,1149) size 0x0
            RenderText {#text} at (0,1152) size 40x18
              text run at (0,1152) width 40: "````"
            RenderBR {BR} at (40,1167) size 0x0
            RenderText {#text} at (0,1170) size 36x18
              text run at (0,1170) width 36: "aaaa"
            RenderBR {BR} at (36,1185) size 0x0
            RenderText {#text} at (0,1188) size 41x18
              text run at (0,1188) width 41: "bbbb"
            RenderBR {BR} at (41,1203) size 0x0
            RenderText {#text} at (0,1206) size 33x18
              text run at (0,1206) width 33: "cccc"
            RenderBR {BR} at (33,1221) size 0x0
            RenderText {#text} at (0,1224) size 41x18
              text run at (0,1224) width 41: "dddd"
            RenderBR {BR} at (41,1239) size 0x0
            RenderText {#text} at (0,1242) size 36x18
              text run at (0,1242) width 36: "eeee"
            RenderBR {BR} at (36,1257) size 0x0
            RenderText {#text} at (0,1260) size 24x18
              text run at (0,1260) width 24: "ffff"
            RenderBR {BR} at (24,1275) size 0x0
            RenderText {#text} at (0,1278) size 40x18
              text run at (0,1278) width 40: "gggg"
            RenderBR {BR} at (40,1293) size 0x0
            RenderText {#text} at (0,1296) size 40x18
              text run at (0,1296) width 40: "hhhh"
            RenderBR {BR} at (40,1311) size 0x0
            RenderText {#text} at (0,1314) size 19x18
              text run at (0,1314) width 19: "iiii"
            RenderBR {BR} at (19,1329) size 0x0
            RenderText {#text} at (0,1332) size 20x18
              text run at (0,1332) width 20: "jjjj"
            RenderBR {BR} at (20,1347) size 0x0
            RenderText {#text} at (0,1350) size 38x18
              text run at (0,1350) width 38: "kkkk"
            RenderBR {BR} at (38,1365) size 0x0
            RenderText {#text} at (0,1368) size 19x18
              text run at (0,1368) width 19: "llll"
            RenderBR {BR} at (19,1383) size 0x0
            RenderText {#text} at (0,1386) size 60x18
              text run at (0,1386) width 60: "mmmm"
            RenderBR {BR} at (60,1401) size 0x0
            RenderText {#text} at (0,1404) size 40x18
              text run at (0,1404) width 40: "nnnn"
            RenderBR {BR} at (40,1419) size 0x0
            RenderText {#text} at (0,1422) size 40x18
              text run at (0,1422) width 40: "oooo"
            RenderBR {BR} at (40,1437) size 0x0
            RenderText {#text} at (0,1440) size 41x18
              text run at (0,1440) width 41: "pppp"
            RenderBR {BR} at (41,1455) size 0x0
            RenderText {#text} at (0,1458) size 41x18
              text run at (0,1458) width 41: "qqqq"
            RenderBR {BR} at (41,1473) size 0x0
            RenderText {#text} at (0,1476) size 27x18
              text run at (0,1476) width 27: "rrrr"
            RenderBR {BR} at (27,1491) size 0x0
            RenderText {#text} at (0,1494) size 33x18
              text run at (0,1494) width 33: "ssss"
            RenderBR {BR} at (33,1509) size 0x0
            RenderText {#text} at (0,1512) size 24x18
              text run at (0,1512) width 24: "tttt"
            RenderBR {BR} at (24,1527) size 0x0
            RenderText {#text} at (0,1530) size 40x18
              text run at (0,1530) width 40: "uuuu"
            RenderBR {BR} at (40,1545) size 0x0
            RenderText {#text} at (0,1548) size 34x18
              text run at (0,1548) width 34: "vvvv"
            RenderBR {BR} at (34,1563) size 0x0
            RenderText {#text} at (0,1566) size 50x18
              text run at (0,1566) width 50: "wwww"
            RenderBR {BR} at (50,1581) size 0x0
            RenderText {#text} at (0,1584) size 40x18
              text run at (0,1584) width 40: "xxxx"
            RenderBR {BR} at (40,1599) size 0x0
            RenderText {#text} at (0,1602) size 34x18
              text run at (0,1602) width 34: "yyyy"
            RenderBR {BR} at (34,1617) size 0x0
            RenderText {#text} at (0,1620) size 37x18
              text run at (0,1620) width 37: "zzzz"
            RenderBR {BR} at (37,1635) size 0x0
            RenderText {#text} at (0,1638) size 21x18
              text run at (0,1638) width 21: "{{{{"
            RenderBR {BR} at (21,1653) size 0x0
            RenderText {#text} at (0,1656) size 24x18
              text run at (0,1656) width 24: "||||"
            RenderBR {BR} at (24,1671) size 0x0
            RenderText {#text} at (0,1674) size 21x18
              text run at (0,1674) width 21: "}}}}"
            RenderBR {BR} at (21,1689) size 0x0
          RenderText {#text} at (0,0) size 0x0
      RenderBlock (anonymous) at (0,5124) size 769x0
        RenderInline {FONT} at (0,0) size 0x0
      RenderBlock {P} at (0,5124) size 769x1692
        RenderInline {FONT} at (0,0) size 63x1692
          RenderText {#text} at (0,0) size 0x0
          RenderInline {B} at (0,0) size 63x1692
            RenderInline {I} at (0,0) size 63x1692
              RenderText {#text} at (0,0) size 20x18
                text run at (0,0) width 20: "    "
              RenderBR {BR} at (20,15) size 0x0
              RenderText {#text} at (0,18) size 21x18
                text run at (0,18) width 21: "!!!!"
              RenderBR {BR} at (21,33) size 0x0
              RenderText {#text} at (0,36) size 29x18
                text run at (0,36) width 29: "\"\"\"\""
              RenderBR {BR} at (29,51) size 0x0
              RenderText {#text} at (0,54) size 43x18
                text run at (0,54) width 43: "####"
              RenderBR {BR} at (43,69) size 0x0
              RenderText {#text} at (0,72) size 43x18
                text run at (0,72) width 43: "$$$$"
              RenderBR {BR} at (43,87) size 0x0
              RenderText {#text} at (0,90) size 51x18
                text run at (0,90) width 51: "%%%%"
              RenderBR {BR} at (51,105) size 0x0
              RenderText {#text} at (0,108) size 48x18
                text run at (0,108) width 48: "&&&&"
              RenderBR {BR} at (48,123) size 0x0
              RenderText {#text} at (0,126) size 16x18
                text run at (0,126) width 16: "''''"
              RenderBR {BR} at (16,141) size 0x0
              RenderText {#text} at (0,144) size 24x18
                text run at (0,144) width 24: "(((("
              RenderBR {BR} at (24,159) size 0x0
              RenderText {#text} at (0,162) size 24x18
                text run at (0,162) width 24: "))))"
              RenderBR {BR} at (24,177) size 0x0
              RenderText {#text} at (0,180) size 30x18
                text run at (0,180) width 30: "****"
              RenderBR {BR} at (30,195) size 0x0
              RenderText {#text} at (0,198) size 51x18
                text run at (0,198) width 51: "++++"
              RenderBR {BR} at (51,213) size 0x0
              RenderText {#text} at (0,216) size 16x18
                text run at (0,216) width 16: ",,,,"
              RenderBR {BR} at (16,231) size 0x0
              RenderText {#text} at (0,234) size 44x18
                text run at (0,234) width 44: "----"
              RenderBR {BR} at (44,249) size 0x0
              RenderText {#text} at (0,252) size 16x18
                text run at (0,252) width 16: "...."
              RenderBR {BR} at (16,267) size 0x0
              RenderText {#text} at (0,270) size 37x18
                text run at (0,270) width 37: "////"
              RenderBR {BR} at (37,285) size 0x0
              RenderText {#text} at (0,288) size 43x18
                text run at (0,288) width 43: "0000"
              RenderBR {BR} at (43,303) size 0x0
              RenderText {#text} at (0,306) size 43x18
                text run at (0,306) width 43: "1111"
              RenderBR {BR} at (43,321) size 0x0
              RenderText {#text} at (0,324) size 43x18
                text run at (0,324) width 43: "2222"
              RenderBR {BR} at (43,339) size 0x0
              RenderText {#text} at (0,342) size 43x18
                text run at (0,342) width 43: "3333"
              RenderBR {BR} at (43,357) size 0x0
              RenderText {#text} at (0,360) size 43x18
                text run at (0,360) width 43: "4444"
              RenderBR {BR} at (43,375) size 0x0
              RenderText {#text} at (0,378) size 43x18
                text run at (0,378) width 43: "5555"
              RenderBR {BR} at (43,393) size 0x0
              RenderText {#text} at (0,396) size 43x18
                text run at (0,396) width 43: "6666"
              RenderBR {BR} at (43,411) size 0x0
              RenderText {#text} at (0,414) size 43x18
                text run at (0,414) width 43: "7777"
              RenderBR {BR} at (43,429) size 0x0
              RenderText {#text} at (0,432) size 43x18
                text run at (0,432) width 43: "8888"
              RenderBR {BR} at (43,447) size 0x0
              RenderText {#text} at (0,450) size 43x18
                text run at (0,450) width 43: "9999"
              RenderBR {BR} at (43,465) size 0x0
              RenderText {#text} at (0,468) size 16x18
                text run at (0,468) width 16: "::::"
              RenderBR {BR} at (16,483) size 0x0
              RenderText {#text} at (0,486) size 16x18
                text run at (0,486) width 16: ";;;;"
              RenderBR {BR} at (16,501) size 0x0
              RenderText {#text} at (0,504) size 51x18
                text run at (0,504) width 51: "<<<<"
              RenderBR {BR} at (51,519) size 0x0
              RenderText {#text} at (0,522) size 51x18
                text run at (0,522) width 51: "===="
              RenderBR {BR} at (51,537) size 0x0
              RenderText {#text} at (0,540) size 51x18
                text run at (0,540) width 51: ">>>>"
              RenderBR {BR} at (51,555) size 0x0
              RenderText {#text} at (0,558) size 32x18
                text run at (0,558) width 32: "????"
              RenderBR {BR} at (32,573) size 0x0
              RenderText {#text} at (0,576) size 55x18
                text run at (0,576) width 55: "@@@@"
              RenderBR {BR} at (55,591) size 0x0
              RenderText {#text} at (0,594) size 48x18
                text run at (0,594) width 48: "AAAA"
              RenderBR {BR} at (48,609) size 0x0
              RenderText {#text} at (0,612) size 41x18
                text run at (0,612) width 41: "BBBB"
              RenderBR {BR} at (41,627) size 0x0
              RenderText {#text} at (0,630) size 46x18
                text run at (0,630) width 46: "CCCC"
              RenderBR {BR} at (46,645) size 0x0
              RenderText {#text} at (0,648) size 51x18
                text run at (0,648) width 51: "DDDD"
              RenderBR {BR} at (51,663) size 0x0
              RenderText {#text} at (0,666) size 39x18
                text run at (0,666) width 39: "EEEE"
              RenderBR {BR} at (39,681) size 0x0
              RenderText {#text} at (0,684) size 37x18
                text run at (0,684) width 37: "FFFF"
              RenderBR {BR} at (37,699) size 0x0
              RenderText {#text} at (0,702) size 48x18
                text run at (0,702) width 48: "GGGG"
              RenderBR {BR} at (48,717) size 0x0
              RenderText {#text} at (0,720) size 50x18
                text run at (0,720) width 50: "HHHH"
              RenderBR {BR} at (50,735) size 0x0
              RenderText {#text} at (0,738) size 22x18
                text run at (0,738) width 22: "IIII"
              RenderBR {BR} at (22,753) size 0x0
              RenderText {#text} at (0,756) size 27x18
                text run at (0,756) width 27: "JJJJ"
              RenderBR {BR} at (27,771) size 0x0
              RenderText {#text} at (0,774) size 46x18
                text run at (0,774) width 46: "KKKK"
              RenderBR {BR} at (46,789) size 0x0
              RenderText {#text} at (0,792) size 38x18
                text run at (0,792) width 38: "LLLL"
              RenderBR {BR} at (38,807) size 0x0
              RenderText {#text} at (0,810) size 59x18
                text run at (0,810) width 59: "MMMM"
              RenderBR {BR} at (59,825) size 0x0
              RenderText {#text} at (0,828) size 50x18
                text run at (0,828) width 50: "NNNN"
              RenderBR {BR} at (50,843) size 0x0
              RenderText {#text} at (0,846) size 53x18
                text run at (0,846) width 53: "OOOO"
              RenderBR {BR} at (53,861) size 0x0
              RenderText {#text} at (0,864) size 40x18
                text run at (0,864) width 40: "PPPP"
              RenderBR {BR} at (40,879) size 0x0
              RenderText {#text} at (0,882) size 53x18
                text run at (0,882) width 53: "QQQQ"
              RenderBR {BR} at (53,897) size 0x0
              RenderText {#text} at (0,900) size 45x18
                text run at (0,900) width 45: "RRRR"
              RenderBR {BR} at (45,915) size 0x0
              RenderText {#text} at (0,918) size 37x18
                text run at (0,918) width 37: "SSSS"
              RenderBR {BR} at (37,933) size 0x0
              RenderText {#text} at (0,936) size 45x18
                text run at (0,936) width 45: "TTTT"
              RenderBR {BR} at (45,951) size 0x0
              RenderText {#text} at (0,954) size 48x18
                text run at (0,954) width 48: "UUUU"
              RenderBR {BR} at (48,969) size 0x0
              RenderText {#text} at (0,972) size 45x18
                text run at (0,972) width 45: "VVVV"
              RenderBR {BR} at (45,987) size 0x0
              RenderText {#text} at (0,990) size 58x18
                text run at (0,990) width 58: "WWWW"
              RenderBR {BR} at (58,1005) size 0x0
              RenderText {#text} at (0,1008) size 43x18
                text run at (0,1008) width 43: "XXXX"
              RenderBR {BR} at (43,1023) size 0x0
              RenderText {#text} at (0,1026) size 44x18
                text run at (0,1026) width 44: "YYYY"
              RenderBR {BR} at (44,1041) size 0x0
              RenderText {#text} at (0,1044) size 42x18
                text run at (0,1044) width 42: "ZZZZ"
              RenderBR {BR} at (42,1059) size 0x0
              RenderText {#text} at (0,1062) size 24x18
                text run at (0,1062) width 24: "[[[["
              RenderBR {BR} at (24,1077) size 0x0
              RenderText {#text} at (0,1080) size 37x18
                text run at (0,1080) width 37: "\\\\\\\\"
              RenderBR {BR} at (37,1095) size 0x0
              RenderText {#text} at (0,1098) size 24x18
                text run at (0,1098) width 24: "]]]]"
              RenderBR {BR} at (24,1113) size 0x0
              RenderText {#text} at (0,1116) size 43x18
                text run at (0,1116) width 43: "^^^^"
              RenderBR {BR} at (43,1131) size 0x0
              RenderText {#text} at (0,1134) size 32x18
                text run at (0,1134) width 32: "____"
              RenderBR {BR} at (32,1149) size 0x0
              RenderText {#text} at (0,1152) size 41x18
                text run at (0,1152) width 41: "````"
              RenderBR {BR} at (41,1167) size 0x0
              RenderText {#text} at (0,1170) size 38x18
                text run at (0,1170) width 38: "aaaa"
              RenderBR {BR} at (38,1185) size 0x0
              RenderText {#text} at (0,1188) size 43x18
                text run at (0,1188) width 43: "bbbb"
              RenderBR {BR} at (43,1203) size 0x0
              RenderText {#text} at (0,1206) size 35x18
                text run at (0,1206) width 35: "cccc"
              RenderBR {BR} at (35,1221) size 0x0
              RenderText {#text} at (0,1224) size 43x18
                text run at (0,1224) width 43: "dddd"
              RenderBR {BR} at (43,1239) size 0x0
              RenderText {#text} at (0,1242) size 38x18
                text run at (0,1242) width 38: "eeee"
              RenderBR {BR} at (38,1257) size 0x0
              RenderText {#text} at (0,1260) size 27x18
                text run at (0,1260) width 27: "ffff"
              RenderBR {BR} at (27,1275) size 0x0
              RenderText {#text} at (0,1278) size 43x18
                text run at (0,1278) width 43: "gggg"
              RenderBR {BR} at (43,1293) size 0x0
              RenderText {#text} at (0,1296) size 43x18
                text run at (0,1296) width 43: "hhhh"
              RenderBR {BR} at (43,1311) size 0x0
              RenderText {#text} at (0,1314) size 21x18
                text run at (0,1314) width 21: "iiii"
              RenderBR {BR} at (21,1329) size 0x0
              RenderText {#text} at (0,1332) size 22x18
                text run at (0,1332) width 22: "jjjj"
              RenderBR {BR} at (22,1347) size 0x0
              RenderText {#text} at (0,1350) size 41x18
                text run at (0,1350) width 41: "kkkk"
              RenderBR {BR} at (41,1365) size 0x0
              RenderText {#text} at (0,1368) size 21x18
                text run at (0,1368) width 21: "llll"
              RenderBR {BR} at (21,1383) size 0x0
              RenderText {#text} at (0,1386) size 63x18
                text run at (0,1386) width 63: "mmmm"
              RenderBR {BR} at (63,1401) size 0x0
              RenderText {#text} at (0,1404) size 43x18
                text run at (0,1404) width 43: "nnnn"
              RenderBR {BR} at (43,1419) size 0x0
              RenderText {#text} at (0,1422) size 41x18
                text run at (0,1422) width 41: "oooo"
              RenderBR {BR} at (41,1437) size 0x0
              RenderText {#text} at (0,1440) size 43x18
                text run at (0,1440) width 43: "pppp"
              RenderBR {BR} at (43,1455) size 0x0
              RenderText {#text} at (0,1458) size 43x18
                text run at (0,1458) width 43: "qqqq"
              RenderBR {BR} at (43,1473) size 0x0
              RenderText {#text} at (0,1476) size 30x18
                text run at (0,1476) width 30: "rrrr"
              RenderBR {BR} at (30,1491) size 0x0
              RenderText {#text} at (0,1494) size 37x18
                text run at (0,1494) width 37: "ssss"
              RenderBR {BR} at (37,1509) size 0x0
              RenderText {#text} at (0,1512) size 26x18
                text run at (0,1512) width 26: "tttt"
              RenderBR {BR} at (26,1527) size 0x0
              RenderText {#text} at (0,1530) size 43x18
                text run at (0,1530) width 43: "uuuu"
              RenderBR {BR} at (43,1545) size 0x0
              RenderText {#text} at (0,1548) size 38x18
                text run at (0,1548) width 38: "vvvv"
              RenderBR {BR} at (38,1563) size 0x0
              RenderText {#text} at (0,1566) size 56x18
                text run at (0,1566) width 56: "wwww"
              RenderBR {BR} at (56,1581) size 0x0
              RenderText {#text} at (0,1584) size 38x18
                text run at (0,1584) width 38: "xxxx"
              RenderBR {BR} at (38,1599) size 0x0
              RenderText {#text} at (0,1602) size 38x18
                text run at (0,1602) width 38: "yyyy"
              RenderBR {BR} at (38,1617) size 0x0
              RenderText {#text} at (0,1620) size 38x18
                text run at (0,1620) width 38: "zzzz"
              RenderBR {BR} at (38,1635) size 0x0
              RenderText {#text} at (0,1638) size 24x18
                text run at (0,1638) width 24: "{{{{"
              RenderBR {BR} at (24,1653) size 0x0
              RenderText {#text} at (0,1656) size 25x18
                text run at (0,1656) width 25: "||||"
              RenderBR {BR} at (25,1671) size 0x0
              RenderText {#text} at (0,1674) size 24x18
                text run at (0,1674) width 24: "}}}}"
              RenderBR {BR} at (24,1689) size 0x0
          RenderText {#text} at (0,0) size 0x0
        RenderText {#text} at (0,0) size 0x0
