layer at (0,0) size 800x600
  RenderView at (0,0) size 800x600
layer at (0,0) size 800x514
  RenderBlock {HTML} at (0,0) size 800x514
    RenderBody {BODY} at (8,8) size 784x493
      RenderTable {TABLE} at (0,0) size 25x0
        RenderTableSection {TBODY} at (0,0) size 25x0
          RenderTableRow {TR} at (0,0) size 25x0
            RenderTableCell {TD} at (0,0) size 2x0 [r=0 c=0 rs=1 cs=1]
            RenderTableCell {TD} at (2,0) size 1x0 [r=0 c=1 rs=1 cs=1]
            RenderTableCell {TD} at (3,0) size 1x0 [r=0 c=2 rs=1 cs=1]
            RenderTableCell {TD} at (4,0) size 1x0 [r=0 c=3 rs=1 cs=1]
            RenderTableCell {TD} at (5,0) size 1x0 [r=0 c=4 rs=1 cs=1]
            RenderTableCell {TD} at (6,0) size 1x0 [r=0 c=5 rs=1 cs=1]
            RenderTableCell {TD} at (7,0) size 1x0 [r=0 c=6 rs=1 cs=1]
            RenderTableCell {TD} at (8,0) size 1x0 [r=0 c=7 rs=1 cs=1]
            RenderTableCell {TD} at (9,0) size 1x0 [r=0 c=8 rs=1 cs=1]
            RenderTableCell {TD} at (10,0) size 1x0 [r=0 c=9 rs=1 cs=1]
            RenderTableCell {TD} at (11,0) size 1x0 [r=0 c=10 rs=1 cs=1]
            RenderTableCell {TD} at (12,0) size 1x0 [r=0 c=11 rs=1 cs=1]
            RenderTableCell {TD} at (13,0) size 1x0 [r=0 c=12 rs=1 cs=1]
            RenderTableCell {TD} at (14,0) size 1x0 [r=0 c=13 rs=1 cs=1]
            RenderTableCell {TD} at (15,0) size 1x0 [r=0 c=14 rs=1 cs=1]
            RenderTableCell {TD} at (16,0) size 1x0 [r=0 c=15 rs=1 cs=1]
            RenderTableCell {TD} at (17,0) size 8x0 [r=0 c=16 rs=1 cs=1]
      RenderTable {TABLE} at (0,0) size 12x0
        RenderTableSection {TBODY} at (0,0) size 12x0
          RenderTableRow {TR} at (0,0) size 12x0
            RenderTableCell {TD} at (0,0) size 1x0 [r=0 c=0 rs=1 cs=1]
            RenderTableCell {TD} at (1,0) size 1x0 [r=0 c=1 rs=1 cs=1]
            RenderTableCell {TD} at (2,0) size 1x0 [r=0 c=2 rs=1 cs=1]
            RenderTableCell {TD} at (3,0) size 1x0 [r=0 c=3 rs=1 cs=1]
            RenderTableCell {TD} at (4,0) size 8x0 [r=0 c=4 rs=1 cs=1]
      RenderTable {TABLE} at (0,0) size 13x0
        RenderTableSection {TBODY} at (0,0) size 13x0
          RenderTableRow {TR} at (0,0) size 13x0
            RenderTableCell {TD} at (0,0) size 2x0 [r=0 c=0 rs=1 cs=1]
            RenderTableCell {TD} at (2,0) size 1x0 [r=0 c=1 rs=1 cs=1]
            RenderTableCell {TD} at (3,0) size 1x0 [r=0 c=2 rs=1 cs=1]
            RenderTableCell {TD} at (4,0) size 1x0 [r=0 c=3 rs=1 cs=1]
            RenderTableCell {TD} at (5,0) size 8x0 [r=0 c=4 rs=1 cs=1]
      RenderTable {TABLE} at (0,0) size 24x0
        RenderTableSection {TBODY} at (0,0) size 24x0
          RenderTableRow {TR} at (0,0) size 24x0
            RenderTableCell {TD} at (0,0) size 2x0 [r=0 c=0 rs=1 cs=1]
            RenderTableCell {TD} at (2,0) size 2x0 [r=0 c=1 rs=1 cs=1]
            RenderTableCell {TD} at (4,0) size 2x0 [r=0 c=2 rs=1 cs=1]
            RenderTableCell {TD} at (6,0) size 2x0 [r=0 c=3 rs=1 cs=1]
            RenderTableCell {TD} at (8,0) size 16x0 [r=0 c=4 rs=1 cs=1]
      RenderTable {TABLE} at (0,0) size 25x0
        RenderTableSection {TBODY} at (0,0) size 25x0
          RenderTableRow {TR} at (0,0) size 25x0
            RenderTableCell {TD} at (0,0) size 3x0 [r=0 c=0 rs=1 cs=1]
            RenderTableCell {TD} at (3,0) size 2x0 [r=0 c=1 rs=1 cs=1]
            RenderTableCell {TD} at (5,0) size 2x0 [r=0 c=2 rs=1 cs=1]
            RenderTableCell {TD} at (7,0) size 2x0 [r=0 c=3 rs=1 cs=1]
            RenderTableCell {TD} at (9,0) size 16x0 [r=0 c=4 rs=1 cs=1]
      RenderTable {TABLE} at (0,0) size 17x0
        RenderTableSection {TBODY} at (0,0) size 17x0
          RenderTableRow {TR} at (0,0) size 17x0
            RenderTableCell {TD} at (0,0) size 2x0 [r=0 c=0 rs=1 cs=1]
            RenderTableCell {TD} at (2,0) size 2x0 [r=0 c=1 rs=1 cs=1]
            RenderTableCell {TD} at (4,0) size 2x0 [r=0 c=2 rs=1 cs=1]
            RenderTableCell {TD} at (6,0) size 2x0 [r=0 c=3 rs=1 cs=1]
            RenderTableCell {TD} at (8,0) size 2x0 [r=0 c=4 rs=1 cs=1]
            RenderTableCell {TD} at (10,0) size 2x0 [r=0 c=5 rs=1 cs=1]
            RenderTableCell {TD} at (12,0) size 2x0 [r=0 c=6 rs=1 cs=1]
            RenderTableCell {TD} at (14,0) size 1x0 [r=0 c=7 rs=1 cs=1]
            RenderTableCell {TD} at (15,0) size 1x0 [r=0 c=8 rs=1 cs=1]
            RenderTableCell {TD} at (16,0) size 1x0 [r=0 c=9 rs=1 cs=1]
      RenderBlock {PRE} at (0,13) size 784x480
        RenderText {#text} at (0,0) size 216x16
          text run at (0,0) width 216: "Specified table width: 25px"
          text run at (216,0) width 0: " "
        RenderText {#text} at (0,16) size 216x16
          text run at (0,16) width 216: "Actual table width:    25px"
          text run at (216,16) width 0: " "
        RenderText {#text} at (0,32) size 168x16
          text run at (0,32) width 168: "Specified TD widths: "
        RenderText {#text} at (168,32) size 32x16
          text run at (168,32) width 32: "1px "
        RenderText {#text} at (200,32) size 32x16
          text run at (200,32) width 32: "1px "
        RenderText {#text} at (232,32) size 32x16
          text run at (232,32) width 32: "1px "
        RenderText {#text} at (264,32) size 32x16
          text run at (264,32) width 32: "1px "
        RenderText {#text} at (296,32) size 32x16
          text run at (296,32) width 32: "1px "
        RenderText {#text} at (328,32) size 32x16
          text run at (328,32) width 32: "1px "
        RenderText {#text} at (360,32) size 32x16
          text run at (360,32) width 32: "1px "
        RenderText {#text} at (392,32) size 32x16
          text run at (392,32) width 32: "1px "
        RenderText {#text} at (424,32) size 32x16
          text run at (424,32) width 32: "1px "
        RenderText {#text} at (456,32) size 32x16
          text run at (456,32) width 32: "1px "
        RenderText {#text} at (488,32) size 32x16
          text run at (488,32) width 32: "1px "
        RenderText {#text} at (520,32) size 32x16
          text run at (520,32) width 32: "1px "
        RenderText {#text} at (552,32) size 32x16
          text run at (552,32) width 32: "1px "
        RenderText {#text} at (584,32) size 32x16
          text run at (584,32) width 32: "1px "
        RenderText {#text} at (616,32) size 32x16
          text run at (616,32) width 32: "1px "
        RenderText {#text} at (648,32) size 32x16
          text run at (648,32) width 32: "1px "
        RenderText {#text} at (680,32) size 32x16
          text run at (680,32) width 32: "8px "
        RenderText {#text} at (712,32) size 0x16
          text run at (712,32) width 0: " "
        RenderText {#text} at (0,48) size 168x16
          text run at (0,48) width 168: "Actual TD widths:    "
        RenderText {#text} at (168,48) size 32x16
          text run at (168,48) width 32: "2px "
        RenderText {#text} at (200,48) size 32x16
          text run at (200,48) width 32: "1px "
        RenderText {#text} at (232,48) size 32x16
          text run at (232,48) width 32: "1px "
        RenderText {#text} at (264,48) size 32x16
          text run at (264,48) width 32: "1px "
        RenderText {#text} at (296,48) size 32x16
          text run at (296,48) width 32: "1px "
        RenderText {#text} at (328,48) size 32x16
          text run at (328,48) width 32: "1px "
        RenderText {#text} at (360,48) size 32x16
          text run at (360,48) width 32: "1px "
        RenderText {#text} at (392,48) size 32x16
          text run at (392,48) width 32: "1px "
        RenderText {#text} at (424,48) size 32x16
          text run at (424,48) width 32: "1px "
        RenderText {#text} at (456,48) size 32x16
          text run at (456,48) width 32: "1px "
        RenderText {#text} at (488,48) size 32x16
          text run at (488,48) width 32: "1px "
        RenderText {#text} at (520,48) size 32x16
          text run at (520,48) width 32: "1px "
        RenderText {#text} at (552,48) size 32x16
          text run at (552,48) width 32: "1px "
        RenderText {#text} at (584,48) size 32x16
          text run at (584,48) width 32: "1px "
        RenderText {#text} at (616,48) size 32x16
          text run at (616,48) width 32: "1px "
        RenderText {#text} at (648,48) size 32x16
          text run at (648,48) width 32: "1px "
        RenderText {#text} at (680,48) size 32x16
          text run at (680,48) width 32: "8px "
        RenderText {#text} at (712,48) size 712x32
          text run at (712,48) width 0: " "
          text run at (0,64) width 0: " "
        RenderText {#text} at (0,80) size 216x16
          text run at (0,80) width 216: "Specified table width: 12px"
          text run at (216,80) width 0: " "
        RenderText {#text} at (0,96) size 216x16
          text run at (0,96) width 216: "Actual table width:    12px"
          text run at (216,96) width 0: " "
        RenderText {#text} at (0,112) size 168x16
          text run at (0,112) width 168: "Specified TD widths: "
        RenderText {#text} at (168,112) size 32x16
          text run at (168,112) width 32: "1px "
        RenderText {#text} at (200,112) size 32x16
          text run at (200,112) width 32: "1px "
        RenderText {#text} at (232,112) size 32x16
          text run at (232,112) width 32: "1px "
        RenderText {#text} at (264,112) size 32x16
          text run at (264,112) width 32: "1px "
        RenderText {#text} at (296,112) size 32x16
          text run at (296,112) width 32: "8px "
        RenderText {#text} at (328,112) size 0x16
          text run at (328,112) width 0: " "
        RenderText {#text} at (0,128) size 168x16
          text run at (0,128) width 168: "Actual TD widths:    "
        RenderText {#text} at (168,128) size 32x16
          text run at (168,128) width 32: "1px "
        RenderText {#text} at (200,128) size 32x16
          text run at (200,128) width 32: "1px "
        RenderText {#text} at (232,128) size 32x16
          text run at (232,128) width 32: "1px "
        RenderText {#text} at (264,128) size 32x16
          text run at (264,128) width 32: "1px "
        RenderText {#text} at (296,128) size 32x16
          text run at (296,128) width 32: "8px "
        RenderText {#text} at (328,128) size 328x32
          text run at (328,128) width 0: " "
          text run at (0,144) width 0: " "
        RenderText {#text} at (0,160) size 216x16
          text run at (0,160) width 216: "Specified table width: 13px"
          text run at (216,160) width 0: " "
        RenderText {#text} at (0,176) size 216x16
          text run at (0,176) width 216: "Actual table width:    13px"
          text run at (216,176) width 0: " "
        RenderText {#text} at (0,192) size 168x16
          text run at (0,192) width 168: "Specified TD widths: "
        RenderText {#text} at (168,192) size 32x16
          text run at (168,192) width 32: "1px "
        RenderText {#text} at (200,192) size 32x16
          text run at (200,192) width 32: "1px "
        RenderText {#text} at (232,192) size 32x16
          text run at (232,192) width 32: "1px "
        RenderText {#text} at (264,192) size 32x16
          text run at (264,192) width 32: "1px "
        RenderText {#text} at (296,192) size 32x16
          text run at (296,192) width 32: "8px "
        RenderText {#text} at (328,192) size 0x16
          text run at (328,192) width 0: " "
        RenderText {#text} at (0,208) size 168x16
          text run at (0,208) width 168: "Actual TD widths:    "
        RenderText {#text} at (168,208) size 32x16
          text run at (168,208) width 32: "2px "
        RenderText {#text} at (200,208) size 32x16
          text run at (200,208) width 32: "1px "
        RenderText {#text} at (232,208) size 32x16
          text run at (232,208) width 32: "1px "
        RenderText {#text} at (264,208) size 32x16
          text run at (264,208) width 32: "1px "
        RenderText {#text} at (296,208) size 32x16
          text run at (296,208) width 32: "8px "
        RenderText {#text} at (328,208) size 328x32
          text run at (328,208) width 0: " "
          text run at (0,224) width 0: " "
        RenderText {#text} at (0,240) size 216x16
          text run at (0,240) width 216: "Specified table width: 24px"
          text run at (216,240) width 0: " "
        RenderText {#text} at (0,256) size 216x16
          text run at (0,256) width 216: "Actual table width:    24px"
          text run at (216,256) width 0: " "
        RenderText {#text} at (0,272) size 168x16
          text run at (0,272) width 168: "Specified TD widths: "
        RenderText {#text} at (168,272) size 32x16
          text run at (168,272) width 32: "1px "
        RenderText {#text} at (200,272) size 32x16
          text run at (200,272) width 32: "1px "
        RenderText {#text} at (232,272) size 32x16
          text run at (232,272) width 32: "1px "
        RenderText {#text} at (264,272) size 32x16
          text run at (264,272) width 32: "1px "
        RenderText {#text} at (296,272) size 32x16
          text run at (296,272) width 32: "8px "
        RenderText {#text} at (328,272) size 0x16
          text run at (328,272) width 0: " "
        RenderText {#text} at (0,288) size 168x16
          text run at (0,288) width 168: "Actual TD widths:    "
        RenderText {#text} at (168,288) size 32x16
          text run at (168,288) width 32: "2px "
        RenderText {#text} at (200,288) size 32x16
          text run at (200,288) width 32: "2px "
        RenderText {#text} at (232,288) size 32x16
          text run at (232,288) width 32: "2px "
        RenderText {#text} at (264,288) size 32x16
          text run at (264,288) width 32: "2px "
        RenderText {#text} at (296,288) size 40x16
          text run at (296,288) width 40: "16px "
        RenderText {#text} at (336,288) size 336x32
          text run at (336,288) width 0: " "
          text run at (0,304) width 0: " "
        RenderText {#text} at (0,320) size 216x16
          text run at (0,320) width 216: "Specified table width: 25px"
          text run at (216,320) width 0: " "
        RenderText {#text} at (0,336) size 216x16
          text run at (0,336) width 216: "Actual table width:    25px"
          text run at (216,336) width 0: " "
        RenderText {#text} at (0,352) size 168x16
          text run at (0,352) width 168: "Specified TD widths: "
        RenderText {#text} at (168,352) size 32x16
          text run at (168,352) width 32: "1px "
        RenderText {#text} at (200,352) size 32x16
          text run at (200,352) width 32: "1px "
        RenderText {#text} at (232,352) size 32x16
          text run at (232,352) width 32: "1px "
        RenderText {#text} at (264,352) size 32x16
          text run at (264,352) width 32: "1px "
        RenderText {#text} at (296,352) size 32x16
          text run at (296,352) width 32: "8px "
        RenderText {#text} at (328,352) size 0x16
          text run at (328,352) width 0: " "
        RenderText {#text} at (0,368) size 168x16
          text run at (0,368) width 168: "Actual TD widths:    "
        RenderText {#text} at (168,368) size 32x16
          text run at (168,368) width 32: "3px "
        RenderText {#text} at (200,368) size 32x16
          text run at (200,368) width 32: "2px "
        RenderText {#text} at (232,368) size 32x16
          text run at (232,368) width 32: "2px "
        RenderText {#text} at (264,368) size 32x16
          text run at (264,368) width 32: "2px "
        RenderText {#text} at (296,368) size 40x16
          text run at (296,368) width 40: "16px "
        RenderText {#text} at (336,368) size 336x32
          text run at (336,368) width 0: " "
          text run at (0,384) width 0: " "
        RenderText {#text} at (0,400) size 216x16
          text run at (0,400) width 216: "Specified table width: 17px"
          text run at (216,400) width 0: " "
        RenderText {#text} at (0,416) size 216x16
          text run at (0,416) width 216: "Actual table width:    17px"
          text run at (216,416) width 0: " "
        RenderText {#text} at (0,432) size 168x16
          text run at (0,432) width 168: "Specified TD widths: "
        RenderText {#text} at (168,432) size 32x16
          text run at (168,432) width 32: "10% "
        RenderText {#text} at (200,432) size 32x16
          text run at (200,432) width 32: "10% "
        RenderText {#text} at (232,432) size 32x16
          text run at (232,432) width 32: "10% "
        RenderText {#text} at (264,432) size 32x16
          text run at (264,432) width 32: "10% "
        RenderText {#text} at (296,432) size 32x16
          text run at (296,432) width 32: "10% "
        RenderText {#text} at (328,432) size 32x16
          text run at (328,432) width 32: "10% "
        RenderText {#text} at (360,432) size 32x16
          text run at (360,432) width 32: "10% "
        RenderText {#text} at (392,432) size 32x16
          text run at (392,432) width 32: "10% "
        RenderText {#text} at (424,432) size 32x16
          text run at (424,432) width 32: "10% "
        RenderText {#text} at (456,432) size 32x16
          text run at (456,432) width 32: "10% "
        RenderText {#text} at (488,432) size 0x16
          text run at (488,432) width 0: " "
        RenderText {#text} at (0,448) size 168x16
          text run at (0,448) width 168: "Actual TD widths:    "
        RenderText {#text} at (168,448) size 32x16
          text run at (168,448) width 32: "2px "
        RenderText {#text} at (200,448) size 32x16
          text run at (200,448) width 32: "2px "
        RenderText {#text} at (232,448) size 32x16
          text run at (232,448) width 32: "2px "
        RenderText {#text} at (264,448) size 32x16
          text run at (264,448) width 32: "2px "
        RenderText {#text} at (296,448) size 32x16
          text run at (296,448) width 32: "2px "
        RenderText {#text} at (328,448) size 32x16
          text run at (328,448) width 32: "2px "
        RenderText {#text} at (360,448) size 32x16
          text run at (360,448) width 32: "2px "
        RenderText {#text} at (392,448) size 32x16
          text run at (392,448) width 32: "1px "
        RenderText {#text} at (424,448) size 32x16
          text run at (424,448) width 32: "1px "
        RenderText {#text} at (456,448) size 32x16
          text run at (456,448) width 32: "1px "
        RenderText {#text} at (488,448) size 488x32
          text run at (488,448) width 0: " "
          text run at (0,464) width 0: " "
