layer at (0,0) size 785x2016
  RenderView at (0,0) size 785x600
layer at (0,0) size 785x2016
  RenderBlock {HTML} at (0,0) size 785x2016
    RenderBody {BODY} at (0,0) size 785x2016 [bgcolor=#53799F]
      RenderBlock {CENTER} at (0,0) size 785x2016
        RenderBlock (anonymous) at (0,0) size 785x20
          RenderBR {BR} at (392,0) size 0x19
        RenderTable {TABLE} at (20,20) size 745x1976 [border: (1px solid #000000)]
          RenderTableSection {TBODY} at (1,1) size 743x1974
            RenderTableRow {TR} at (0,0) size 743x22
              RenderTableCell {TD} at (0,0) size 743x22 [bgcolor=#3F5694] [border: (1px solid #000000)] [r=0 c=0 rs=1 cs=1]
                RenderText {#text} at (353,1) size 36x19
                  text run at (353,1) width 36: "News"
            RenderTableRow {TR} at (0,22) size 743x42
              RenderTableCell {TD} at (0,22) size 743x42 [border: (1px solid #000000)] [r=1 c=0 rs=1 cs=1]
                RenderInline {B} at (0,0) size 96x19
                  RenderText {#text} at (323,1) size 96x19
                    text run at (323,1) width 96: "11. M\x{E4}rz 2002"
                RenderBR {BR} at (419,16) size 0x0
                RenderText {#text} at (73,21) size 596x19
                  text run at (73,21) width 466: "nun gibt es auch eine kommerzielle Version vom PopUp-Manager, mehr Info "
                  text run at (539,21) width 130: "unter komerz. Scripte"
            RenderTableRow {TR} at (0,64) size 743x42
              RenderTableCell {TD} at (0,64) size 743x42 [border: (1px solid #000000)] [r=2 c=0 rs=1 cs=1]
                RenderInline {B} at (0,0) size 92x19
                  RenderText {#text} at (325,1) size 92x19
                    text run at (325,1) width 92: "09.M\x{E4}rz 2002"
                  RenderBR {BR} at (417,16) size 0x0
                RenderText {#text} at (177,21) size 389x19
                  text run at (177,21) width 389: "neues Script ist online, PopUp-Manager, mehr Info unter Scripte"
            RenderTableRow {TR} at (0,106) size 743x42
              RenderTableCell {TD} at (0,106) size 743x42 [border: (1px solid #000000)] [r=3 c=0 rs=1 cs=1]
                RenderText {#text} at (309,1) size 125x19
                  text run at (309,1) width 125: "17. November 2001"
                RenderBR {BR} at (434,16) size 0x0
                RenderText {#text} at (294,21) size 155x19
                  text run at (294,21) width 155: "Endlich wieder Online! :-)"
            RenderTableRow {TR} at (0,148) size 743x182
              RenderTableCell {TD} at (0,148) size 743x182 [border: (1px solid #000000)] [r=4 c=0 rs=1 cs=1]
                RenderText {#text} at (277,1) size 188x19
                  text run at (277,1) width 188: "23. Oktober 2001 (21:00 Uhr)"
                RenderBR {BR} at (465,16) size 0x0
                RenderText {#text} at (319,21) size 104x19
                  text run at (319,21) width 104: "Es ist vollbracht! "
                RenderBR {BR} at (423,36) size 0x0
                RenderText {#text} at (219,41) size 305x19
                  text run at (219,41) width 305: "Ich habe nun den .htaccess-BUG bei den Scripten:"
                RenderBR {BR} at (524,56) size 0x0
                RenderText {#text} at (120,61) size 503x19
                  text run at (120,61) width 503: "The Real Topsites, Sponsor Manager, Download Manager und Password Manager"
                RenderBR {BR} at (623,76) size 0x0
                RenderText {#text} at (137,81) size 468x19
                  text run at (137,81) width 409: "abgeschafft, brauchte 2 Tage daf\x{FC}r, dabei lag der Fehler vor meiner "
                  text run at (546,81) width 59: "Nase ! :-)"
                RenderBR {BR} at (605,96) size 0x0
                RenderText {#text} at (10,101) size 737x79
                  text run at (10,101) width 359: "F\x{FC}r Euch hei\x{DF}t es, wenn Ihr eines der Scripte benutzt, ladet "
                  text run at (369,101) width 363: "Euch die admin.cgi runter und vereinbart unbedingt ein neues"
                  text run at (3,121) width 69: "Password! "
                  text run at (72,121) width 433: "Au\x{DF}erdem wurde bei der Toplist die Sache mit dem Button Load/Klick "
                  text run at (505,121) width 235: "um programmiert, f\x{FC}r die Leute die den"
                  text run at (7,141) width 208: "Button Load/Klick Modus haben, "
                  text run at (215,141) width 420: "Ihr m\x{FC}st Euch auch die topsites.cgi laden und im Admin Bereich unter "
                  text run at (635,141) width 101: "Modus unten die"
                  text run at (275,161) width 193: "URL zu Eurem Button angeben!"
            RenderTableRow {TR} at (0,330) size 743x42
              RenderTableCell {TD} at (0,330) size 743x42 [border: (1px solid #000000)] [r=5 c=0 rs=1 cs=1]
                RenderText {#text} at (315,1) size 112x19
                  text run at (315,1) width 112: "22. Oktober 2001"
                RenderBR {BR} at (427,16) size 0x0
                RenderText {#text} at (143,21) size 457x19
                  text run at (143,21) width 412: "Download-Bereich ist vorrerst geschlo\x{DF}en, kommen Sie bitte sp\x{E4}ter "
                  text run at (555,21) width 45: "wieder."
            RenderTableRow {TR} at (0,372) size 743x62
              RenderTableCell {TD} at (0,372) size 743x62 [border: (1px solid #000000)] [r=6 c=0 rs=1 cs=1]
                RenderText {#text} at (277,1) size 188x19
                  text run at (277,1) width 188: "21. Oktober 2001 (22:45 Uhr)"
                RenderBR {BR} at (465,16) size 0x0
                RenderText {#text} at (25,21) size 693x39
                  text run at (25,21) width 386: "OK, sorry f\x{FC}r die Unannehmlichkeiten, aber Ihr m\x{FC}sst Euch nun "
                  text run at (411,21) width 307: "noch mal die Scripte runter laden und die admin.cgi"
                  text run at (93,41) width 132: "erneuern, hier kommt "
                  text run at (225,41) width 425: "noch das Password-Manager-Script dazu, sollte jetzt alles sicher sein! "
                RenderBR {BR} at (0,0) size 0x0
            RenderTableRow {TR} at (0,434) size 743x122
              RenderTableCell {TD} at (0,434) size 743x122 [border: (1px solid #000000)] [r=7 c=0 rs=1 cs=1]
                RenderText {#text} at (277,1) size 188x19
                  text run at (277,1) width 188: "21. Oktober 2001 (20:50 Uhr)"
                RenderBR {BR} at (465,16) size 0x0
                RenderText {#text} at (189,21) size 364x19
                  text run at (189,21) width 364: "An alle Leute die follgende Scripte von G5-Scripts benutzen:"
                RenderBR {BR} at (553,36) size 0x0
                RenderText {#text} at (196,41) size 350x19
                  text run at (196,41) width 350: "The Real Topsites, Download Counter, Sponsor Manager"
                RenderBR {BR} at (546,56) size 0x0
                RenderText {#text} at (52,61) size 638x19
                  text run at (52,61) width 441: "bitte noch ein mal runter laden und die admin.cgi erneuern, beim Sponsor "
                  text run at (493,61) width 197: "Manager kommt noch eine Datei"
                RenderBR {BR} at (690,76) size 0x0
                RenderText {#text} at (316,81) size 110x19
                  text run at (316,81) width 110: "'variable.pl' dazu!!"
                RenderBR {BR} at (426,96) size 0x0
                RenderText {#text} at (96,101) size 550x19
                  text run at (96,101) width 451: "Der Grund : man hat festgestellt das .htaccess Password Schutz doch nicht "
                  text run at (547,101) width 99: "das sicherste ist!"
            RenderTableRow {TR} at (0,556) size 743x178
              RenderTableCell {TD} at (0,556) size 743x178 [border: (1px solid #000000)] [r=8 c=0 rs=1 cs=1]
                RenderBlock {P} at (1,1) size 741x120
                  RenderText {#text} at (314,0) size 112x19
                    text run at (314,0) width 112: "13. Oktober 2001"
                  RenderBR {BR} at (426,15) size 0x0
                  RenderText {#text} at (102,20) size 536x19
                    text run at (102,20) width 462: "Ich habe es nun endlich geschafft das Gateway bei der Toplist mit IP-Sperre "
                    text run at (564,20) width 74: "zu versehen,"
                  RenderBR {BR} at (638,35) size 0x0
                  RenderText {#text} at (28,40) size 684x19
                    text run at (28,40) width 422: "dabei war der Fehler den ich vorher nicht verstand eine simple Sache, "
                    text run at (450,40) width 262: "h\x{E4}tte ich doch ein wenig mehr nachgedacht!"
                  RenderBR {BR} at (712,55) size 0x0
                  RenderText {#text} at (11,60) size 733x59
                    text run at (11,60) width 405: "Des weiteren habe ich noch die Datensicherung umgeschrieben, f\x{FC}r "
                    text run at (416,60) width 314: "alle die Listen deren Hits ab und zu mal auf 0 gesetzt"
                    text run at (4,80) width 88: "werden, sollte "
                    text run at (92,80) width 434: "jetzt nicht mehr passieren und ich habe noch den Mail Versand aus dem "
                    text run at (526,80) width 211: "Admin-Bereich umgeschrieben und"
                    text run at (27,100) width 210: "zwar wurde fr\x{FC}her der Text immer "
                    text run at (237,100) width 410: "zusammen gequetscht, die Enters wurden so zu sagen ignoriert, jetzt "
                    text run at (647,100) width 67: "nicht mehr!"
                RenderBlock {P} at (1,137) size 741x40
                  RenderText {#text} at (24,0) size 693x39
                    text run at (24,0) width 361: ">> F\x{FC}r alle die das Script vor dem 11.10.01 runter geladen "
                    text run at (385,0) width 332: "haben, Ihr solltet es Euch noch mal runter laden und die"
                    text run at (156,20) width 112: "folgenden Dateien "
                    text run at (268,20) width 317: "durch die neuen ersetzen: topsites.cgi und admin.cgi ."
            RenderTableRow {TR} at (0,734) size 743x42
              RenderTableCell {TD} at (0,734) size 743x42 [border: (1px solid #000000)] [r=9 c=0 rs=1 cs=1]
                RenderText {#text} at (315,1) size 112x19
                  text run at (315,1) width 112: "11. Oktober 2001"
                RenderBR {BR} at (427,16) size 0x0
                RenderText {#text} at (138,21) size 466x19
                  text run at (138,21) width 466: "neues Script ist online, .htaccess-Password-Manager, mehr Info unter Scripte"
            RenderTableRow {TR} at (0,776) size 743x42
              RenderTableCell {TD} at (0,776) size 743x42 [border: (1px solid #000000)] [r=10 c=0 rs=1 cs=1]
                RenderText {#text} at (308,1) size 126x19
                  text run at (308,1) width 126: "08. September 2001"
                RenderBR {BR} at (434,16) size 0x0
                RenderText {#text} at (214,21) size 314x19
                  text run at (214,21) width 314: "Eine neu Version des Download Counters ist online!"
            RenderTableRow {TR} at (0,818) size 743x62
              RenderTableCell {TD} at (0,818) size 743x62 [border: (1px solid #000000)] [r=11 c=0 rs=1 cs=1]
                RenderText {#text} at (320,1) size 102x19
                  text run at (320,1) width 102: "11. August 2001"
                RenderBR {BR} at (422,16) size 0x0
                RenderText {#text} at (54,21) size 635x19
                  text run at (54,21) width 426: "Ich habe so eben eine random.cgi f\x{FC}r den Topsites Script geschrieben. "
                  text run at (480,21) width 209: "Die random.cgi f\x{FC}hrt den Besucher"
                RenderBR {BR} at (689,36) size 0x0
                RenderText {#text} at (269,41) size 205x19
                  text run at (269,41) width 205: "auf eine zuf\x{E4}llig ausgew\x{E4}hlte Seite."
            RenderTableRow {TR} at (0,880) size 743x62
              RenderTableCell {TD} at (0,880) size 743x62 [border: (1px solid #000000)] [r=12 c=0 rs=1 cs=1]
                RenderText {#text} at (320,1) size 102x19
                  text run at (320,1) width 102: "08. August 2001"
                RenderBR {BR} at (422,16) size 0x0
                RenderText {#text} at (115,21) size 513x19
                  text run at (115,21) width 443: "Ich schreibe gerade eine neue Version von dem Download Counter, bitte "
                  text run at (558,21) width 70: "schreibt mir"
                RenderBR {BR} at (628,36) size 0x0
                RenderText {#text} at (202,41) size 339x19
                  text run at (202,41) width 339: "ins Forum was Ihr da alles haben wollt, wer das benutzt!"
            RenderTableRow {TR} at (0,942) size 743x62
              RenderTableCell {TD} at (0,942) size 743x62 [border: (1px solid #000000)] [r=13 c=0 rs=1 cs=1]
                RenderText {#text} at (332,1) size 79x19
                  text run at (332,1) width 79: "09. Juli 2001"
                RenderBR {BR} at (411,16) size 0x0
                RenderText {#text} at (4,21) size 734x39
                  text run at (4,21) width 429: "eine kleiner Bug in der Topsites.cgi wurde behoben! Wer m\x{F6}chte kann "
                  text run at (433,21) width 305: "sich die jetzige Zip runter laden und die topsites.cgi"
                  text run at (235,41) width 89: "auktualisieren, "
                  text run at (324,41) width 183: "mu\x{DF} aber nicht unbedingt sein!"
            RenderTableRow {TR} at (0,1004) size 743x62
              RenderTableCell {TD} at (0,1004) size 743x62 [border: (1px solid #000000)] [r=14 c=0 rs=1 cs=1]
                RenderText {#text} at (332,1) size 79x19
                  text run at (332,1) width 79: "01. Juli 2001"
                RenderBR {BR} at (411,16) size 0x0
                RenderText {#text} at (103,21) size 537x19
                  text run at (103,21) width 477: "Jetzt haben wir einen Support Forum, postet Eure Fragen da rein und versuche "
                  text run at (580,21) width 60: "Sie alle zu"
                RenderBR {BR} at (640,36) size 0x0
                RenderText {#text} at (78,41) size 587x19
                  text run at (78,41) width 376: "beantworten! Au\x{DF}erdem k\x{F6}nnt Ihr dort auch Eure Vorschl\x{E4}ge "
                  text run at (454,41) width 211: "zu den einzelnen Scripten abgeben!"
            RenderTableRow {TR} at (0,1066) size 743x62
              RenderTableCell {TD} at (0,1066) size 743x62 [border: (1px solid #000000)] [r=15 c=0 rs=1 cs=1]
                RenderText {#text} at (332,1) size 79x19
                  text run at (332,1) width 79: "01. Juli 2001"
                RenderBR {BR} at (411,16) size 0x0
                RenderText {#text} at (130,21) size 483x19
                  text run at (130,21) width 458: "Und wieder eine neue Version von The Real Topsites ist online, die Version "
                  text run at (588,21) width 25: "3.4!"
                RenderBR {BR} at (613,36) size 0x0
                RenderText {#text} at (164,41) size 414x19
                  text run at (164,41) width 414: "Es gibt einige neue Funktionen und es wurde auch einiges verbessert!"
            RenderTableRow {TR} at (0,1128) size 743x62
              RenderTableCell {TD} at (0,1128) size 743x62 [border: (1px solid #000000)] [r=16 c=0 rs=1 cs=1]
                RenderText {#text} at (330,1) size 83x19
                  text run at (330,1) width 83: "20. Juni 2001"
                RenderBR {BR} at (413,16) size 0x0
                RenderText {#text} at (141,21) size 460x19
                  text run at (141,21) width 430: "unser Hoster hat ein paar kleine Probleme also sollte irgend was an der "
                  text run at (571,21) width 30: "Seite"
                RenderBR {BR} at (601,36) size 0x0
                RenderText {#text} at (256,41) size 231x19
                  text run at (256,41) width 231: "nicht gehen, einfach wieder versuchen!"
            RenderTableRow {TR} at (0,1190) size 743x102
              RenderTableCell {TD} at (0,1190) size 743x102 [border: (1px solid #000000)] [r=17 c=0 rs=1 cs=1]
                RenderText {#text} at (330,1) size 83x19
                  text run at (330,1) width 83: "09. Juni 2001"
                RenderBR {BR} at (413,16) size 0x0
                RenderText {#text} at (109,21) size 525x19
                  text run at (109,21) width 422: "Die neue Version (3.3) von The Real Topsites ist online, es gibt einige "
                  text run at (531,21) width 103: "neue Funktionen "
                RenderBR {BR} at (634,36) size 0x0
                RenderText {#text} at (260,41) size 223x19
                  text run at (260,41) width 223: "und es wurde auch einiges ver\x{E4}ndert!"
                RenderBR {BR} at (483,56) size 0x0
                RenderText {#text} at (249,61) size 245x19
                  text run at (249,61) width 245: "Mehr Info unter \"Perl Scripte\" im Men\x{FC}. "
                RenderBR {BR} at (494,76) size 0x0
                RenderText {#text} at (171,81) size 401x19
                  text run at (171,81) width 401: "P.S. den Umstieg auf die Version3.3 kann ich Euch nur empfehlen!"
            RenderTableRow {TR} at (0,1292) size 743x82
              RenderTableCell {TD} at (0,1292) size 743x82 [border: (1px solid #000000)] [r=18 c=0 rs=1 cs=1]
                RenderText {#text} at (330,1) size 83x19
                  text run at (330,1) width 83: "04. Juni 2001"
                RenderBR {BR} at (413,16) size 0x0
                RenderText {#text} at (154,21) size 434x19
                  text run at (154,21) width 434: "Ein kleiner Bug bei Topsites Script wurde gefunden und sofort behoben!"
                RenderBR {BR} at (588,36) size 0x0
                RenderText {#text} at (160,41) size 422x19
                  text run at (160,41) width 422: "Bug: es wurde immer wieder die selbe Site Of The Moment angezeigt!"
                RenderBR {BR} at (582,56) size 0x0
                RenderText {#text} at (163,61) size 417x19
                  text run at (163,61) width 412: "Ladet Euch die jetzige Version runter und ersetzt nur die topsites.cgi "
                  text run at (575,61) width 5: "!"
            RenderTableRow {TR} at (0,1374) size 743x62
              RenderTableCell {TD} at (0,1374) size 743x62 [border: (1px solid #000000)] [r=19 c=0 rs=1 cs=1]
                RenderText {#text} at (330,1) size 83x19
                  text run at (330,1) width 83: "01. Juni 2001"
                RenderBR {BR} at (413,16) size 0x0
                RenderText {#text} at (225,21) size 293x19
                  text run at (225,21) width 293: "Ein neues Script ist online! G5-ICQ Newsletter. "
                RenderBR {BR} at (518,36) size 0x0
                RenderText {#text} at (251,41) size 241x19
                  text run at (251,41) width 241: "Mehr Info unter \"Perl Scripte\" im Men\x{FC}."
            RenderTableRow {TR} at (0,1436) size 743x62
              RenderTableCell {TD} at (0,1436) size 743x62 [border: (1px solid #000000)] [r=20 c=0 rs=1 cs=1]
                RenderText {#text} at (329,1) size 84x19
                  text run at (329,1) width 84: "31. Mai 2001"
                RenderBR {BR} at (413,16) size 0x0
                RenderText {#text} at (172,21) size 398x19
                  text run at (172,21) width 398: "Ich habe einen ICQ-Newsletter Script installiert, unter dem Men\x{FC}."
                RenderBR {BR} at (570,36) size 0x0
                RenderText {#text} at (194,41) size 355x19
                  text run at (194,41) width 355: "Tragt Euch ein, dann seit Ihr immer auf dem neusten Stand!"
            RenderTableRow {TR} at (0,1498) size 743x42
              RenderTableCell {TD} at (0,1498) size 743x42 [border: (1px solid #000000)] [r=21 c=0 rs=1 cs=1]
                RenderText {#text} at (329,1) size 84x19
                  text run at (329,1) width 84: "26. Mai 2001"
                RenderBR {BR} at (413,16) size 0x0
                RenderText {#text} at (271,21) size 201x19
                  text run at (271,21) width 201: "The Real Topsites v3.0 ist online!"
            RenderTableRow {TR} at (0,1540) size 743x62
              RenderTableCell {TD} at (0,1540) size 743x62 [border: (1px solid #000000)] [r=22 c=0 rs=1 cs=1]
                RenderText {#text} at (329,1) size 84x19
                  text run at (329,1) width 84: "25. Mai 2001"
                RenderBR {BR} at (413,16) size 0x0
                RenderText {#text} at (218,21) size 307x19
                  text run at (218,21) width 307: "Ein neues Script ist online! G5-Download Counter."
                RenderBR {BR} at (525,36) size 0x0
                RenderText {#text} at (251,41) size 241x19
                  text run at (251,41) width 241: "Mehr Info unter \"Perl Scripte\" im Men\x{FC}."
            RenderTableRow {TR} at (0,1602) size 743x102
              RenderTableCell {TD} at (0,1602) size 743x102 [border: (1px solid #000000)] [r=23 c=0 rs=1 cs=1]
                RenderText {#text} at (329,1) size 84x19
                  text run at (329,1) width 84: "24. Mai 2001"
                RenderBR {BR} at (413,16) size 0x0
                RenderText {#text} at (138,21) size 467x19
                  text run at (138,21) width 399: "Ich habe es mir sehr lange \x{FC}berlegt, die Entscheidung war wirklich "
                  text run at (537,21) width 68: "nicht leicht!"
                RenderBR {BR} at (605,36) size 0x0
                RenderText {#text} at (112,41) size 518x19
                  text run at (112,41) width 379: "Ich habe mich entschieden den Script \"The Real Topsites\" zum "
                  text run at (491,41) width 139: "Download freizugeben."
                RenderBR {BR} at (630,56) size 0x0
                RenderText {#text} at (233,61) size 276x19
                  text run at (233,61) width 276: "Ihr k\x{F6}nnt es Euch jetzt kostenlos runter laden!"
                RenderBR {BR} at (509,76) size 0x0
                RenderText {#text} at (320,81) size 102x19
                  text run at (320,81) width 102: "Viel Spa\x{DF} damit!"
            RenderTableRow {TR} at (0,1704) size 743x62
              RenderTableCell {TD} at (0,1704) size 743x62 [border: (1px solid #000000)] [r=24 c=0 rs=1 cs=1]
                RenderText {#text} at (329,1) size 84x19
                  text run at (329,1) width 84: "13. Mai 2001"
                RenderBR {BR} at (413,16) size 0x0
                RenderText {#text} at (12,21) size 719x39
                  text run at (12,21) width 445: "Es gab nur eine kleine Ver\x{E4}nderung bei G5-Sponsor-Manager, man kann "
                  text run at (457,21) width 274: "den Script jetzt auch via Java aufrufen, so das"
                  text run at (98,41) width 137: "Euer Server jetzt nicht "
                  text run at (235,41) width 343: "unbedingt SSI unterst\x{FC}tzen mu\x{DF} um den Script ausf\x{FC}hren "
                  text run at (578,41) width 66: "zu k\x{F6}nnen!"
            RenderTableRow {TR} at (0,1766) size 743x62
              RenderTableCell {TD} at (0,1766) size 743x62 [border: (1px solid #000000)] [r=25 c=0 rs=1 cs=1]
                RenderText {#text} at (326,1) size 90x19
                  text run at (326,1) width 90: "22. April 2001"
                RenderBR {BR} at (416,16) size 0x0
                RenderText {#text} at (220,21) size 302x19
                  text run at (220,21) width 302: "Ein neues Script ist online! G5-Sponsor-Manager."
                RenderBR {BR} at (522,36) size 0x0
                RenderText {#text} at (251,41) size 241x19
                  text run at (251,41) width 241: "Mehr Info unter \"Perl Scripte\" im Men\x{FC}."
            RenderTableRow {TR} at (0,1828) size 743x82
              RenderTableCell {TD} at (0,1828) size 743x82 [border: (1px solid #000000)] [r=26 c=0 rs=1 cs=1]
                RenderText {#text} at (326,1) size 90x19
                  text run at (326,1) width 90: "20. April 2001"
                RenderBR {BR} at (416,16) size 0x0
                RenderText {#text} at (210,21) size 323x19
                  text run at (210,21) width 323: "Auf einige Anfragen habe ich eine Demonstration von "
                RenderBR {BR} at (533,36) size 0x0
                RenderText {#text} at (221,41) size 300x19
                  text run at (221,41) width 300: "\"The Real Topsites\" (Toplist Script) ver\x{F6}ffentlicht!"
                RenderBR {BR} at (521,56) size 0x0
                RenderText {#text} at (251,61) size 241x19
                  text run at (251,61) width 241: "Mehr Info unter \"Perl Scripte\" im Men\x{FC}."
            RenderTableRow {TR} at (0,1910) size 743x42
              RenderTableCell {TD} at (0,1910) size 743x42 [border: (1px solid #000000)] [r=27 c=0 rs=1 cs=1]
                RenderText {#text} at (325,1) size 92x19
                  text run at (325,1) width 92: "13. M\x{E4}rz 2001"
                RenderBR {BR} at (417,16) size 0x0
                RenderText {#text} at (237,21) size 269x19
                  text run at (237,21) width 269: "An diesem Tag ging die G5-Script.de online!"
            RenderTableRow {TR} at (0,1952) size 743x22
              RenderTableCell {TD} at (0,1952) size 743x22 [border: (1px solid #000000)] [r=28 c=0 rs=1 cs=1]
                RenderText {#text} at (369,1) size 4x19
                  text run at (369,1) width 4: " "
        RenderBlock (anonymous) at (0,1996) size 785x20
          RenderBR {BR} at (392,0) size 0x19
