layer at (0,0) size 800x600
  RenderView at (0,0) size 800x600
layer at (0,0) size 800x600
  RenderBlock {HTML} at (0,0) size 800x600
    RenderBody {BODY} at (8,8) size 784x584
      RenderTable {TABLE} at (0,0) size 784x143
        RenderTableSection {TBODY} at (0,0) size 784x143
          RenderTableRow {TR} at (0,0) size 784x79
            RenderTableCell {TD} at (0,0) size 784x79 [r=0 c=0 rs=1 cs=4]
              RenderBR {BR} at (392,1) size 0x19
              RenderInline {FONT} at (0,0) size 780x56
                RenderText {#text} at (2,21) size 780x37
                  text run at (2,21) width 176: "The Supreme Court says "
                  text run at (178,21) width 533: "Wisconsin can continue using tuition vouchers to help poor parents send their "
                  text run at (711,21) width 71: "children to"
                  text run at (256,40) width 136: "church-run schools. "
                  text run at (392,40) width 135: "What's your stand? "
                RenderBR {BR} at (527,55) size 0x0
                RenderBR {BR} at (392,59) size 0x18
              RenderText {#text} at (0,0) size 0x0
          RenderTableRow {TR} at (0,79) size 784x18
            RenderTableCell {TD} at (0,79) size 526x18 [r=1 c=0 rs=1 cs=1]
              RenderInline {FONT} at (0,0) size 139x16
                RenderText {#text} at (386,1) size 139x16
                  text run at (386,1) width 139: "I agree with the program"
              RenderText {#text} at (0,0) size 0x0
            RenderTableCell {TD} at (526,79) size 79x18 [r=1 c=1 rs=1 cs=1]
              RenderBlock {INPUT} at (6,4) size 13x13
          RenderTableRow {TR} at (0,97) size 784x18
            RenderTableCell {TD} at (0,97) size 526x18 [r=2 c=0 rs=1 cs=1]
              RenderInline {FONT} at (0,0) size 150x16
                RenderText {#text} at (375,1) size 150x16
                  text run at (375,1) width 150: "I think vouchers are wrong"
              RenderText {#text} at (0,0) size 0x0
            RenderTableCell {TD} at (526,97) size 79x18 [r=2 c=1 rs=1 cs=1]
              RenderBlock {INPUT} at (6,4) size 13x13
          RenderTableRow {TR} at (0,115) size 784x28
            RenderTableCell {TD} at (0,120) size 605x18 [r=3 c=0 rs=1 cs=2]
              RenderInline {A} at (0,0) size 76x16 [color=#0000EE]
                RenderInline {FONT} at (0,0) size 76x16
                  RenderText {#text} at (264,1) size 76x16
                    text run at (264,1) width 76: "View Results"
              RenderInline {FONT} at (0,0) size 0x0
                RenderText {#text} at (0,0) size 0x0
            RenderTableCell {TD} at (605,115) size 179x28 [r=3 c=2 rs=1 cs=2]
              RenderButton {INPUT} at (67,3) size 45x22 [bgcolor=#C0C0C0] [border: (2px outset #C0C0C0)]
                RenderBlock (anonymous) at (8,2) size 29x18
                  RenderText at (3,1) size 23x16
                    text run at (3,1) width 23: "vote"
              RenderText {#text} at (0,0) size 0x0
