layer at (0,0) size 800x600
  RenderView at (0,0) size 800x600
layer at (0,0) size 800x600
  RenderBlock {HTML} at (0,0) size 800x600
    RenderBody {BODY} at (8,8) size 784x576
      RenderTable {TABLE} at (0,0) size 62x52
        RenderTableSection {THEAD} at (0,0) size 62x26
          RenderTableRow {TR} at (0,2) size 62x22
            RenderTableCell {TD} at (2,2) size 58x22 [r=0 c=0 rs=1 cs=1]
              RenderText {#text} at (1,1) size 56x19
                text run at (1,1) width 56: "The head"
        RenderTableSection {TBODY} at (0,26) size 62x26
          RenderTableRow {TR} at (0,2) size 62x22
            RenderTableCell {TD} at (2,2) size 58x22 [r=0 c=0 rs=1 cs=1]
              RenderText {#text} at (1,1) size 55x19
                text run at (1,1) width 55: "First row"
      RenderBlock {FORM} at (0,52) size 784x26
        RenderButton {INPUT} at (2,2) size 54x22 [bgcolor=#C0C0C0] [border: (2px outset #C0C0C0)]
          RenderBlock (anonymous) at (8,2) size 38x18
            RenderText at (3,1) size 32x16
              text run at (3,1) width 32: "insert"
        RenderText {#text} at (0,0) size 0x0
