layer at (0,0) size 800x600
  RenderView at (0,0) size 800x600
layer at (0,0) size 800x600
  RenderBlock {HTML} at (0,0) size 800x600
    RenderBody {BODY} at (8,8) size 784x584
      RenderTable {TABLE} at (0,0) size 158x30 [border: (1px outset #808080)]
        RenderTableSection {TBODY} at (1,1) size 156x28
          RenderTableRow {TR} at (0,2) size 156x24
            RenderTableCell {TD} at (2,2) size 56x24 [border: (1px inset #808080)] [r=0 c=0 rs=1 cs=1]
              RenderText {#text} at (2,2) size 52x19
                text run at (2,2) width 52: "Left side"
            RenderTableCell {TD} at (60,2) size 29x24 [border: (1px inset #808080)] [r=0 c=1 rs=1 cs=1]
              RenderText {#text} at (2,2) size 25x19
                text run at (2,2) width 25: "Mid"
            RenderTableCell {TD} at (91,2) size 63x24 [border: (1px inset #808080)] [r=0 c=2 rs=1 cs=1]
              RenderText {#text} at (2,2) size 59x19
                text run at (2,2) width 59: "Right side"
      RenderTable {TABLE} at (0,30) size 158x56 [border: (1px outset #808080)]
        RenderTableSection {TBODY} at (1,1) size 156x54
          RenderTableRow {TR} at (0,2) size 156x24
            RenderTableCell {TD} at (2,2) size 56x24 [border: (1px inset #808080)] [r=0 c=0 rs=1 cs=1]
              RenderText {#text} at (2,2) size 52x19
                text run at (2,2) width 52: "Left side"
            RenderTableCell {TD} at (60,2) size 29x24 [border: (1px inset #808080)] [r=0 c=1 rs=1 cs=1]
              RenderText {#text} at (2,2) size 25x19
                text run at (2,2) width 25: "Mid"
            RenderTableCell {TD} at (91,2) size 63x24 [border: (1px inset #808080)] [r=0 c=2 rs=1 cs=1]
              RenderText {#text} at (2,2) size 59x19
                text run at (2,2) width 59: "Right side"
          RenderTableRow {TR} at (0,28) size 156x24
            RenderTableCell {TD} at (2,28) size 56x24 [border: (1px inset #808080)] [r=1 c=0 rs=1 cs=1]
              RenderText {#text} at (2,2) size 52x19
                text run at (2,2) width 52: "Left side"
            RenderTableCell {TD} at (60,28) size 29x24 [border: (1px inset #808080)] [r=1 c=1 rs=1 cs=1]
              RenderText {#text} at (2,2) size 25x19
                text run at (2,2) width 25: "Mid"
            RenderTableCell {TD} at (91,28) size 63x24 [border: (1px inset #808080)] [r=1 c=2 rs=1 cs=1]
              RenderText {#text} at (2,2) size 59x19
                text run at (2,2) width 59: "Right side"
