layer at (0,0) size 800x600
  RenderView at (0,0) size 800x600
layer at (0,0) size 800x600
  RenderBlock {HTML} at (0,0) size 800x600
    RenderBody {BODY} at (8,8) size 784x584
      RenderTable {TABLE} at (0,0) size 718x40 [border: (1px outset #808080)]
        RenderTableSection {TBODY} at (1,1) size 716x38
          RenderTableRow {TR} at (0,2) size 716x34
            RenderTableCell {TD} at (2,2) size 712x34 [border: (1px inset #808080)] [r=0 c=0 rs=1 cs=1]
              RenderTable {TABLE} at (2,2) size 708x30 [border: (1px outset #808080)]
                RenderTableSection {TBODY} at (1,1) size 706x28
                  RenderTableRow {TR} at (0,2) size 706x24
                    RenderTableCell {TD} at (2,2) size 200x24 [border: (1px inset #808080)] [r=0 c=0 rs=1 cs=1]
                      RenderText {#text} at (2,2) size 32x19
                        text run at (2,2) width 32: "cell 1"
                    RenderTableCell {TD} at (204,2) size 500x24 [border: (1px inset #808080)] [r=0 c=1 rs=1 cs=1]
                      RenderText {#text} at (2,2) size 32x19
                        text run at (2,2) width 32: "cell 2"
