layer at (0,0) size 785x663
  RenderView at (0,0) size 785x600
layer at (0,0) size 785x663
  RenderBlock {HTML} at (0,0) size 785x663
    RenderBody {BODY} at (8,19) size 769x636 [bgcolor=#FFFFFF]
      RenderBlock {H2} at (0,0) size 769x27
        RenderText {#text} at (0,0) size 66x26
          text run at (0,0) width 66: "Test A"
      RenderBlock {DIV} at (0,46) size 769x66 [color=#008000]
        RenderTable {TABLE} at (0,0) size 273x66 [border: (10px solid #008000)]
          RenderTableSection {TBODY} at (10,10) size 253x46
            RenderTableRow {TR} at (0,2) size 253x42 [color=#0000FF]
              RenderTableCell {TD} at (2,2) size 52x42 [border: (10px solid #0000FF)] [r=0 c=0 rs=1 cs=1]
                RenderText {#text} at (11,11) size 30x19
                  text run at (11,11) width 30: "Field"
              RenderTableCell {TD} at (56,2) size 195x42 [border: (10px solid #0000FF)] [r=0 c=1 rs=1 cs=1]
                RenderText {#text} at (11,11) size 173x19
                  text run at (11,11) width 173: "Records for Cropping Years"
      RenderBlock {H2} at (0,131) size 769x27
        RenderText {#text} at (0,0) size 65x26
          text run at (0,0) width 65: "Test B"
      RenderTable {TABLE} at (0,177) size 273x66 [border: (10px solid #000000)]
        RenderTableSection {TBODY} at (10,10) size 253x46
          RenderTableRow {TR} at (0,2) size 253x42 [color=#0000FF]
            RenderTableCell {TD} at (2,2) size 52x42 [border: (10px solid #0000FF)] [r=0 c=0 rs=1 cs=1]
              RenderText {#text} at (11,11) size 30x19
                text run at (11,11) width 30: "Field"
            RenderTableCell {TD} at (56,2) size 195x42 [border: (10px solid #0000FF)] [r=0 c=1 rs=1 cs=1]
              RenderText {#text} at (11,11) size 173x19
                text run at (11,11) width 173: "Records for Cropping Years"
      RenderBlock {H2} at (0,262) size 769x27
        RenderText {#text} at (0,0) size 66x26
          text run at (0,0) width 66: "Test C"
      RenderTable {TABLE} at (0,308) size 273x66 [color=#0000FF] [border: (10px solid #0000FF)]
        RenderTableSection {TBODY} at (10,10) size 253x46
          RenderTableRow {TR} at (0,2) size 253x42
            RenderTableCell {TD} at (2,2) size 52x42 [border: (10px solid #0000FF)] [r=0 c=0 rs=1 cs=1]
              RenderText {#text} at (11,11) size 30x19
                text run at (11,11) width 30: "Field"
            RenderTableCell {TD} at (56,2) size 195x42 [border: (10px solid #0000FF)] [r=0 c=1 rs=1 cs=1]
              RenderText {#text} at (11,11) size 173x19
                text run at (11,11) width 173: "Records for Cropping Years"
      RenderBlock {H2} at (0,393) size 769x27
        RenderText {#text} at (0,0) size 66x26
          text run at (0,0) width 66: "Test D"
      RenderTable {TABLE} at (0,439) size 273x66 [color=#0000FF] [border: (10px solid #0000FF)]
        RenderTableSection {TBODY} at (10,10) size 253x46
          RenderTableRow {TR} at (0,2) size 253x42
            RenderTableCell {TD} at (2,2) size 52x42 [border: (10px solid #0000FF)] [r=0 c=0 rs=1 cs=1]
              RenderText {#text} at (11,11) size 30x19
                text run at (11,11) width 30: "Field"
            RenderTableCell {TD} at (56,2) size 195x42 [border: (10px solid #0000FF)] [r=0 c=1 rs=1 cs=1]
              RenderText {#text} at (11,11) size 173x19
                text run at (11,11) width 173: "Records for Cropping Years"
      RenderBlock {H2} at (0,524) size 769x27
        RenderText {#text} at (0,0) size 65x26
          text run at (0,0) width 65: "Test E"
      RenderTable {TABLE} at (0,570) size 273x66 [color=#0000FF] [border: (10px solid #0000FF)]
        RenderTableSection {TBODY} at (10,10) size 253x46
          RenderTableRow {TR} at (0,2) size 253x42
            RenderTableCell {TD} at (2,2) size 52x42 [border: (10px solid #0000FF)] [r=0 c=0 rs=1 cs=1]
              RenderText {#text} at (11,11) size 30x19
                text run at (11,11) width 30: "Field"
            RenderTableCell {TD} at (56,2) size 195x42 [border: (10px solid #0000FF)] [r=0 c=1 rs=1 cs=1]
              RenderText {#text} at (11,11) size 173x19
                text run at (11,11) width 173: "Records for Cropping Years"
