layer at (0,0) size 942x585
  RenderView at (0,0) size 800x585
layer at (0,0) size 942x585
  RenderBlock {HTML} at (0,0) size 800x585
    RenderBody {BODY} at (0,0) size 800x585 [color=#FFFF00] [bgcolor=#000000]
      RenderBlock {P} at (40,40) size 720x20
        RenderInline {B} at (0,0) size 284x19
          RenderText {#text} at (0,0) size 284x19
            text run at (0,0) width 284: "All cell borders should look the same."
      RenderTable {TABLE} at (40,76) size 902x196 [border: (1px outset #808080)]
        RenderTableCol {COL} at (0,0) size 0x0
        RenderTableSection {TBODY} at (1,1) size 900x194
          RenderTableRow {TR} at (0,0) size 900x21
            RenderTableCell {TD} at (0,0) size 900x21 [color=#00FF00] [bgcolor=#000000] [border: (1px inset #808080)] [r=0 c=0 rs=1 cs=3]
              RenderBlock {P} at (1,1) size 898x19
                RenderText {#text} at (377,0) size 143x18
                  text run at (377,0) width 143: "look at cell borders..."
          RenderTableRow {TR} at (0,21) size 900x173
            RenderTableCell {TD} at (0,154) size 300x40 [color=#00FF00] [bgcolor=#000000] [border: (1px inset #808080)] [r=1 c=0 rs=1 cs=1]
              RenderBlock {P} at (1,1) size 298x38
                RenderText {#text} at (126,0) size 46x18
                  text run at (126,0) width 46: "border"
                RenderBR {BR} at (172,15) size 0x0
                RenderText {#text} at (120,19) size 57x18
                  text run at (120,19) width 57: "bottom?"
            RenderTableCell {TD} at (300,21) size 300x173 [color=#00FF00] [bgcolor=#000000] [border: (1px inset #808080)] [r=1 c=1 rs=1 cs=1]
              RenderBlock {P} at (1,1) size 298x171
                RenderText {#text} at (123,0) size 51x18
                  text run at (123,0) width 51: "this cell"
                RenderBR {BR} at (174,15) size 0x0
                RenderText {#text} at (126,19) size 46x18
                  text run at (126,19) width 46: "border"
                RenderBR {BR} at (172,34) size 0x0
                RenderText {#text} at (136,38) size 25x18
                  text run at (136,38) width 25: "fine"
                RenderBR {BR} at (161,53) size 0x0
                RenderText {#text} at (123,57) size 51x18
                  text run at (123,57) width 51: "this cell"
                RenderBR {BR} at (174,72) size 0x0
                RenderText {#text} at (126,76) size 46x18
                  text run at (126,76) width 46: "border"
                RenderBR {BR} at (172,91) size 0x0
                RenderText {#text} at (136,95) size 25x18
                  text run at (136,95) width 25: "fine"
                RenderBR {BR} at (161,110) size 0x0
                RenderText {#text} at (123,114) size 51x18
                  text run at (123,114) width 51: "this cell"
                RenderBR {BR} at (174,129) size 0x0
                RenderText {#text} at (126,133) size 46x18
                  text run at (126,133) width 46: "border"
                RenderBR {BR} at (172,148) size 0x0
                RenderText {#text} at (136,152) size 25x18
                  text run at (136,152) width 25: "fine"
            RenderTableCell {TD} at (600,21) size 300x173 [color=#00FF00] [bgcolor=#000000] [border: (1px inset #808080)] [r=1 c=2 rs=1 cs=1]
              RenderBlock {P} at (1,1) size 298x171
                RenderText {#text} at (123,0) size 51x18
                  text run at (123,0) width 51: "this cell"
                RenderBR {BR} at (174,15) size 0x0
                RenderText {#text} at (126,19) size 46x18
                  text run at (126,19) width 46: "border"
                RenderBR {BR} at (172,34) size 0x0
                RenderText {#text} at (136,38) size 25x18
                  text run at (136,38) width 25: "fine"
                RenderBR {BR} at (161,53) size 0x0
                RenderText {#text} at (123,57) size 51x18
                  text run at (123,57) width 51: "this cell"
                RenderBR {BR} at (174,72) size 0x0
                RenderText {#text} at (126,76) size 46x18
                  text run at (126,76) width 46: "border"
                RenderBR {BR} at (172,91) size 0x0
                RenderText {#text} at (136,95) size 25x18
                  text run at (136,95) width 25: "fine"
                RenderBR {BR} at (161,110) size 0x0
                RenderText {#text} at (123,114) size 51x18
                  text run at (123,114) width 51: "this cell"
                RenderBR {BR} at (174,129) size 0x0
                RenderText {#text} at (126,133) size 46x18
                  text run at (126,133) width 46: "border"
                RenderBR {BR} at (172,148) size 0x0
                RenderText {#text} at (136,152) size 25x18
                  text run at (136,152) width 25: "fine"
