layer at (0,0) size 800x600
  RenderView at (0,0) size 800x600
layer at (0,0) size 800x600
  RenderBlock {HTML} at (0,0) size 800x600
    RenderBody {BODY} at (8,8) size 784x579
      RenderBlock (anonymous) at (0,0) size 784x0
        RenderInline {B} at (0,0) size 0x0
          RenderInline {NOBR} at (0,0) size 0x0
      RenderBlock (anonymous) at (0,0) size 784x20
        RenderBlock {DIV} at (0,0) size 784x20
          RenderText {#text} at (0,0) size 215x19
            text run at (0,0) width 215: "This text is in a div inside a nobr"
      RenderBlock (anonymous) at (0,20) size 784x20
        RenderInline {B} at (0,0) size 658x19
          RenderInline {NOBR} at (0,0) size 0x0
          RenderText {#text} at (0,0) size 658x19
            text run at (0,0) width 658: "More text that should not be in the nobr, i.e., the nobr should have closed the div inside it implicitly."
      RenderBlock {PRE} at (0,53) size 784x16
        RenderText {#text} at (0,0) size 272x16
          text run at (0,0) width 272: "A pre tag outside everything else."
