layer at (0,0) size 800x600
  RenderView at (0,0) size 800x600
layer at (0,0) size 800x600
  RenderBlock {HTML} at (0,0) size 800x600
    RenderBody {BODY} at (8,8) size 784x584
      RenderText {#text} at (0,0) size 471x19
        text run at (0,0) width 471: "This tests that toggling the display property won't make the controls disappear."
      RenderBR {BR} at (471,15) size 0x0
      RenderText {#text} at (0,0) size 0x0
      RenderText {#text} at (0,0) size 0x0
      RenderText {#text} at (0,0) size 0x0
layer at (8,28) size 320x240
  RenderVideo {VIDEO} at (0,20) size 320x240
layer at (8,28) size 320x240
  RenderBlock (relative positioned) {DIV} at (0,0) size 320x240
layer at (8,28) size 320x240
  RenderBlock (positioned) {DIV} at (0,0) size 320x240
    RenderButton {INPUT} at (0,0) size 320x20
layer at (294,236) size 34x32
  RenderButton {INPUT} at (286,208) size 34x32 [bgcolor=#7B000099]
layer at (8,236) size 30x32
  RenderButton {INPUT} at (0,208) size 30x32 [bgcolor=#00DD0099]
layer at (38,236) size 256x32
  RenderBlock (positioned) {DIV} at (30,208) size 256x32 [bgcolor=#00000099]
layer at (246,242) size 48x20
  RenderBlock (positioned) {DIV} at (208,6) size 48x20 [color=#FFFFFF]
    RenderText {#text} at (3,1) size 42x19
      text run at (3,1) width 42: "00:00"
layer at (38,246) size 206x17
  RenderSlider {INPUT} at (0,10) size 206x13
    RenderBlock {DIV} at (2,-4) size 11x21
layer at (295,252) size 17x16
  RenderButton {INPUT} at (287,224) size 17x16
layer at (311,252) size 17x16
  RenderButton {INPUT} at (303,224) size 17x16
