EDITING DELEGATE: shouldBeginEditingInDOMRange:range from 0 of DIV > BODY > HTML > #document to 3 of DIV > BODY > HTML > #document
EDITING DELEGATE: webViewDidBeginEditing:WebViewDidBeginEditingNotification
EDITING DELEGATE: webViewDidChangeSelection:WebViewDidChangeSelectionNotification
EDITING DELEGATE: webViewDidChangeSelection:WebViewDidChangeSelectionNotification
EDITING DELEGATE: shouldChangeSelectedDOMRange:range from 1 of #text > DIV > DIV > BODY > HTML > #document to 1 of #text > DIV > DIV > BODY > HTML > #document toDOMRange:range from 0 of DIV > DIV > BODY > HTML > #document to 0 of DIV > DIV > BODY > HTML > #document affinity:NSSelectionAffinityDownstream stillSelecting:FALSE
EDITING DELEGATE: webViewDidChangeSelection:WebViewDidChangeSelectionNotification
EDITING DELEGATE: webViewDidChange:WebViewDidChangeNotification
EDITING DELEGATE: shouldChangeSelectedDOMRange:range from 0 of DIV > DIV > BODY > HTML > #document to 0 of DIV > DIV > BODY > HTML > #document toDOMRange:range from 0 of DIV > DIV > BODY > HTML > #document to 0 of DIV > DIV > BODY > HTML > #document affinity:NSSelectionAffinityDownstream stillSelecting:FALSE
EDITING DELEGATE: webViewDidChangeSelection:WebViewDidChangeSelectionNotification
EDITING DELEGATE: webViewDidChange:WebViewDidChangeNotification
EDITING DELEGATE: webViewDidChangeSelection:WebViewDidChangeSelectionNotification
EDITING DELEGATE: shouldChangeSelectedDOMRange:(null) toDOMRange:range from 1 of #text > DIV > DIV > BODY > HTML > #document to 1 of #text > DIV > DIV > BODY > HTML > #document affinity:NSSelectionAffinityDownstream stillSelecting:FALSE
EDITING DELEGATE: webViewDidChangeSelection:WebViewDidChangeSelectionNotification
EDITING DELEGATE: webViewDidChange:WebViewDidChangeNotification
EDITING DELEGATE: webViewDidChangeSelection:WebViewDidChangeSelectionNotification
EDITING DELEGATE: webViewDidChangeSelection:WebViewDidChangeSelectionNotification
EDITING DELEGATE: webViewDidChangeSelection:WebViewDidChangeSelectionNotification
EDITING DELEGATE: webViewDidChangeSelection:WebViewDidChangeSelectionNotification
EDITING DELEGATE: shouldChangeSelectedDOMRange:(null) toDOMRange:range from 0 of #text > SPAN > DIV > DIV > BODY > HTML > #document to 1 of #text > SPAN > DIV > DIV > BODY > HTML > #document affinity:NSSelectionAffinityDownstream stillSelecting:FALSE
EDITING DELEGATE: webViewDidChangeSelection:WebViewDidChangeSelectionNotification
EDITING DELEGATE: webViewDidChange:WebViewDidChangeNotification
EDITING DELEGATE: webViewDidChangeSelection:WebViewDidChangeSelectionNotification
EDITING DELEGATE: webViewDidChangeSelection:WebViewDidChangeSelectionNotification
EDITING DELEGATE: shouldChangeSelectedDOMRange:range from 0 of DIV > DIV > BODY > HTML > #document to 0 of DIV > DIV > BODY > HTML > #document toDOMRange:range from 0 of DIV > DIV > BODY > HTML > #document to 0 of DIV > DIV > BODY > HTML > #document affinity:NSSelectionAffinityDownstream stillSelecting:FALSE
EDITING DELEGATE: webViewDidChangeSelection:WebViewDidChangeSelectionNotification
EDITING DELEGATE: webViewDidChange:WebViewDidChangeNotification
layer at (0,0) size 800x600
  RenderView at (0,0) size 800x600
layer at (0,0) size 800x600
  RenderBlock {HTML} at (0,0) size 800x600
    RenderBody {BODY} at (8,8) size 784x584
      RenderBlock {DIV} at (0,0) size 784x140 [border: (2px solid #0000FF)]
        RenderText {#text} at (14,14) size 734x55
          text run at (14,14) width 734: "You should see one \"x\" followed by two blank lines, then one more \"x\". The"
          text run at (14,42) width 731: "blank lines in between the characters should be the same height. The second"
        RenderInline {B} at (0,0) size 49x26
          RenderText {#text} at (14,70) size 49x26
            text run at (14,70) width 49: "must"
        RenderText {#text} at (63,70) size 363x27
          text run at (63,70) width 363: " be the same height as the first. See: <"
        RenderInline {A} at (0,0) size 229x27 [color=#0000EE]
          RenderText {#text} at (426,70) size 229x27
            text run at (426,70) width 229: "rdar://problem/3959727"
        RenderText {#text} at (655,70) size 655x55
          text run at (655,70) width 14: ">"
          text run at (14,98) width 547: "REGRESSION (Mail): Style not preserved on blank lines"
      RenderBlock {DIV} at (0,164) size 784x228
        RenderBlock {DIV} at (0,0) size 784x57
          RenderInline {SPAN} at (0,0) size 24x55
            RenderText {#text} at (0,1) size 24x55
              text run at (0,1) width 24: "x"
        RenderBlock {DIV} at (0,57) size 784x57
          RenderInline {SPAN} at (0,0) size 0x55
            RenderBR {BR} at (0,1) size 0x55
        RenderBlock {DIV} at (0,114) size 784x57
          RenderInline {SPAN} at (0,0) size 0x55
            RenderBR {BR} at (0,1) size 0x55
        RenderBlock {DIV} at (0,171) size 784x57
          RenderInline {SPAN} at (0,0) size 24x55
            RenderText {#text} at (0,1) size 24x55
              text run at (0,1) width 24: "x"
caret: position 0 of child 0 {BR} of child 0 {SPAN} of child 3 {DIV} of child 3 {DIV} of child 1 {BODY} of child 0 {HTML} of document
