layer at (0,0) size 800x600
  RenderView at (0,0) size 800x600
layer at (0,0) size 800x600
  RenderBlock {HTML} at (0,0) size 800x600
    RenderBody {BODY} at (8,8) size 784x576
      RenderBlock {P} at (0,0) size 784x20
        RenderText {#text} at (0,0) size 719x19
          text run at (0,0) width 246: "This test execCommand(\"FontSize\", ...). "
          text run at (246,0) width 473: "You should see 'small' 'medium' and 'large' below in every increasing font sizes."
      RenderBlock {DIV} at (0,36) size 784x37
        RenderInline {SPAN} at (0,0) size 27x15
          RenderText {#text} at (0,16) size 27x15
            text run at (0,16) width 27: "small"
        RenderInline {SPAN} at (0,0) size 58x20
          RenderText {#text} at (27,12) size 58x20
            text run at (27,12) width 58: "medium"
        RenderInline {SPAN} at (0,0) size 63x36
          RenderText {#text} at (85,0) size 63x36
            text run at (85,0) width 63: "large"
      RenderBlock {UL} at (0,89) size 784x0
caret: position 5 of child 0 {#text} of child 2 {SPAN} of child 2 {DIV} of child 1 {BODY} of child 0 {HTML} of document
