layer at (0,0) size 800x600
  RenderView at (0,0) size 800x600
layer at (0,0) size 800x600
  RenderBlock {HTML} at (0,0) size 800x600
    RenderBody {BODY} at (8,8) size 784x584
      RenderBlock {H1} at (0,0) size 784x37
        RenderText {#text} at (0,0) size 195x36
          text run at (0,0) width 195: "Cloning nodes"
      RenderBlock {DIV} at (0,58) size 784x76 [bgcolor=#FFFF00] [border: (2px ridge #000000)]
        RenderInline {SPAN} at (0,0) size 763x71
          RenderText {#text} at (2,2) size 61x35
            text run at (2,2) width 61: "Bold"
          RenderInline {SPAN} at (0,0) size 702x35
            RenderText {#text} at (63,2) size 203x35
              text run at (63,2) width 203: "Bold+Underline"
            RenderInline {SPAN} at (0,0) size 280x34
              RenderText {#text} at (266,2) size 280x34
                text run at (266,2) width 280: "Bold+Underline+Italic"
            RenderText {#text} at (546,2) size 219x35
              text run at (546,2) width 219: "Bold+Uunderline"
          RenderText {#text} at (2,38) size 61x35
            text run at (2,38) width 61: "Bold"
        RenderText {#text} at (0,0) size 0x0
      RenderBlock (anonymous) at (0,134) size 784x20
        RenderText {#text} at (0,0) size 182x19
          text run at (0,0) width 182: "Cloned Node with deep=false"
      RenderBlock {DIV} at (0,154) size 784x39 [bgcolor=#FFFF00] [border: (2px ridge #000000)]
        RenderBR {BR} at (2,2) size 0x34
      RenderBlock (anonymous) at (0,193) size 784x20
        RenderText {#text} at (0,0) size 178x19
          text run at (0,0) width 178: "Cloned Node with deep=true"
      RenderBlock {DIV} at (0,213) size 784x76 [bgcolor=#FFFF00] [border: (2px ridge #000000)]
        RenderInline {SPAN} at (0,0) size 763x71
          RenderText {#text} at (2,2) size 61x35
            text run at (2,2) width 61: "Bold"
          RenderInline {SPAN} at (0,0) size 702x35
            RenderText {#text} at (63,2) size 203x35
              text run at (63,2) width 203: "Bold+Underline"
            RenderInline {SPAN} at (0,0) size 280x34
              RenderText {#text} at (266,2) size 280x34
                text run at (266,2) width 280: "Bold+Underline+Italic"
            RenderText {#text} at (546,2) size 219x35
              text run at (546,2) width 219: "Bold+Uunderline"
          RenderText {#text} at (2,38) size 61x35
            text run at (2,38) width 61: "Bold"
        RenderText {#text} at (0,0) size 0x0
