layer at (0,0) size 800x600
  RenderView at (0,0) size 800x600
layer at (0,0) size 800x600
  RenderBlock {HTML} at (0,0) size 800x600
    RenderBody {BODY} at (8,8) size 784x584
      RenderBlock {H1} at (0,0) size 784x37
        RenderText {#text} at (0,0) size 439x36
          text run at (0,0) width 439: "DOMParser/XMLSerializer test"
      RenderBlock {DIV} at (0,58) size 784x40
        RenderText {#text} at (0,0) size 763x39
          text run at (0,0) width 763: "The \"text to parse\" and \"document object serialized\" boxes should show the same text, and it should be an XML document, not"
          text run at (0,20) width 130: "\"@@No result@@\"."
      RenderBlock {DIV} at (0,98) size 784x192 [border: (1px solid #000000)]
        RenderBlock (anonymous) at (1,1) size 782x20
          RenderInline {SPAN} at (0,0) size 84x19 [color=#800000]
            RenderText {#text} at (0,0) size 84x19
              text run at (0,0) width 84: "text to parse"
          RenderText {#text} at (0,0) size 0x0
        RenderBlock {PRE} at (27,34) size 756x144
          RenderText {#text} at (0,0) size 536x144
            text run at (0,0) width 168: "<?xml version=\"1.0\"?>"
            text run at (168,0) width 0: " "
            text run at (0,16) width 424: "<?xml-stylesheet href=\"display.css\" type=\"text/css\"?>"
            text run at (424,16) width 0: " "
            text run at (0,32) width 120: "<!DOCTYPE doc ["
            text run at (120,32) width 0: " "
            text run at (0,48) width 216: "<!ATTLIST d id ID #IMPLIED>"
            text run at (216,48) width 0: " "
            text run at (0,64) width 16: "]>"
            text run at (16,64) width 0: " "
            text run at (0,80) width 40: "<doc>"
            text run at (40,80) width 0: " "
            text run at (0,96) width 536: "  <foo xmlns=\"foobar\">One</foo> <x:bar xmlns:x=\"barfoo\">Two</x:bar>"
            text run at (536,96) width 0: " "
            text run at (0,112) width 184: "  <d id=\"id3\">Three</d>"
            text run at (184,112) width 0: " "
            text run at (0,128) width 48: "</doc>"
            text run at (48,128) width 0: " "
      RenderBlock {DIV} at (0,298) size 784x64 [border: (1px solid #000000)]
        RenderBlock (anonymous) at (1,1) size 782x20
          RenderInline {SPAN} at (0,0) size 108x19 [color=#800000]
            RenderText {#text} at (0,0) size 108x19
              text run at (0,0) width 108: "document object"
          RenderText {#text} at (0,0) size 0x0
        RenderBlock {PRE} at (27,34) size 756x16
          RenderText {#text} at (0,0) size 136x16
            text run at (0,0) width 136: "[object Document]"
      RenderBlock {DIV} at (0,370) size 784x112 [border: (1px solid #000000)]
        RenderBlock (anonymous) at (1,1) size 782x20
          RenderInline {SPAN} at (0,0) size 175x19 [color=#800000]
            RenderText {#text} at (0,0) size 175x19
              text run at (0,0) width 175: "document object serialized"
          RenderText {#text} at (0,0) size 0x0
        RenderBlock {PRE} at (27,34) size 756x64
          RenderText {#text} at (0,0) size 576x64
            text run at (0,0) width 576: "<?xml-stylesheet href=\"display.css\" type=\"text/css\"?><!DOCTYPE doc><doc>"
            text run at (576,0) width 0: " "
            text run at (0,16) width 536: "  <foo xmlns=\"foobar\">One</foo> <x:bar xmlns:x=\"barfoo\">Two</x:bar>"
            text run at (536,16) width 0: " "
            text run at (0,32) width 184: "  <d id=\"id3\">Three</d>"
            text run at (184,32) width 0: " "
            text run at (0,48) width 48: "</doc>"
