layer at (0,0) size 800x600
  RenderView at (0,0) size 800x600
layer at (0,0) size 800x600
  RenderBlock {HTML} at (0,0) size 800x600
    RenderBody {BODY} at (8,8) size 784x579
      RenderBlock (anonymous) at (0,0) size 784x20
        RenderText {#text} at (0,0) size 524x19
          text run at (0,0) width 524: "This test checks that a primitive CSS values can be set without generating an exception."
        RenderText {#text} at (0,0) size 0x0
      RenderBlock {PRE} at (0,33) size 784x0
layer at (250,100) size 71x20
  RenderBlock (positioned) {DIV} at (250,100) size 71x20
    RenderText {#text} at (0,0) size 71x19
      text run at (0,0) width 71: "Hello world"
