layer at (0,0) size 800x600
  RenderView at (0,0) size 800x600
layer at (0,0) size 800x600
  RenderBlock {HTML} at (0,0) size 800x600
    RenderBody {BODY} at (8,8) size 784x584
      RenderBlock {P} at (0,0) size 784x20
        RenderText {#text} at (0,0) size 727x19
          text run at (0,0) width 727: "This tests that the Uniscribe code path renders missing glyphs as squares. It assumes that a Myanmar font is not available."
      RenderBlock (anonymous) at (0,36) size 784x80
        RenderText {#text} at (0,0) size 22x19
          text run at (0,0) width 22: "(\x{1000})"
        RenderBR {BR} at (22,15) size 0x0
        RenderText {#text} at (0,20) size 34x19
          text run at (0,20) width 34: "(\x{1000}\x{1000})"
        RenderBR {BR} at (34,35) size 0x0
        RenderText {#text} at (0,40) size 46x19
          text run at (0,40) width 46: "(\x{1000}\x{1000}\x{1000})"
        RenderBR {BR} at (46,55) size 0x0
        RenderText {#text} at (0,60) size 58x19
          text run at (0,60) width 58: "(\x{1000}\x{1000}\x{1000}\x{1000})"
        RenderBR {BR} at (58,75) size 0x0
