layer at (0,0) size 800x600
  RenderView at (0,0) size 800x600
layer at (0,0) size 800x600
  RenderBlock {HTML} at (0,0) size 800x600
    RenderBody {BODY} at (8,8) size 784x584
      RenderBlock (anonymous) at (0,0) size 784x18
        RenderText {#text} at (0,0) size 523x18
          text run at (0,0) width 523: "Test that we can get an NPObject returned through a method on an NPAPI Object."
      RenderBlock {P} at (0,34) size 784x154
        RenderText {#text} at (0,136) size 359x18
          text run at (0,136) width 359: "Prints \"SUCCESS\" on success, \"FAILURE\" on failure. "
        RenderPartObject {EMBED} at (359,0) size 300x150
        RenderText {#text} at (0,0) size 0x0
      RenderBlock {DIV} at (0,204) size 784x18
        RenderText {#text} at (0,0) size 71x18
          text run at (0,0) width 71: "SUCCESS"