layer at (0,0) size 800x600
  RenderView at (0,0) size 800x600
layer at (0,0) size 800x600
  RenderBlock {HTML} at (0,0) size 800x600
    RenderBody {BODY} at (8,8) size 784x584
      RenderBlock (anonymous) at (0,0) size 784x20
        RenderText {#text} at (0,0) size 241x19
          text run at (0,0) width 241: "The textareas below should not overlap."
      RenderTable {TABLE} at (0,20) size 784x44
        RenderTableSection {TBODY} at (0,0) size 784x44
          RenderTableRow {TR} at (0,1) size 784x42
            RenderTableCell {TD} at (1,1) size 181x42 [r=0 c=0 rs=1 cs=1]
            RenderTableCell {TD} at (183,1) size 6x42 [r=0 c=1 rs=1 cs=1]
            RenderTableCell {TD} at (190,1) size 6x42 [r=0 c=2 rs=1 cs=1]
            RenderTableCell {TD} at (197,11) size 586x22 [r=0 c=3 rs=1 cs=1]
              RenderText {#text} at (1,1) size 4x19
                text run at (1,1) width 4: " "
      RenderBlock (anonymous) at (0,64) size 784x40
        RenderBR {BR} at (0,0) size 0x19
        RenderBR {BR} at (0,20) size 0x19
      RenderTable {TABLE} at (0,104) size 784x44
        RenderTableSection {TBODY} at (0,0) size 784x44
          RenderTableRow {TR} at (0,1) size 784x42
            RenderTableCell {TD} at (1,1) size 261x42 [r=0 c=0 rs=1 cs=1]
            RenderTableCell {TD} at (263,1) size 6x42 [r=0 c=1 rs=1 cs=1]
            RenderTableCell {TD} at (270,1) size 6x42 [r=0 c=2 rs=1 cs=1]
            RenderTableCell {TD} at (277,11) size 506x22 [r=0 c=3 rs=1 cs=1]
              RenderText {#text} at (1,1) size 4x19
                text run at (1,1) width 4: " "
layer at (10,32) size 179x36 clip at (11,33) size 177x34
  RenderTextControl {TEXTAREA} at (1,3) size 179x36 [bgcolor=#FFFFFF] [border: (1px solid #000000)]
    RenderBlock {DIV} at (3,3) size 175x16
      RenderText {#text} at (0,0) size 24x16
        text run at (0,0) width 24: "one"
layer at (192,32) size 4x36 clip at (0,0) size 0x0 scrollWidth 10 scrollHeight 50
  RenderTextControl {TEXTAREA} at (1,3) size 4x36 [bgcolor=#FFFFFF] [border: (1px solid #000000)]
    RenderBlock {DIV} at (3,3) size 0x48
      RenderText {#text} at (0,0) size 8x48
        text run at (0,0) width 8: "t"
        text run at (0,16) width 8: "w"
        text run at (0,32) width 8: "o"
layer at (199,32) size 4x36 clip at (0,0) size 0x0 scrollWidth 10 scrollHeight 82
  RenderTextControl {TEXTAREA} at (1,3) size 4x36 [bgcolor=#FFFFFF] [border: (1px solid #000000)]
    RenderBlock {DIV} at (3,3) size 0x80
      RenderText {#text} at (0,0) size 8x80
        text run at (0,0) width 8: "t"
        text run at (0,16) width 8: "h"
        text run at (0,32) width 8: "r"
        text run at (0,48) width 8: "e"
        text run at (0,64) width 8: "e"
layer at (10,116) size 259x36 clip at (11,117) size 257x34
  RenderTextControl {TEXTAREA} at (1,3) size 259x36 [bgcolor=#FFFFFF] [border: (1px solid #000000)]
    RenderBlock {DIV} at (3,3) size 255x16
      RenderText {#text} at (0,0) size 104x16
        text run at (0,0) width 104: "one two three"
layer at (272,116) size 4x36 clip at (0,0) size 0x0 scrollWidth 10 scrollHeight 50
  RenderTextControl {TEXTAREA} at (1,3) size 4x36 [bgcolor=#FFFFFF] [border: (1px solid #000000)]
    RenderBlock {DIV} at (3,3) size 0x48
      RenderText {#text} at (0,0) size 8x48
        text run at (0,0) width 8: "t"
        text run at (0,16) width 8: "w"
        text run at (0,32) width 8: "o"
layer at (279,116) size 4x36 clip at (0,0) size 0x0 scrollWidth 10 scrollHeight 82
  RenderTextControl {TEXTAREA} at (1,3) size 4x36 [bgcolor=#FFFFFF] [border: (1px solid #000000)]
    RenderBlock {DIV} at (3,3) size 0x80
      RenderText {#text} at (0,0) size 8x80
        text run at (0,0) width 8: "t"
        text run at (0,16) width 8: "h"
        text run at (0,32) width 8: "r"
        text run at (0,48) width 8: "e"
        text run at (0,64) width 8: "e"
