layer at (0,0) size 800x600
  RenderView at (0,0) size 800x600
layer at (0,0) size 800x600
  RenderBlock {HTML} at (0,0) size 800x600
    RenderBody {BODY} at (8,8) size 784x584
      RenderBlock {DIV} at (0,0) size 784x209
        RenderText {#text} at (0,189) size 118x19
          text run at (0,189) width 118: "Here is the iFrame: "
        RenderPartObject {IFRAME} at (118,0) size 204x204 [border: (2px inset #000000)]
          layer at (0,0) size 200x200
            RenderView at (0,0) size 200x200
          layer at (0,0) size 200x200
            RenderBlock {HTML} at (0,0) size 200x200
              RenderBody {BODY} at (8,8) size 184x184
        RenderText {#text} at (0,0) size 0x0
      RenderBlock {DIV} at (0,209) size 784x20
        RenderText {#text} at (0,0) size 70x19
          text run at (0,0) width 70: "about:blank"
