layer at (0,0) size 800x600
  RenderView at (0,0) size 800x600
layer at (0,0) size 800x600
  RenderBlock {HTML} at (0,0) size 800x600
    RenderFrameSet {FRAMESET} at (0,0) size 800x600
      RenderFrame {FRAME} at (0,0) size 800x178
        layer at (0,0) size 800x178
          RenderView at (0,0) size 800x178
        layer at (0,0) size 800x178
          RenderBlock {HTML} at (0,0) size 800x178
            RenderBody {BODY} at (8,8) size 784x162
              RenderBlock {DIV} at (0,0) size 784x20
                RenderText {#text} at (0,0) size 70x19
                  text run at (0,0) width 70: "about:blank"
      RenderFrame {FRAME} at (0,184) size 800x416
        layer at (0,0) size 800x416
          RenderView at (0,0) size 800x416
        layer at (0,0) size 800x416
          RenderBlock {HTML} at (0,0) size 800x416
            RenderBody {BODY} at (8,8) size 784x400
