layer at (0,0) size 800x600
  RenderView at (0,0) size 800x600
layer at (0,0) size 800x600
  RenderBlock {HTML} at (0,0) size 800x600
    RenderBody {BODY} at (8,8) size 784x584
      RenderText {#text} at (0,0) size 705x39
        text run at (0,0) width 705: "THIS TEST'S RESULTS ARE NOT CORRECT, SINCE INLINE TABLES ARE NOT BASELINE-ALIGNING"
        text run at (0,20) width 484: "PROPERLY, AND WHEN THEY DO, THE FIRST ROW WILL BE USED. "
      RenderBR {BR} at (484,35) size 0x0
      RenderBlock {P} at (0,47) size 55x44 [border: (2px solid #0000FF)]
        RenderText {#text} at (2,2) size 51x19
          text run at (2,2) width 51: "This text"
        RenderBR {BR} at (53,17) size 0x0
        RenderText {#text} at (2,22) size 51x19
          text run at (2,22) width 51: "This text"
      RenderText {#text} at (55,69) size 4x19
        text run at (55,69) width 4: " "
      RenderBlock {P} at (59,47) size 107x44 [border: (2px solid #0000FF)]
        RenderBlock {SPAN} at (2,2) size 103x40
          RenderText {#text} at (0,0) size 75x19
            text run at (0,0) width 75: "should all be"
          RenderBR {BR} at (75,15) size 0x0
          RenderText {#text} at (0,20) size 103x19
            text run at (0,20) width 103: "should also all be"
      RenderText {#text} at (166,69) size 4x19
        text run at (166,69) width 4: " "
      RenderTable {TABLE} at (170,40) size 41x44 [border: (2px solid #0000FF)]
        RenderTableSection {TBODY} at (2,2) size 37x40
          RenderTableRow {TR} at (0,0) size 37x20
            RenderTableCell {TD} at (0,0) size 37x20 [r=0 c=0 rs=1 cs=1]
              RenderText {#text} at (0,0) size 37x19
                text run at (0,0) width 37: "on the"
          RenderTableRow {TR} at (0,20) size 37x20
            RenderTableCell {TD} at (0,20) size 37x20 [r=1 c=0 rs=1 cs=1]
              RenderText {#text} at (0,0) size 37x19
                text run at (0,0) width 37: "on the"
      RenderText {#text} at (211,69) size 4x19
        text run at (211,69) width 4: " "
      RenderTable {TABLE} at (215,40) size 67x44 [border: (2px solid #0000FF)]
        RenderTableSection {TBODY} at (2,2) size 63x40
          RenderTableRow {TR} at (0,0) size 63x20
            RenderTableCell {TD} at (0,0) size 63x20 [r=0 c=0 rs=1 cs=1]
              RenderText {#text} at (0,0) size 63x19
                text run at (0,0) width 63: "same line. "
          RenderTableRow {TR} at (0,20) size 63x20
            RenderTableCell {TD} at (0,20) size 63x20 [r=1 c=0 rs=1 cs=1]
              RenderText {#text} at (0,0) size 59x19
                text run at (0,0) width 59: "same line."
      RenderText {#text} at (0,0) size 0x0
      RenderText {#text} at (0,0) size 0x0
      RenderText {#text} at (0,0) size 0x0
