layer at (0,0) size 1024x585
  RenderView at (0,0) size 800x585
layer at (0,0) size 1024x585
  RenderBlock {HTML} at (0,0) size 800x585
    RenderBody {BODY} at (8,8) size 784x569
      RenderBlock {DIV} at (0,0) size 784x43
        RenderText {#text} at (0,0) size 26x19
          text run at (0,0) width 26: "One"
        RenderBR {BR} at (26,15) size 0x0
        RenderImage {IMG} at (0,27) size 11x11 [border: (1px dotted #FF0000)]
        RenderText {#text} at (11,20) size 4x19
          text run at (11,20) width 4: " "
        RenderBlock {DIV} at (15,21) size 102x22 [border: (1px dotted #FF0000)]
          RenderImage {IMG} at (1,1) size 1000x0
          RenderText {#text} at (2,1) size 97x19
            text run at (2,1) width 97: "Text Goes Here"
        RenderText {#text} at (0,0) size 0x0
