CONSOLE MESSAGE: line 7: Uncaught TypeError: Object [object Object] has no method 'dumpDOMAsWebArchive'
ALERT: When running this test under Safari, popup blocking must be disabled.
layer at (0,0) size 800x600
  RenderView at (0,0) size 800x600
layer at (0,0) size 800x600
  RenderBlock {HTML} at (0,0) size 800x600
    RenderBody {BODY} at (8,8) size 784x584
      RenderInline {SPAN} at (0,0) size 780x59
        RenderText {#text} at (0,0) size 780x59
          text run at (0,0) width 770: "This test takes a body with inline link color styling from a second window, moves it to the document of an iframe, makes sure the"
          text run at (0,20) width 338: "second window has closed, then makes a WebArchive. "
          text run at (338,20) width 205: "The test passes if it doesn't crash. "
          text run at (543,20) width 237: "If running the test in Safari then garbage"
          text run at (0,40) width 332: "collection might get in the way of fulling testing the bug. "
          text run at (332,40) width 347: "One should wait \"awhile\" before making the WebArchive."
        RenderBR {BR} at (679,55) size 0x0
      RenderBR {BR} at (0,60) size 0x19
      RenderInline {SPAN} at (0,0) size 0x0
      RenderText {#text} at (0,0) size 0x0
      RenderText {#text} at (0,0) size 0x0
      RenderText {#text} at (0,0) size 0x0
