CONSOLE MESSAGE: line 2: Uncaught TypeError: Object [object Object] has no method 'dumpDOMAsWebArchive'
CONSOLE MESSAGE: line 2: Uncaught TypeError: Object [object Object] has no method 'dumpDOMAsWebArchive'
layer at (0,0) size 800x600
  RenderView at (0,0) size 800x600
layer at (0,0) size 800x600
  RenderBlock {HTML} at (0,0) size 800x600
    RenderBody {BODY} at (8,8) size 784x584
      RenderBlock {DIV} at (0,0) size 784x64 [color=#FF0000]
        RenderImage {IMG} at (0,0) size 52x64
        RenderText {#text} at (0,0) size 0x0
      RenderBlock {DIV} at (0,64) size 784x19 [color=#FF0000]
        RenderText {#text} at (0,0) size 387x18
          text run at (0,0) width 156: "This is not a frameset. "
          text run at (156,0) width 231: "This text should be red sans-serif."
      RenderBlock {DIV} at (0,83) size 784x64 [color=#FF0000]
        RenderImage {IMG} at (0,0) size 52x64
        RenderText {#text} at (0,0) size 0x0
      RenderBlock (anonymous) at (0,147) size 784x154
        RenderPartObject {IFRAME} at (0,0) size 304x154 [border: (2px inset #000000)]
          layer at (0,0) size 285x182
            RenderView at (0,0) size 285x150
          layer at (0,0) size 285x182
            RenderBlock {HTML} at (0,0) size 285x182
              RenderBody {BODY} at (8,8) size 269x166
                RenderBlock {DIV} at (0,0) size 269x64 [color=#FF0000]
                  RenderImage {IMG} at (0,0) size 52x64
                  RenderText {#text} at (0,0) size 0x0
                RenderBlock {DIV} at (0,64) size 269x38 [color=#FF0000]
                  RenderText {#text} at (0,0) size 263x37
                    text run at (0,0) width 135: "This is a subframe. "
                    text run at (135,0) width 128: "This text should be"
                    text run at (0,19) width 99: "red sans-serif."
                RenderBlock {DIV} at (0,102) size 269x64 [color=#FF0000]
                  RenderImage {IMG} at (0,0) size 52x64
                  RenderText {#text} at (0,0) size 0x0
        RenderText {#text} at (0,0) size 0x0
        RenderText {#text} at (0,0) size 0x0
        RenderText {#text} at (0,0) size 0x0
