layer at (0,0) size 800x600
  RenderView at (0,0) size 800x600
layer at (0,0) size 800x292
  RenderBlock {HTML} at (0,0) size 800x292
    RenderBody {BODY} at (8,16) size 784x260
      RenderBlock {P} at (0,0) size 784x260 [color=#000080]
        RenderImage {IMG} at (0,0) size 50x50
        RenderText {#text} at (50,0) size 307x19
          text run at (50,0) width 307: "\x{21E6} This text should flow around the box on the left. "
        RenderInline {SPAN} at (0,0) size 784x259 [color=#C0C0C0]
          RenderText {#text} at (357,0) size 784x259
            text run at (357,0) width 414: "dummy text dummy text dummy text dummy text dummy text dummy"
            text run at (50,20) width 444: "text dummy text dummy text dummy text dummy text dummy text dummy "
            text run at (494,20) width 244: "text dummy text dummy text dummy text"
            text run at (50,40) width 196: "dummy text dummy text dummy "
            text run at (246,40) width 444: "text dummy text dummy text dummy text dummy text dummy text dummy "
            text run at (690,40) width 70: "text dummy"
            text run at (0,60) width 370: "text dummy text dummy text dummy text dummy text dummy "
            text run at (370,60) width 392: "text dummy text dummy text dummy text dummy text dummy text"
            text run at (0,80) width 48: "dummy "
            text run at (48,80) width 444: "text dummy text dummy text dummy text dummy text dummy text dummy "
            text run at (492,80) width 292: "text dummy text dummy text dummy text dummy"
            text run at (0,100) width 148: "text dummy text dummy "
            text run at (148,100) width 444: "text dummy text dummy text dummy text dummy text dummy text dummy "
            text run at (592,100) width 170: "text dummy text dummy text"
            text run at (0,120) width 270: "dummy text dummy text dummy text dummy "
            text run at (270,120) width 444: "text dummy text dummy text dummy text dummy text dummy text dummy "
            text run at (714,120) width 70: "text dummy"
            text run at (0,140) width 370: "text dummy text dummy text dummy text dummy text dummy "
            text run at (370,140) width 392: "text dummy text dummy text dummy text dummy text dummy text"
            text run at (0,160) width 48: "dummy "
            text run at (48,160) width 444: "text dummy text dummy text dummy text dummy text dummy text dummy "
            text run at (492,160) width 292: "text dummy text dummy text dummy text dummy"
            text run at (0,180) width 148: "text dummy text dummy "
            text run at (148,180) width 444: "text dummy text dummy text dummy text dummy text dummy text dummy "
            text run at (592,180) width 170: "text dummy text dummy text"
            text run at (0,200) width 270: "dummy text dummy text dummy text dummy "
            text run at (270,200) width 444: "text dummy text dummy text dummy text dummy text dummy text dummy "
            text run at (714,200) width 70: "text dummy"
            text run at (0,220) width 370: "text dummy text dummy text dummy text dummy text dummy "
            text run at (370,220) width 392: "text dummy text dummy text dummy text dummy text dummy text"
            text run at (0,240) width 48: "dummy "
            text run at (48,240) width 392: "text dummy text dummy text dummy text dummy text dummy text"
        RenderText {#text} at (0,0) size 0x0
