layer at (0,0) size 800x600
  RenderView at (0,0) size 800x600
layer at (0,0) size 800x278
  RenderBlock {HTML} at (0,0) size 800x72
    RenderBody {BODY} at (8,16) size 784x40
      RenderBlock {P} at (0,0) size 784x40 [color=#000080]
        RenderText {#text} at (0,0) size 763x39
          text run at (0,0) width 370: "The blue boxes below should be in numeric order and form a "
          text run at (370,0) width 393: "backwards \"D\". (Boxes labelled \"A\" should be in the first column;"
          text run at (0,20) width 381: "boxes labelled \"B\" should be in the second; arrows indicate the "
          text run at (381,20) width 112: "correct alignment.)"
      RenderBlock {DIV} at (16,56) size 320x0
        RenderBlock (floating) {P} at (190,4) size 126x34 [color=#FFFFFF] [bgcolor=#000080] [border: (3px solid #0000FF)]
          RenderText {#text} at (80,7) size 39x19
            text run at (80,7) width 39: "B 2 \x{21E8}"
        RenderBlock (floating) {P} at (56,4) size 126x34 [color=#FFFFFF] [bgcolor=#000080] [border: (3px solid #0000FF)]
          RenderText {#text} at (79,7) size 40x19
            text run at (79,7) width 40: "A 1 \x{21E8}"
        RenderBlock (floating) {P} at (190,46) size 126x34 [color=#FFFFFF] [bgcolor=#000080] [border: (3px solid #0000FF)]
          RenderText {#text} at (80,7) size 39x19
            text run at (80,7) width 39: "B 4 \x{21E8}"
        RenderBlock (floating) {P} at (4,46) size 126x34 [color=#FFFFFF] [bgcolor=#000080] [border: (3px solid #0000FF)]
          RenderText {#text} at (7,7) size 40x19
            text run at (7,7) width 40: "\x{21E6} A 3"
        RenderBlock (floating) {P} at (190,88) size 126x34 [color=#FFFFFF] [bgcolor=#000080] [border: (3px solid #0000FF)]
          RenderText {#text} at (80,7) size 39x19
            text run at (80,7) width 39: "B 6 \x{21E8}"
        RenderBlock (floating) {P} at (4,88) size 126x34 [color=#FFFFFF] [bgcolor=#000080] [border: (3px solid #0000FF)]
          RenderText {#text} at (7,7) size 40x19
            text run at (7,7) width 40: "\x{21E6} A 5"
        RenderBlock (floating) {P} at (4,130) size 126x34 [color=#FFFFFF] [bgcolor=#000080] [border: (3px solid #0000FF)]
          RenderText {#text} at (7,7) size 40x19
            text run at (7,7) width 40: "\x{21E6} A 7"
        RenderBlock (floating) {P} at (190,130) size 126x34 [color=#FFFFFF] [bgcolor=#000080] [border: (3px solid #0000FF)]
          RenderText {#text} at (80,7) size 39x19
            text run at (80,7) width 39: "B 8 \x{21E8}"
        RenderBlock (floating) {P} at (190,172) size 126x34 [color=#FFFFFF] [bgcolor=#000080] [border: (3px solid #0000FF)]
          RenderText {#text} at (72,7) size 47x19
            text run at (72,7) width 47: "B 10 \x{21E8}"
        RenderBlock (floating) {P} at (56,172) size 126x34 [color=#FFFFFF] [bgcolor=#000080] [border: (3px solid #0000FF)]
          RenderText {#text} at (79,7) size 40x19
            text run at (79,7) width 40: "A 9 \x{21E8}"
