layer at (0,0) size 800x600
  RenderView at (0,0) size 800x600
layer at (0,0) size 800x136
  RenderBlock {HTML} at (0,0) size 800x136
    RenderBody {BODY} at (8,8) size 784x120
      RenderBlock (anonymous) at (0,0) size 784x20
        RenderText {#text} at (0,0) size 452x19
          text run at (0,0) width 234: "You should see a green square below. "
          text run at (234,0) width 218: "There should be no red on the page."
      RenderBlock {DIV} at (0,20) size 100x100 [bgcolor=#FF0000]
