layer at (0,0) size 800x600
  RenderView at (0,0) size 800x600
layer at (0,0) size 800x36
  RenderBlock {HTML} at (0,0) size 800x36
    RenderBody {BODY} at (8,8) size 784x20
      RenderText {#text} at (0,0) size 519x19
        text run at (0,0) width 297: "You should see a 5em wide green square below. "
        text run at (297,0) width 222: "There should be no red on the page. "
      RenderText {#text} at (0,0) size 0x0
layer at (8,28) size 160x160
  RenderBlock (positioned) {DIV} at (8,28) size 160x160
