layer at (0,0) size 800x600
  RenderView at (0,0) size 800x600
layer at (0,0) size 800x36
  RenderBlock {HTML} at (0,0) size 800x36
    RenderBody {BODY} at (8,8) size 784x20 [color=#008000] [bgcolor=#FFFFFF]
      RenderText {#text} at (0,0) size 296x19
        text run at (0,0) width 296: "This text should be green on a white background."
