layer at (0,0) size 785x626
  RenderView at (0,0) size 785x600
layer at (0,0) size 785x626
  RenderBlock {HTML} at (0,0) size 785x626
    RenderBody {BODY} at (8,8) size 769x610
      RenderBlock {H1} at (0,0) size 769x37
        RenderText {#text} at (0,0) size 422x37
          text run at (0,0) width 422: "Form Element Geometry Tests"
      RenderBlock {P} at (0,58) size 769x18
        RenderText {#text} at (0,0) size 540x18
          text run at (0,0) width 540: "These tests help us tune the widget classes in KWQ to have all the right fudge factors."
      RenderBlock {H2} at (0,95) size 769x28
        RenderText {#text} at (0,0) size 165x28
          text run at (0,0) width 165: "Bounding Boxes"
      RenderTable {TABLE} at (0,142) size 172x28
        RenderTableSection {TBODY} at (0,0) size 172x28
          RenderTableRow {TR} at (0,2) size 172x24
            RenderTableCell {TD} at (2,2) size 58x24 [r=0 c=0 rs=1 cs=1]
              RenderBlock {DIV} at (1,1) size 56x22 [border: (2px solid #0000FF)]
                RenderInline {FONT} at (0,0) size 52x18
                  RenderButton {INPUT} at (2,2) size 52x18 [bgcolor=#C0C0C0]
                    RenderBlock (anonymous) at (8,2) size 36x13
                      RenderText at (0,0) size 36x13
                        text run at (0,0) width 36: "button"
            RenderTableCell {TD} at (62,2) size 68x24 [r=0 c=1 rs=1 cs=1]
              RenderBlock {DIV} at (1,1) size 66x22 [border: (2px solid #0000FF)]
                RenderInline {FONT} at (0,0) size 62x18
                  RenderMenuList {SELECT} at (2,2) size 62x18 [bgcolor=#FFFFFF]
                    RenderBlock (anonymous) at (8,2) size 31x13
                      RenderText at (0,0) size 31x13
                        text run at (0,0) width 31: "menu"
              RenderBlock (anonymous) at (1,23) size 66x0
                RenderInline {FONT} at (0,0) size 0x0
            RenderTableCell {TD} at (132,4) size 18x19 [r=0 c=2 rs=1 cs=1]
              RenderBlock {DIV} at (1,1) size 16x17 [border: (2px solid #0000FF)]
                RenderInline {FONT} at (0,0) size 12x13
                  RenderBlock {INPUT} at (2,2) size 12x13
              RenderBlock (anonymous) at (1,18) size 16x0
                RenderInline {FONT} at (0,0) size 0x0
            RenderTableCell {TD} at (152,5) size 18x18 [r=0 c=3 rs=1 cs=1]
              RenderBlock {DIV} at (1,1) size 16x16 [border: (2px solid #0000FF)]
                RenderInline {FONT} at (0,0) size 12x12
                  RenderBlock {INPUT} at (2,2) size 12x12
              RenderBlock (anonymous) at (1,17) size 16x0
                RenderInline {FONT} at (0,0) size 0x0
      RenderTable {TABLE} at (0,170) size 172x28
        RenderTableSection {TBODY} at (0,0) size 172x28
          RenderTableRow {TR} at (0,2) size 172x24
            RenderTableCell {TD} at (2,2) size 58x24 [r=0 c=0 rs=1 cs=1]
              RenderBlock {DIV} at (1,1) size 56x22 [border: (2px solid #0000FF)]
                RenderButton {INPUT} at (2,2) size 52x18 [bgcolor=#C0C0C0]
                  RenderBlock (anonymous) at (8,2) size 36x13
                    RenderText at (0,0) size 36x13
                      text run at (0,0) width 36: "button"
            RenderTableCell {TD} at (62,2) size 68x24 [r=0 c=1 rs=1 cs=1]
              RenderBlock {DIV} at (1,1) size 66x22 [border: (2px solid #0000FF)]
                RenderMenuList {SELECT} at (2,2) size 62x18 [bgcolor=#FFFFFF]
                  RenderBlock (anonymous) at (8,2) size 31x13
                    RenderText at (0,0) size 31x13
                      text run at (0,0) width 31: "menu"
            RenderTableCell {TD} at (132,4) size 18x19 [r=0 c=2 rs=1 cs=1]
              RenderBlock {DIV} at (1,1) size 16x17 [border: (2px solid #0000FF)]
                RenderBlock {INPUT} at (2,2) size 12x13
            RenderTableCell {TD} at (152,5) size 18x18 [r=0 c=3 rs=1 cs=1]
              RenderBlock {DIV} at (1,1) size 16x16 [border: (2px solid #0000FF)]
                RenderBlock {INPUT} at (2,2) size 12x12
      RenderTable {TABLE} at (0,198) size 172x28
        RenderTableSection {TBODY} at (0,0) size 172x28
          RenderTableRow {TR} at (0,2) size 172x24
            RenderTableCell {TD} at (2,2) size 58x24 [r=0 c=0 rs=1 cs=1]
              RenderBlock {DIV} at (1,1) size 56x22 [border: (2px solid #0000FF)]
                RenderInline {FONT} at (0,0) size 52x13
                  RenderButton {INPUT} at (2,2) size 52x18 [bgcolor=#C0C0C0]
                    RenderBlock (anonymous) at (8,2) size 36x13
                      RenderText at (0,0) size 36x13
                        text run at (0,0) width 36: "button"
            RenderTableCell {TD} at (62,2) size 68x24 [r=0 c=1 rs=1 cs=1]
              RenderBlock {DIV} at (1,1) size 66x22 [border: (2px solid #0000FF)]
                RenderInline {FONT} at (0,0) size 62x13
                  RenderMenuList {SELECT} at (2,2) size 62x18 [bgcolor=#FFFFFF]
                    RenderBlock (anonymous) at (8,2) size 31x13
                      RenderText at (0,0) size 31x13
                        text run at (0,0) width 31: "menu"
            RenderTableCell {TD} at (132,4) size 18x19 [r=0 c=2 rs=1 cs=1]
              RenderBlock {DIV} at (1,1) size 16x17 [border: (2px solid #0000FF)]
                RenderInline {FONT} at (0,0) size 12x12
                  RenderBlock {INPUT} at (2,2) size 12x13
            RenderTableCell {TD} at (152,5) size 18x18 [r=0 c=3 rs=1 cs=1]
              RenderBlock {DIV} at (1,1) size 16x16 [border: (2px solid #0000FF)]
                RenderInline {FONT} at (0,0) size 12x12
                  RenderBlock {INPUT} at (2,2) size 12x12
      RenderTable {TABLE} at (0,226) size 550x67
        RenderTableSection {TBODY} at (0,0) size 550x67
          RenderTableRow {TR} at (0,2) size 550x63
            RenderTableCell {TD} at (2,2) size 84x25 [r=0 c=0 rs=1 cs=1]
              RenderBlock {DIV} at (1,1) size 82x23 [border: (2px solid #0000FF)]
                RenderTextControl {INPUT} at (2,2) size 78x19 [bgcolor=#FFFFFF] [border: (2px inset #000000)]
            RenderTableCell {TD} at (88,2) size 40x63 [r=0 c=1 rs=1 cs=1]
              RenderBlock {DIV} at (1,1) size 38x61 [border: (2px solid #0000FF)]
                RenderListBox {SELECT} at (2,2) size 34x57 [bgcolor=#FFFFFF] [border: (1px inset #808080)]
            RenderTableCell {TD} at (130,2) size 243x24 [r=0 c=2 rs=1 cs=1]
              RenderBlock {DIV} at (1,1) size 241x22 [border: (2px solid #0000FF)]
                RenderFileUploadControl {INPUT} at (2,2) size 237x18
                  RenderButton {INPUT} at (0,0) size 78x18 [bgcolor=#C0C0C0]
                    RenderBlock (anonymous) at (8,2) size 62x13
                      RenderText at (0,0) size 62x13
                        text run at (0,0) width 62: "Choose File"
            RenderTableCell {TD} at (375,2) size 173x38 [r=0 c=3 rs=1 cs=1]
              RenderBlock {DIV} at (1,1) size 171x36 [border: (2px solid #0000FF)]
                RenderTextControl {TEXTAREA} at (4,4) size 163x28 [bgcolor=#FFFFFF] [border: (1px solid #000000)]
      RenderBlock {H2} at (0,312) size 769x28
        RenderText {#text} at (0,0) size 200x28
          text run at (0,0) width 200: "Baseline Alignment"
      RenderBlock {DIV} at (0,359) size 769x29
        RenderInline {FONT} at (0,0) size 219x28
          RenderText {#text} at (0,0) size 43x28
            text run at (0,0) width 43: "text "
          RenderButton {INPUT} at (45,9) size 52x18 [bgcolor=#C0C0C0]
            RenderBlock (anonymous) at (8,2) size 36x13
              RenderText at (0,0) size 36x13
                text run at (0,0) width 36: "button"
          RenderText {#text} at (99,0) size 6x28
            text run at (99,0) width 6: " "
          RenderMenuList {SELECT} at (107,9) size 62x18 [bgcolor=#FFFFFF]
            RenderBlock (anonymous) at (8,2) size 31x13
              RenderText at (0,0) size 31x13
                text run at (0,0) width 31: "menu"
          RenderText {#text} at (171,0) size 6x28
            text run at (171,0) width 6: " "
          RenderBlock {INPUT} at (180,11) size 12x13
          RenderText {#text} at (195,0) size 6x28
            text run at (195,0) width 6: " "
          RenderBlock {INPUT} at (204,12) size 12x12
          RenderText {#text} at (0,0) size 0x0
      RenderBlock {DIV} at (0,388) size 769x22
        RenderText {#text} at (0,1) size 27x18
          text run at (0,1) width 27: "text "
        RenderButton {INPUT} at (29,2) size 52x18 [bgcolor=#C0C0C0]
          RenderBlock (anonymous) at (8,2) size 36x13
            RenderText at (0,0) size 36x13
              text run at (0,0) width 36: "button"
        RenderText {#text} at (83,1) size 4x18
          text run at (83,1) width 4: " "
        RenderMenuList {SELECT} at (89,2) size 62x18 [bgcolor=#FFFFFF]
          RenderBlock (anonymous) at (8,2) size 31x13
            RenderText at (0,0) size 31x13
              text run at (0,0) width 31: "menu"
        RenderText {#text} at (153,1) size 4x18
          text run at (153,1) width 4: " "
        RenderBlock {INPUT} at (160,4) size 12x13
        RenderText {#text} at (175,1) size 4x18
          text run at (175,1) width 4: " "
        RenderBlock {INPUT} at (182,5) size 12x12
        RenderText {#text} at (0,0) size 0x0
      RenderBlock {DIV} at (0,410) size 769x22
        RenderInline {FONT} at (0,0) size 185x13
          RenderText {#text} at (0,5) size 18x13
            text run at (0,5) width 18: "text "
          RenderButton {INPUT} at (20,2) size 52x18 [bgcolor=#C0C0C0]
            RenderBlock (anonymous) at (8,2) size 36x13
              RenderText at (0,0) size 36x13
                text run at (0,0) width 36: "button"
          RenderText {#text} at (74,5) size 3x13
            text run at (74,5) width 3: " "
          RenderMenuList {SELECT} at (79,2) size 62x18 [bgcolor=#FFFFFF]
            RenderBlock (anonymous) at (8,2) size 31x13
              RenderText at (0,0) size 31x13
                text run at (0,0) width 31: "menu"
          RenderText {#text} at (143,5) size 3x13
            text run at (143,5) width 3: " "
          RenderBlock {INPUT} at (149,4) size 12x13
          RenderText {#text} at (164,5) size 3x13
            text run at (164,5) width 3: " "
          RenderBlock {INPUT} at (170,5) size 12x12
          RenderText {#text} at (0,0) size 0x0
      RenderBlock {DIV} at (0,432) size 769x39
        RenderText {#text} at (0,18) size 27x18
          text run at (0,18) width 27: "text "
        RenderTextControl {INPUT} at (29,18) size 78x19 [bgcolor=#FFFFFF] [border: (2px inset #000000)]
        RenderText {#text} at (109,18) size 4x18
          text run at (109,18) width 4: " "
        RenderFileUploadControl {INPUT} at (115,19) size 237x18
          RenderButton {INPUT} at (0,0) size 78x18 [bgcolor=#C0C0C0]
            RenderBlock (anonymous) at (8,2) size 62x13
              RenderText at (0,0) size 62x13
                text run at (0,0) width 62: "Choose File"
        RenderText {#text} at (354,18) size 4x18
          text run at (354,18) width 4: " "
        RenderTextControl {TEXTAREA} at (360,2) size 163x28 [bgcolor=#FFFFFF] [border: (1px solid #000000)]
        RenderText {#text} at (0,0) size 0x0
      RenderBlock {H2} at (0,490) size 769x28
        RenderText {#text} at (0,0) size 197x28
          text run at (0,0) width 197: "Pop-up Menu Sizes"
      RenderBlock {DIV} at (0,537) size 769x29
        RenderInline {FONT} at (0,0) size 181x28
          RenderText {#text} at (0,0) size 0x0
          RenderMenuList {SELECT} at (2,9) size 36x18 [bgcolor=#FFFFFF]
            RenderBlock (anonymous) at (8,2) size 5x13
              RenderBR at (0,0) size 0x13 [bgcolor=#FFFFFF]
          RenderText {#text} at (40,0) size 6x28
            text run at (40,0) width 6: " "
          RenderMenuList {SELECT} at (48,9) size 36x18 [bgcolor=#FFFFFF]
            RenderBlock (anonymous) at (8,2) size 5x13
              RenderText at (0,0) size 5x13
                text run at (0,0) width 5: "|"
          RenderText {#text} at (86,0) size 6x28
            text run at (86,0) width 6: " "
          RenderMenuList {SELECT} at (94,9) size 85x18 [bgcolor=#FFFFFF]
            RenderBlock (anonymous) at (8,2) size 54x13
              RenderText at (0,0) size 54x13
                text run at (0,0) width 54: "xxxxxxxx"
          RenderText {#text} at (0,0) size 0x0
      RenderBlock {DIV} at (0,566) size 769x22
        RenderMenuList {SELECT} at (2,2) size 36x18 [bgcolor=#FFFFFF]
          RenderBlock (anonymous) at (8,2) size 5x13
            RenderBR at (0,0) size 0x13 [bgcolor=#FFFFFF]
        RenderText {#text} at (40,1) size 4x18
          text run at (40,1) width 4: " "
        RenderMenuList {SELECT} at (46,2) size 36x18 [bgcolor=#FFFFFF]
          RenderBlock (anonymous) at (8,2) size 5x13
            RenderText at (0,0) size 5x13
              text run at (0,0) width 5: "|"
        RenderText {#text} at (84,1) size 4x18
          text run at (84,1) width 4: " "
        RenderMenuList {SELECT} at (90,2) size 85x18 [bgcolor=#FFFFFF]
          RenderBlock (anonymous) at (8,2) size 54x13
            RenderText at (0,0) size 54x13
              text run at (0,0) width 54: "xxxxxxxx"
        RenderText {#text} at (0,0) size 0x0
      RenderBlock {DIV} at (0,588) size 769x22
        RenderInline {FONT} at (0,0) size 175x13
          RenderText {#text} at (0,0) size 0x0
          RenderMenuList {SELECT} at (2,2) size 36x18 [bgcolor=#FFFFFF]
            RenderBlock (anonymous) at (8,2) size 5x13
              RenderBR at (0,0) size 0x13 [bgcolor=#FFFFFF]
          RenderText {#text} at (40,5) size 3x13
            text run at (40,5) width 3: " "
          RenderMenuList {SELECT} at (45,2) size 36x18 [bgcolor=#FFFFFF]
            RenderBlock (anonymous) at (8,2) size 5x13
              RenderText at (0,0) size 5x13
                text run at (0,0) width 5: "|"
          RenderText {#text} at (83,5) size 3x13
            text run at (83,5) width 3: " "
          RenderMenuList {SELECT} at (88,2) size 85x18 [bgcolor=#FFFFFF]
            RenderBlock (anonymous) at (8,2) size 54x13
              RenderText at (0,0) size 54x13
                text run at (0,0) width 54: "xxxxxxxx"
          RenderText {#text} at (0,0) size 0x0
layer at (16,242) size 72x13
  RenderBlock {DIV} at (3,3) size 72x13
    RenderText {#text} at (1,0) size 49x13
      text run at (1,0) width 49: "text field"
layer at (389,242) size 161x26
  RenderBlock {DIV} at (1,1) size 161x26
    RenderText {#text} at (3,0) size 44x13
      text run at (3,0) width 44: "textarea"
layer at (40,461) size 72x13
  RenderBlock {DIV} at (3,3) size 72x13
    RenderText {#text} at (1,0) size 49x13
      text run at (1,0) width 49: "text field"
layer at (369,443) size 161x26
  RenderBlock {DIV} at (1,1) size 161x26
    RenderText {#text} at (3,0) size 44x13
      text run at (3,0) width 44: "textarea"
layer at (0,0) size 1083x585
  RenderView at (0,0) size 800x585
layer at (0,0) size 1083x585
  RenderBlock {HTML} at (0,0) size 800x585
    RenderBody {BODY} at (8,8) size 784x569
      RenderTable {TABLE} at (0,0) size 1075x108
        RenderTableSection {TBODY} at (0,0) size 1075x108
          RenderTableRow {TR} at (0,2) size 1075x20
            RenderTableCell {TH} at (2,11) size 83x2 [r=0 c=0 rs=1 cs=1]
            RenderTableCell {TH} at (87,11) size 245x2 [r=0 c=1 rs=1 cs=1]
            RenderTableCell {TH} at (334,2) size 245x20 [r=0 c=2 rs=1 cs=1]
              RenderText {#text} at (78,1) size 89x18
                text run at (78,1) width 89: "text-align:left"
            RenderTableCell {TH} at (581,2) size 245x20 [r=0 c=3 rs=1 cs=1]
              RenderText {#text} at (67,1) size 110x18
                text run at (67,1) width 110: "text-align:center"
            RenderTableCell {TH} at (828,2) size 245x20 [r=0 c=4 rs=1 cs=1]
              RenderText {#text} at (72,1) size 101x18
                text run at (72,1) width 101: "text-align:right"
          RenderTableRow {TR} at (0,24) size 1075x26
            RenderTableCell {TH} at (2,36) size 83x2 [r=1 c=0 rs=1 cs=1]
            RenderTableCell {TD} at (87,24) size 245x26 [border: (1px solid #000000)] [r=1 c=1 rs=1 cs=1]
              RenderFileUploadControl {INPUT} at (4,4) size 237x18
                RenderButton {INPUT} at (0,0) size 78x18 [bgcolor=#C0C0C0]
                  RenderBlock (anonymous) at (8,2) size 62x13
                    RenderText at (0,0) size 62x13
                      text run at (0,0) width 62: "Choose File"
            RenderTableCell {TD} at (334,24) size 245x26 [border: (1px solid #000000)] [r=1 c=2 rs=1 cs=1]
              RenderFileUploadControl {INPUT} at (4,4) size 237x18
                RenderButton {INPUT} at (0,0) size 78x18 [bgcolor=#C0C0C0]
                  RenderBlock (anonymous) at (8,2) size 62x13
                    RenderText at (0,0) size 62x13
                      text run at (0,0) width 62: "Choose File"
            RenderTableCell {TD} at (581,24) size 245x26 [border: (1px solid #000000)] [r=1 c=3 rs=1 cs=1]
              RenderFileUploadControl {INPUT} at (4,4) size 237x18
                RenderButton {INPUT} at (0,0) size 78x18 [bgcolor=#C0C0C0]
                  RenderBlock (anonymous) at (8,2) size 62x13
                    RenderText at (0,0) size 62x13
                      text run at (0,0) width 62: "Choose File"
            RenderTableCell {TD} at (828,24) size 245x26 [border: (1px solid #000000)] [r=1 c=4 rs=1 cs=1]
              RenderFileUploadControl {INPUT} at (4,4) size 237x18
                RenderButton {INPUT} at (0,0) size 78x18 [bgcolor=#C0C0C0]
                  RenderBlock (anonymous) at (8,2) size 62x13
                    RenderText at (0,0) size 62x13
                      text run at (0,0) width 62: "Choose File"
          RenderTableRow {TR} at (0,52) size 1075x26
            RenderTableCell {TH} at (2,55) size 83x20 [r=2 c=0 rs=1 cs=1]
              RenderText {#text} at (1,1) size 81x18
                text run at (1,1) width 81: "direction:ltr"
            RenderTableCell {TD} at (87,52) size 245x26 [border: (1px solid #000000)] [r=2 c=1 rs=1 cs=1]
              RenderFileUploadControl {INPUT} at (4,4) size 237x18
                RenderButton {INPUT} at (0,0) size 78x18 [bgcolor=#C0C0C0]
                  RenderBlock (anonymous) at (8,2) size 62x13
                    RenderText at (0,0) size 62x13
                      text run at (0,0) width 62: "Choose File"
            RenderTableCell {TD} at (334,52) size 245x26 [border: (1px solid #000000)] [r=2 c=2 rs=1 cs=1]
              RenderFileUploadControl {INPUT} at (4,4) size 237x18
                RenderButton {INPUT} at (0,0) size 78x18 [bgcolor=#C0C0C0]
                  RenderBlock (anonymous) at (8,2) size 62x13
                    RenderText at (0,0) size 62x13
                      text run at (0,0) width 62: "Choose File"
            RenderTableCell {TD} at (581,52) size 245x26 [border: (1px solid #000000)] [r=2 c=3 rs=1 cs=1]
              RenderFileUploadControl {INPUT} at (4,4) size 237x18
                RenderButton {INPUT} at (0,0) size 78x18 [bgcolor=#C0C0C0]
                  RenderBlock (anonymous) at (8,2) size 62x13
                    RenderText at (0,0) size 62x13
                      text run at (0,0) width 62: "Choose File"
            RenderTableCell {TD} at (828,52) size 245x26 [border: (1px solid #000000)] [r=2 c=4 rs=1 cs=1]
              RenderFileUploadControl {INPUT} at (4,4) size 237x18
                RenderButton {INPUT} at (0,0) size 78x18 [bgcolor=#C0C0C0]
                  RenderBlock (anonymous) at (8,2) size 62x13
                    RenderText at (0,0) size 62x13
                      text run at (0,0) width 62: "Choose File"
          RenderTableRow {TR} at (0,80) size 1075x26
            RenderTableCell {TH} at (2,83) size 83x20 [r=3 c=0 rs=1 cs=1]
              RenderText {#text} at (1,1) size 81x18
                text run at (1,1) width 81: "direction:rtl"
            RenderTableCell {TD} at (87,80) size 245x26 [border: (1px solid #000000)] [r=3 c=1 rs=1 cs=1]
              RenderFileUploadControl {INPUT} at (4,4) size 237x18
                RenderButton {INPUT} at (159,0) size 78x18 [bgcolor=#C0C0C0]
                  RenderBlock (anonymous) at (8,2) size 62x13
                    RenderText at (0,0) size 62x13
                      text run at (0,0) width 62: "Choose File"
            RenderTableCell {TD} at (334,80) size 245x26 [border: (1px solid #000000)] [r=3 c=2 rs=1 cs=1]
              RenderFileUploadControl {INPUT} at (4,4) size 237x18
                RenderButton {INPUT} at (159,0) size 78x18 [bgcolor=#C0C0C0]
                  RenderBlock (anonymous) at (8,2) size 62x13
                    RenderText at (0,0) size 62x13
                      text run at (0,0) width 62: "Choose File"
            RenderTableCell {TD} at (581,80) size 245x26 [border: (1px solid #000000)] [r=3 c=3 rs=1 cs=1]
              RenderFileUploadControl {INPUT} at (4,4) size 237x18
                RenderButton {INPUT} at (159,0) size 78x18 [bgcolor=#C0C0C0]
                  RenderBlock (anonymous) at (8,2) size 62x13
                    RenderText at (0,0) size 62x13
                      text run at (0,0) width 62: "Choose File"
            RenderTableCell {TD} at (828,80) size 245x26 [border: (1px solid #000000)] [r=3 c=4 rs=1 cs=1]
              RenderFileUploadControl {INPUT} at (4,4) size 237x18
                RenderButton {INPUT} at (159,0) size 78x18 [bgcolor=#C0C0C0]
                  RenderBlock (anonymous) at (8,2) size 62x13
                    RenderText at (0,0) size 62x13
                      text run at (0,0) width 62: "Choose File"
