layer at (0,0) size 800x600
  RenderView at (0,0) size 800x600
layer at (0,0) size 800x600
  RenderBlock {HTML} at (0,0) size 800x600
    RenderBody {BODY} at (8,8) size 784x584
      RenderBlock {P} at (0,0) size 784x40
        RenderText {#text} at (0,0) size 761x39
          text run at (0,0) width 478: "This tests deleting when the caret is at the start of a paragraph just after a table. "
          text run at (478,0) width 283: "The content in that paragraph should be moved"
          text run at (0,20) width 338: "into the last table cell unless that content is another table."
      RenderBlock {DIV} at (0,56) size 784x30
        RenderTable {TABLE} at (0,0) size 390x30 [border: (1px outset #808080)]
          RenderTableSection {TBODY} at (1,1) size 388x28
            RenderTableRow {TR} at (0,2) size 388x24
              RenderTableCell {TD} at (2,2) size 384x24 [border: (1px inset #808080)] [r=0 c=0 rs=1 cs=1]
                RenderText {#text} at (2,2) size 221x19
                  text run at (2,2) width 221: "All the content in this editable region "
                RenderInline {SPAN} at (0,0) size 159x19
                  RenderText {#text} at (223,2) size 159x19
                    text run at (223,2) width 159: "should be in one table cell."
caret: position 40 of child 0 {#text} of child 0 {TD} of child 0 {TR} of child 0 {TBODY} of child 0 {TABLE} of child 2 {DIV} of child 1 {BODY} of child 0 {HTML} of document
