layer at (0,0) size 800x600
  RenderView at (0,0) size 800x600
layer at (0,0) size 800x600
  RenderBlock {HTML} at (0,0) size 800x600
    RenderBody {BODY} at (8,8) size 784x584
      RenderBlock {P} at (0,0) size 784x60
        RenderText {#text} at (0,0) size 750x39
          text run at (0,0) width 750: "This tests for a crash when deleting a link inside a text field inside a completely editable document. You shouldn't see anything"
          text run at (0,20) width 118: "inside the text field.'"
        RenderInline {B} at (0,0) size 747x39
          RenderText {#text} at (118,20) size 747x39
            text run at (118,20) width 629: "We probably shouldn't let users add rich content to text fields even if they are in richly editable"
            text run at (0,40) width 57: "regions.'"
      RenderBlock (anonymous) at (0,76) size 784x26
        RenderTextControl {INPUT} at (2,2) size 155x22 [bgcolor=#FFFFFF] [border: (2px inset #000000)]
        RenderText {#text} at (0,0) size 0x0
        RenderText {#text} at (0,0) size 0x0
        RenderText {#text} at (0,0) size 0x0
layer at (12,89) size 151x16
  RenderBlock {DIV} at (2,3) size 151x16
    RenderBR {BR} at (1,0) size 0x16
caret: position 0 of child 0 {BR} of child 0 {DIV} of child 3 {INPUT} of child 1 {BODY} of child 0 {HTML} of document
