layer at (0,0) size 800x600
  RenderView at (0,0) size 800x600
layer at (0,0) size 800x600
  RenderBlock {HTML} at (0,0) size 800x600
    RenderBody {BODY} at (8,8) size 784x584
      RenderBlock {P} at (0,0) size 784x20
        RenderText {#text} at (0,0) size 713x19
          text run at (0,0) width 713: "This empties the last row, it should be removed. 'world!' should also be brought into the second cell of the second row."
      RenderBlock {DIV} at (0,36) size 784x56
        RenderTable {TABLE} at (0,0) size 78x56 [border: (1px outset #808080)]
          RenderTableSection {TBODY} at (1,1) size 76x54
            RenderTableRow {TR} at (0,2) size 76x24
              RenderTableCell {TD} at (2,2) size 12x24 [border: (1px inset #808080)] [r=0 c=0 rs=1 cs=1]
                RenderText {#text} at (2,2) size 8x19
                  text run at (2,2) width 8: "1"
              RenderTableCell {TD} at (16,2) size 44x24 [border: (1px inset #808080)] [r=0 c=1 rs=1 cs=1]
                RenderText {#text} at (2,2) size 8x19
                  text run at (2,2) width 8: "2"
              RenderTableCell {TD} at (62,2) size 12x24 [border: (1px inset #808080)] [r=0 c=2 rs=1 cs=1]
                RenderText {#text} at (2,2) size 8x19
                  text run at (2,2) width 8: "3"
            RenderTableRow {TR} at (0,28) size 76x24
              RenderTableCell {TD} at (2,28) size 12x24 [border: (1px inset #808080)] [r=1 c=0 rs=1 cs=1]
                RenderText {#text} at (2,2) size 8x19
                  text run at (2,2) width 8: "4"
              RenderTableCell {TD} at (16,28) size 44x24 [border: (1px inset #808080)] [r=1 c=1 rs=1 cs=1]
                RenderInline {SPAN} at (0,0) size 40x19
                  RenderText {#text} at (2,2) size 40x19
                    text run at (2,2) width 40: "world!"
              RenderTableCell {TD} at (62,28) size 12x24 [border: (1px inset #808080)] [r=1 c=2 rs=1 cs=1]
                RenderBR {BR} at (2,2) size 0x19
      RenderBlock {P} at (0,108) size 784x20
        RenderText {#text} at (0,0) size 603x19
          text run at (0,0) width 603: "This empties a the last row of the first table and the first of the second, they should both be removed."
      RenderBlock {DIV} at (0,144) size 784x112
        RenderTable {TABLE} at (0,0) size 46x56 [border: (1px outset #808080)]
          RenderTableSection {TBODY} at (1,1) size 44x54
            RenderTableRow {TR} at (0,2) size 44x24
              RenderTableCell {TD} at (2,2) size 12x24 [border: (1px inset #808080)] [r=0 c=0 rs=1 cs=1]
                RenderText {#text} at (2,2) size 8x19
                  text run at (2,2) width 8: "1"
              RenderTableCell {TD} at (16,2) size 12x24 [border: (1px inset #808080)] [r=0 c=1 rs=1 cs=1]
                RenderText {#text} at (2,2) size 8x19
                  text run at (2,2) width 8: "2"
              RenderTableCell {TD} at (30,2) size 12x24 [border: (1px inset #808080)] [r=0 c=2 rs=1 cs=1]
                RenderText {#text} at (2,2) size 8x19
                  text run at (2,2) width 8: "3"
            RenderTableRow {TR} at (0,28) size 44x24
              RenderTableCell {TD} at (2,28) size 12x24 [border: (1px inset #808080)] [r=1 c=0 rs=1 cs=1]
                RenderText {#text} at (2,2) size 8x19
                  text run at (2,2) width 8: "4"
              RenderTableCell {TD} at (16,28) size 12x24 [border: (1px inset #808080)] [r=1 c=1 rs=1 cs=1]
                RenderBR {BR} at (2,2) size 0x19
              RenderTableCell {TD} at (30,28) size 12x24 [border: (1px inset #808080)] [r=1 c=2 rs=1 cs=1]
                RenderBR {BR} at (2,2) size 0x19
        RenderTable {TABLE} at (0,56) size 46x56 [border: (1px outset #808080)]
          RenderTableSection {TBODY} at (1,1) size 44x54
            RenderTableRow {TR} at (0,2) size 44x24
              RenderTableCell {TD} at (2,2) size 12x24 [border: (1px inset #808080)] [r=0 c=0 rs=1 cs=1]
                RenderBR {BR} at (2,2) size 0x19
              RenderTableCell {TD} at (16,2) size 12x24 [border: (1px inset #808080)] [r=0 c=1 rs=1 cs=1]
                RenderBR {BR} at (2,2) size 0x19
              RenderTableCell {TD} at (30,2) size 12x24 [border: (1px inset #808080)] [r=0 c=2 rs=1 cs=1]
                RenderText {#text} at (2,2) size 8x19
                  text run at (2,2) width 8: "6"
            RenderTableRow {TR} at (0,28) size 44x24
              RenderTableCell {TD} at (2,28) size 12x24 [border: (1px inset #808080)] [r=1 c=0 rs=1 cs=1]
                RenderText {#text} at (2,2) size 8x19
                  text run at (2,2) width 8: "7"
              RenderTableCell {TD} at (16,28) size 12x24 [border: (1px inset #808080)] [r=1 c=1 rs=1 cs=1]
                RenderText {#text} at (2,2) size 8x19
                  text run at (2,2) width 8: "8"
              RenderTableCell {TD} at (30,28) size 12x24 [border: (1px inset #808080)] [r=1 c=2 rs=1 cs=1]
                RenderText {#text} at (2,2) size 8x19
                  text run at (2,2) width 8: "9"
caret: position 0 of child 0 {BR} of child 1 {TD} of child 2 {TR} of child 1 {TBODY} of child 1 {TABLE} of child 8 {DIV} of child 1 {BODY} of child 0 {HTML} of document
