layer at (0,0) size 800x600
  RenderView at (0,0) size 800x600
layer at (0,0) size 800x600
  RenderBlock {HTML} at (0,0) size 800x600
    RenderBody {BODY} at (8,8) size 784x584
      RenderBlock {P} at (0,0) size 784x60
        RenderText {#text} at (0,0) size 768x39
          text run at (0,0) width 565: "This tests for a bug where expansion for smart delete would not consider editable boundaries. "
          text run at (565,0) width 177: "Only 'foo' should be deleted. "
          text run at (742,0) width 26: "You"
          text run at (0,20) width 105: "should see ' bar'. "
        RenderInline {B} at (0,0) size 735x39
          RenderText {#text} at (105,20) size 735x39
            text run at (105,20) width 630: "There is a bug: while the non-editable space isn't deleted, deletion inserts a placeholder when it"
            text run at (0,40) width 64: "shouldn't."
      RenderBlock {DIV} at (0,76) size 784x20
        RenderInline {SPAN} at (0,0) size 20x19
          RenderText {#text} at (0,0) size 20x19
            text run at (0,0) width 20: "bar"
