EDITING DELEGATE: shouldBeginEditingInDOMRange:range from 0 of DIV > BODY > HTML > #document to 3 of DIV > BODY > HTML > #document
EDITING DELEGATE: webViewDidBeginEditing:WebViewDidBeginEditingNotification
EDITING DELEGATE: webViewDidChangeSelection:WebViewDidChangeSelectionNotification
EDITING DELEGATE: webViewDidChangeSelection:WebViewDidChangeSelectionNotification
EDITING DELEGATE: webViewDidChangeSelection:WebViewDidChangeSelectionNotification
EDITING DELEGATE: shouldChangeSelectedDOMRange:range from 8 of #text > DIV > DIV > BODY > HTML > #document to 8 of #text > DIV > DIV > BODY > HTML > #document toDOMRange:range from 9 of #text > DIV > DIV > BODY > HTML > #document to 9 of #text > DIV > DIV > BODY > HTML > #document affinity:NSSelectionAffinityDownstream stillSelecting:FALSE
EDITING DELEGATE: webViewDidChangeSelection:WebViewDidChangeSelectionNotification
EDITING DELEGATE: webViewDidChange:WebViewDidChangeNotification
EDITING DELEGATE: shouldChangeSelectedDOMRange:range from 9 of #text > DIV > DIV > BODY > HTML > #document to 9 of #text > DIV > DIV > BODY > HTML > #document toDOMRange:range from 10 of #text > DIV > DIV > BODY > HTML > #document to 10 of #text > DIV > DIV > BODY > HTML > #document affinity:NSSelectionAffinityDownstream stillSelecting:FALSE
EDITING DELEGATE: webViewDidChangeSelection:WebViewDidChangeSelectionNotification
EDITING DELEGATE: webViewDidChange:WebViewDidChangeNotification
EDITING DELEGATE: shouldChangeSelectedDOMRange:range from 10 of #text > DIV > DIV > BODY > HTML > #document to 10 of #text > DIV > DIV > BODY > HTML > #document toDOMRange:range from 11 of #text > DIV > DIV > BODY > HTML > #document to 11 of #text > DIV > DIV > BODY > HTML > #document affinity:NSSelectionAffinityDownstream stillSelecting:FALSE
EDITING DELEGATE: webViewDidChangeSelection:WebViewDidChangeSelectionNotification
EDITING DELEGATE: webViewDidChange:WebViewDidChangeNotification
EDITING DELEGATE: shouldChangeSelectedDOMRange:range from 11 of #text > DIV > DIV > BODY > HTML > #document to 11 of #text > DIV > DIV > BODY > HTML > #document toDOMRange:range from 12 of #text > DIV > DIV > BODY > HTML > #document to 12 of #text > DIV > DIV > BODY > HTML > #document affinity:NSSelectionAffinityDownstream stillSelecting:FALSE
EDITING DELEGATE: webViewDidChangeSelection:WebViewDidChangeSelectionNotification
EDITING DELEGATE: webViewDidChange:WebViewDidChangeNotification
EDITING DELEGATE: shouldDeleteDOMRange:range from 9 of #text > DIV > DIV > BODY > HTML > #document to 12 of #text > DIV > DIV > BODY > HTML > #document
EDITING DELEGATE: shouldChangeSelectedDOMRange:range from 12 of #text > DIV > DIV > BODY > HTML > #document to 12 of #text > DIV > DIV > BODY > HTML > #document toDOMRange:range from 9 of #text > DIV > DIV > BODY > HTML > #document to 9 of #text > DIV > DIV > BODY > HTML > #document affinity:NSSelectionAffinityDownstream stillSelecting:FALSE
EDITING DELEGATE: webViewDidChangeSelection:WebViewDidChangeSelectionNotification
EDITING DELEGATE: webViewDidChange:WebViewDidChangeNotification
EDITING DELEGATE: shouldChangeSelectedDOMRange:range from 9 of #text > DIV > DIV > BODY > HTML > #document to 9 of #text > DIV > DIV > BODY > HTML > #document toDOMRange:range from 10 of #text > DIV > DIV > BODY > HTML > #document to 10 of #text > DIV > DIV > BODY > HTML > #document affinity:NSSelectionAffinityDownstream stillSelecting:FALSE
EDITING DELEGATE: webViewDidChangeSelection:WebViewDidChangeSelectionNotification
EDITING DELEGATE: webViewDidChange:WebViewDidChangeNotification
EDITING DELEGATE: shouldChangeSelectedDOMRange:range from 10 of #text > DIV > DIV > BODY > HTML > #document to 10 of #text > DIV > DIV > BODY > HTML > #document toDOMRange:range from 11 of #text > DIV > DIV > BODY > HTML > #document to 11 of #text > DIV > DIV > BODY > HTML > #document affinity:NSSelectionAffinityDownstream stillSelecting:FALSE
EDITING DELEGATE: webViewDidChangeSelection:WebViewDidChangeSelectionNotification
EDITING DELEGATE: webViewDidChange:WebViewDidChangeNotification
EDITING DELEGATE: shouldChangeSelectedDOMRange:range from 11 of #text > DIV > DIV > BODY > HTML > #document to 11 of #text > DIV > DIV > BODY > HTML > #document toDOMRange:range from 12 of #text > DIV > DIV > BODY > HTML > #document to 12 of #text > DIV > DIV > BODY > HTML > #document affinity:NSSelectionAffinityDownstream stillSelecting:FALSE
EDITING DELEGATE: webViewDidChangeSelection:WebViewDidChangeSelectionNotification
EDITING DELEGATE: webViewDidChange:WebViewDidChangeNotification
layer at (0,0) size 800x600
  RenderView at (0,0) size 800x600
layer at (0,0) size 800x600
  RenderBlock {HTML} at (0,0) size 800x600
    RenderBody {BODY} at (8,8) size 784x584
      RenderBlock {DIV} at (0,0) size 784x182 [border: (2px solid #0000FF)]
        RenderBlock {DIV} at (14,14) size 756x55
          RenderText {#text} at (0,0) size 66x26
            text run at (0,0) width 66: "Tests: "
          RenderBR {BR} at (0,0) size 0x0
          RenderText {#text} at (0,27) size 453x27
            text run at (0,27) width 453: "Option-delete when a typing command is open."
        RenderBlock {DIV} at (14,85) size 756x83
          RenderText {#text} at (0,0) size 189x26
            text run at (0,0) width 189: "Expected Results: "
          RenderBR {BR} at (189,21) size 0x0
          RenderText {#text} at (0,27) size 432x27
            text run at (0,27) width 432: "Net result is a third \"cha\". It should like this: "
          RenderBR {BR} at (432,48) size 0x0
          RenderText {#text} at (0,55) size 418x27
            text run at (0,55) width 418: "one two cha cha cha three four cha cha cha"
      RenderBlock {DIV} at (0,206) size 784x32
        RenderBlock {DIV} at (0,0) size 784x32 [border: (2px solid #FF0000)]
          RenderText {#text} at (2,2) size 418x27
            text run at (2,2) width 418: "one two cha cha cha three four cha cha cha"
caret: position 12 of child 0 {#text} of child 1 {DIV} of child 3 {DIV} of child 1 {BODY} of child 0 {HTML} of document
