layer at (0,0) size 800x600
  RenderView at (0,0) size 800x600
layer at (0,0) size 800x600
  RenderBlock {HTML} at (0,0) size 800x600
    RenderBody {BODY} at (8,8) size 784x584
      RenderBlock {P} at (0,0) size 784x60
        RenderText {#text} at (0,0) size 759x59
          text run at (0,0) width 430: "This test can only be run with DRT and not manually from the browser. "
          text run at (430,0) width 329: "This test makes sure that we don't make the mistake of"
          text run at (0,20) width 730: "adding new m_containerElements to the DeletionUI over and over again. A successful run of the test will not have multiple"
          text run at (0,40) width 381: "instances of deletion UI render objects at the same coordinates:"
      RenderBlock {DIV} at (0,76) size 784x122
layer at (24,100) size 752x90 layerType: background only
layer at (20,96) size 760x98
  RenderBlock (positioned) zI: -1000000 {DIV} at (-4,-4) size 760x98 [border: (4px solid #00000099)]
layer at (24,100) size 752x90 layerType: foreground only
  RenderTable {TABLE} at (16,16) size 752x90
    RenderTableSection {TBODY} at (0,0) size 752x86
      RenderTableRow {TR} at (0,2) size 752x82
        RenderTableCell {TD} at (2,2) size 748x82 [r=0 c=0 rs=1 cs=1]
          RenderText {#text} at (1,1) size 746x79
            text run at (1,1) width 713: "Lorem ipsum dolor sit amet, consectetuer adipiscing elit. Maecenas odio. Morbi sed tortor id nisl bibendum commodo."
            text run at (714,1) width 4: " "
            text run at (1,21) width 740: "Donec pede. Praesent accumsan dui vitae mauris. Mauris non dui at neque lacinia pulvinar. Quisque nibh. Nulla vitae lectus."
            text run at (741,21) width 4: " "
            text run at (1,41) width 744: "Pellentesque enim. Mauris hendrerit molestie dui. Etiam pretium ligula a pede. Fusce consectetuer purus sit amet sem. Morbi"
            text run at (745,41) width 2: " "
            text run at (1,61) width 229: "tincidunt mollis libero. Maecenas mole"
    RenderTableSection (anonymous) at (0,86) size 752x4
      RenderTableRow (anonymous) at (0,2) size 752x0
        RenderTableCell (anonymous) at (2,2) size 748x0 [r=0 c=0 rs=1 cs=1]
layer at (7,85) size 30x30
  RenderImage zI: 1000000 {IMG} at (-17,-15) size 30x30
caret: position 403 of child 0 {#text} of child 1 {TD} of child 0 {TR} of child 1 {TBODY} of child 1 {TABLE} of child 3 {DIV} of child 1 {BODY} of child 0 {HTML} of document
