EDITING DELEGATE: shouldBeginEditingInDOMRange:range from 0 of DIV > BODY > HTML > #document to 1 of DIV > BODY > HTML > #document
EDITING DELEGATE: webViewDidBeginEditing:WebViewDidBeginEditingNotification
EDITING DELEGATE: webViewDidChangeSelection:WebViewDidChangeSelectionNotification
EDITING DELEGATE: webViewDidChangeSelection:WebViewDidChangeSelectionNotification
EDITING DELEGATE: webViewDidChangeSelection:WebViewDidChangeSelectionNotification
EDITING DELEGATE: webViewDidChangeSelection:WebViewDidChangeSelectionNotification
EDITING DELEGATE: shouldDeleteDOMRange:range from 0 of #text > PRE > DIV > BODY > HTML > #document to 3 of #text > PRE > DIV > BODY > HTML > #document
EDITING DELEGATE: shouldChangeSelectedDOMRange:range from 0 of #text > PRE > DIV > BODY > HTML > #document to 3 of #text > PRE > DIV > BODY > HTML > #document toDOMRange:range from 0 of PRE > DIV > BODY > HTML > #document to 0 of PRE > DIV > BODY > HTML > #document affinity:NSSelectionAffinityDownstream stillSelecting:FALSE
EDITING DELEGATE: webViewDidChangeSelection:WebViewDidChangeSelectionNotification
EDITING DELEGATE: webViewDidChange:WebViewDidChangeNotification
layer at (0,0) size 800x600
  RenderView at (0,0) size 800x600
layer at (0,0) size 800x600
  RenderBlock {HTML} at (0,0) size 800x600
    RenderBody {BODY} at (8,8) size 784x579
      RenderBlock {P} at (0,0) size 784x40
        RenderText {#text} at (0,0) size 746x39
          text run at (0,0) width 612: "This tests for a bug where deleting a paragraph in preserveNewline text would introduce an extra line. "
          text run at (612,0) width 134: "You should see '\\nbar'"
          text run at (0,20) width 41: "below."
      RenderBlock {DIV} at (0,56) size 784x32
        RenderBlock {PRE} at (0,0) size 784x32
          RenderText {#text} at (0,0) size 24x32
            text run at (0,0) width 0: " "
            text run at (0,16) width 24: "bar"
caret: position 0 of child 0 {#text} of child 0 {PRE} of child 2 {DIV} of child 1 {BODY} of child 0 {HTML} of document
