layer at (0,0) size 785x5152
  RenderView at (0,0) size 785x600
layer at (0,0) size 785x5152
  RenderBlock {HTML} at (0,0) size 785x5152
    RenderBody {BODY} at (8,8) size 769x5136
      RenderText {#text} at (0,0) size 754x36
        text run at (0,0) width 754: "This HTML is used to test HTTP content-type \"image/png\" by having multiple iframes render different types of content"
        text run at (0,18) width 258: "for the same HTTP content-type header. "
      RenderText {#text} at (0,0) size 0x0
      RenderText {#text} at (0,0) size 0x0
      RenderText {#text} at (0,0) size 0x0
      RenderBR {BR} at (0,0) size 0x0
      RenderText {#text} at (0,36) size 162x18
        text run at (0,36) width 162: "Well here are the frames !"
      RenderBR {BR} at (162,50) size 0x0
      RenderBR {BR} at (0,54) size 0x18
      RenderBR {BR} at (0,72) size 0x18
      RenderText {#text} at (0,90) size 709x18
        text run at (0,90) width 709: "This frame tests loading of a HTML page with a GIF image when the HTTP content-type is set to \"image/png\" ."
      RenderBR {BR} at (709,104) size 0x0
      RenderText {#text} at (0,108) size 310x18
        text run at (0,108) width 310: "Expected : This iframe should have NOTHING ."
      RenderBR {BR} at (310,122) size 0x0
      RenderPartObject {IFRAME} at (0,126) size 504x304 [border: (2px inset #000000)]
        layer at (0,0) size 500x300
          RenderView at (0,0) size 500x300
        layer at (0,0) size 500x300
          RenderBlock {HTML} at (0,0) size 500x300
            RenderBody {BODY} at (8,8) size 484x284
      RenderText {#text} at (504,416) size 4x18
        text run at (504,416) width 4: " "
      RenderBR {BR} at (0,0) size 0x0
      RenderBR {BR} at (0,434) size 0x18
      RenderText {#text} at (0,452) size 717x18
        text run at (0,452) width 717: "This frame tests loading of a HTML page with a BMP image when the HTTP content-type is set to \"image/png\" ."
      RenderBR {BR} at (717,466) size 0x0
      RenderText {#text} at (0,470) size 310x18
        text run at (0,470) width 310: "Expected : This iframe should have NOTHING ."
      RenderBR {BR} at (310,484) size 0x0
      RenderPartObject {IFRAME} at (0,488) size 504x304 [border: (2px inset #000000)]
        layer at (0,0) size 500x300
          RenderView at (0,0) size 500x300
        layer at (0,0) size 500x300
          RenderBlock {HTML} at (0,0) size 500x300
            RenderBody {BODY} at (8,8) size 484x284
      RenderText {#text} at (504,778) size 4x18
        text run at (504,778) width 4: " "
      RenderBR {BR} at (0,0) size 0x0
      RenderBR {BR} at (0,796) size 0x18
      RenderText {#text} at (0,814) size 707x18
        text run at (0,814) width 707: "This frame tests loading of a HTML page with a TIF image when the HTTP content-type is set to \"image/png\" ."
      RenderBR {BR} at (707,828) size 0x0
      RenderText {#text} at (0,832) size 310x18
        text run at (0,832) width 310: "Expected : This iframe should have NOTHING ."
      RenderBR {BR} at (310,846) size 0x0
      RenderPartObject {IFRAME} at (0,850) size 504x304 [border: (2px inset #000000)]
        layer at (0,0) size 500x300
          RenderView at (0,0) size 500x300
        layer at (0,0) size 500x300
          RenderBlock {HTML} at (0,0) size 500x300
            RenderBody {BODY} at (8,8) size 484x284
      RenderText {#text} at (504,1140) size 4x18
        text run at (504,1140) width 4: " "
      RenderBR {BR} at (0,0) size 0x0
      RenderBR {BR} at (0,1158) size 0x18
      RenderText {#text} at (0,1176) size 716x18
        text run at (0,1176) width 716: "This frame tests loading of a HTML page with a PNG image when the HTTP content-type is set to \"image/png\" ."
      RenderBR {BR} at (716,1190) size 0x0
      RenderText {#text} at (0,1194) size 310x18
        text run at (0,1194) width 310: "Expected : This iframe should have NOTHING ."
      RenderBR {BR} at (310,1208) size 0x0
      RenderPartObject {IFRAME} at (0,1212) size 504x304 [border: (2px inset #000000)]
        layer at (0,0) size 500x300
          RenderView at (0,0) size 500x300
        layer at (0,0) size 500x300
          RenderBlock {HTML} at (0,0) size 500x300
            RenderBody {BODY} at (8,8) size 484x284
      RenderText {#text} at (504,1502) size 4x18
        text run at (504,1502) width 4: " "
      RenderBR {BR} at (0,0) size 0x0
      RenderBR {BR} at (0,1520) size 0x18
      RenderText {#text} at (0,1538) size 720x18
        text run at (0,1538) width 720: "This frame tests loading of a HTML page with a JPEG image when the HTTP content-type is set to \"image/png\" ."
      RenderBR {BR} at (720,1552) size 0x0
      RenderText {#text} at (0,1556) size 310x18
        text run at (0,1556) width 310: "Expected : This iframe should have NOTHING ."
      RenderBR {BR} at (310,1570) size 0x0
      RenderPartObject {IFRAME} at (0,1574) size 504x304 [border: (2px inset #000000)]
        layer at (0,0) size 500x300
          RenderView at (0,0) size 500x300
        layer at (0,0) size 500x300
          RenderBlock {HTML} at (0,0) size 500x300
            RenderBody {BODY} at (8,8) size 484x284
      RenderText {#text} at (504,1864) size 4x18
        text run at (504,1864) width 4: " "
      RenderBR {BR} at (0,0) size 0x0
      RenderBR {BR} at (0,1882) size 0x18
      RenderText {#text} at (0,1900) size 594x18
        text run at (0,1900) width 594: "This frame tests loading of a HTML page when the HTTP content-type is set to \"image/png\" ."
      RenderBR {BR} at (594,1914) size 0x0
      RenderText {#text} at (0,1918) size 310x18
        text run at (0,1918) width 310: "Expected : This iframe should have NOTHING ."
      RenderBR {BR} at (310,1932) size 0x0
      RenderPartObject {IFRAME} at (0,1936) size 504x304 [border: (2px inset #000000)]
        layer at (0,0) size 500x300
          RenderView at (0,0) size 500x300
        layer at (0,0) size 500x300
          RenderBlock {HTML} at (0,0) size 500x300
            RenderBody {BODY} at (8,8) size 484x284
      RenderText {#text} at (504,2226) size 4x18
        text run at (504,2226) width 4: " "
      RenderBR {BR} at (0,0) size 0x0
      RenderBR {BR} at (0,2244) size 0x18
      RenderText {#text} at (0,2262) size 754x18
        text run at (0,2262) width 754: "This frame tests loading of a an HTML page with a FLASH object when the HTTP content-type is set to \"image/png\" ."
      RenderBR {BR} at (754,2276) size 0x0
      RenderText {#text} at (0,2280) size 310x18
        text run at (0,2280) width 310: "Expected : This iframe should have NOTHING ."
      RenderBR {BR} at (310,2294) size 0x0
      RenderPartObject {IFRAME} at (0,2298) size 504x304 [border: (2px inset #000000)]
        layer at (0,0) size 500x300
          RenderView at (0,0) size 500x300
        layer at (0,0) size 500x300
          RenderBlock {HTML} at (0,0) size 500x300
            RenderBody {BODY} at (8,8) size 484x284
      RenderText {#text} at (504,2588) size 4x18
        text run at (504,2588) width 4: " "
      RenderBR {BR} at (0,0) size 0x0
      RenderBR {BR} at (0,2606) size 0x18
      RenderText {#text} at (0,2624) size 679x18
        text run at (0,2624) width 679: "This frame tests loading of a GIF image and no HTML when the HTTP content-type is set to \"image/png\" ."
      RenderBR {BR} at (679,2638) size 0x0
      RenderText {#text} at (0,2642) size 310x18
        text run at (0,2642) width 310: "Expected : This iframe should have NOTHING ."
      RenderBR {BR} at (310,2656) size 0x0
      RenderPartObject {IFRAME} at (0,2660) size 504x304 [border: (2px inset #000000)]
        layer at (0,0) size 500x300
          RenderView at (0,0) size 500x300
        layer at (0,0) size 500x300
          RenderBlock {HTML} at (0,0) size 500x300
            RenderBody {BODY} at (8,8) size 484x284
      RenderText {#text} at (504,2950) size 4x18
        text run at (504,2950) width 4: " "
      RenderBR {BR} at (0,0) size 0x0
      RenderBR {BR} at (0,2968) size 0x18
      RenderText {#text} at (0,2986) size 687x18
        text run at (0,2986) width 687: "This frame tests loading of a BMP image and no HTML when the HTTP content-type is set to \"image/png\" ."
      RenderBR {BR} at (687,3000) size 0x0
      RenderText {#text} at (0,3004) size 310x18
        text run at (0,3004) width 310: "Expected : This iframe should have NOTHING ."
      RenderBR {BR} at (310,3018) size 0x0
      RenderPartObject {IFRAME} at (0,3022) size 504x304 [border: (2px inset #000000)]
        layer at (0,0) size 500x300
          RenderView at (0,0) size 500x300
        layer at (0,0) size 500x300
          RenderBlock {HTML} at (0,0) size 500x300
            RenderBody {BODY} at (8,8) size 484x284
      RenderText {#text} at (504,3312) size 4x18
        text run at (504,3312) width 4: " "
      RenderBR {BR} at (0,0) size 0x0
      RenderBR {BR} at (0,3330) size 0x18
      RenderText {#text} at (0,3348) size 677x18
        text run at (0,3348) width 677: "This frame tests loading of a TIF image and no HTML when the HTTP content-type is set to \"image/png\" ."
      RenderBR {BR} at (677,3362) size 0x0
      RenderText {#text} at (0,3366) size 310x18
        text run at (0,3366) width 310: "Expected : This iframe should have NOTHING ."
      RenderBR {BR} at (310,3380) size 0x0
      RenderPartObject {IFRAME} at (0,3384) size 504x304 [border: (2px inset #000000)]
        layer at (0,0) size 500x300
          RenderView at (0,0) size 500x300
        layer at (0,0) size 500x300
          RenderBlock {HTML} at (0,0) size 500x300
            RenderBody {BODY} at (8,8) size 484x284
      RenderText {#text} at (504,3674) size 4x18
        text run at (504,3674) width 4: " "
      RenderBR {BR} at (0,0) size 0x0
      RenderBR {BR} at (0,3692) size 0x18
      RenderText {#text} at (0,3710) size 686x18
        text run at (0,3710) width 686: "This frame tests loading of a PNG image and no HTML when the HTTP content-type is set to \"image/png\" ."
      RenderBR {BR} at (686,3724) size 0x0
      RenderText {#text} at (0,3728) size 310x18
        text run at (0,3728) width 310: "Expected : This iframe should have NOTHING ."
      RenderBR {BR} at (310,3742) size 0x0
      RenderPartObject {IFRAME} at (0,3746) size 504x304 [border: (2px inset #000000)]
        layer at (0,0) size 500x300
          RenderView at (0,0) size 500x300
        layer at (0,0) size 500x300
          RenderBlock {HTML} at (0,0) size 500x300
            RenderBody {BODY} at (8,8) size 484x284
      RenderText {#text} at (504,4036) size 4x18
        text run at (504,4036) width 4: " "
      RenderBR {BR} at (0,0) size 0x0
      RenderBR {BR} at (0,4054) size 0x18
      RenderText {#text} at (0,4072) size 690x18
        text run at (0,4072) width 690: "This frame tests loading of a JPEG image and no HTML when the HTTP content-type is set to \"image/png\" ."
      RenderBR {BR} at (690,4086) size 0x0
      RenderText {#text} at (0,4090) size 310x18
        text run at (0,4090) width 310: "Expected : This iframe should have NOTHING ."
      RenderBR {BR} at (310,4104) size 0x0
      RenderPartObject {IFRAME} at (0,4108) size 504x304 [border: (2px inset #000000)]
        layer at (0,0) size 500x300
          RenderView at (0,0) size 500x300
        layer at (0,0) size 500x300
          RenderBlock {HTML} at (0,0) size 500x300
            RenderBody {BODY} at (8,8) size 484x284
      RenderText {#text} at (504,4398) size 4x18
        text run at (504,4398) width 4: " "
      RenderBR {BR} at (0,0) size 0x0
      RenderBR {BR} at (0,4416) size 0x18
      RenderText {#text} at (0,4434) size 698x18
        text run at (0,4434) width 698: "This frame tests loading of a simple TEXT and no HTML when the HTTP content-type is set to \"image/png\" ."
      RenderBR {BR} at (698,4448) size 0x0
      RenderText {#text} at (0,4452) size 310x18
        text run at (0,4452) width 310: "Expected : This iframe should have NOTHING ."
      RenderBR {BR} at (310,4466) size 0x0
      RenderPartObject {IFRAME} at (0,4470) size 504x304 [border: (2px inset #000000)]
        layer at (0,0) size 500x300
          RenderView at (0,0) size 500x300
        layer at (0,0) size 500x300
          RenderBlock {HTML} at (0,0) size 500x300
            RenderBody {BODY} at (8,8) size 484x284
      RenderText {#text} at (504,4760) size 4x18
        text run at (504,4760) width 4: " "
      RenderBR {BR} at (0,0) size 0x0
      RenderBR {BR} at (0,4778) size 0x18
      RenderText {#text} at (0,4796) size 705x18
        text run at (0,4796) width 705: "This frame tests loading of a FLASH object and no HTML when the HTTP content-type is set to \"image/png\" ."
      RenderBR {BR} at (705,4810) size 0x0
      RenderText {#text} at (0,4814) size 310x18
        text run at (0,4814) width 310: "Expected : This iframe should have NOTHING ."
      RenderBR {BR} at (310,4828) size 0x0
      RenderPartObject {IFRAME} at (0,4832) size 504x304 [border: (2px inset #000000)]
        layer at (0,0) size 500x300
          RenderView at (0,0) size 500x300
        layer at (0,0) size 500x300
          RenderBlock {HTML} at (0,0) size 500x300
            RenderBody {BODY} at (8,8) size 484x284
      RenderText {#text} at (0,0) size 0x0
      RenderText {#text} at (0,0) size 0x0
      RenderText {#text} at (0,0) size 0x0
