layer at (0,0) size 800x600
  RenderView at (0,0) size 800x600
layer at (0,0) size 800x600
  RenderBlock {HTML} at (0,0) size 800x600
    RenderBody {BODY} at (8,8) size 784x584
      RenderText {#text} at (0,0) size 769x36
        text run at (0,0) width 670: "This tests loading of a HTML page with a BMP image when the HTTP content-type is set to \"text/html\" . "
        text run at (670,0) width 99: "Expected : This"
        text run at (0,18) width 363: "page should have been RENDERED INCORRECTLY ."
