layer at (0,0) size 800x600
  RenderView at (0,0) size 800x600
layer at (0,0) size 800x600
  RenderBlock {HTML} at (0,0) size 800x600
    RenderBody {BODY} at (8,8) size 784x584
      RenderText {#text} at (0,0) size 753x36
        text run at (0,0) width 654: "This tests loading of a JPEG image and no HTML when the HTTP content-type is set to \"image/png\" . "
        text run at (654,0) width 99: "Expected : This"
        text run at (0,18) width 194: "page should have an IMAGE ."
