layer at (0,0) size 800x600
  RenderView at (0,0) size 800x600
layer at (0,0) size 800x600
  RenderBlock {HTML} at (0,0) size 800x600
    RenderBody {BODY} at (8,8) size 784x584
      RenderText {#text} at (0,0) size 757x36
        text run at (0,0) width 658: "This tests loading of a simple TEXT and no HTML when the HTTP content-type is set to \"image/jpg\" . "
        text run at (658,0) width 99: "Expected : This"
        text run at (0,18) width 197: "page should have NOTHING ."
