layer at (0,0) size 800x600
  RenderView at (0,0) size 800x600
layer at (0,0) size 800x600
  RenderBlock {HTML} at (0,0) size 800x600
    RenderBody {BODY} at (8,8) size 784x584
      RenderText {#text} at (0,0) size 760x36
        text run at (0,0) width 547: "This tests loading of a HTML page when the HTTP content-type is set to \"text/html\" . "
        text run at (547,0) width 213: "Expected : This page should have"
        text run at (0,18) width 249: "been RENDERED INCORRECTLY ."
