layer at (0,0) size 800x600
  RenderView at (0,0) size 800x600
layer at (0,0) size 800x600
  RenderBlock {HTML} at (0,0) size 800x600
    RenderBody {BODY} at (8,8) size 784x584
      RenderText {#text} at (0,0) size 773x36
        text run at (0,0) width 773: "This tests loading of a BMP image and no HTML when the HTTP content-type is set to \"application/x-shockwave-flash\" ."
        text run at (0,18) width 300: "Expected : This page should have NOTHING ."
