layer at (0,0) size 800x600
  RenderView at (0,0) size 800x600
layer at (0,0) size 800x600
  RenderBlock {HTML} at (0,0) size 800x600
    RenderBody {BODY} at (8,8) size 784x584
      RenderText {#text} at (0,0) size 768x36
        text run at (0,0) width 536: "This tests loading of a HTML page when the HTTP content-type is set to \"NULL\" . "
        text run at (536,0) width 232: "Expected : This page should have an"
        text run at (0,18) width 98: "HTML as text ."
