layer at (0,0) size 800x600
  RenderView at (0,0) size 800x600
layer at (0,0) size 800x600
  RenderBlock {HTML} at (0,0) size 800x600
    RenderBody {BODY} at (8,8) size 784x584
      RenderText {#text} at (0,0) size 781x36
        text run at (0,0) width 722: "This tests loading of a an HTML page with a FLASH object when the HTTP content-type is set to \"image/bmp\" . "
        text run at (722,0) width 59: "Expected"
        text run at (0,18) width 237: ": This page should have NOTHING ."
