layer at (0,0) size 800x600
  RenderView at (0,0) size 800x600
layer at (0,0) size 800x600
  RenderBlock {HTML} at (0,0) size 800x600
    RenderBody {BODY} at (8,8) size 784x584
      RenderText {#text} at (0,0) size 767x36
        text run at (0,0) width 554: "This tests loading of a HTML page when the HTTP content-type is set to \"image/jpg\" . "
        text run at (554,0) width 213: "Expected : This page should have"
        text run at (0,18) width 83: "NOTHING ."
