layer at (0,0) size 800x600
  RenderView at (0,0) size 800x600
layer at (0,0) size 800x600
  RenderBlock {HTML} at (0,0) size 800x600
    RenderBody {BODY} at (8,8) size 784x584
      RenderText {#text} at (0,0) size 773x36
        text run at (0,0) width 640: "This tests loading of a BMP image and no HTML when the HTTP content-type is set to \"text/html\" . "
        text run at (640,0) width 133: "Expected : This page"
        text run at (0,18) width 175: "should have simple TEXT ."
