layer at (0,0) size 800x600
  RenderView at (0,0) size 800x600
layer at (0,0) size 800x600
  RenderBlock {HTML} at (0,0) size 800x600
    RenderBody {BODY} at (8,8) size 784x584
      RenderText {#text} at (0,0) size 763x36
        text run at (0,0) width 696: "This tests loading of a an HTML page with a FLASH object when the HTTP content-type is set to \"NULL\" . "
        text run at (696,0) width 67: "Expected :"
        text run at (0,18) width 263: "This page should have an HTML as text ."
