layer at (0,0) size 800x600
  RenderView at (0,0) size 800x600
layer at (0,0) size 800x600
  RenderBlock {HTML} at (0,0) size 800x600
    RenderBody {BODY} at (8,8) size 784x584
      RenderText {#text} at (0,0) size 761x36
        text run at (0,0) width 662: "This tests loading of a HTML page with a JPEG image when the HTTP content-type is set to \"NULL\" . "
        text run at (662,0) width 99: "Expected : This"
        text run at (0,18) width 231: "page should have an HTML as text ."
