layer at (0,0) size 800x600
  RenderView at (0,0) size 800x600
layer at (0,0) size 800x600
  RenderBlock {HTML} at (0,0) size 800x600
    RenderBody {BODY} at (8,8) size 784x584
      RenderText {#text} at (0,0) size 772x36
        text run at (0,0) width 673: "This tests loading of a HTML page with a PNG image when the HTTP content-type is set to \"image/gif\" . "
        text run at (673,0) width 99: "Expected : This"
        text run at (0,18) width 197: "page should have NOTHING ."
