layer at (0,0) size 800x600
  RenderView at (0,0) size 800x600
layer at (0,0) size 800x307
  RenderBlock {html} at (0,0) size 800x307
    RenderBody {body} at (8,16) size 784x283
      RenderBlock {p} at (0,0) size 784x26
        RenderTextControl {input} at (2,2) size 335x22 [bgcolor=#FFFFFF] [border: (2px inset #000000)]
      RenderBlock {p} at (0,42) size 784x20
        RenderText {#text} at (0,0) size 440x19
          text run at (0,0) width 440: "It should say \"PASSED\" above and there should be a green circle below."
      RenderBlock (anonymous) at (0,78) size 784x205
        RenderSVGRoot {svg} at (8,94) size 100x100
          RenderPath {circle} at (8,94) size 100x100 [fill={[type=SOLID] [color=#008000]}] [data="M100.00,50.00 L99.90,53.14 L99.61,56.27 L99.11,59.37 L98.43,62.43 L97.55,65.45 L96.49,68.41 L95.24,71.29 L93.82,74.09 L92.22,76.79 L90.45,79.39 L88.53,81.87 L86.45,84.23 L84.23,86.45 L81.87,88.53 L79.39,90.45 L76.79,92.22 L74.09,93.82 L71.29,95.24 L68.41,96.49 L65.45,97.55 L62.43,98.43 L59.37,99.11 L56.27,99.61 L53.14,99.90 L50.00,100.00 L46.86,99.90 L43.73,99.61 L40.63,99.11 L37.57,98.43 L34.55,97.55 L31.59,96.49 L28.71,95.24 L25.91,93.82 L23.21,92.22 L20.61,90.45 L18.13,88.53 L15.77,86.45 L13.55,84.23 L11.47,81.87 L9.55,79.39 L7.78,76.79 L6.18,74.09 L4.76,71.29 L3.51,68.41 L2.45,65.45 L1.57,62.43 L0.89,59.37 L0.39,56.27 L0.10,53.14 L0.00,50.00 L0.10,46.86 L0.39,43.73 L0.89,40.63 L1.57,37.57 L2.45,34.55 L3.51,31.59 L4.76,28.71 L6.18,25.91 L7.78,23.21 L9.55,20.61 L11.47,18.13 L13.55,15.77 L15.77,13.55 L18.13,11.47 L20.61,9.55 L23.21,7.78 L25.91,6.18 L28.71,4.76 L31.59,3.51 L34.55,2.45 L37.57,1.57 L40.63,0.89 L43.73,0.39 L46.86,0.10 L50.00,0.00 L53.14,0.10 L56.27,0.39 L59.37,0.89 L62.43,1.57 L65.45,2.45 L68.41,3.51 L71.29,4.76 L74.09,6.18 L76.79,7.78 L79.39,9.55 L81.87,11.47 L84.23,13.55 L86.45,15.77 L88.53,18.13 L90.45,20.61 L92.22,23.21 L93.82,25.91 L95.24,28.71 L96.49,31.59 L97.55,34.55 L98.43,37.57 L99.11,40.63 L99.61,43.73 L99.90,46.86 Z"]
        RenderText {#text} at (0,0) size 0x0
        RenderText {#text} at (0,0) size 0x0
layer at (12,21) size 331x16
  RenderBlock {div} at (2,3) size 331x16
    RenderText {#text} at (1,0) size 137x16
      text run at (1,0) width 137: "This test has PASSED."
