layer at (0,0) size 800x600
  RenderView at (0,0) size 800x600
layer at (0,0) size 800x421
  RenderBlock {html} at (0,0) size 800x421
    RenderBody {body} at (8,8) size 784x405
      RenderBlock {div} at (0,0) size 200x200 [color=#FFFF00] [bgcolor=#FF0000]
        RenderText {#text} at (0,0) size 34x19
          text run at (0,0) width 34: "FAIL"
      RenderBlock (anonymous) at (0,200) size 784x205
        RenderSVGRoot {svg} at (58,258) size 100x100
          RenderPath {circle} at (58,258) size 100x100 [fill={[type=SOLID] [color=#008000]}] [data="M150.00,100.00 L149.90,103.14 L149.61,106.27 L149.11,109.37 L148.43,112.43 L147.55,115.45 L146.49,118.41 L145.24,121.29 L143.82,124.09 L142.22,126.79 L140.45,129.39 L138.53,131.87 L136.45,134.23 L134.23,136.45 L131.87,138.53 L129.39,140.45 L126.79,142.22 L124.09,143.82 L121.29,145.24 L118.41,146.49 L115.45,147.55 L112.43,148.43 L109.37,149.11 L106.27,149.61 L103.14,149.90 L100.00,150.00 L96.86,149.90 L93.73,149.61 L90.63,149.11 L87.57,148.43 L84.55,147.55 L81.59,146.49 L78.71,145.24 L75.91,143.82 L73.21,142.22 L70.61,140.45 L68.13,138.53 L65.77,136.45 L63.55,134.23 L61.47,131.87 L59.55,129.39 L57.78,126.79 L56.18,124.09 L54.76,121.29 L53.51,118.41 L52.45,115.45 L51.57,112.43 L50.89,109.37 L50.39,106.27 L50.10,103.14 L50.00,100.00 L50.10,96.86 L50.39,93.73 L50.89,90.63 L51.57,87.57 L52.45,84.55 L53.51,81.59 L54.76,78.71 L56.18,75.91 L57.78,73.21 L59.55,70.61 L61.47,68.13 L63.55,65.77 L65.77,63.55 L68.13,61.47 L70.61,59.55 L73.21,57.78 L75.91,56.18 L78.71,54.76 L81.59,53.51 L84.55,52.45 L87.57,51.57 L90.63,50.89 L93.73,50.39 L96.86,50.10 L100.00,50.00 L103.14,50.10 L106.27,50.39 L109.37,50.89 L112.43,51.57 L115.45,52.45 L118.41,53.51 L121.29,54.76 L124.09,56.18 L126.79,57.78 L129.39,59.55 L131.87,61.47 L134.23,63.55 L136.45,65.77 L138.53,68.13 L140.45,70.61 L142.22,73.21 L143.82,75.91 L145.24,78.71 L146.49,81.59 L147.55,84.55 L148.43,87.57 L149.11,90.63 L149.61,93.73 L149.90,96.86 Z"]
          RenderForeignObject {foreignObject} at (0,0) size 200x200
        RenderText {#text} at (0,0) size 0x0
layer at (8,8) size 200x200
  RenderBlock (positioned) {div} at (8,8) size 200x200 [bgcolor=#FFFFFF]
    RenderText {#text} at (0,0) size 189x39
      text run at (0,0) width 181: "There should be a green circle"
      text run at (0,20) width 189: "below with no red on this page."
