layer at (0,0) size 800x600
  RenderView at (0,0) size 800x600
layer at (0,0) size 800x465
  RenderBlock {html} at (0,0) size 800x465
    RenderBody {body} at (8,16) size 784x441
      RenderBlock {p} at (0,0) size 784x20 [color=#000080]
        RenderText {#text} at (0,0) size 380x19
          text run at (0,0) width 380: "There should be a blue circle with the word \"TEST\" in it below."
      RenderBlock (anonymous) at (0,36) size 784x405
        RenderSVGRoot {svg} at (8,52) size 400x400
          RenderPath {rect} at (8,52) size 400x400 [fill={[type=SOLID] [color=#0000FF]}] [data="M0.00,0.00 L400.00,0.00 L400.00,400.00 L0.00,400.00 Z"]
          RenderPath {circle} at (8,52) size 400x400 [fill={[type=SOLID] [color=#000080]}] [data="M400.00,200.00 L399.61,212.56 L398.42,225.07 L396.46,237.48 L393.72,249.74 L390.21,261.80 L385.96,273.62 L380.97,285.16 L375.26,296.35 L368.87,307.17 L361.80,317.56 L354.10,327.48 L345.79,336.91 L336.91,345.79 L327.48,354.10 L317.56,361.80 L307.17,368.87 L296.35,375.26 L285.16,380.97 L273.62,385.96 L261.80,390.21 L249.74,393.72 L237.48,396.46 L225.07,398.42 L212.56,399.61 L200.00,400.00 L187.44,399.61 L174.93,398.42 L162.52,396.46 L150.26,393.72 L138.20,390.21 L126.38,385.96 L114.84,380.97 L103.65,375.26 L92.83,368.87 L82.44,361.80 L72.52,354.10 L63.09,345.79 L54.21,336.91 L45.90,327.48 L38.20,317.56 L31.13,307.17 L24.74,296.35 L19.03,285.16 L14.04,273.62 L9.79,261.80 L6.28,249.74 L3.54,237.48 L1.58,225.07 L0.39,212.56 L0.00,200.00 L0.39,187.44 L1.58,174.93 L3.54,162.52 L6.28,150.26 L9.79,138.20 L14.04,126.38 L19.03,114.84 L24.74,103.65 L31.13,92.83 L38.20,82.44 L45.90,72.52 L54.21,63.09 L63.09,54.21 L72.52,45.90 L82.44,38.20 L92.83,31.13 L103.65,24.74 L114.84,19.03 L126.38,14.04 L138.20,9.79 L150.26,6.28 L162.52,3.54 L174.93,1.58 L187.44,0.39 L200.00,0.00 L212.56,0.39 L225.07,1.58 L237.48,3.54 L249.74,6.28 L261.80,9.79 L273.62,14.04 L285.16,19.03 L296.35,24.74 L307.17,31.13 L317.56,38.20 L327.48,45.90 L336.91,54.21 L345.79,63.09 L354.10,72.52 L361.80,82.44 L368.87,92.83 L375.26,103.65 L380.97,114.84 L385.96,126.38 L390.21,138.20 L393.72,150.26 L396.46,162.52 L398.42,174.93 L399.61,187.44 Z"]
          RenderForeignObject {foreignObject} at (0,0) size 400x50 [color=#FFFFFF]
            RenderBlock {div} at (0,0) size 400x59
              RenderText {#text} at (139,1) size 121x57
                text run at (139,1) width 121: "TEST"
        RenderText {#text} at (0,0) size 0x0
