layer at (0,0) size 800x600
  RenderView at (0,0) size 800x600
layer at (0,0) size 800x305
  RenderBlock {html} at (0,0) size 800x305
    RenderBody {body} at (8,10) size 784x285
      RenderBlock {p} at (0,0) size 784x20 [color=#000080]
        RenderText {#text} at (0,0) size 431x19
          text run at (0,0) width 431: "The word \"TEST \" should appear twice below, the same size each time."
      RenderBlock (anonymous) at (0,30) size 784x125
        RenderSVGRoot {svg} at (8,40) size 600x120
          RenderPath {rect} at (8,40) size 600x120 [transform={m=((10.00,0.00)(0.00,10.00)) t=(0.00,0.00)}] [fill={[type=SOLID] [color=#EEEEEE]}] [data="M0.00,0.00 L60.00,0.00 L60.00,12.00 L0.00,12.00 Z"]
          RenderForeignObject {foreignObject} at (0,0) size 60x10
            RenderBlock {div} at (0,0) size 60x12 [color=#000080]
              RenderText {#text} at (0,0) size 26x12
                text run at (0,0) width 26: "TEST"
        RenderText {#text} at (0,0) size 0x0
      RenderBlock {div} at (0,165) size 400x120 [color=#000080] [bgcolor=#EEEEEE]
        RenderText {#text} at (0,2) size 239x114
          text run at (0,2) width 239: "TEST"
