CONSOLE MESSAGE: line 0: Not allowed to load local resource: cmd.exe
layer at (0,0) size 800x600
  RenderView at (0,0) size 800x600
layer at (0,0) size 800x600
  RenderBlock {HTML} at (0,0) size 800x600
    RenderBody {BODY} at (8,8) size 784x584
      RenderBlock (anonymous) at (0,0) size 784x150
        RenderPartObject {EMBED} at (0,0) size 300x150
      RenderBlock {P} at (0,166) size 784x18
        RenderText {#text} at (0,0) size 691x18
          text run at (0,0) width 691: "This tests that http URLs with plugins cannot access file URLs via the plugin. (Tests the NPN_GetURL API)"
      RenderBlock {DIV} at (0,200) size 784x18
        RenderText {#text} at (0,0) size 71x18
          text run at (0,0) width 71: "SUCCESS"
      RenderBlock (anonymous) at (0,218) size 784x154
        RenderPartObject {IFRAME} at (0,0) size 304x154 [border: (2px inset #000000)]
          layer at (0,0) size 300x150
            RenderView at (0,0) size 300x150
          layer at (0,0) size 300x8
            RenderBlock {HTML} at (0,0) size 300x8
              RenderBody {BODY} at (8,8) size 284x0
        RenderText {#text} at (0,0) size 0x0
        RenderText {#text} at (0,0) size 0x0
        RenderText {#text} at (0,0) size 0x0
        RenderText {#text} at (0,0) size 0x0
