layer at (0,0) size 800x600
  RenderView at (0,0) size 800x600
layer at (0,0) size 800x600
  RenderBlock {HTML} at (0,0) size 800x600
    RenderBody {BODY} at (8,8) size 784x579
      RenderBlock {P} at (0,0) size 784x40
        RenderText {#text} at (0,0) size 781x39
          text run at (0,0) width 393: "This tests a bug when copying HTML markup inside <pre> tags. "
          text run at (393,0) width 388: "When pasted, this content would appear as the rendered form of"
          text run at (0,20) width 80: "that markup. "
          text run at (80,20) width 316: "You should see markup in the editable region below."
      RenderBlock {PRE} at (0,56) size 784x16
        RenderBlock (anonymous) at (0,0) size 784x0
          RenderInline {SPAN} at (0,0) size 0x0
        RenderBlock (anonymous) at (0,0) size 784x16
          RenderBlock {PRE} at (0,0) size 784x16
            RenderText {#text} at (0,0) size 328x16
              text run at (0,0) width 328: "<input type='button'>foo<br>bar<b>baz</b>"
        RenderBlock (anonymous) at (0,29) size 784x0
          RenderInline {SPAN} at (0,0) size 0x0
caret: position 41 of child 0 {#text} of child 0 {PRE} of child 0 {SPAN} of child 2 {PRE} of child 1 {BODY} of child 0 {HTML} of document
