layer at (0,0) size 800x600
  RenderView at (0,0) size 800x600
layer at (0,0) size 800x600
  RenderBlock {HTML} at (0,0) size 800x600
    RenderBody {BODY} at (8,8) size 784x584
      RenderBlock {P} at (0,0) size 784x20
        RenderText {#text} at (0,0) size 493x19
          text run at (0,0) width 493: "This tests for a bug where text copied with Select All + Copy would lose its color."
      RenderBlock {DIV} at (0,36) size 784x80
        RenderBlock (anonymous) at (0,0) size 784x20
          RenderInline {FONT} at (0,0) size 141x19 [color=#FF0000]
            RenderText {#text} at (0,0) size 141x19
              text run at (0,0) width 141: "This text should be red."
        RenderBlock {DIV} at (0,20) size 784x20
          RenderInline {FONT} at (0,0) size 141x19 [color=#FF0000]
            RenderText {#text} at (0,0) size 141x19
              text run at (0,0) width 141: "This text should be red."
        RenderBlock {DIV} at (0,40) size 784x40
          RenderBlock (anonymous) at (0,0) size 784x20
            RenderInline {FONT} at (0,0) size 141x19 [color=#FF0000]
              RenderInline {SPAN} at (0,0) size 141x19 [color=#000000]
                RenderInline {FONT} at (0,0) size 141x19 [color=#FF0000]
                  RenderText {#text} at (0,0) size 141x19
                    text run at (0,0) width 141: "This text should be red."
          RenderBlock (anonymous) at (0,20) size 784x20
            RenderBlock {DIV} at (0,0) size 784x20
              RenderInline {FONT} at (0,0) size 141x19 [color=#FF0000]
                RenderText {#text} at (0,0) size 141x19
                  text run at (0,0) width 141: "This text should be red."
          RenderBlock (anonymous) at (0,40) size 784x0
            RenderInline {FONT} at (0,0) size 0x0 [color=#FF0000]
              RenderInline {SPAN} at (0,0) size 0x0 [color=#000000]
caret: position 24 of child 0 {#text} of child 0 {FONT} of child 1 {DIV} of child 0 {SPAN} of child 0 {FONT} of child 2 {DIV} of child 2 {DIV} of child 1 {BODY} of child 0 {HTML} of document
