layer at (0,0) size 800x600
  RenderView at (0,0) size 800x600
layer at (0,0) size 800x600
  RenderBlock {HTML} at (0,0) size 800x600
    RenderBody {BODY} at (8,8) size 784x584
      RenderBlock {P} at (0,0) size 784x40
        RenderText {#text} at (0,0) size 753x39
          text run at (0,0) width 288: "This test for a bug copy/pasting underlined text. "
          text run at (288,0) width 465: "The color of the underline should be the color of the element that has the text-"
          text run at (0,20) width 124: "decoration property."
      RenderBlock {DIV} at (0,56) size 784x20
        RenderInline {SPAN} at (0,0) size 157x19 [color=#0000FF]
          RenderInline {SPAN} at (0,0) size 157x19 [color=#FF0000]
            RenderText {#text} at (0,0) size 157x19
              text run at (0,0) width 157: "This should be underlined."
      RenderBlock {DIV} at (0,76) size 784x20
        RenderInline {SPAN} at (0,0) size 157x19 [color=#0000FF]
          RenderInline {SPAN} at (0,0) size 157x19 [color=#FF0000]
            RenderText {#text} at (0,0) size 157x19
              text run at (0,0) width 157: "This should be underlined."
caret: position 26 of child 0 {#text} of child 0 {SPAN} of child 0 {SPAN} of child 4 {DIV} of child 1 {BODY} of child 0 {HTML} of document
