layer at (0,0) size 800x600
  RenderView at (0,0) size 800x600
layer at (0,0) size 800x600
  RenderBlock {HTML} at (0,0) size 800x600
    RenderBody {BODY} at (8,8) size 784x584
      RenderBlock {P} at (0,0) size 784x40
        RenderText {#text} at (0,0) size 765x39
          text run at (0,0) width 765: "This tests for a bug where newlines would not be preserved during copy/paste. Below you should see two paragaphs containing"
          text run at (0,20) width 385: "\"Hello World!\" and an empty third paragraph with the caret in it."
      RenderBlock {DIV} at (0,56) size 784x60
        RenderBlock (anonymous) at (0,0) size 784x20
          RenderText {#text} at (0,0) size 80x19
            text run at (0,0) width 80: "Hello World!"
        RenderBlock {DIV} at (0,20) size 784x20
          RenderText {#text} at (0,0) size 80x19
            text run at (0,0) width 80: "Hello World!"
        RenderBlock {DIV} at (0,40) size 784x20
          RenderBR {BR} at (0,0) size 0x19
caret: position 0 of child 0 {BR} of child 2 {DIV} of child 2 {DIV} of child 1 {BODY} of child 0 {HTML} of document
