layer at (0,0) size 800x600
  RenderView at (0,0) size 800x600
layer at (0,0) size 800x600
  RenderBlock {HTML} at (0,0) size 800x600
    RenderBody {BODY} at (8,8) size 784x584
      RenderBlock {P} at (0,0) size 784x40
        RenderText {#text} at (0,0) size 779x39
          text run at (0,0) width 425: "We copy and paste a blockquoted paragraph plus a paragraph break. "
          text run at (425,0) width 354: "The paragraph break shouldn't be inside the blockquote on"
          text run at (0,20) width 40: "paste. "
          text run at (40,20) width 662: "You should see 'hello' (blockquoted), 'world' (not quoted, black text), 'hello' (blockquoted), empty paragraph."
      RenderBlock {DIV} at (0,56) size 784x80
        RenderBlock {BLOCKQUOTE} at (0,0) size 784x20 [color=#0000FF] [border: (2px solid #0000FF)]
          RenderText {#text} at (7,0) size 28x19
            text run at (7,0) width 28: "hello"
          RenderBR {BR} at (35,15) size 0x0
        RenderBlock (anonymous) at (0,20) size 784x0
        RenderBlock {DIV} at (0,20) size 784x20
          RenderText {#text} at (0,0) size 35x19
            text run at (0,0) width 35: "world"
        RenderBlock {BLOCKQUOTE} at (0,40) size 784x20 [color=#0000FF] [border: (2px solid #0000FF)]
          RenderText {#text} at (7,0) size 28x19
            text run at (7,0) width 28: "hello"
          RenderBR {BR} at (35,15) size 0x0
        RenderBlock (anonymous) at (0,60) size 784x20
          RenderBR {BR} at (0,0) size 0x19
caret: position 5 of child 0 {#text} of child 1 {DIV} of child 2 {DIV} of child 1 {BODY} of child 0 {HTML} of document
