layer at (0,0) size 800x600
  RenderView at (0,0) size 800x600
layer at (0,0) size 800x600
  RenderBlock {HTML} at (0,0) size 800x600
    RenderBody {BODY} at (8,8) size 784x584
      RenderBlock {DIV} at (0,0) size 784x20
        RenderText {#text} at (0,0) size 7x19
          text run at (0,0) width 7: "x"
        RenderText {#text} at (7,0) size 20x19
          text run at (7,0) width 20: "foo"
        RenderText {#text} at (27,0) size 7x19
          text run at (27,0) width 7: "x"
caret: position 3 of child 1 {#text} of child 0 {DIV} of child 1 {BODY} of child 0 {HTML} of document
