EDITING DELEGATE: shouldBeginEditingInDOMRange:range from 0 of DIV > BODY > HTML > #document to 3 of DIV > BODY > HTML > #document
EDITING DELEGATE: webViewDidBeginEditing:WebViewDidBeginEditingNotification
EDITING DELEGATE: webViewDidChangeSelection:WebViewDidChangeSelectionNotification
EDITING DELEGATE: webViewDidChangeSelection:WebViewDidChangeSelectionNotification
EDITING DELEGATE: webViewDidChangeSelection:WebViewDidChangeSelectionNotification
EDITING DELEGATE: webViewDidChangeSelection:WebViewDidChangeSelectionNotification
EDITING DELEGATE: webViewDidChangeSelection:WebViewDidChangeSelectionNotification
EDITING DELEGATE: webViewDidChangeSelection:WebViewDidChangeSelectionNotification
EDITING DELEGATE: webViewDidChangeSelection:WebViewDidChangeSelectionNotification
EDITING DELEGATE: shouldDeleteDOMRange:range from 1 of #text > P > CENTER > DIV > DIV > BODY > HTML > #document to 86 of #text > P > CENTER > DIV > DIV > BODY > HTML > #document
EDITING DELEGATE: webViewDidChangeSelection:WebViewDidChangeSelectionNotification
EDITING DELEGATE: shouldChangeSelectedDOMRange:(null) toDOMRange:range from 0 of P > CENTER > DIV > DIV > BODY > HTML > #document to 0 of P > CENTER > DIV > DIV > BODY > HTML > #document affinity:NSSelectionAffinityDownstream stillSelecting:FALSE
EDITING DELEGATE: webViewDidChangeSelection:WebViewDidChangeSelectionNotification
EDITING DELEGATE: webViewDidChange:WebViewDidChangeNotification
EDITING DELEGATE: shouldInsertNode:#document-fragment replacingDOMRange:range from 0 of P > CENTER > DIV > DIV > BODY > HTML > #document to 0 of P > CENTER > DIV > DIV > BODY > HTML > #document givenAction:WebViewInsertActionPasted
EDITING DELEGATE: webViewDidChangeSelection:WebViewDidChangeSelectionNotification
EDITING DELEGATE: shouldChangeSelectedDOMRange:(null) toDOMRange:range from 85 of #text > P > P > CENTER > DIV > DIV > BODY > HTML > #document to 85 of #text > P > P > CENTER > DIV > DIV > BODY > HTML > #document affinity:NSSelectionAffinityDownstream stillSelecting:FALSE
EDITING DELEGATE: webViewDidChangeSelection:WebViewDidChangeSelectionNotification
EDITING DELEGATE: webViewDidChange:WebViewDidChangeNotification
layer at (0,0) size 800x600
  RenderView at (0,0) size 800x600
layer at (0,0) size 800x600
  RenderBlock {HTML} at (0,0) size 800x600
    RenderBody {BODY} at (8,8) size 784x584
      RenderBlock {DIV} at (0,0) size 784x128 [border: (2px solid #0000FF)]
        RenderBlock {DIV} at (14,14) size 756x42
          RenderText {#text} at (0,0) size 49x20
            text run at (0,0) width 49: "Tests: "
          RenderBR {BR} at (0,0) size 0x0
          RenderText {#text} at (0,21) size 83x20
            text run at (0,21) width 83: "Bug fix for "
          RenderInline {A} at (0,0) size 190x20 [color=#0000EE]
            RenderText {#text} at (83,21) size 190x20
              text run at (83,21) width 190: "<rdar://problem/4180820>"
          RenderText {#text} at (273,21) size 385x20
            text run at (273,21) width 385: " Erroneous spacing between lines introduced on paste"
        RenderBlock (anonymous) at (14,72) size 756x42
          RenderText {#text} at (0,0) size 744x41
            text run at (0,0) width 744: "Applying block styles, like text-align, used to wrap paragraphs that needed block style changes in clones"
            text run at (0,21) width 271: "of other paragraphs in the document. "
            text run at (271,21) width 384: "This would almost always introduce unwanted styles."
      RenderBlock {DIV} at (0,152) size 784x184
        RenderBlock {DIV} at (0,0) size 784x184 [border: (2px solid #FF0000)]
          RenderBlock {CENTER} at (2,20) size 780x144
            RenderBlock {P} at (0,0) size 780x144
              RenderBlock {P} at (0,0) size 780x105
                RenderText {#text} at (7,0) size 70x20
                  text run at (7,0) width 70: "This is an"
                RenderText {#text} at (77,0) size 5x20
                  text run at (77,0) width 5: " "
                RenderInline {B} at (0,0) size 81x20
                  RenderText {#text} at (82,0) size 81x20
                    text run at (82,0) width 81: "interactive"
                RenderText {#text} at (163,0) size 5x20
                  text run at (163,0) width 5: " "
                RenderText {#text} at (168,0) size 609x41
                  text run at (168,0) width 604: "documentation site, so please help out by posting any useful information that you've"
                  text run at (772,0) width 5: " "
                  text run at (325,21) width 129: "had to search out."
                RenderBR {BR} at (454,37) size 0x0
                RenderText {#text} at (27,42) size 106x20
                  text run at (27,42) width 106: "(Adding to this"
                RenderText {#text} at (133,42) size 5x20
                  text run at (133,42) width 5: " "
                RenderInline {A} at (0,0) size 104x20 [color=#0000EE]
                  RenderText {#text} at (138,42) size 104x20
                    text run at (138,42) width 104: "wiki is so easy"
                RenderText {#text} at (242,42) size 202x20
                  text run at (242,42) width 202: ", you can't screw it up). See"
                RenderText {#text} at (444,42) size 5x20
                  text run at (444,42) width 5: " "
                RenderInline {A} at (0,0) size 112x20 [color=#0000EE]
                  RenderText {#text} at (449,42) size 112x20
                    text run at (449,42) width 112: "Wiki Reference"
                RenderText {#text} at (561,42) size 5x20
                  text run at (561,42) width 5: " "
                RenderText {#text} at (566,42) size 187x20
                  text run at (566,42) width 187: "for text formatting syntax."
                RenderBR {BR} at (753,58) size 0x0
                RenderText {#text} at (164,63) size 273x20
                  text run at (164,63) width 273: "Info for setting up your own wiki is at"
                RenderText {#text} at (437,63) size 5x20
                  text run at (437,63) width 5: " "
                RenderInline {A} at (0,0) size 169x20 [color=#0000EE]
                  RenderText {#text} at (442,63) size 169x20
                    text run at (442,63) width 169: "about howto.apple.com"
                RenderText {#text} at (611,63) size 5x20
                  text run at (611,63) width 5: "."
                RenderBR {BR} at (616,79) size 0x0
                RenderText {#text} at (104,84) size 495x20
                  text run at (104,84) width 495: "Check out a cool wiki editor application that helps in wiki generation:"
                RenderText {#text} at (599,84) size 5x20
                  text run at (599,84) width 5: " "
                RenderInline {A} at (0,0) size 71x20 [color=#0000EE]
                  RenderText {#text} at (604,84) size 71x20
                    text run at (604,84) width 71: "Wikinator"
              RenderBlock {P} at (0,123) size 780x21
                RenderText {#text} at (88,0) size 603x20
                  text run at (88,0) width 603: "Start browsing the topics below, or use the search field at the bottom of every page."
              RenderBlock (anonymous) at (0,162) size 780x0
caret: position 85 of child 0 {#text} of child 1 {P} of child 1 {P} of child 1 {CENTER} of child 1 {DIV} of child 3 {DIV} of child 1 {BODY} of child 0 {HTML} of document
