layer at (0,0) size 800x600
  RenderView at (0,0) size 800x600
layer at (0,0) size 800x600
  RenderBlock {HTML} at (0,0) size 800x600
    RenderBody {BODY} at (8,8) size 784x584
      RenderBlock {P} at (0,0) size 784x20
        RenderText {#text} at (0,0) size 739x19
          text run at (0,0) width 739: "These tests to see if bidi text with a base writing direction of right to left is put onto the paste board in logical (DOM) order."
      RenderBlock {DIV} at (0,36) size 784x20
        RenderText {#text} at (720,0) size 64x19
          text run at (720,0) width 32 RTL: "\x{5E9}\x{5D3}\x{5D2}\x{5DB}:"
          text run at (752,0) width 32: "1234"
      RenderBlock {DIV} at (0,56) size 784x40
        RenderBlock {DIV} at (0,0) size 784x40
          RenderBlock {DIV} at (0,0) size 784x20
            RenderText {#text} at (0,0) size 64x19
              text run at (0,0) width 32: "1234"
              text run at (32,0) width 29 RTL: "\x{5E9}\x{5D3}\x{5D2}\x{5DB}"
              text run at (61,0) width 3: ":"
          RenderBlock {DIV} at (0,20) size 784x20
            RenderText {#text} at (720,0) size 64x19
              text run at (720,0) width 32 RTL: "\x{5E9}\x{5D3}\x{5D2}\x{5DB}:"
              text run at (752,0) width 32: "1234"
          RenderBlock (anonymous) at (0,40) size 784x0
caret: position 9 of child 0 {#text} of child 1 {DIV} of child 1 {DIV} of child 4 {DIV} of child 1 {BODY} of child 0 {HTML} of document
