EDITING DELEGATE: shouldBeginEditingInDOMRange:range from 0 of DIV > BODY > HTML > #document to 1 of DIV > BODY > HTML > #document
EDITING DELEGATE: webViewDidBeginEditing:WebViewDidBeginEditingNotification
EDITING DELEGATE: webViewDidChangeSelection:WebViewDidChangeSelectionNotification
EDITING DELEGATE: webViewDidChangeSelection:WebViewDidChangeSelectionNotification
EDITING DELEGATE: shouldChangeSelectedDOMRange:range from 1 of #text > DIV > BODY > HTML > #document to 1 of #text > DIV > BODY > HTML > #document toDOMRange:range from 0 of #text > DIV > BODY > HTML > #document to 0 of #text > DIV > BODY > HTML > #document affinity:NSSelectionAffinityDownstream stillSelecting:FALSE
EDITING DELEGATE: webViewDidChangeSelection:WebViewDidChangeSelectionNotification
EDITING DELEGATE: webViewDidChange:WebViewDidChangeNotification
layer at (0,0) size 800x600
  RenderView at (0,0) size 800x600
layer at (0,0) size 800x600
  RenderBlock {HTML} at (0,0) size 800x600
    RenderBody {BODY} at (8,8) size 784x584
      RenderBlock {P} at (0,0) size 784x60
        RenderText {#text} at (0,0) size 748x59
          text run at (0,0) width 745: "There is an interchange newline at the end of the incoming fragment, so the last bit of pasted content and the content after the"
          text run at (0,20) width 409: "position where the paste occured should be in separate paragraphs. "
          text run at (409,20) width 339: "The last bit of pasted content is a div wrapped in a span,"
          text run at (0,40) width 417: "which breaks the old code in paste that handled interchange newlines."
      RenderBlock {DIV} at (0,76) size 784x60
        RenderBlock (anonymous) at (0,0) size 784x20
          RenderText {#text} at (0,0) size 7x19
            text run at (0,0) width 7: "x"
          RenderInline {SPAN} at (0,0) size 20x19
            RenderText {#text} at (7,0) size 20x19
              text run at (7,0) width 20: "foo"
        RenderBlock (anonymous) at (0,20) size 784x20
          RenderBlock {DIV} at (0,0) size 784x20
            RenderText {#text} at (0,0) size 20x19
              text run at (0,0) width 20: "bar"
        RenderBlock (anonymous) at (0,40) size 784x20
          RenderInline {SPAN} at (0,0) size 0x0
          RenderText {#text} at (0,0) size 7x19
            text run at (0,0) width 7: "x"
caret: position 0 of child 2 {#text} of child 2 {DIV} of child 1 {BODY} of child 0 {HTML} of document
