EDITING DELEGATE: shouldBeginEditingInDOMRange:range from 0 of DIV > BODY > HTML > #document to 1 of DIV > BODY > HTML > #document
EDITING DELEGATE: webViewDidBeginEditing:WebViewDidBeginEditingNotification
EDITING DELEGATE: webViewDidChangeSelection:WebViewDidChangeSelectionNotification
EDITING DELEGATE: webViewDidChangeSelection:WebViewDidChangeSelectionNotification
EDITING DELEGATE: shouldChangeSelectedDOMRange:range from 1 of #text > DIV > BODY > HTML > #document to 1 of #text > DIV > BODY > HTML > #document toDOMRange:range from 1 of #text > TD > TR > TBODY > TABLE > DIV > BODY > HTML > #document to 1 of #text > TD > TR > TBODY > TABLE > DIV > BODY > HTML > #document affinity:NSSelectionAffinityDownstream stillSelecting:FALSE
EDITING DELEGATE: webViewDidChangeSelection:WebViewDidChangeSelectionNotification
EDITING DELEGATE: webViewDidChange:WebViewDidChangeNotification
EDITING DELEGATE: shouldEndEditingInDOMRange:range from 0 of DIV > BODY > HTML > #document to 3 of DIV > BODY > HTML > #document
EDITING DELEGATE: webViewDidEndEditing:WebViewDidEndEditingNotification
EDITING DELEGATE: shouldBeginEditingInDOMRange:range from 0 of DIV > BODY > HTML > #document to 1 of DIV > BODY > HTML > #document
EDITING DELEGATE: webViewDidBeginEditing:WebViewDidBeginEditingNotification
EDITING DELEGATE: webViewDidChangeSelection:WebViewDidChangeSelectionNotification
EDITING DELEGATE: webViewDidChangeSelection:WebViewDidChangeSelectionNotification
EDITING DELEGATE: webViewDidChangeSelection:WebViewDidChangeSelectionNotification
EDITING DELEGATE: shouldChangeSelectedDOMRange:(null) toDOMRange:range from 3 of #text > DIV > TD > TR > TBODY > TABLE > DIV > BODY > HTML > #document to 3 of #text > DIV > TD > TR > TBODY > TABLE > DIV > BODY > HTML > #document affinity:NSSelectionAffinityDownstream stillSelecting:FALSE
EDITING DELEGATE: webViewDidChangeSelection:WebViewDidChangeSelectionNotification
EDITING DELEGATE: webViewDidChange:WebViewDidChangeNotification
layer at (0,0) size 800x600
  RenderView at (0,0) size 800x600
layer at (0,0) size 800x600
  RenderBlock {HTML} at (0,0) size 800x600
    RenderBody {BODY} at (8,8) size 784x584
      RenderBlock {P} at (0,0) size 784x20
        RenderText {#text} at (0,0) size 495x19
          text run at (0,0) width 495: "This tests pasting a table into a position that would normally result in an end merge."
      RenderBlock {DIV} at (0,36) size 784x70
        RenderBlock (anonymous) at (0,0) size 784x20
          RenderText {#text} at (0,0) size 7x19
            text run at (0,0) width 7: "x"
        RenderTable {TABLE} at (0,20) size 32x30 [border: (1px outset #808080)]
          RenderTableSection {TBODY} at (1,1) size 30x28
            RenderTableRow {TR} at (0,2) size 30x24
              RenderTableCell {TD} at (2,2) size 12x24 [border: (1px inset #808080)] [r=0 c=0 rs=1 cs=1]
                RenderText {#text} at (2,2) size 8x19
                  text run at (2,2) width 8: "1"
              RenderTableCell {TD} at (16,2) size 12x24 [border: (1px inset #808080)] [r=0 c=1 rs=1 cs=1]
                RenderText {#text} at (2,2) size 8x19
                  text run at (2,2) width 8: "2"
        RenderBlock (anonymous) at (0,50) size 784x20
          RenderText {#text} at (0,0) size 7x19
            text run at (0,0) width 7: "x"
      RenderBlock {P} at (0,122) size 784x40
        RenderText {#text} at (0,0) size 767x39
          text run at (0,0) width 230: "This tests pasting text into a table cell. "
          text run at (230,0) width 537: "The last bit of content in the incoming fragment should be merged with the paragraph after"
          text run at (0,20) width 179: "the position being pasted into."
      RenderBlock {DIV} at (0,178) size 784x50
        RenderTable {TABLE} at (0,0) size 102x50 [border: (1px outset #808080)]
          RenderTableSection {TBODY} at (1,1) size 100x48
            RenderTableRow {TR} at (0,2) size 100x44
              RenderTableCell {TD} at (2,2) size 51x44 [border: (1px inset #808080)] [r=0 c=0 rs=1 cs=1]
                RenderBlock {DIV} at (2,2) size 47x20
                  RenderText {#text} at (0,0) size 27x19
                    text run at (0,0) width 27: "Item"
                  RenderText {#text} at (27,0) size 20x19
                    text run at (27,0) width 20: "foo"
                RenderBlock {DIV} at (2,22) size 47x20
                  RenderText {#text} at (0,0) size 20x19
                    text run at (0,0) width 20: "bar"
                  RenderText {#text} at (20,0) size 12x19
                    text run at (20,0) width 12: " 1"
              RenderTableCell {TD} at (55,12) size 43x24 [border: (1px inset #808080)] [r=0 c=1 rs=1 cs=1]
                RenderText {#text} at (2,2) size 39x19
                  text run at (2,2) width 39: "Item 2"
caret: position 3 of child 0 {#text} of child 1 {DIV} of child 0 {TD} of child 0 {TR} of child 0 {TBODY} of child 0 {TABLE} of child 10 {DIV} of child 1 {BODY} of child 0 {HTML} of document
