EDITING DELEGATE: shouldBeginEditingInDOMRange:range from 0 of BODY > HTML > #document to 5 of BODY > HTML > #document
EDITING DELEGATE: webViewDidBeginEditing:WebViewDidBeginEditingNotification
EDITING DELEGATE: webViewDidChangeSelection:WebViewDidChangeSelectionNotification
EDITING DELEGATE: shouldChangeSelectedDOMRange:range from 0 of BODY > HTML > #document to 0 of BODY > HTML > #document toDOMRange:range from 1 of #text > BODY > HTML > #document to 2 of BODY > HTML > #document affinity:NSSelectionAffinityDownstream stillSelecting:FALSE
EDITING DELEGATE: webViewDidChangeSelection:WebViewDidChangeSelectionNotification
EDITING DELEGATE: webViewDidChangeSelection:WebViewDidChangeSelectionNotification
EDITING DELEGATE: webViewDidChangeSelection:WebViewDidChangeSelectionNotification
EDITING DELEGATE: shouldChangeSelectedDOMRange:(null) toDOMRange:range from 1 of #text > SPAN > DIV > DIV > BODY > HTML > #document to 1 of #text > SPAN > DIV > DIV > BODY > HTML > #document affinity:NSSelectionAffinityDownstream stillSelecting:FALSE
EDITING DELEGATE: webViewDidChangeSelection:WebViewDidChangeSelectionNotification
EDITING DELEGATE: webViewDidChange:WebViewDidChangeNotification
layer at (0,0) size 800x600
  RenderView at (0,0) size 800x600
layer at (0,0) size 800x600
  RenderBlock {HTML} at (0,0) size 800x600
    RenderBody {BODY} at (8,8) size 784x584
      RenderBlock (anonymous) at (0,0) size 784x20
        RenderText {#text} at (0,0) size 505x19
          text run at (0,0) width 505: "These demonstrate 11475: the '\\n's at the end of the fragment should be unrendered."
        RenderBR {BR} at (505,15) size 0x0
      RenderBlock {DIV} at (0,20) size 784x20
        RenderText {#text} at (14,0) size 755x19
          text run at (14,0) width 755: "This test checks that pasing in a combination of nested blocks where one starts with a text field doesn't crash or fail assertions."
      RenderBlock {DIV} at (0,40) size 784x26
        RenderBlock {DIV} at (0,0) size 784x26
          RenderTextControl {INPUT} at (309,2) size 155x22 [bgcolor=#FFFFFF] [border: (2px inset #000000)]
          RenderText {#text} at (466,3) size 4x19
            text run at (466,3) width 4: " "
          RenderInline {SPAN} at (0,0) size 7x19
            RenderText {#text} at (470,3) size 7x19
              text run at (470,3) width 7: "x"
          RenderText {#text} at (0,0) size 0x0
      RenderBlock (anonymous) at (0,66) size 784x0
layer at (319,53) size 151x16
  RenderBlock {DIV} at (2,3) size 151x16
caret: position 1 of child 0 {#text} of child 3 {SPAN} of child 1 {DIV} of child 4 {DIV} of child 1 {BODY} of child 0 {HTML} of document
