EDITING DELEGATE: shouldBeginEditingInDOMRange:range from 0 of DIV > BODY > HTML > #document to 3 of DIV > BODY > HTML > #document
EDITING DELEGATE: webViewDidBeginEditing:WebViewDidBeginEditingNotification
EDITING DELEGATE: webViewDidChangeSelection:WebViewDidChangeSelectionNotification
EDITING DELEGATE: webViewDidChangeSelection:WebViewDidChangeSelectionNotification
EDITING DELEGATE: webViewDidChangeSelection:WebViewDidChangeSelectionNotification
EDITING DELEGATE: webViewDidChangeSelection:WebViewDidChangeSelectionNotification
EDITING DELEGATE: shouldInsertNode:#document-fragment replacingDOMRange:range from 5 of #text > DIV > DIV > DIV > BODY > HTML > #document to 0 of DIV > DIV > DIV > BODY > HTML > #document givenAction:WebViewInsertActionPasted
EDITING DELEGATE: webViewDidChangeSelection:WebViewDidChangeSelectionNotification
EDITING DELEGATE: shouldChangeSelectedDOMRange:(null) toDOMRange:range from 0 of DIV > DIV > DIV > DIV > BODY > HTML > #document to 0 of DIV > DIV > DIV > DIV > BODY > HTML > #document affinity:NSSelectionAffinityDownstream stillSelecting:FALSE
EDITING DELEGATE: webViewDidChangeSelection:WebViewDidChangeSelectionNotification
EDITING DELEGATE: webViewDidChange:WebViewDidChangeNotification
layer at (0,0) size 800x600
  RenderView at (0,0) size 800x600
layer at (0,0) size 800x600
  RenderBlock {HTML} at (0,0) size 800x600
    RenderBody {BODY} at (8,8) size 784x584
      RenderBlock {DIV} at (0,0) size 784x210 [border: (2px solid #0000FF)]
        RenderBlock {DIV} at (14,14) size 756x111
          RenderText {#text} at (0,0) size 66x26
            text run at (0,0) width 66: "Tests: "
          RenderBR {BR} at (0,0) size 0x0
          RenderText {#text} at (0,27) size 728x55
            text run at (0,27) width 728: "Copying and pasting a whole line followed by a blank line could remove the"
            text run at (0,55) width 472: "blank line incorrectly, as in the case described in "
          RenderInline {A} at (0,0) size 257x27 [color=#0000EE]
            RenderText {#text} at (472,55) size 257x27
              text run at (472,55) width 257: "<rdar://problem/3951178>"
          RenderText {#text} at (0,83) size 611x27
            text run at (0,83) width 611: "REGRESSION (Mail): blank line lost after pasting as quotation."
        RenderBlock {DIV} at (14,141) size 756x55
          RenderText {#text} at (0,0) size 189x26
            text run at (0,0) width 189: "Expected Results: "
          RenderBR {BR} at (189,21) size 0x0
          RenderText {#text} at (0,27) size 485x27
            text run at (0,27) width 485: "Should see a blank line between \"two\" and \"three\""
      RenderBlock {DIV} at (0,234) size 784x144
        RenderBlock {DIV} at (0,0) size 784x144 [border: (2px solid #FF0000)]
          RenderBlock {DIV} at (2,2) size 780x28
            RenderText {#text} at (0,0) size 35x27
              text run at (0,0) width 35: "one"
          RenderBlock {DIV} at (2,30) size 780x28
            RenderBR {BR} at (0,0) size 0x27
          RenderBlock {DIV} at (2,58) size 780x56
            RenderBlock {DIV} at (0,0) size 780x28
              RenderText {#text} at (0,0) size 36x27
                text run at (0,0) width 36: "two"
            RenderBlock (anonymous) at (0,28) size 780x0
            RenderBlock {DIV} at (0,28) size 780x28
              RenderBR {BR} at (0,0) size 0x27
          RenderBlock {DIV} at (2,114) size 780x28
            RenderText {#text} at (0,0) size 49x27
              text run at (0,0) width 49: "three"
caret: position 0 of child 0 {BR} of child 1 {DIV} of child 5 {DIV} of child 1 {DIV} of child 3 {DIV} of child 1 {BODY} of child 0 {HTML} of document
