layer at (0,0) size 800x600
  RenderView at (0,0) size 800x600
layer at (0,0) size 800x600
  RenderBlock {HTML} at (0,0) size 800x600
    RenderBody {BODY} at (8,8) size 784x584
      RenderBlock {DIV} at (0,0) size 784x156
        RenderBlock {DIV} at (0,0) size 784x136
          RenderBlock {P} at (0,0) size 784x20
            RenderText {#text} at (0,0) size 584x19
              text run at (0,0) width 584: "This tests pasting a blockquote into a blockquote. Nothing below should be double-blockquoted."
          RenderBlock {BLOCKQUOTE} at (0,36) size 784x80 [color=#0000FF] [border: (2px solid #0000FF)]
            RenderText {#text} at (22,0) size 22x19
              text run at (22,0) width 22: "one"
            RenderBR {BR} at (44,15) size 0x0
            RenderText {#text} at (22,20) size 23x19
              text run at (22,20) width 23: "two"
            RenderBR {BR} at (45,35) size 0x0
            RenderText {#text} at (22,40) size 30x19
              text run at (22,40) width 30: "three"
            RenderBR {BR} at (52,55) size 0x0
            RenderText {#text} at (22,60) size 23x19
              text run at (22,60) width 23: "two"
          RenderBlock (anonymous) at (0,116) size 784x0
          RenderBlock {BLOCKQUOTE} at (0,116) size 784x20 [color=#0000FF] [border: (2px solid #0000FF)]
            RenderBR {BR} at (22,0) size 0x19
        RenderBlock (anonymous) at (0,136) size 784x20
          RenderBR {BR} at (0,0) size 0x19
caret: position 3 of child 6 {#text} of child 3 {BLOCKQUOTE} of child 1 {DIV} of child 1 {DIV} of child 1 {BODY} of child 0 {HTML} of document
