EDITING DELEGATE: shouldBeginEditingInDOMRange:range from 0 of DIV > BODY > HTML > #document to 3 of DIV > BODY > HTML > #document
EDITING DELEGATE: webViewDidBeginEditing:WebViewDidBeginEditingNotification
EDITING DELEGATE: webViewDidChangeSelection:WebViewDidChangeSelectionNotification
EDITING DELEGATE: webViewDidChangeSelection:WebViewDidChangeSelectionNotification
EDITING DELEGATE: webViewDidChangeSelection:WebViewDidChangeSelectionNotification
EDITING DELEGATE: shouldInsertNode:#document-fragment replacingDOMRange:range from 0 of #text > LI > UL > DIV > DIV > BODY > HTML > #document to 5 of #text > LI > UL > DIV > DIV > DIV > BODY > HTML > #document givenAction:WebViewInsertActionPasted
EDITING DELEGATE: webViewDidChangeSelection:WebViewDidChangeSelectionNotification
EDITING DELEGATE: shouldChangeSelectedDOMRange:(null) toDOMRange:range from 1 of #text > LI > UL > DIV > LI > UL > DIV > DIV > BODY > HTML > #document to 1 of #text > LI > UL > DIV > LI > UL > DIV > DIV > BODY > HTML > #document affinity:NSSelectionAffinityDownstream stillSelecting:FALSE
EDITING DELEGATE: webViewDidChangeSelection:WebViewDidChangeSelectionNotification
EDITING DELEGATE: webViewDidChange:WebViewDidChangeNotification
layer at (0,0) size 800x600
  RenderView at (0,0) size 800x600
layer at (0,0) size 800x600
  RenderBlock {HTML} at (0,0) size 800x600
    RenderBody {BODY} at (8,8) size 784x584
      RenderBlock {DIV} at (0,0) size 784x338 [border: (2px solid #0000FF)]
        RenderBlock {DIV} at (14,14) size 756x83
          RenderText {#text} at (0,0) size 66x26
            text run at (0,0) width 66: "Tests: "
          RenderBR {BR} at (0,0) size 0x0
          RenderText {#text} at (0,27) size 111x27
            text run at (0,27) width 111: "Bug fix for "
          RenderInline {A} at (0,0) size 257x27 [color=#0000EE]
            RenderText {#text} at (111,27) size 257x27
              text run at (111,27) width 257: "<rdar://problem/4039777>"
          RenderText {#text} at (368,27) size 716x55
            text run at (368,27) width 348: " Pasting particular snippet of HTML"
            text run at (0,55) width 552: "containing list items and a link creates too many list items"
        RenderBlock {DIV} at (14,113) size 756x187
          RenderBlock (anonymous) at (0,0) size 756x55
            RenderText {#text} at (0,0) size 189x26
              text run at (0,0) width 189: "Expected Results: "
            RenderBR {BR} at (189,21) size 0x0
            RenderText {#text} at (0,27) size 143x27
              text run at (0,27) width 143: "Should match: "
            RenderBR {BR} at (143,48) size 0x0
          RenderBlock {UL} at (0,79) size 756x28
            RenderListItem {LI} at (40,0) size 716x28
              RenderListMarker at (-22,0) size 9x27: bullet
              RenderText {#text} at (699,0) size 17x27
                text run at (699,0) width 17: "A"
          RenderBlock {DIV} at (0,131) size 756x56
            RenderBlock {UL} at (0,0) size 756x56
              RenderListItem {LI} at (40,0) size 716x56
                RenderListMarker at (-22,0) size 9x27: bullet
                RenderInline {A} at (0,0) size 16x27 [color=#0000EE]
                  RenderText {#text} at (0,0) size 16x27
                    text run at (0,0) width 16: "B"
                RenderText {#text} at (16,0) size 6x27
                  text run at (16,0) width 6: " "
                RenderBR {BR} at (0,0) size 0x0
                RenderText {#text} at (0,28) size 16x27
                  text run at (0,28) width 16: "C"
      RenderBlock {DIV} at (0,362) size 784x164
        RenderBlock {DIV} at (0,0) size 784x164 [border: (2px solid #FF0000)]
          RenderBlock {UL} at (2,26) size 780x112
            RenderListItem {LI} at (40,0) size 740x112
              RenderBlock (anonymous) at (0,0) size 740x28
                RenderListMarker at (-22,0) size 9x27: bullet
              RenderBlock {UL} at (0,28) size 740x28
                RenderListItem {LI} at (40,0) size 700x28
                  RenderListMarker at (-22,0) size 9x27: white bullet
                  RenderText {#text} at (683,0) size 17x27
                    text run at (683,0) width 17: "A"
              RenderBlock {DIV} at (0,56) size 740x56
                RenderBlock {UL} at (0,0) size 740x56
                  RenderListItem {LI} at (40,0) size 700x56
                    RenderListMarker at (-22,0) size 9x27: white bullet
                    RenderInline {A} at (0,0) size 16x27 [color=#0000EE]
                      RenderText {#text} at (678,0) size 16x27
                        text run at (678,0) width 16: "B"
                    RenderText {#text} at (694,0) size 6x27
                      text run at (694,0) width 6: " "
                    RenderBR {BR} at (700,21) size 0x0
                    RenderText {#text} at (684,28) size 16x27
                      text run at (684,28) width 16: "C"
              RenderBlock (anonymous) at (0,112) size 740x0
          RenderBlock {DIV} at (2,162) size 780x0
            RenderBlock {UL} at (0,0) size 780x0
caret: position 1 of child 3 {#text} of child 0 {LI} of child 0 {UL} of child 1 {DIV} of child 0 {LI} of child 1 {UL} of child 1 {DIV} of child 3 {DIV} of child 1 {BODY} of child 0 {HTML} of document
